--------------------------------------------------------------------------------
Release 14.7 Trace  (nt64)
Copyright (c) 1995-2013 Xilinx, Inc.  All rights reserved.

D:\Programas\ISE14-7\14.7\ISE_DS\ISE\bin\nt64\unwrapped\trce.exe -intstyle ise
-v 3 -s 5 -n 3 -fastpaths -xml divisao.twx divisao.ncd -o divisao.twr
divisao.pcf -ucf port_map_divisao.ucf

Design file:              divisao.ncd
Physical constraint file: divisao.pcf
Device,package,speed:     xc3s100e,cp132,-5 (PRODUCTION 1.27 2013-10-13)
Report level:             verbose report

Environment Variable      Effect 
--------------------      ------ 
NONE                      No environment variables were set
--------------------------------------------------------------------------------

INFO:Timing:2698 - No timing constraints found, doing default enumeration.
INFO:Timing:3412 - To improve timing, see the Timing Closure User Guide (UG612).
INFO:Timing:2752 - To get complete path coverage, use the unconstrained paths 
   option. All paths that are not constrained will be reported in the 
   unconstrained paths section(s) of the report.
INFO:Timing:3339 - The clock-to-out numbers in this timing report are based on 
   a 50 Ohm transmission line loading model.  For the details of this model, 
   and for more information on accounting for different loading conditions, 
   please see the device datasheet.
INFO:Timing:3390 - This architecture does not support a default System Jitter 
   value, please add SYSTEM_JITTER constraint to the UCF to modify the Clock 
   Uncertainty calculation.
INFO:Timing:3389 - This architecture does not support 'Discrete Jitter' and 
   'Phase Error' calculations, these terms will be zero in the Clock 
   Uncertainty calculation.  Please make appropriate modification to 
   SYSTEM_JITTER to account for the unsupported Discrete Jitter and Phase 
   Error.



Data Sheet report:
-----------------
All values displayed in nanoseconds (ns)

Pad to Pad
---------------+---------------+---------+
Source Pad     |Destination Pad|  Delay  |
---------------+---------------+---------+
ent1<0>        |sai1<0>        |   11.743|
ent1<0>        |sai2<0>        |    9.140|
ent1<0>        |sai2<1>        |    9.778|
ent1<0>        |sai2<2>        |    9.297|
ent1<1>        |sai1<0>        |   10.178|
ent1<1>        |sai1<1>        |    7.651|
ent1<1>        |sai2<0>        |    8.486|
ent1<1>        |sai2<1>        |    9.543|
ent1<1>        |sai2<2>        |    7.214|
ent1<2>        |sai1<0>        |    9.464|
ent1<2>        |sai1<1>        |    8.266|
ent1<2>        |sai1<2>        |    6.286|
ent1<2>        |sai2<0>        |    9.193|
ent1<2>        |sai2<1>        |   10.313|
ent1<2>        |sai2<2>        |    7.687|
ent2<0>        |sai1<0>        |   10.157|
ent2<0>        |sai1<1>        |    6.784|
ent2<0>        |sai1<2>        |    7.915|
ent2<0>        |sai2<0>        |    8.339|
ent2<0>        |sai2<1>        |    8.733|
ent2<0>        |sai2<2>        |    7.711|
ent2<1>        |sai1<0>        |   10.207|
ent2<1>        |sai1<1>        |    7.145|
ent2<1>        |sai1<2>        |    8.013|
ent2<1>        |sai2<0>        |    9.648|
ent2<1>        |sai2<1>        |    9.597|
ent2<1>        |sai2<2>        |    7.640|
ent2<2>        |sai1<0>        |    8.362|
ent2<2>        |sai1<1>        |    6.477|
ent2<2>        |sai1<2>        |    6.665|
ent2<2>        |sai2<0>        |    9.215|
ent2<2>        |sai2<1>        |    8.682|
ent2<2>        |sai2<2>        |    7.076|
---------------+---------------+---------+


Analysis completed Mon Sep 23 19:54:23 2019 
--------------------------------------------------------------------------------

Trace Settings:
-------------------------
Trace Settings 

Peak Memory Usage: 145 MB



