Archive member included to satisfy reference by file (symbol)

C:/ti/TivaWare_C_Series-2.2.0.295/driverlib/gcc/libdriver.a(gpio.o)
                              ./main.o (GPIOPinWrite)
C:/ti/TivaWare_C_Series-2.2.0.295/driverlib/gcc/libdriver.a(interrupt.o)
                              C:/ti/TivaWare_C_Series-2.2.0.295/driverlib/gcc/libdriver.a(gpio.o) (IntRegister)
C:/ti/TivaWare_C_Series-2.2.0.295/driverlib/gcc/libdriver.a(sysctl.o)
                              ./main.o (SysCtlPeripheralReady)
C:/ti/TivaWare_C_Series-2.2.0.295/driverlib/gcc/libdriver.a(uart.o)
                              ./main.o (UARTIntClear)
C:/ti/TivaWare_C_Series-2.2.0.295/driverlib/gcc/libdriver.a(cpu.o)
                              C:/ti/TivaWare_C_Series-2.2.0.295/driverlib/gcc/libdriver.a(interrupt.o) (CPUcpsid)
c:/ti/ccs1011/ccs/tools/compiler/gcc-arm-none-eabi-7-2017-q4-major-win32/bin/../lib/gcc/arm-none-eabi/7.2.1/../../../../arm-none-eabi/lib/thumb/v7e-m/fpv4-sp/hard\libg.a(lib_a-exit.o)
                              c:/ti/ccs1011/ccs/tools/compiler/gcc-arm-none-eabi-7-2017-q4-major-win32/bin/../lib/gcc/arm-none-eabi/7.2.1/../../../../arm-none-eabi/lib/thumb/v7e-m/fpv4-sp/hard/crt0.o (exit)
c:/ti/ccs1011/ccs/tools/compiler/gcc-arm-none-eabi-7-2017-q4-major-win32/bin/../lib/gcc/arm-none-eabi/7.2.1/../../../../arm-none-eabi/lib/thumb/v7e-m/fpv4-sp/hard\libg.a(lib_a-impure.o)
                              c:/ti/ccs1011/ccs/tools/compiler/gcc-arm-none-eabi-7-2017-q4-major-win32/bin/../lib/gcc/arm-none-eabi/7.2.1/../../../../arm-none-eabi/lib/thumb/v7e-m/fpv4-sp/hard\libg.a(lib_a-exit.o) (_global_impure_ptr)
c:/ti/ccs1011/ccs/tools/compiler/gcc-arm-none-eabi-7-2017-q4-major-win32/bin/../lib/gcc/arm-none-eabi/7.2.1/../../../../arm-none-eabi/lib/thumb/v7e-m/fpv4-sp/hard\libg.a(lib_a-init.o)
                              c:/ti/ccs1011/ccs/tools/compiler/gcc-arm-none-eabi-7-2017-q4-major-win32/bin/../lib/gcc/arm-none-eabi/7.2.1/../../../../arm-none-eabi/lib/thumb/v7e-m/fpv4-sp/hard/crt0.o (__libc_init_array)
c:/ti/ccs1011/ccs/tools/compiler/gcc-arm-none-eabi-7-2017-q4-major-win32/bin/../lib/gcc/arm-none-eabi/7.2.1/../../../../arm-none-eabi/lib/thumb/v7e-m/fpv4-sp/hard\libg.a(lib_a-memcpy.o)
                              ./FreeRTOS/queue.o (memcpy)
c:/ti/ccs1011/ccs/tools/compiler/gcc-arm-none-eabi-7-2017-q4-major-win32/bin/../lib/gcc/arm-none-eabi/7.2.1/../../../../arm-none-eabi/lib/thumb/v7e-m/fpv4-sp/hard\libg.a(lib_a-memset.o)
                              c:/ti/ccs1011/ccs/tools/compiler/gcc-arm-none-eabi-7-2017-q4-major-win32/bin/../lib/gcc/arm-none-eabi/7.2.1/../../../../arm-none-eabi/lib/thumb/v7e-m/fpv4-sp/hard/crt0.o (memset)
c:/ti/ccs1011/ccs/tools/compiler/gcc-arm-none-eabi-7-2017-q4-major-win32/bin/../lib/gcc/arm-none-eabi/7.2.1/../../../../arm-none-eabi/lib/thumb/v7e-m/fpv4-sp/hard\libg.a(lib_a-__call_atexit.o)
                              c:/ti/ccs1011/ccs/tools/compiler/gcc-arm-none-eabi-7-2017-q4-major-win32/bin/../lib/gcc/arm-none-eabi/7.2.1/../../../../arm-none-eabi/lib/thumb/v7e-m/fpv4-sp/hard\libg.a(lib_a-exit.o) (__call_exitprocs)
c:/ti/ccs1011/ccs/tools/compiler/gcc-arm-none-eabi-7-2017-q4-major-win32/bin/../lib/gcc/arm-none-eabi/7.2.1/../../../../arm-none-eabi/lib/thumb/v7e-m/fpv4-sp/hard\libg.a(lib_a-atexit.o)
                              c:/ti/ccs1011/ccs/tools/compiler/gcc-arm-none-eabi-7-2017-q4-major-win32/bin/../lib/gcc/arm-none-eabi/7.2.1/../../../../arm-none-eabi/lib/thumb/v7e-m/fpv4-sp/hard\libg.a(lib_a-__call_atexit.o) (atexit)
c:/ti/ccs1011/ccs/tools/compiler/gcc-arm-none-eabi-7-2017-q4-major-win32/bin/../lib/gcc/arm-none-eabi/7.2.1/../../../../arm-none-eabi/lib/thumb/v7e-m/fpv4-sp/hard\libg.a(lib_a-fini.o)
                              c:/ti/ccs1011/ccs/tools/compiler/gcc-arm-none-eabi-7-2017-q4-major-win32/bin/../lib/gcc/arm-none-eabi/7.2.1/../../../../arm-none-eabi/lib/thumb/v7e-m/fpv4-sp/hard\libg.a(lib_a-__call_atexit.o) (__libc_fini_array)
c:/ti/ccs1011/ccs/tools/compiler/gcc-arm-none-eabi-7-2017-q4-major-win32/bin/../lib/gcc/arm-none-eabi/7.2.1/../../../../arm-none-eabi/lib/thumb/v7e-m/fpv4-sp/hard\libg.a(lib_a-lock.o)
                              c:/ti/ccs1011/ccs/tools/compiler/gcc-arm-none-eabi-7-2017-q4-major-win32/bin/../lib/gcc/arm-none-eabi/7.2.1/../../../../arm-none-eabi/lib/thumb/v7e-m/fpv4-sp/hard\libg.a(lib_a-__call_atexit.o) (__retarget_lock_acquire_recursive)
c:/ti/ccs1011/ccs/tools/compiler/gcc-arm-none-eabi-7-2017-q4-major-win32/bin/../lib/gcc/arm-none-eabi/7.2.1/../../../../arm-none-eabi/lib/thumb/v7e-m/fpv4-sp/hard\libg.a(lib_a-__atexit.o)
                              c:/ti/ccs1011/ccs/tools/compiler/gcc-arm-none-eabi-7-2017-q4-major-win32/bin/../lib/gcc/arm-none-eabi/7.2.1/../../../../arm-none-eabi/lib/thumb/v7e-m/fpv4-sp/hard\libg.a(lib_a-atexit.o) (__register_exitproc)
c:/ti/ccs1011/ccs/tools/compiler/gcc-arm-none-eabi-7-2017-q4-major-win32/bin/../lib/gcc/arm-none-eabi/7.2.1/../../../../arm-none-eabi/lib/thumb/v7e-m/fpv4-sp/hard\libnosys.a(_exit.o)
[...]
Memory Configuration

Name             Origin             Length             Attributes
FLASH            0x00000000         0x00100000         xr
SRAM             0x20000000         0x00040000         xw
*default*        0x00000000         0xffffffff

Linker script and memory map

LOAD c:/ti/ccs1011/ccs/tools/compiler/gcc-arm-none-eabi-7-2017-q4-major-win32/bin/../lib/gcc/arm-none-eabi/7.2.1/thumb/v7e-m/fpv4-sp/hard/crti.o
LOAD c:/ti/ccs1011/ccs/tools/compiler/gcc-arm-none-eabi-7-2017-q4-major-win32/bin/../lib/gcc/arm-none-eabi/7.2.1/thumb/v7e-m/fpv4-sp/hard/crtbegin.o
LOAD c:/ti/ccs1011/ccs/tools/compiler/gcc-arm-none-eabi-7-2017-q4-major-win32/bin/../lib/gcc/arm-none-eabi/7.2.1/../../../../arm-none-eabi/lib/thumb/v7e-m/fpv4-sp/hard/crt0.o
LOAD ./main.o
LOAD ./tm4c1294ncpdt_startup_ccs_gcc.o
LOAD ./FreeRTOS/croutine.o
LOAD ./FreeRTOS/event_groups.o
LOAD ./FreeRTOS/list.o
LOAD ./FreeRTOS/queue.o
LOAD ./FreeRTOS/stream_buffer.o
LOAD ./FreeRTOS/tasks.o
LOAD ./FreeRTOS/timers.o
LOAD ./FreeRTOS/portable/GCC/ARM_CM4F/port.o
LOAD ./FreeRTOS/portable/MemMang/heap_4.o
                0x00000000                PROVIDE (_intvecs_base_address, 0x0)

.intvecs        0x00000000      0x208
 *(.intvecs)
 .intvecs       0x00000000      0x208 ./tm4c1294ncpdt_startup_ccs_gcc.o
                0x00000000                g_pfnVectors
                0x20000000                PROVIDE (_vtable_base_address, 0x20000000)

.vtable
 *(.vtable)

.text           0x00000210     0x5f84
 CREATE_OBJECT_SYMBOLS
 *(.text)
 .text          0x00000210        0x0 c:/ti/ccs1011/ccs/tools/compiler/gcc-arm-none-eabi-7-2017-q4-major-win32/bin/../lib/gcc/arm-none-eabi/7.2.1/thumb/v7e-m/fpv4-sp/hard/crti.o
 .text          0x00000210       0x40 c:/ti/ccs1011/ccs/tools/compiler/gcc-arm-none-eabi-7-2017-q4-major-win32/bin/../lib/gcc/arm-none-eabi/7.2.1/thumb/v7e-m/fpv4-sp/hard/crtbegin.o
 .text          0x00000250       0x74 c:/ti/ccs1011/ccs/tools/compiler/gcc-arm-none-eabi-7-2017-q4-major-win32/bin/../lib/gcc/arm-none-eabi/7.2.1/../../../../arm-none-eabi/lib/thumb/v7e-m/fpv4-sp/hard/crt0.o
                0x00000250                _start
                0x00000250                _mainCRTStartup
 .text          0x000002c4        0x0 ./main.o
 .text          0x000002c4        0x0 ./tm4c1294ncpdt_startup_ccs_gcc.o
 .text          0x000002c4        0x0 ./FreeRTOS/croutine.o
 .text          0x000002c4        0x0 ./FreeRTOS/event_groups.o
 .text          0x000002c4        0x0 ./FreeRTOS/list.o
 .text          0x000002c4        0x0 ./FreeRTOS/queue.o
 .text          0x000002c4        0x0 ./FreeRTOS/stream_buffer.o
 .text          0x000002c4        0x0 ./FreeRTOS/tasks.o
 .text          0x000002c4        0x0 ./FreeRTOS/timers.o
 .text          0x000002c4        0x0 ./FreeRTOS/portable/GCC/ARM_CM4F/port.o
 .text          0x000002c4        0x0 ./FreeRTOS/portable/MemMang/heap_4.o
 .text          0x000002c4        0x0 C:/ti/TivaWare_C_Series-2.2.0.295/driverlib/gcc/libdriver.a(gpio.o)
 .text          0x000002c4        0x0 C:/ti/TivaWare_C_Series-2.2.0.295/driverlib/gcc/libdriver.a(interrupt.o)
 .text          0x000002c4        0x0 C:/ti/TivaWare_C_Series-2.2.0.295/driverlib/gcc/libdriver.a(sysctl.o)
 .text          0x000002c4        0x0 C:/ti/TivaWare_C_Series-2.2.0.295/driverlib/gcc/libdriver.a(uart.o)
 .text          0x000002c4        0x0 C:/ti/TivaWare_C_Series-2.2.0.295/driverlib/gcc/libdriver.a(cpu.o)
 .text          0x000002c4        0x0 c:/ti/ccs1011/ccs/tools/compiler/gcc-arm-none-eabi-7-2017-q4-major-win32/bin/../lib/gcc/arm-none-eabi/7.2.1/../../../../arm-none-eabi/lib/thumb/v7e-m/fpv4-sp/hard\libg.a(lib_a-exit.o)
 .text          0x000002c4        0x0 c:/ti/ccs1011/ccs/tools/compiler/gcc-arm-none-eabi-7-2017-q4-major-win32/bin/../lib/gcc/arm-none-eabi/7.2.1/../../../../arm-none-eabi/lib/thumb/v7e-m/fpv4-sp/hard\libg.a(lib_a-impure.o)
 .text          0x000002c4        0x0 c:/ti/ccs1011/ccs/tools/compiler/gcc-arm-none-eabi-7-2017-q4-major-win32/bin/../lib/gcc/arm-none-eabi/7.2.1/../../../../arm-none-eabi/lib/thumb/v7e-m/fpv4-sp/hard\libg.a(lib_a-init.o)
 .text          0x000002c4      0x134 c:/ti/ccs1011/ccs/tools/compiler/gcc-arm-none-eabi-7-2017-q4-major-win32/bin/../lib/gcc/arm-none-eabi/7.2.1/../../../../arm-none-eabi/lib/thumb/v7e-m/fpv4-sp/hard\libg.a(lib_a-memcpy.o)
                0x000002c4                memcpy
 .text          0x000003f8        0x0 c:/ti/ccs1011/ccs/tools/compiler/gcc-arm-none-eabi-7-2017-q4-major-win32/bin/../lib/gcc/arm-none-eabi/7.2.1/../../../../arm-none-eabi/lib/thumb/v7e-m/fpv4-sp/hard\libg.a(lib_a-memset.o)
 .text          0x000003f8        0x0 c:/ti/ccs1011/ccs/tools/compiler/gcc-arm-none-eabi-7-2017-q4-major-win32/bin/../lib/gcc/arm-none-eabi/7.2.1/../../../../arm-none-eabi/lib/thumb/v7e-m/fpv4-sp/hard\libg.a(lib_a-__call_atexit.o)
 .text          0x000003f8        0x0 c:/ti/ccs1011/ccs/tools/compiler/gcc-arm-none-eabi-7-2017-q4-major-win32/bin/../lib/gcc/arm-none-eabi/7.2.1/../../../../arm-none-eabi/lib/thumb/v7e-m/fpv4-sp/hard\libg.a(lib_a-atexit.o)
 .text          0x000003f8        0x0 c:/ti/ccs1011/ccs/tools/compiler/gcc-arm-none-eabi-7-2017-q4-major-win32/bin/../lib/gcc/arm-none-eabi/7.2.1/../../../../arm-none-eabi/lib/thumb/v7e-m/fpv4-sp/hard\libg.a(lib_a-fini.o)
 .text          0x000003f8        0x0 c:/ti/ccs1011/ccs/tools/compiler/gcc-arm-none-eabi-7-2017-q4-major-win32/bin/../lib/gcc/arm-none-eabi/7.2.1/../../../../arm-none-eabi/lib/thumb/v7e-m/fpv4-sp/hard\libg.a(lib_a-lock.o)
 .text          0x000003f8        0x0 c:/ti/ccs1011/ccs/tools/compiler/gcc-arm-none-eabi-7-2017-q4-major-win32/bin/../lib/gcc/arm-none-eabi/7.2.1/../../../../arm-none-eabi/lib/thumb/v7e-m/fpv4-sp/hard\libg.a(lib_a-__atexit.o)
 .text          0x000003f8        0x0 c:/ti/ccs1011/ccs/tools/compiler/gcc-arm-none-eabi-7-2017-q4-major-win32/bin/../lib/gcc/arm-none-eabi/7.2.1/../../../../arm-none-eabi/lib/thumb/v7e-m/fpv4-sp/hard\libnosys.a(_exit.o)
 .text          0x000003f8        0x0 c:/ti/ccs1011/ccs/tools/compiler/gcc-arm-none-eabi-7-2017-q4-major-win32/bin/../lib/gcc/arm-none-eabi/7.2.1/thumb/v7e-m/fpv4-sp/hard/crtend.o
 .text          0x000003f8        0x0 c:/ti/ccs1011/ccs/tools/compiler/gcc-arm-none-eabi-7-2017-q4-major-win32/bin/../lib/gcc/arm-none-eabi/7.2.1/thumb/v7e-m/fpv4-sp/hard/crtn.o
 *(.text.*)
 .text.task1    0x000003f8       0x50 ./main.o
                0x000003f8                task1
 .text.task2    0x00000448       0x54 ./main.o
                0x00000448                task2
 .text.main     0x0000049c       0xc4 ./main.o
                0x0000049c                main
 .text.UARTIntHandler
                0x00000560       0xf0 ./main.o
                0x00000560                UARTIntHandler
 .text.UARTGetChar
                0x00000650       0x14 ./main.o
                0x00000650                UARTGetChar
 .text.UARTPutChar
                0x00000664       0x54 ./main.o
                0x00000664                UARTPutChar
 .text.UARTPutString
                0x000006b8       0x94 ./main.o
                0x000006b8                UARTPutString
 .text.print_task
                0x0000074c       0x24 ./main.o
                0x0000074c                print_task
 .text.Terminal
                0x00000770      0x150 ./main.o
                0x00000770                Terminal
 .text.NmiSR    0x000008c0        0x2 ./tm4c1294ncpdt_startup_ccs_gcc.o
 .text.FaultISR
                0x000008c2        0x2 ./tm4c1294ncpdt_startup_ccs_gcc.o
 .text.IntDefaultHandler
                0x000008c4        0x2 ./tm4c1294ncpdt_startup_ccs_gcc.o
 *fill*         0x000008c6        0x2 
 .text.ResetISR
                0x000008c8       0x50 ./tm4c1294ncpdt_startup_ccs_gcc.o
                0x000008c8                ResetISR
 .text.prvTestWaitCondition
                0x00000918       0x1c ./FreeRTOS/event_groups.o
 .text.xEventGroupCreate
                0x00000934       0x1a ./FreeRTOS/event_groups.o
                0x00000934                xEventGroupCreate
 *fill*         0x0000094e        0x2 
 .text.xEventGroupWaitBits
                0x00000950      0x10c ./FreeRTOS/event_groups.o
                0x00000950                xEventGroupWaitBits
 .text.xEventGroupClearBits
                0x00000a5c       0x46 ./FreeRTOS/event_groups.o
                0x00000a5c                xEventGroupClearBits
 .text.xEventGroupGetBitsFromISR
                0x00000aa2       0x1c ./FreeRTOS/event_groups.o
                0x00000aa2                xEventGroupGetBitsFromISR
 .text.xEventGroupSetBits
                0x00000abe       0x8c ./FreeRTOS/event_groups.o
                0x00000abe                xEventGroupSetBits
 *fill*         0x00000b4a        0x2 
 .text.xEventGroupSync
                0x00000b4c       0xd4 ./FreeRTOS/event_groups.o
                0x00000b4c                xEventGroupSync
 .text.vEventGroupDelete
                0x00000c20       0x3e ./FreeRTOS/event_groups.o
                0x00000c20                vEventGroupDelete
 .text.vEventGroupSetBitsCallback
                0x00000c5e        0x8 ./FreeRTOS/event_groups.o
                0x00000c5e                vEventGroupSetBitsCallback
 .text.vEventGroupClearBitsCallback
                0x00000c66        0x8 ./FreeRTOS/event_groups.o
                0x00000c66                vEventGroupClearBitsCallback
 .text.vListInitialise
                0x00000c6e       0x16 ./FreeRTOS/list.o
                0x00000c6e                vListInitialise
 .text.vListInitialiseItem
                0x00000c84        0x6 ./FreeRTOS/list.o
                0x00000c84                vListInitialiseItem
 .text.vListInsertEnd
                0x00000c8a       0x18 ./FreeRTOS/list.o
                0x00000c8a                vListInsertEnd
 .text.vListInsert
                0x00000ca2       0x34 ./FreeRTOS/list.o
                0x00000ca2                vListInsert
 .text.uxListRemove
                0x00000cd6       0x28 ./FreeRTOS/list.o
                0x00000cd6                uxListRemove
 .text.prvGetDisinheritPriorityAfterTimeout
                0x00000cfe       0x12 ./FreeRTOS/queue.o
 .text.prvIsQueueFull
                0x00000d10       0x1e ./FreeRTOS/queue.o
 .text.prvIsQueueEmpty
                0x00000d2e       0x1a ./FreeRTOS/queue.o
 .text.prvCopyDataToQueue
                0x00000d48       0x76 ./FreeRTOS/queue.o
 .text.prvCopyDataFromQueue
                0x00000dbe       0x24 ./FreeRTOS/queue.o
 .text.prvUnlockQueue
                0x00000de2       0x6e ./FreeRTOS/queue.o
 .text.xQueueGenericReset
                0x00000e50       0x84 ./FreeRTOS/queue.o
                0x00000e50                xQueueGenericReset
 .text.prvInitialiseNewQueue
                0x00000ed4       0x1c ./FreeRTOS/queue.o
 .text.xQueueGenericCreate
                0x00000ef0       0x5e ./FreeRTOS/queue.o
                0x00000ef0                xQueueGenericCreate
 .text.xQueueCreateCountingSemaphore
                0x00000f4e       0x40 ./FreeRTOS/queue.o
                0x00000f4e                xQueueCreateCountingSemaphore
 *fill*         0x00000f8e        0x2 
 .text.xQueueGenericSend
                0x00000f90      0x17c ./FreeRTOS/queue.o
                0x00000f90                xQueueGenericSend
 .text.prvInitialiseMutex
                0x0000110c       0x18 ./FreeRTOS/queue.o
 .text.xQueueCreateMutex
                0x00001124       0x16 ./FreeRTOS/queue.o
                0x00001124                xQueueCreateMutex
 .text.xQueueGiveMutexRecursive
                0x0000113a       0x40 ./FreeRTOS/queue.o
                0x0000113a                xQueueGiveMutexRecursive
 .text.xQueueGenericSendFromISR
                0x0000117a       0xe4 ./FreeRTOS/queue.o
                0x0000117a                xQueueGenericSendFromISR
 .text.xQueueGiveFromISR
                0x0000125e       0xc8 ./FreeRTOS/queue.o
                0x0000125e                xQueueGiveFromISR
 *fill*         0x00001326        0x2 
 .text.xQueueReceive
                0x00001328      0x158 ./FreeRTOS/queue.o
                0x00001328                xQueueReceive
 .text.xQueueSemaphoreTake
                0x00001480      0x19c ./FreeRTOS/queue.o
                0x00001480                xQueueSemaphoreTake
 .text.xQueueTakeMutexRecursive
                0x0000161c       0x44 ./FreeRTOS/queue.o
                0x0000161c                xQueueTakeMutexRecursive
 .text.xQueuePeek
                0x00001660      0x158 ./FreeRTOS/queue.o
                0x00001660                xQueuePeek
 .text.xQueueReceiveFromISR
                0x000017b8       0xc0 ./FreeRTOS/queue.o
                0x000017b8                xQueueReceiveFromISR
 .text.xQueuePeekFromISR
                0x00001878       0x7c ./FreeRTOS/queue.o
                0x00001878                xQueuePeekFromISR
 .text.uxQueueMessagesWaiting
                0x000018f4       0x26 ./FreeRTOS/queue.o
                0x000018f4                uxQueueMessagesWaiting
 .text.uxQueueSpacesAvailable
                0x0000191a       0x2a ./FreeRTOS/queue.o
                0x0000191a                uxQueueSpacesAvailable
 .text.uxQueueMessagesWaitingFromISR
                0x00001944       0x18 ./FreeRTOS/queue.o
                0x00001944                uxQueueMessagesWaitingFromISR
 .text.xQueueIsQueueEmptyFromISR
                0x0000195c       0x20 ./FreeRTOS/queue.o
                0x0000195c                xQueueIsQueueEmptyFromISR
 .text.xQueueIsQueueFullFromISR
                0x0000197c       0x24 ./FreeRTOS/queue.o
                0x0000197c                xQueueIsQueueFullFromISR
 .text.vQueueAddToRegistry
                0x000019a0       0x28 ./FreeRTOS/queue.o
                0x000019a0                vQueueAddToRegistry
 .text.pcQueueGetName
                0x000019c8       0x28 ./FreeRTOS/queue.o
                0x000019c8                pcQueueGetName
 .text.vQueueUnregisterQueue
                0x000019f0       0x2c ./FreeRTOS/queue.o
                0x000019f0                vQueueUnregisterQueue
 .text.vQueueDelete
                0x00001a1c       0x24 ./FreeRTOS/queue.o
                0x00001a1c                vQueueDelete
 .text.vQueueWaitForMessageRestricted
                0x00001a40       0x52 ./FreeRTOS/queue.o
                0x00001a40                vQueueWaitForMessageRestricted
 .text.prvBytesInBuffer
                0x00001a92       0x12 ./FreeRTOS/stream_buffer.o
 .text.prvInitialiseNewStreamBuffer
                0x00001aa4       0x40 ./FreeRTOS/stream_buffer.o
 .text.prvWriteBytesToBuffer
                0x00001ae4       0x8c ./FreeRTOS/stream_buffer.o
 .text.prvWriteMessageToBuffer
                0x00001b70       0x48 ./FreeRTOS/stream_buffer.o
 .text.prvReadBytesFromBuffer
                0x00001bb8       0x96 ./FreeRTOS/stream_buffer.o
 .text.prvReadMessageFromBuffer
                0x00001c4e       0x44 ./FreeRTOS/stream_buffer.o
 .text.xStreamBufferGenericCreate
                0x00001c92       0x74 ./FreeRTOS/stream_buffer.o
                0x00001c92                xStreamBufferGenericCreate
 .text.vStreamBufferDelete
                0x00001d06       0x2e ./FreeRTOS/stream_buffer.o
                0x00001d06                vStreamBufferDelete
 .text.xStreamBufferReset
                0x00001d34       0x4a ./FreeRTOS/stream_buffer.o
                0x00001d34                xStreamBufferReset
 .text.xStreamBufferSetTriggerLevel
                0x00001d7e       0x2a ./FreeRTOS/stream_buffer.o
                0x00001d7e                xStreamBufferSetTriggerLevel
 .text.xStreamBufferSpacesAvailable
                0x00001da8       0x2a ./FreeRTOS/stream_buffer.o
                0x00001da8                xStreamBufferSpacesAvailable
 .text.xStreamBufferBytesAvailable
                0x00001dd2       0x1c ./FreeRTOS/stream_buffer.o
                0x00001dd2                xStreamBufferBytesAvailable
 .text.xStreamBufferSend
                0x00001dee      0x138 ./FreeRTOS/stream_buffer.o
                0x00001dee                xStreamBufferSend
 .text.xStreamBufferSendFromISR
                0x00001f26       0xa2 ./FreeRTOS/stream_buffer.o
                0x00001f26                xStreamBufferSendFromISR
 .text.xStreamBufferReceive
                0x00001fc8       0xe6 ./FreeRTOS/stream_buffer.o
                0x00001fc8                xStreamBufferReceive
 .text.xStreamBufferNextMessageLengthBytes
                0x000020ae       0x5a ./FreeRTOS/stream_buffer.o
                0x000020ae                xStreamBufferNextMessageLengthBytes
 .text.xStreamBufferReceiveFromISR
                0x00002108       0x9c ./FreeRTOS/stream_buffer.o
                0x00002108                xStreamBufferReceiveFromISR
 .text.xStreamBufferIsEmpty
                0x000021a4       0x24 ./FreeRTOS/stream_buffer.o
                0x000021a4                xStreamBufferIsEmpty
 .text.xStreamBufferIsFull
                0x000021c8       0x38 ./FreeRTOS/stream_buffer.o
                0x000021c8                xStreamBufferIsFull
 .text.xStreamBufferSendCompletedFromISR
                0x00002200       0x54 ./FreeRTOS/stream_buffer.o
                0x00002200                xStreamBufferSendCompletedFromISR
 .text.xStreamBufferReceiveCompletedFromISR
                0x00002254       0x54 ./FreeRTOS/stream_buffer.o
                0x00002254                xStreamBufferReceiveCompletedFromISR
 .text.prvTaskIsTaskSuspended
                0x000022a8       0x40 ./FreeRTOS/tasks.o
 .text.prvResetNextTaskUnblockTime
                0x000022e8       0x28 ./FreeRTOS/tasks.o
 .text.prvDeleteTCB
                0x00002310       0x12 ./FreeRTOS/tasks.o
 .text.prvInitialiseNewTask
                0x00002322       0x8c ./FreeRTOS/tasks.o
 *fill*         0x000023ae        0x2 
 .text.prvInitialiseTaskLists
                0x000023b0       0x68 ./FreeRTOS/tasks.o
 .text.prvAddNewTaskToReadyList
                0x00002418       0xa8 ./FreeRTOS/tasks.o
 .text.prvCheckTasksWaitingTermination
                0x000024c0       0x4c ./FreeRTOS/tasks.o
 .text.prvIdleTask
                0x0000250c       0x28 ./FreeRTOS/tasks.o
 .text.prvAddCurrentTaskToDelayedList
                0x00002534       0x98 ./FreeRTOS/tasks.o
 .text.xTaskCreate
                0x000025cc       0x62 ./FreeRTOS/tasks.o
                0x000025cc                xTaskCreate
 *fill*         0x0000262e        0x2 
 .text.vTaskDelete
                0x00002630       0xe0 ./FreeRTOS/tasks.o
                0x00002630                vTaskDelete
 .text.uxTaskPriorityGet
                0x00002710       0x20 ./FreeRTOS/tasks.o
                0x00002710                uxTaskPriorityGet
 .text.uxTaskPriorityGetFromISR
                0x00002730       0x30 ./FreeRTOS/tasks.o
                0x00002730                uxTaskPriorityGetFromISR
 .text.vTaskPrioritySet
                0x00002760       0xdc ./FreeRTOS/tasks.o
                0x00002760                vTaskPrioritySet
 .text.vTaskResume
                0x0000283c       0x84 ./FreeRTOS/tasks.o
                0x0000283c                vTaskResume
 .text.xTaskResumeFromISR
                0x000028c0       0xa4 ./FreeRTOS/tasks.o
                0x000028c0                xTaskResumeFromISR
 .text.vTaskStartScheduler
                0x00002964       0x88 ./FreeRTOS/tasks.o
                0x00002964                vTaskStartScheduler
 .text.vTaskEndScheduler
                0x000029ec       0x24 ./FreeRTOS/tasks.o
                0x000029ec                vTaskEndScheduler
 .text.vTaskSuspendAll
                0x00002a10       0x10 ./FreeRTOS/tasks.o
                0x00002a10                vTaskSuspendAll
 .text.xTaskGetTickCount
                0x00002a20        0xc ./FreeRTOS/tasks.o
                0x00002a20                xTaskGetTickCount
 .text.xTaskGetTickCountFromISR
                0x00002a2c       0x10 ./FreeRTOS/tasks.o
                0x00002a2c                xTaskGetTickCountFromISR
 .text.uxTaskGetNumberOfTasks
                0x00002a3c        0xc ./FreeRTOS/tasks.o
                0x00002a3c                uxTaskGetNumberOfTasks
 .text.pcTaskGetName
                0x00002a48       0x28 ./FreeRTOS/tasks.o
                0x00002a48                pcTaskGetName
 .text.xTaskIncrementTick
                0x00002a70      0x118 ./FreeRTOS/tasks.o
                0x00002a70                xTaskIncrementTick
 .text.xTaskResumeAll
                0x00002b88       0xf4 ./FreeRTOS/tasks.o
                0x00002b88                xTaskResumeAll
 .text.vTaskDelayUntil
                0x00002c7c       0xa4 ./FreeRTOS/tasks.o
                0x00002c7c                vTaskDelayUntil
 .text.vTaskDelay
                0x00002d20       0x4c ./FreeRTOS/tasks.o
                0x00002d20                vTaskDelay
 .text.xTaskCatchUpTicks
                0x00002d6c       0x38 ./FreeRTOS/tasks.o
                0x00002d6c                xTaskCatchUpTicks
 .text.vTaskSwitchContext
                0x00002da4       0x98 ./FreeRTOS/tasks.o
                0x00002da4                vTaskSwitchContext
 .text.vTaskSuspend
                0x00002e3c       0xf8 ./FreeRTOS/tasks.o
                0x00002e3c                vTaskSuspend
 .text.vTaskPlaceOnEventList
                0x00002f34       0x30 ./FreeRTOS/tasks.o
                0x00002f34                vTaskPlaceOnEventList
 .text.vTaskPlaceOnUnorderedEventList
                0x00002f64       0x5c ./FreeRTOS/tasks.o
                0x00002f64                vTaskPlaceOnUnorderedEventList
 .text.vTaskPlaceOnEventListRestricted
                0x00002fc0       0x38 ./FreeRTOS/tasks.o
                0x00002fc0                vTaskPlaceOnEventListRestricted
 .text.xTaskRemoveFromEventList
                0x00002ff8       0x8c ./FreeRTOS/tasks.o
                0x00002ff8                xTaskRemoveFromEventList
 .text.vTaskRemoveFromUnorderedEventList
                0x00003084       0x88 ./FreeRTOS/tasks.o
                0x00003084                vTaskRemoveFromUnorderedEventList
 .text.vTaskSetTimeOutState
                0x0000310c       0x38 ./FreeRTOS/tasks.o
                0x0000310c                vTaskSetTimeOutState
 .text.vTaskInternalSetTimeOutState
                0x00003144       0x18 ./FreeRTOS/tasks.o
                0x00003144                vTaskInternalSetTimeOutState
 .text.xTaskCheckForTimeOut
                0x0000315c       0x84 ./FreeRTOS/tasks.o
                0x0000315c                xTaskCheckForTimeOut
 .text.vTaskMissedYield
                0x000031e0        0xc ./FreeRTOS/tasks.o
                0x000031e0                vTaskMissedYield
 .text.xTaskGetCurrentTaskHandle
                0x000031ec        0xc ./FreeRTOS/tasks.o
                0x000031ec                xTaskGetCurrentTaskHandle
 .text.xTaskGetSchedulerState
                0x000031f8       0x20 ./FreeRTOS/tasks.o
                0x000031f8                xTaskGetSchedulerState
 .text.xTaskPriorityInherit
                0x00003218       0xac ./FreeRTOS/tasks.o
                0x00003218                xTaskPriorityInherit
 .text.xTaskPriorityDisinherit
                0x000032c4       0xa4 ./FreeRTOS/tasks.o
                0x000032c4                xTaskPriorityDisinherit
 .text.vTaskPriorityDisinheritAfterTimeout
                0x00003368       0xb4 ./FreeRTOS/tasks.o
                0x00003368                vTaskPriorityDisinheritAfterTimeout
 .text.uxTaskResetEventItemValue
                0x0000341c       0x18 ./FreeRTOS/tasks.o
                0x0000341c                uxTaskResetEventItemValue
 .text.pvTaskIncrementMutexHeldCount
                0x00003434       0x1c ./FreeRTOS/tasks.o
                0x00003434                pvTaskIncrementMutexHeldCount
 .text.ulTaskGenericNotifyTake
                0x00003450       0xac ./FreeRTOS/tasks.o
                0x00003450                ulTaskGenericNotifyTake
 .text.xTaskGenericNotifyWait
                0x000034fc       0xd0 ./FreeRTOS/tasks.o
                0x000034fc                xTaskGenericNotifyWait
 .text.xTaskGenericNotify
                0x000035cc      0x14c ./FreeRTOS/tasks.o
                0x000035cc                xTaskGenericNotify
 .text.xTaskGenericNotifyFromISR
                0x00003718      0x180 ./FreeRTOS/tasks.o
                0x00003718                xTaskGenericNotifyFromISR
 .text.vTaskGenericNotifyGiveFromISR
                0x00003898       0xec ./FreeRTOS/tasks.o
                0x00003898                vTaskGenericNotifyGiveFromISR
 .text.xTaskGenericNotifyStateClear
                0x00003984       0x4c ./FreeRTOS/tasks.o
                0x00003984                xTaskGenericNotifyStateClear
 .text.ulTaskGenericNotifyValueClear
                0x000039d0       0x34 ./FreeRTOS/tasks.o
                0x000039d0                ulTaskGenericNotifyValueClear
 .text.prvGetNextExpireTime
                0x00003a04       0x20 ./FreeRTOS/timers.o
 .text.prvInsertTimerInActiveList
                0x00003a24       0x48 ./FreeRTOS/timers.o
 .text.prvCheckForValidListAndQueue
                0x00003a6c       0x5c ./FreeRTOS/timers.o
 .text.prvInitialiseNewTimer
                0x00003ac8       0x4c ./FreeRTOS/timers.o
 .text.xTimerCreateTimerTask
                0x00003b14       0x50 ./FreeRTOS/timers.o
                0x00003b14                xTimerCreateTimerTask
 .text.xTimerCreate
                0x00003b64       0x38 ./FreeRTOS/timers.o
                0x00003b64                xTimerCreate
 .text.xTimerGenericCommand
                0x00003b9c       0x6c ./FreeRTOS/timers.o
                0x00003b9c                xTimerGenericCommand
 .text.prvSwitchTimerLists
                0x00003c08       0x7c ./FreeRTOS/timers.o
 .text.prvSampleTimeNow
                0x00003c84       0x2c ./FreeRTOS/timers.o
 .text.prvProcessExpiredTimer
                0x00003cb0       0x6c ./FreeRTOS/timers.o
 .text.prvProcessTimerOrBlockTask
                0x00003d1c       0x74 ./FreeRTOS/timers.o
 .text.prvProcessReceivedCommands
                0x00003d90       0xfc ./FreeRTOS/timers.o
 .text.prvTimerTask
                0x00003e8c       0x16 ./FreeRTOS/timers.o
 *fill*         0x00003ea2        0x2 
 .text.xTimerGetTimerDaemonTaskHandle
                0x00003ea4       0x20 ./FreeRTOS/timers.o
                0x00003ea4                xTimerGetTimerDaemonTaskHandle
 .text.xTimerGetPeriod
                0x00003ec4       0x18 ./FreeRTOS/timers.o
                0x00003ec4                xTimerGetPeriod
 .text.vTimerSetReloadMode
                0x00003edc       0x40 ./FreeRTOS/timers.o
                0x00003edc                vTimerSetReloadMode
 .text.uxTimerGetReloadMode
                0x00003f1c       0x34 ./FreeRTOS/timers.o
                0x00003f1c                uxTimerGetReloadMode
 .text.xTimerGetExpiryTime
                0x00003f50       0x18 ./FreeRTOS/timers.o
                0x00003f50                xTimerGetExpiryTime
 .text.pcTimerGetName
                0x00003f68       0x18 ./FreeRTOS/timers.o
                0x00003f68                pcTimerGetName
 .text.xTimerIsTimerActive
                0x00003f80       0x34 ./FreeRTOS/timers.o
                0x00003f80                xTimerIsTimerActive
 .text.pvTimerGetTimerID
                0x00003fb4       0x26 ./FreeRTOS/timers.o
                0x00003fb4                pvTimerGetTimerID
 .text.vTimerSetTimerID
                0x00003fda       0x26 ./FreeRTOS/timers.o
                0x00003fda                vTimerSetTimerID
 .text.prvTaskExitError
                0x00004000       0x40 ./FreeRTOS/portable/GCC/ARM_CM4F/port.o
 .text.prvPortStartFirstTask
                0x00004040       0x28 ./FreeRTOS/portable/GCC/ARM_CM4F/port.o
 .text.vPortEnableVFP
                0x00004068       0x14 ./FreeRTOS/portable/GCC/ARM_CM4F/port.o
 .text.pxPortInitialiseStack
                0x0000407c       0x2c ./FreeRTOS/portable/GCC/ARM_CM4F/port.o
                0x0000407c                pxPortInitialiseStack
 *fill*         0x000040a8        0x8 
 .text.vPortSVCHandler
                0x000040b0       0x24 ./FreeRTOS/portable/GCC/ARM_CM4F/port.o
                0x000040b0                vPortSVCHandler
 .text.vPortEndScheduler
                0x000040d4       0x24 ./FreeRTOS/portable/GCC/ARM_CM4F/port.o
                0x000040d4                vPortEndScheduler
 .text.vPortEnterCritical
                0x000040f8       0x44 ./FreeRTOS/portable/GCC/ARM_CM4F/port.o
                0x000040f8                vPortEnterCritical
 .text.vPortExitCritical
                0x0000413c       0x2c ./FreeRTOS/portable/GCC/ARM_CM4F/port.o
                0x0000413c                vPortExitCritical
 *fill*         0x00004168        0x8 
 .text.xPortPendSVHandler
                0x00004170       0x64 ./FreeRTOS/portable/GCC/ARM_CM4F/port.o
                0x00004170                xPortPendSVHandler
 .text.xPortSysTickHandler
                0x000041d4       0x2c ./FreeRTOS/portable/GCC/ARM_CM4F/port.o
                0x000041d4                xPortSysTickHandler
 .text.vPortSetupTimerInterrupt
                0x00004200       0x28 ./FreeRTOS/portable/GCC/ARM_CM4F/port.o
                0x00004200                vPortSetupTimerInterrupt
 .text.xPortStartScheduler
                0x00004228      0x110 ./FreeRTOS/portable/GCC/ARM_CM4F/port.o
                0x00004228                xPortStartScheduler
 .text.vPortValidateInterruptPriority
                0x00004338       0x5c ./FreeRTOS/portable/GCC/ARM_CM4F/port.o
                0x00004338                vPortValidateInterruptPriority
 .text.prvHeapInit
                0x00004394       0x64 ./FreeRTOS/portable/MemMang/heap_4.o
 .text.prvInsertBlockIntoFreeList
                0x000043f8       0x58 ./FreeRTOS/portable/MemMang/heap_4.o
 .text.pvPortMalloc
                0x00004450      0x114 ./FreeRTOS/portable/MemMang/heap_4.o
                0x00004450                pvPortMalloc
 .text.vPortFree
                0x00004564       0x7c ./FreeRTOS/portable/MemMang/heap_4.o
                0x00004564                vPortFree
 .text.xPortGetFreeHeapSize
                0x000045e0        0xc ./FreeRTOS/portable/MemMang/heap_4.o
                0x000045e0                xPortGetFreeHeapSize
 .text.xPortGetMinimumEverFreeHeapSize
                0x000045ec        0xc ./FreeRTOS/portable/MemMang/heap_4.o
                0x000045ec                xPortGetMinimumEverFreeHeapSize
 .text.vPortInitialiseBlocks
                0x000045f8        0x2 ./FreeRTOS/portable/MemMang/heap_4.o
                0x000045f8                vPortInitialiseBlocks
 *fill*         0x000045fa        0x2 
 .text.vPortGetHeapStats
                0x000045fc       0x80 ./FreeRTOS/portable/MemMang/heap_4.o
                0x000045fc                vPortGetHeapStats
 .text._GPIOIntNumberGet
                0x0000467c       0x48 C:/ti/TivaWare_C_Series-2.2.0.295/driverlib/gcc/libdriver.a(gpio.o)
 .text.GPIODirModeSet
                0x000046c4       0x2e C:/ti/TivaWare_C_Series-2.2.0.295/driverlib/gcc/libdriver.a(gpio.o)
                0x000046c4                GPIODirModeSet
 .text.GPIODirModeGet
                0x000046f2       0x24 C:/ti/TivaWare_C_Series-2.2.0.295/driverlib/gcc/libdriver.a(gpio.o)
                0x000046f2                GPIODirModeGet
 .text.GPIOIntTypeSet
                0x00004716       0x5a C:/ti/TivaWare_C_Series-2.2.0.295/driverlib/gcc/libdriver.a(gpio.o)
                0x00004716                GPIOIntTypeSet
 .text.GPIOIntTypeGet
                0x00004770       0x48 C:/ti/TivaWare_C_Series-2.2.0.295/driverlib/gcc/libdriver.a(gpio.o)
                0x00004770                GPIOIntTypeGet
 .text.GPIOPadConfigSet
                0x000047b8      0x170 C:/ti/TivaWare_C_Series-2.2.0.295/driverlib/gcc/libdriver.a(gpio.o)
                0x000047b8                GPIOPadConfigSet
 .text.GPIOPadConfigGet
                0x00004928       0xe4 C:/ti/TivaWare_C_Series-2.2.0.295/driverlib/gcc/libdriver.a(gpio.o)
                0x00004928                GPIOPadConfigGet
 .text.GPIOIntEnable
                0x00004a0c        0xc C:/ti/TivaWare_C_Series-2.2.0.295/driverlib/gcc/libdriver.a(gpio.o)
                0x00004a0c                GPIOIntEnable
 .text.GPIOIntDisable
                0x00004a18        0xe C:/ti/TivaWare_C_Series-2.2.0.295/driverlib/gcc/libdriver.a(gpio.o)
                0x00004a18                GPIOIntDisable
 .text.GPIOIntStatus
                0x00004a26        0xe C:/ti/TivaWare_C_Series-2.2.0.295/driverlib/gcc/libdriver.a(gpio.o)
                0x00004a26                GPIOIntStatus
 .text.GPIOIntClear
                0x00004a34        0x6 C:/ti/TivaWare_C_Series-2.2.0.295/driverlib/gcc/libdriver.a(gpio.o)
                0x00004a34                GPIOIntClear
 .text.GPIOIntRegister
                0x00004a3a       0x1a C:/ti/TivaWare_C_Series-2.2.0.295/driverlib/gcc/libdriver.a(gpio.o)
                0x00004a3a                GPIOIntRegister
 .text.GPIOIntUnregister
                0x00004a54       0x16 C:/ti/TivaWare_C_Series-2.2.0.295/driverlib/gcc/libdriver.a(gpio.o)
                0x00004a54                GPIOIntUnregister
 .text.GPIOIntRegisterPin
                0x00004a6a       0x1e C:/ti/TivaWare_C_Series-2.2.0.295/driverlib/gcc/libdriver.a(gpio.o)
                0x00004a6a                GPIOIntRegisterPin
 .text.GPIOIntUnregisterPin
                0x00004a88       0x1a C:/ti/TivaWare_C_Series-2.2.0.295/driverlib/gcc/libdriver.a(gpio.o)
                0x00004a88                GPIOIntUnregisterPin
 .text.GPIOPinRead
                0x00004aa2        0x6 C:/ti/TivaWare_C_Series-2.2.0.295/driverlib/gcc/libdriver.a(gpio.o)
                0x00004aa2                GPIOPinRead
 .text.GPIOPinWrite
                0x00004aa8        0x6 C:/ti/TivaWare_C_Series-2.2.0.295/driverlib/gcc/libdriver.a(gpio.o)
                0x00004aa8                GPIOPinWrite
 .text.GPIOPinTypeADC
                0x00004aae       0x1c C:/ti/TivaWare_C_Series-2.2.0.295/driverlib/gcc/libdriver.a(gpio.o)
                0x00004aae                GPIOPinTypeADC
 .text.GPIOPinTypeCAN
                0x00004aca       0x1c C:/ti/TivaWare_C_Series-2.2.0.295/driverlib/gcc/libdriver.a(gpio.o)
                0x00004aca                GPIOPinTypeCAN
 .text.GPIOPinTypeComparator
                0x00004ae6       0x1c C:/ti/TivaWare_C_Series-2.2.0.295/driverlib/gcc/libdriver.a(gpio.o)
                0x00004ae6                GPIOPinTypeComparator
 .text.GPIOPinTypeComparatorOutput
                0x00004b02       0x1c C:/ti/TivaWare_C_Series-2.2.0.295/driverlib/gcc/libdriver.a(gpio.o)
                0x00004b02                GPIOPinTypeComparatorOutput
 .text.GPIOPinTypeDIVSCLK
                0x00004b1e       0x1c C:/ti/TivaWare_C_Series-2.2.0.295/driverlib/gcc/libdriver.a(gpio.o)
                0x00004b1e                GPIOPinTypeDIVSCLK
 .text.GPIOPinTypeEPI
                0x00004b3a       0x1c C:/ti/TivaWare_C_Series-2.2.0.295/driverlib/gcc/libdriver.a(gpio.o)
                0x00004b3a                GPIOPinTypeEPI
 .text.GPIOPinTypeEthernetLED
                0x00004b56       0x1c C:/ti/TivaWare_C_Series-2.2.0.295/driverlib/gcc/libdriver.a(gpio.o)
                0x00004b56                GPIOPinTypeEthernetLED
 .text.GPIOPinTypeEthernetMII
                0x00004b72       0x1c C:/ti/TivaWare_C_Series-2.2.0.295/driverlib/gcc/libdriver.a(gpio.o)
                0x00004b72                GPIOPinTypeEthernetMII
 .text.GPIOPinTypeGPIOInput
                0x00004b8e       0x1c C:/ti/TivaWare_C_Series-2.2.0.295/driverlib/gcc/libdriver.a(gpio.o)
                0x00004b8e                GPIOPinTypeGPIOInput
 .text.GPIOPinTypeGPIOOutput
                0x00004baa       0x1c C:/ti/TivaWare_C_Series-2.2.0.295/driverlib/gcc/libdriver.a(gpio.o)
                0x00004baa                GPIOPinTypeGPIOOutput
 .text.GPIOPinTypeGPIOOutputOD
                0x00004bc6       0x1c C:/ti/TivaWare_C_Series-2.2.0.295/driverlib/gcc/libdriver.a(gpio.o)
                0x00004bc6                GPIOPinTypeGPIOOutputOD
 .text.GPIOPinTypeHibernateRTCCLK
                0x00004be2       0x1c C:/ti/TivaWare_C_Series-2.2.0.295/driverlib/gcc/libdriver.a(gpio.o)
                0x00004be2                GPIOPinTypeHibernateRTCCLK
 .text.GPIOPinTypeI2C
                0x00004bfe       0x1c C:/ti/TivaWare_C_Series-2.2.0.295/driverlib/gcc/libdriver.a(gpio.o)
                0x00004bfe                GPIOPinTypeI2C
 .text.GPIOPinTypeI2CSCL
                0x00004c1a       0x1c C:/ti/TivaWare_C_Series-2.2.0.295/driverlib/gcc/libdriver.a(gpio.o)
                0x00004c1a                GPIOPinTypeI2CSCL
 .text.GPIOPinTypeLCD
                0x00004c36       0x1c C:/ti/TivaWare_C_Series-2.2.0.295/driverlib/gcc/libdriver.a(gpio.o)
                0x00004c36                GPIOPinTypeLCD
 .text.GPIOPinTypeOneWire
                0x00004c52       0x1c C:/ti/TivaWare_C_Series-2.2.0.295/driverlib/gcc/libdriver.a(gpio.o)
                0x00004c52                GPIOPinTypeOneWire
 .text.GPIOPinTypePWM
                0x00004c6e       0x1c C:/ti/TivaWare_C_Series-2.2.0.295/driverlib/gcc/libdriver.a(gpio.o)
                0x00004c6e                GPIOPinTypePWM
 .text.GPIOPinTypeQEI
                0x00004c8a       0x1c C:/ti/TivaWare_C_Series-2.2.0.295/driverlib/gcc/libdriver.a(gpio.o)
                0x00004c8a                GPIOPinTypeQEI
 .text.GPIOPinTypeSSI
                0x00004ca6       0x1c C:/ti/TivaWare_C_Series-2.2.0.295/driverlib/gcc/libdriver.a(gpio.o)
                0x00004ca6                GPIOPinTypeSSI
 .text.GPIOPinTypeTimer
                0x00004cc2       0x1c C:/ti/TivaWare_C_Series-2.2.0.295/driverlib/gcc/libdriver.a(gpio.o)
                0x00004cc2                GPIOPinTypeTimer
 .text.GPIOPinTypeTrace
                0x00004cde       0x1c C:/ti/TivaWare_C_Series-2.2.0.295/driverlib/gcc/libdriver.a(gpio.o)
                0x00004cde                GPIOPinTypeTrace
 .text.GPIOPinTypeUART
                0x00004cfa       0x1c C:/ti/TivaWare_C_Series-2.2.0.295/driverlib/gcc/libdriver.a(gpio.o)
                0x00004cfa                GPIOPinTypeUART
 .text.GPIOPinTypeUSBAnalog
                0x00004d16       0x1c C:/ti/TivaWare_C_Series-2.2.0.295/driverlib/gcc/libdriver.a(gpio.o)
                0x00004d16                GPIOPinTypeUSBAnalog
 .text.GPIOPinTypeUSBDigital
                0x00004d32       0x1c C:/ti/TivaWare_C_Series-2.2.0.295/driverlib/gcc/libdriver.a(gpio.o)
                0x00004d32                GPIOPinTypeUSBDigital
 .text.GPIOPinTypeWakeHigh
                0x00004d4e       0x1e C:/ti/TivaWare_C_Series-2.2.0.295/driverlib/gcc/libdriver.a(gpio.o)
                0x00004d4e                GPIOPinTypeWakeHigh
 .text.GPIOPinTypeWakeLow
                0x00004d6c       0x1e C:/ti/TivaWare_C_Series-2.2.0.295/driverlib/gcc/libdriver.a(gpio.o)
                0x00004d6c                GPIOPinTypeWakeLow
 .text.GPIOPinWakeStatus
                0x00004d8a        0x6 C:/ti/TivaWare_C_Series-2.2.0.295/driverlib/gcc/libdriver.a(gpio.o)
                0x00004d8a                GPIOPinWakeStatus
 .text.GPIOPinConfigure
                0x00004d90       0x4c C:/ti/TivaWare_C_Series-2.2.0.295/driverlib/gcc/libdriver.a(gpio.o)
                0x00004d90                GPIOPinConfigure
 .text.GPIODMATriggerEnable
                0x00004ddc        0xc C:/ti/TivaWare_C_Series-2.2.0.295/driverlib/gcc/libdriver.a(gpio.o)
                0x00004ddc                GPIODMATriggerEnable
 .text.GPIODMATriggerDisable
                0x00004de8        0xe C:/ti/TivaWare_C_Series-2.2.0.295/driverlib/gcc/libdriver.a(gpio.o)
                0x00004de8                GPIODMATriggerDisable
 .text.GPIOADCTriggerEnable
                0x00004df6        0xc C:/ti/TivaWare_C_Series-2.2.0.295/driverlib/gcc/libdriver.a(gpio.o)
                0x00004df6                GPIOADCTriggerEnable
 .text.GPIOADCTriggerDisable
                0x00004e02        0xe C:/ti/TivaWare_C_Series-2.2.0.295/driverlib/gcc/libdriver.a(gpio.o)
                0x00004e02                GPIOADCTriggerDisable
 .text.GPIOUnlockPin
                0x00004e10       0x18 C:/ti/TivaWare_C_Series-2.2.0.295/driverlib/gcc/libdriver.a(gpio.o)
                0x00004e10                GPIOUnlockPin
 .text._IntDefaultHandler
                0x00004e28        0x2 C:/ti/TivaWare_C_Series-2.2.0.295/driverlib/gcc/libdriver.a(interrupt.o)
 .text.IntMasterEnable
                0x00004e2a        0xe C:/ti/TivaWare_C_Series-2.2.0.295/driverlib/gcc/libdriver.a(interrupt.o)
                0x00004e2a                IntMasterEnable
 .text.IntMasterDisable
                0x00004e38        0xe C:/ti/TivaWare_C_Series-2.2.0.295/driverlib/gcc/libdriver.a(interrupt.o)
                0x00004e38                IntMasterDisable
 *fill*         0x00004e46        0x2 
 .text.IntRegister
                0x00004e48       0x34 C:/ti/TivaWare_C_Series-2.2.0.295/driverlib/gcc/libdriver.a(interrupt.o)
                0x00004e48                IntRegister
 .text.IntUnregister
                0x00004e7c       0x14 C:/ti/TivaWare_C_Series-2.2.0.295/driverlib/gcc/libdriver.a(interrupt.o)
                0x00004e7c                IntUnregister
 .text.IntPriorityGroupingSet
                0x00004e90       0x1c C:/ti/TivaWare_C_Series-2.2.0.295/driverlib/gcc/libdriver.a(interrupt.o)
                0x00004e90                IntPriorityGroupingSet
 .text.IntPriorityGroupingGet
                0x00004eac       0x24 C:/ti/TivaWare_C_Series-2.2.0.295/driverlib/gcc/libdriver.a(interrupt.o)
                0x00004eac                IntPriorityGroupingGet
 .text.IntPrioritySet
                0x00004ed0       0x2c C:/ti/TivaWare_C_Series-2.2.0.295/driverlib/gcc/libdriver.a(interrupt.o)
                0x00004ed0                IntPrioritySet
 .text.IntPriorityGet
                0x00004efc       0x1c C:/ti/TivaWare_C_Series-2.2.0.295/driverlib/gcc/libdriver.a(interrupt.o)
                0x00004efc                IntPriorityGet
 .text.IntEnable
                0x00004f18       0x60 C:/ti/TivaWare_C_Series-2.2.0.295/driverlib/gcc/libdriver.a(interrupt.o)
                0x00004f18                IntEnable
 .text.IntDisable
                0x00004f78       0x60 C:/ti/TivaWare_C_Series-2.2.0.295/driverlib/gcc/libdriver.a(interrupt.o)
                0x00004f78                IntDisable
 .text.IntIsEnabled
                0x00004fd8       0x64 C:/ti/TivaWare_C_Series-2.2.0.295/driverlib/gcc/libdriver.a(interrupt.o)
                0x00004fd8                IntIsEnabled
 .text.IntPendSet
                0x0000503c       0x50 C:/ti/TivaWare_C_Series-2.2.0.295/driverlib/gcc/libdriver.a(interrupt.o)
                0x0000503c                IntPendSet
 .text.IntPendClear
                0x0000508c       0x40 C:/ti/TivaWare_C_Series-2.2.0.295/driverlib/gcc/libdriver.a(interrupt.o)
                0x0000508c                IntPendClear
 .text.IntPriorityMaskSet
                0x000050cc        0x4 C:/ti/TivaWare_C_Series-2.2.0.295/driverlib/gcc/libdriver.a(interrupt.o)
                0x000050cc                IntPriorityMaskSet
 .text.IntPriorityMaskGet
                0x000050d0        0x4 C:/ti/TivaWare_C_Series-2.2.0.295/driverlib/gcc/libdriver.a(interrupt.o)
                0x000050d0                IntPriorityMaskGet
 .text.IntTrigger
                0x000050d4        0xc C:/ti/TivaWare_C_Series-2.2.0.295/driverlib/gcc/libdriver.a(interrupt.o)
                0x000050d4                IntTrigger
 .text._SysCtlMemTimingGet
                0x000050e0       0x24 C:/ti/TivaWare_C_Series-2.2.0.295/driverlib/gcc/libdriver.a(sysctl.o)
 .text.SysCtlSRAMSizeGet
                0x00005104       0x10 C:/ti/TivaWare_C_Series-2.2.0.295/driverlib/gcc/libdriver.a(sysctl.o)
                0x00005104                SysCtlSRAMSizeGet
 .text.SysCtlFlashSizeGet
                0x00005114       0x3c C:/ti/TivaWare_C_Series-2.2.0.295/driverlib/gcc/libdriver.a(sysctl.o)
                0x00005114                SysCtlFlashSizeGet
 .text.SysCtlFlashSectorSizeGet
                0x00005150       0x38 C:/ti/TivaWare_C_Series-2.2.0.295/driverlib/gcc/libdriver.a(sysctl.o)
                0x00005150                SysCtlFlashSectorSizeGet
 .text.SysCtlPeripheralPresent
                0x00005188       0x26 C:/ti/TivaWare_C_Series-2.2.0.295/driverlib/gcc/libdriver.a(sysctl.o)
                0x00005188                SysCtlPeripheralPresent
 .text.SysCtlPeripheralReady
                0x000051ae       0x26 C:/ti/TivaWare_C_Series-2.2.0.295/driverlib/gcc/libdriver.a(sysctl.o)
                0x000051ae                SysCtlPeripheralReady
 .text.SysCtlPeripheralPowerOn
                0x000051d4       0x22 C:/ti/TivaWare_C_Series-2.2.0.295/driverlib/gcc/libdriver.a(sysctl.o)
                0x000051d4                SysCtlPeripheralPowerOn
 .text.SysCtlPeripheralPowerOff
                0x000051f6       0x22 C:/ti/TivaWare_C_Series-2.2.0.295/driverlib/gcc/libdriver.a(sysctl.o)
                0x000051f6                SysCtlPeripheralPowerOff
 .text.SysCtlPeripheralReset
                0x00005218       0x3a C:/ti/TivaWare_C_Series-2.2.0.295/driverlib/gcc/libdriver.a(sysctl.o)
                0x00005218                SysCtlPeripheralReset
 .text.SysCtlPeripheralEnable
                0x00005252       0x22 C:/ti/TivaWare_C_Series-2.2.0.295/driverlib/gcc/libdriver.a(sysctl.o)
                0x00005252                SysCtlPeripheralEnable
 .text.SysCtlPeripheralDisable
                0x00005274       0x22 C:/ti/TivaWare_C_Series-2.2.0.295/driverlib/gcc/libdriver.a(sysctl.o)
                0x00005274                SysCtlPeripheralDisable
 .text.SysCtlPeripheralSleepEnable
                0x00005296       0x22 C:/ti/TivaWare_C_Series-2.2.0.295/driverlib/gcc/libdriver.a(sysctl.o)
                0x00005296                SysCtlPeripheralSleepEnable
 .text.SysCtlPeripheralSleepDisable
                0x000052b8       0x22 C:/ti/TivaWare_C_Series-2.2.0.295/driverlib/gcc/libdriver.a(sysctl.o)
                0x000052b8                SysCtlPeripheralSleepDisable
 .text.SysCtlPeripheralDeepSleepEnable
                0x000052da       0x22 C:/ti/TivaWare_C_Series-2.2.0.295/driverlib/gcc/libdriver.a(sysctl.o)
                0x000052da                SysCtlPeripheralDeepSleepEnable
 .text.SysCtlPeripheralDeepSleepDisable
                0x000052fc       0x22 C:/ti/TivaWare_C_Series-2.2.0.295/driverlib/gcc/libdriver.a(sysctl.o)
                0x000052fc                SysCtlPeripheralDeepSleepDisable
 *fill*         0x0000531e        0x2 
 .text.SysCtlPeripheralClockGating
                0x00005320       0x48 C:/ti/TivaWare_C_Series-2.2.0.295/driverlib/gcc/libdriver.a(sysctl.o)
                0x00005320                SysCtlPeripheralClockGating
 .text.SysCtlIntRegister
                0x00005368       0x14 C:/ti/TivaWare_C_Series-2.2.0.295/driverlib/gcc/libdriver.a(sysctl.o)
                0x00005368                SysCtlIntRegister
 .text.SysCtlIntUnregister
                0x0000537c       0x12 C:/ti/TivaWare_C_Series-2.2.0.295/driverlib/gcc/libdriver.a(sysctl.o)
                0x0000537c                SysCtlIntUnregister
 *fill*         0x0000538e        0x2 
 .text.SysCtlIntEnable
                0x00005390       0x10 C:/ti/TivaWare_C_Series-2.2.0.295/driverlib/gcc/libdriver.a(sysctl.o)
                0x00005390                SysCtlIntEnable
 .text.SysCtlIntDisable
                0x000053a0       0x10 C:/ti/TivaWare_C_Series-2.2.0.295/driverlib/gcc/libdriver.a(sysctl.o)
                0x000053a0                SysCtlIntDisable
 .text.SysCtlIntClear
                0x000053b0        0xc C:/ti/TivaWare_C_Series-2.2.0.295/driverlib/gcc/libdriver.a(sysctl.o)
                0x000053b0                SysCtlIntClear
 .text.SysCtlIntStatus
                0x000053bc       0x14 C:/ti/TivaWare_C_Series-2.2.0.295/driverlib/gcc/libdriver.a(sysctl.o)
                0x000053bc                SysCtlIntStatus
 .text.SysCtlLDOSleepSet
                0x000053d0        0xc C:/ti/TivaWare_C_Series-2.2.0.295/driverlib/gcc/libdriver.a(sysctl.o)
                0x000053d0                SysCtlLDOSleepSet
 .text.SysCtlLDOSleepGet
                0x000053dc        0xc C:/ti/TivaWare_C_Series-2.2.0.295/driverlib/gcc/libdriver.a(sysctl.o)
                0x000053dc                SysCtlLDOSleepGet
 .text.SysCtlLDODeepSleepSet
                0x000053e8        0xc C:/ti/TivaWare_C_Series-2.2.0.295/driverlib/gcc/libdriver.a(sysctl.o)
                0x000053e8                SysCtlLDODeepSleepSet
 .text.SysCtlLDODeepSleepGet
                0x000053f4        0xc C:/ti/TivaWare_C_Series-2.2.0.295/driverlib/gcc/libdriver.a(sysctl.o)
                0x000053f4                SysCtlLDODeepSleepGet
 .text.SysCtlSleepPowerSet
                0x00005400        0xc C:/ti/TivaWare_C_Series-2.2.0.295/driverlib/gcc/libdriver.a(sysctl.o)
                0x00005400                SysCtlSleepPowerSet
 .text.SysCtlDeepSleepPowerSet
                0x0000540c        0xc C:/ti/TivaWare_C_Series-2.2.0.295/driverlib/gcc/libdriver.a(sysctl.o)
                0x0000540c                SysCtlDeepSleepPowerSet
 .text.SysCtlReset
                0x00005418       0x10 C:/ti/TivaWare_C_Series-2.2.0.295/driverlib/gcc/libdriver.a(sysctl.o)
                0x00005418                SysCtlReset
 .text.SysCtlSleep
                0x00005428        0x4 C:/ti/TivaWare_C_Series-2.2.0.295/driverlib/gcc/libdriver.a(sysctl.o)
                0x00005428                SysCtlSleep
 .text.SysCtlDeepSleep
                0x0000542c       0x20 C:/ti/TivaWare_C_Series-2.2.0.295/driverlib/gcc/libdriver.a(sysctl.o)
                0x0000542c                SysCtlDeepSleep
 .text.SysCtlResetCauseGet
                0x0000544c        0xc C:/ti/TivaWare_C_Series-2.2.0.295/driverlib/gcc/libdriver.a(sysctl.o)
                0x0000544c                SysCtlResetCauseGet
 .text.SysCtlResetCauseClear
                0x00005458       0x10 C:/ti/TivaWare_C_Series-2.2.0.295/driverlib/gcc/libdriver.a(sysctl.o)
                0x00005458                SysCtlResetCauseClear
 .text.SysCtlDelay
                0x00005468        0x8 C:/ti/TivaWare_C_Series-2.2.0.295/driverlib/gcc/libdriver.a(sysctl.o)
                0x00005468                SysCtlDelay
 .text.SysCtlMOSCConfigSet
                0x00005470        0xc C:/ti/TivaWare_C_Series-2.2.0.295/driverlib/gcc/libdriver.a(sysctl.o)
                0x00005470                SysCtlMOSCConfigSet
 .text.SysCtlPIOSCCalibrate
                0x0000547c       0x48 C:/ti/TivaWare_C_Series-2.2.0.295/driverlib/gcc/libdriver.a(sysctl.o)
                0x0000547c                SysCtlPIOSCCalibrate
 .text.SysCtlResetBehaviorSet
                0x000054c4        0xc C:/ti/TivaWare_C_Series-2.2.0.295/driverlib/gcc/libdriver.a(sysctl.o)
                0x000054c4                SysCtlResetBehaviorSet
 .text.SysCtlResetBehaviorGet
                0x000054d0        0xc C:/ti/TivaWare_C_Series-2.2.0.295/driverlib/gcc/libdriver.a(sysctl.o)
                0x000054d0                SysCtlResetBehaviorGet
 .text.SysCtlClockFreqSet
                0x000054dc      0x248 C:/ti/TivaWare_C_Series-2.2.0.295/driverlib/gcc/libdriver.a(sysctl.o)
                0x000054dc                SysCtlClockFreqSet
 .text.SysCtlClockSet
                0x00005724      0x11c C:/ti/TivaWare_C_Series-2.2.0.295/driverlib/gcc/libdriver.a(sysctl.o)
                0x00005724                SysCtlClockSet
 .text.SysCtlClockGet
                0x00005840      0x12c C:/ti/TivaWare_C_Series-2.2.0.295/driverlib/gcc/libdriver.a(sysctl.o)
                0x00005840                SysCtlClockGet
 .text.SysCtlDeepSleepClockSet
                0x0000596c        0xc C:/ti/TivaWare_C_Series-2.2.0.295/driverlib/gcc/libdriver.a(sysctl.o)
                0x0000596c                SysCtlDeepSleepClockSet
 .text.SysCtlDeepSleepClockConfigSet
                0x00005978       0x60 C:/ti/TivaWare_C_Series-2.2.0.295/driverlib/gcc/libdriver.a(sysctl.o)
                0x00005978                SysCtlDeepSleepClockConfigSet
 .text.SysCtlPWMClockSet
                0x000059d8       0x14 C:/ti/TivaWare_C_Series-2.2.0.295/driverlib/gcc/libdriver.a(sysctl.o)
                0x000059d8                SysCtlPWMClockSet
 .text.SysCtlPWMClockGet
                0x000059ec       0x18 C:/ti/TivaWare_C_Series-2.2.0.295/driverlib/gcc/libdriver.a(sysctl.o)
                0x000059ec                SysCtlPWMClockGet
 .text.SysCtlGPIOAHBEnable
                0x00005a04       0x18 C:/ti/TivaWare_C_Series-2.2.0.295/driverlib/gcc/libdriver.a(sysctl.o)
                0x00005a04                SysCtlGPIOAHBEnable
 .text.SysCtlGPIOAHBDisable
                0x00005a1c       0x1c C:/ti/TivaWare_C_Series-2.2.0.295/driverlib/gcc/libdriver.a(sysctl.o)
                0x00005a1c                SysCtlGPIOAHBDisable
 .text.SysCtlUSBPLLEnable
                0x00005a38       0x10 C:/ti/TivaWare_C_Series-2.2.0.295/driverlib/gcc/libdriver.a(sysctl.o)
                0x00005a38                SysCtlUSBPLLEnable
 .text.SysCtlUSBPLLDisable
                0x00005a48       0x10 C:/ti/TivaWare_C_Series-2.2.0.295/driverlib/gcc/libdriver.a(sysctl.o)
                0x00005a48                SysCtlUSBPLLDisable
 .text.SysCtlVoltageEventConfig
                0x00005a58        0xc C:/ti/TivaWare_C_Series-2.2.0.295/driverlib/gcc/libdriver.a(sysctl.o)
                0x00005a58                SysCtlVoltageEventConfig
 .text.SysCtlVoltageEventStatus
                0x00005a64        0xc C:/ti/TivaWare_C_Series-2.2.0.295/driverlib/gcc/libdriver.a(sysctl.o)
                0x00005a64                SysCtlVoltageEventStatus
 .text.SysCtlVoltageEventClear
                0x00005a70       0x10 C:/ti/TivaWare_C_Series-2.2.0.295/driverlib/gcc/libdriver.a(sysctl.o)
                0x00005a70                SysCtlVoltageEventClear
 .text.SysCtlVCOGet
                0x00005a80       0x78 C:/ti/TivaWare_C_Series-2.2.0.295/driverlib/gcc/libdriver.a(sysctl.o)
                0x00005a80                SysCtlVCOGet
 .text.SysCtlNMIStatus
                0x00005af8        0xc C:/ti/TivaWare_C_Series-2.2.0.295/driverlib/gcc/libdriver.a(sysctl.o)
                0x00005af8                SysCtlNMIStatus
 .text.SysCtlNMIClear
                0x00005b04       0x10 C:/ti/TivaWare_C_Series-2.2.0.295/driverlib/gcc/libdriver.a(sysctl.o)
                0x00005b04                SysCtlNMIClear
 .text.SysCtlClockOutConfig
                0x00005b14       0x10 C:/ti/TivaWare_C_Series-2.2.0.295/driverlib/gcc/libdriver.a(sysctl.o)
                0x00005b14                SysCtlClockOutConfig
 .text.SysCtlAltClkConfig
                0x00005b24        0xc C:/ti/TivaWare_C_Series-2.2.0.295/driverlib/gcc/libdriver.a(sysctl.o)
                0x00005b24                SysCtlAltClkConfig
 .text._UARTIntNumberGet
                0x00005b30       0x44 C:/ti/TivaWare_C_Series-2.2.0.295/driverlib/gcc/libdriver.a(uart.o)
 .text.UARTParityModeSet
                0x00005b74        0xc C:/ti/TivaWare_C_Series-2.2.0.295/driverlib/gcc/libdriver.a(uart.o)
                0x00005b74                UARTParityModeSet
 .text.UARTParityModeGet
                0x00005b80        0x8 C:/ti/TivaWare_C_Series-2.2.0.295/driverlib/gcc/libdriver.a(uart.o)
                0x00005b80                UARTParityModeGet
 .text.UARTFIFOLevelSet
                0x00005b88        0x6 C:/ti/TivaWare_C_Series-2.2.0.295/driverlib/gcc/libdriver.a(uart.o)
                0x00005b88                UARTFIFOLevelSet
 .text.UARTFIFOLevelGet
                0x00005b8e       0x10 C:/ti/TivaWare_C_Series-2.2.0.295/driverlib/gcc/libdriver.a(uart.o)
                0x00005b8e                UARTFIFOLevelGet
 .text.UARTConfigGetExpClk
                0x00005b9e       0x28 C:/ti/TivaWare_C_Series-2.2.0.295/driverlib/gcc/libdriver.a(uart.o)
                0x00005b9e                UARTConfigGetExpClk
 .text.UARTEnable
                0x00005bc6       0x16 C:/ti/TivaWare_C_Series-2.2.0.295/driverlib/gcc/libdriver.a(uart.o)
                0x00005bc6                UARTEnable
 .text.UARTDisable
                0x00005bdc       0x1c C:/ti/TivaWare_C_Series-2.2.0.295/driverlib/gcc/libdriver.a(uart.o)
                0x00005bdc                UARTDisable
 .text.UARTConfigSetExpClk
                0x00005bf8       0x48 C:/ti/TivaWare_C_Series-2.2.0.295/driverlib/gcc/libdriver.a(uart.o)
                0x00005bf8                UARTConfigSetExpClk
 .text.UARTFIFOEnable
                0x00005c40        0xa C:/ti/TivaWare_C_Series-2.2.0.295/driverlib/gcc/libdriver.a(uart.o)
                0x00005c40                UARTFIFOEnable
 .text.UARTFIFODisable
                0x00005c4a        0xa C:/ti/TivaWare_C_Series-2.2.0.295/driverlib/gcc/libdriver.a(uart.o)
                0x00005c4a                UARTFIFODisable
 .text.UARTEnableSIR
                0x00005c54       0x12 C:/ti/TivaWare_C_Series-2.2.0.295/driverlib/gcc/libdriver.a(uart.o)
                0x00005c54                UARTEnableSIR
 .text.UARTDisableSIR
                0x00005c66        0xa C:/ti/TivaWare_C_Series-2.2.0.295/driverlib/gcc/libdriver.a(uart.o)
                0x00005c66                UARTDisableSIR
 .text.UARTSmartCardEnable
                0x00005c70       0x16 C:/ti/TivaWare_C_Series-2.2.0.295/driverlib/gcc/libdriver.a(uart.o)
                0x00005c70                UARTSmartCardEnable
 .text.UARTSmartCardDisable
                0x00005c86        0xa C:/ti/TivaWare_C_Series-2.2.0.295/driverlib/gcc/libdriver.a(uart.o)
                0x00005c86                UARTSmartCardDisable
 .text.UARTModemControlSet
                0x00005c90        0xc C:/ti/TivaWare_C_Series-2.2.0.295/driverlib/gcc/libdriver.a(uart.o)
                0x00005c90                UARTModemControlSet
 .text.UARTModemControlClear
                0x00005c9c        0xe C:/ti/TivaWare_C_Series-2.2.0.295/driverlib/gcc/libdriver.a(uart.o)
                0x00005c9c                UARTModemControlClear
 .text.UARTModemControlGet
                0x00005caa        0x8 C:/ti/TivaWare_C_Series-2.2.0.295/driverlib/gcc/libdriver.a(uart.o)
                0x00005caa                UARTModemControlGet
 .text.UARTModemStatusGet
                0x00005cb2        0xa C:/ti/TivaWare_C_Series-2.2.0.295/driverlib/gcc/libdriver.a(uart.o)
                0x00005cb2                UARTModemStatusGet
 .text.UARTFlowControlSet
                0x00005cbc        0xc C:/ti/TivaWare_C_Series-2.2.0.295/driverlib/gcc/libdriver.a(uart.o)
                0x00005cbc                UARTFlowControlSet
 .text.UARTFlowControlGet
                0x00005cc8        0x8 C:/ti/TivaWare_C_Series-2.2.0.295/driverlib/gcc/libdriver.a(uart.o)
                0x00005cc8                UARTFlowControlGet
 .text.UARTTxIntModeSet
                0x00005cd0        0xc C:/ti/TivaWare_C_Series-2.2.0.295/driverlib/gcc/libdriver.a(uart.o)
                0x00005cd0                UARTTxIntModeSet
 .text.UARTTxIntModeGet
                0x00005cdc        0x8 C:/ti/TivaWare_C_Series-2.2.0.295/driverlib/gcc/libdriver.a(uart.o)
                0x00005cdc                UARTTxIntModeGet
 .text.UARTCharsAvail
                0x00005ce4        0xc C:/ti/TivaWare_C_Series-2.2.0.295/driverlib/gcc/libdriver.a(uart.o)
                0x00005ce4                UARTCharsAvail
 .text.UARTSpaceAvail
                0x00005cf0        0xc C:/ti/TivaWare_C_Series-2.2.0.295/driverlib/gcc/libdriver.a(uart.o)
                0x00005cf0                UARTSpaceAvail
 .text.UARTCharGetNonBlocking
                0x00005cfc        0xe C:/ti/TivaWare_C_Series-2.2.0.295/driverlib/gcc/libdriver.a(uart.o)
                0x00005cfc                UARTCharGetNonBlocking
 .text.UARTCharGet
                0x00005d0a        0xa C:/ti/TivaWare_C_Series-2.2.0.295/driverlib/gcc/libdriver.a(uart.o)
                0x00005d0a                UARTCharGet
 .text.UARTCharPutNonBlocking
                0x00005d14       0x10 C:/ti/TivaWare_C_Series-2.2.0.295/driverlib/gcc/libdriver.a(uart.o)
                0x00005d14                UARTCharPutNonBlocking
 .text.UARTCharPut
                0x00005d24        0xa C:/ti/TivaWare_C_Series-2.2.0.295/driverlib/gcc/libdriver.a(uart.o)
                0x00005d24                UARTCharPut
 .text.UARTBreakCtl
                0x00005d2e       0x16 C:/ti/TivaWare_C_Series-2.2.0.295/driverlib/gcc/libdriver.a(uart.o)
                0x00005d2e                UARTBreakCtl
 .text.UARTBusy
                0x00005d44        0x8 C:/ti/TivaWare_C_Series-2.2.0.295/driverlib/gcc/libdriver.a(uart.o)
                0x00005d44                UARTBusy
 .text.UARTIntRegister
                0x00005d4c       0x1a C:/ti/TivaWare_C_Series-2.2.0.295/driverlib/gcc/libdriver.a(uart.o)
                0x00005d4c                UARTIntRegister
 .text.UARTIntUnregister
                0x00005d66       0x16 C:/ti/TivaWare_C_Series-2.2.0.295/driverlib/gcc/libdriver.a(uart.o)
                0x00005d66                UARTIntUnregister
 .text.UARTIntEnable
                0x00005d7c        0x8 C:/ti/TivaWare_C_Series-2.2.0.295/driverlib/gcc/libdriver.a(uart.o)
                0x00005d7c                UARTIntEnable
 .text.UARTIntDisable
                0x00005d84        0xa C:/ti/TivaWare_C_Series-2.2.0.295/driverlib/gcc/libdriver.a(uart.o)
                0x00005d84                UARTIntDisable
 .text.UARTIntStatus
                0x00005d8e        0xa C:/ti/TivaWare_C_Series-2.2.0.295/driverlib/gcc/libdriver.a(uart.o)
                0x00005d8e                UARTIntStatus
 .text.UARTIntClear
                0x00005d98        0x4 C:/ti/TivaWare_C_Series-2.2.0.295/driverlib/gcc/libdriver.a(uart.o)
                0x00005d98                UARTIntClear
 .text.UARTDMAEnable
                0x00005d9c        0x8 C:/ti/TivaWare_C_Series-2.2.0.295/driverlib/gcc/libdriver.a(uart.o)
                0x00005d9c                UARTDMAEnable
 .text.UARTDMADisable
                0x00005da4        0xa C:/ti/TivaWare_C_Series-2.2.0.295/driverlib/gcc/libdriver.a(uart.o)
                0x00005da4                UARTDMADisable
 .text.UARTRxErrorGet
                0x00005dae        0x8 C:/ti/TivaWare_C_Series-2.2.0.295/driverlib/gcc/libdriver.a(uart.o)
                0x00005dae                UARTRxErrorGet
 .text.UARTRxErrorClear
                0x00005db6        0x6 C:/ti/TivaWare_C_Series-2.2.0.295/driverlib/gcc/libdriver.a(uart.o)
                0x00005db6                UARTRxErrorClear
 .text.UARTClockSourceSet
                0x00005dbc        0x6 C:/ti/TivaWare_C_Series-2.2.0.295/driverlib/gcc/libdriver.a(uart.o)
                0x00005dbc                UARTClockSourceSet
 .text.UARTClockSourceGet
                0x00005dc2        0x6 C:/ti/TivaWare_C_Series-2.2.0.295/driverlib/gcc/libdriver.a(uart.o)
                0x00005dc2                UARTClockSourceGet
 .text.UART9BitEnable
                0x00005dc8        0xe C:/ti/TivaWare_C_Series-2.2.0.295/driverlib/gcc/libdriver.a(uart.o)
                0x00005dc8                UART9BitEnable
 .text.UART9BitDisable
                0x00005dd6        0xe C:/ti/TivaWare_C_Series-2.2.0.295/driverlib/gcc/libdriver.a(uart.o)
                0x00005dd6                UART9BitDisable
 .text.UART9BitAddrSet
                0x00005de4        0xa C:/ti/TivaWare_C_Series-2.2.0.295/driverlib/gcc/libdriver.a(uart.o)
                0x00005de4                UART9BitAddrSet
 .text.UART9BitAddrSend
                0x00005dee       0x2c C:/ti/TivaWare_C_Series-2.2.0.295/driverlib/gcc/libdriver.a(uart.o)
                0x00005dee                UART9BitAddrSend
 .text.UARTLoopbackEnable
                0x00005e1a        0xa C:/ti/TivaWare_C_Series-2.2.0.295/driverlib/gcc/libdriver.a(uart.o)
                0x00005e1a                UARTLoopbackEnable
 .text.CPUcpsid
                0x00005e24        0x8 C:/ti/TivaWare_C_Series-2.2.0.295/driverlib/gcc/libdriver.a(cpu.o)
                0x00005e24                CPUcpsid
 .text.CPUprimask
                0x00005e2c        0x6 C:/ti/TivaWare_C_Series-2.2.0.295/driverlib/gcc/libdriver.a(cpu.o)
                0x00005e2c                CPUprimask
 .text.CPUcpsie
                0x00005e32        0x8 C:/ti/TivaWare_C_Series-2.2.0.295/driverlib/gcc/libdriver.a(cpu.o)
                0x00005e32                CPUcpsie
 .text.CPUwfi   0x00005e3a        0x4 C:/ti/TivaWare_C_Series-2.2.0.295/driverlib/gcc/libdriver.a(cpu.o)
                0x00005e3a                CPUwfi
 .text.CPUbasepriSet
                0x00005e3e        0x6 C:/ti/TivaWare_C_Series-2.2.0.295/driverlib/gcc/libdriver.a(cpu.o)
                0x00005e3e                CPUbasepriSet
 .text.CPUbasepriGet
                0x00005e44        0x6 C:/ti/TivaWare_C_Series-2.2.0.295/driverlib/gcc/libdriver.a(cpu.o)
                0x00005e44                CPUbasepriGet
 *fill*         0x00005e4a        0x2 
 .text.exit     0x00005e4c       0x20 c:/ti/ccs1011/ccs/tools/compiler/gcc-arm-none-eabi-7-2017-q4-major-win32/bin/../lib/gcc/arm-none-eabi/7.2.1/../../../../arm-none-eabi/lib/thumb/v7e-m/fpv4-sp/hard\libg.a(lib_a-exit.o)
                0x00005e4c                exit
 .text.__libc_init_array
                0x00005e6c       0x48 c:/ti/ccs1011/ccs/tools/compiler/gcc-arm-none-eabi-7-2017-q4-major-win32/bin/../lib/gcc/arm-none-eabi/7.2.1/../../../../arm-none-eabi/lib/thumb/v7e-m/fpv4-sp/hard\libg.a(lib_a-init.o)
                0x00005e6c                __libc_init_array
 .text.memset   0x00005eb4       0x94 c:/ti/ccs1011/ccs/tools/compiler/gcc-arm-none-eabi-7-2017-q4-major-win32/bin/../lib/gcc/arm-none-eabi/7.2.1/../../../../arm-none-eabi/lib/thumb/v7e-m/fpv4-sp/hard\libg.a(lib_a-memset.o)
                0x00005eb4                memset
 .text.startup.register_fini
                0x00005f48       0x14 c:/ti/ccs1011/ccs/tools/compiler/gcc-arm-none-eabi-7-2017-q4-major-win32/bin/../lib/gcc/arm-none-eabi/7.2.1/../../../../arm-none-eabi/lib/thumb/v7e-m/fpv4-sp/hard\libg.a(lib_a-__call_atexit.o)
 .text.__call_exitprocs
                0x00005f5c       0xe8 c:/ti/ccs1011/ccs/tools/compiler/gcc-arm-none-eabi-7-2017-q4-major-win32/bin/../lib/gcc/arm-none-eabi/7.2.1/../../../../arm-none-eabi/lib/thumb/v7e-m/fpv4-sp/hard\libg.a(lib_a-__call_atexit.o)
                0x00005f5c                __call_exitprocs
 .text.atexit   0x00006044        0xc c:/ti/ccs1011/ccs/tools/compiler/gcc-arm-none-eabi-7-2017-q4-major-win32/bin/../lib/gcc/arm-none-eabi/7.2.1/../../../../arm-none-eabi/lib/thumb/v7e-m/fpv4-sp/hard\libg.a(lib_a-atexit.o)
                0x00006044                atexit
 .text.__libc_fini_array
                0x00006050       0x34 c:/ti/ccs1011/ccs/tools/compiler/gcc-arm-none-eabi-7-2017-q4-major-win32/bin/../lib/gcc/arm-none-eabi/7.2.1/../../../../arm-none-eabi/lib/thumb/v7e-m/fpv4-sp/hard\libg.a(lib_a-fini.o)
                0x00006050                __libc_fini_array
 .text.__retarget_lock_init
                0x00006084        0x4 c:/ti/ccs1011/ccs/tools/compiler/gcc-arm-none-eabi-7-2017-q4-major-win32/bin/../lib/gcc/arm-none-eabi/7.2.1/../../../../arm-none-eabi/lib/thumb/v7e-m/fpv4-sp/hard\libg.a(lib_a-lock.o)
                0x00006084                __retarget_lock_init
 .text.__retarget_lock_init_recursive
                0x00006088        0x4 c:/ti/ccs1011/ccs/tools/compiler/gcc-arm-none-eabi-7-2017-q4-major-win32/bin/../lib/gcc/arm-none-eabi/7.2.1/../../../../arm-none-eabi/lib/thumb/v7e-m/fpv4-sp/hard\libg.a(lib_a-lock.o)
                0x00006088                __retarget_lock_init_recursive
 .text.__retarget_lock_close
                0x0000608c        0x4 c:/ti/ccs1011/ccs/tools/compiler/gcc-arm-none-eabi-7-2017-q4-major-win32/bin/../lib/gcc/arm-none-eabi/7.2.1/../../../../arm-none-eabi/lib/thumb/v7e-m/fpv4-sp/hard\libg.a(lib_a-lock.o)
                0x0000608c                __retarget_lock_close
 .text.__retarget_lock_close_recursive
                0x00006090        0x4 c:/ti/ccs1011/ccs/tools/compiler/gcc-arm-none-eabi-7-2017-q4-major-win32/bin/../lib/gcc/arm-none-eabi/7.2.1/../../../../arm-none-eabi/lib/thumb/v7e-m/fpv4-sp/hard\libg.a(lib_a-lock.o)
                0x00006090                __retarget_lock_close_recursive
 .text.__retarget_lock_acquire
                0x00006094        0x4 c:/ti/ccs1011/ccs/tools/compiler/gcc-arm-none-eabi-7-2017-q4-major-win32/bin/../lib/gcc/arm-none-eabi/7.2.1/../../../../arm-none-eabi/lib/thumb/v7e-m/fpv4-sp/hard\libg.a(lib_a-lock.o)
                0x00006094                __retarget_lock_acquire
 .text.__retarget_lock_acquire_recursive
                0x00006098        0x4 c:/ti/ccs1011/ccs/tools/compiler/gcc-arm-none-eabi-7-2017-q4-major-win32/bin/../lib/gcc/arm-none-eabi/7.2.1/../../../../arm-none-eabi/lib/thumb/v7e-m/fpv4-sp/hard\libg.a(lib_a-lock.o)
                0x00006098                __retarget_lock_acquire_recursive
 .text.__retarget_lock_try_acquire
                0x0000609c        0x4 c:/ti/ccs1011/ccs/tools/compiler/gcc-arm-none-eabi-7-2017-q4-major-win32/bin/../lib/gcc/arm-none-eabi/7.2.1/../../../../arm-none-eabi/lib/thumb/v7e-m/fpv4-sp/hard\libg.a(lib_a-lock.o)
                0x0000609c                __retarget_lock_try_acquire
 .text.__retarget_lock_try_acquire_recursive
                0x000060a0        0x4 c:/ti/ccs1011/ccs/tools/compiler/gcc-arm-none-eabi-7-2017-q4-major-win32/bin/../lib/gcc/arm-none-eabi/7.2.1/../../../../arm-none-eabi/lib/thumb/v7e-m/fpv4-sp/hard\libg.a(lib_a-lock.o)
                0x000060a0                __retarget_lock_try_acquire_recursive
 .text.__retarget_lock_release
                0x000060a4        0x4 c:/ti/ccs1011/ccs/tools/compiler/gcc-arm-none-eabi-7-2017-q4-major-win32/bin/../lib/gcc/arm-none-eabi/7.2.1/../../../../arm-none-eabi/lib/thumb/v7e-m/fpv4-sp/hard\libg.a(lib_a-lock.o)
                0x000060a4                __retarget_lock_release
 .text.__retarget_lock_release_recursive
                0x000060a8        0x4 c:/ti/ccs1011/ccs/tools/compiler/gcc-arm-none-eabi-7-2017-q4-major-win32/bin/../lib/gcc/arm-none-eabi/7.2.1/../../../../arm-none-eabi/lib/thumb/v7e-m/fpv4-sp/hard\libg.a(lib_a-lock.o)
                0x000060a8                __retarget_lock_release_recursive
 .text.__register_exitproc
                0x000060ac       0xc0 c:/ti/ccs1011/ccs/tools/compiler/gcc-arm-none-eabi-7-2017-q4-major-win32/bin/../lib/gcc/arm-none-eabi/7.2.1/../../../../arm-none-eabi/lib/thumb/v7e-m/fpv4-sp/hard\libg.a(lib_a-__atexit.o)
                0x000060ac                __register_exitproc
 .text._exit    0x0000616c        0x4 c:/ti/ccs1011/ccs/tools/compiler/gcc-arm-none-eabi-7-2017-q4-major-win32/bin/../lib/gcc/arm-none-eabi/7.2.1/../../../../arm-none-eabi/lib/thumb/v7e-m/fpv4-sp/hard\libnosys.a(_exit.o)
                0x0000616c                _exit
                0x00006170                . = ALIGN (0x4)
 *(.ctors)
                0x00006170                . = ALIGN (0x4)
 *(.dtors)
                0x00006170                . = ALIGN (0x4)
                0x00006170                __init_array_start = .
 *(.init_array*)
 .init_array    0x00006170        0x4 c:/ti/ccs1011/ccs/tools/compiler/gcc-arm-none-eabi-7-2017-q4-major-win32/bin/../lib/gcc/arm-none-eabi/7.2.1/thumb/v7e-m/fpv4-sp/hard/crtbegin.o
 .init_array.00000
                0x00006174        0x4 c:/ti/ccs1011/ccs/tools/compiler/gcc-arm-none-eabi-7-2017-q4-major-win32/bin/../lib/gcc/arm-none-eabi/7.2.1/../../../../arm-none-eabi/lib/thumb/v7e-m/fpv4-sp/hard\libg.a(lib_a-__call_atexit.o)
                0x00006178                __init_array_end = .
 *(.init)
 .init          0x00006178        0x4 c:/ti/ccs1011/ccs/tools/compiler/gcc-arm-none-eabi-7-2017-q4-major-win32/bin/../lib/gcc/arm-none-eabi/7.2.1/thumb/v7e-m/fpv4-sp/hard/crti.o
                0x00006178                _init
 .init          0x0000617c        0x8 c:/ti/ccs1011/ccs/tools/compiler/gcc-arm-none-eabi-7-2017-q4-major-win32/bin/../lib/gcc/arm-none-eabi/7.2.1/thumb/v7e-m/fpv4-sp/hard/crtn.o
 *(.fini*)
 .fini          0x00006184        0x4 c:/ti/ccs1011/ccs/tools/compiler/gcc-arm-none-eabi-7-2017-q4-major-win32/bin/../lib/gcc/arm-none-eabi/7.2.1/thumb/v7e-m/fpv4-sp/hard/crti.o
                0x00006184                _fini
 .fini_array    0x00006188        0x4 c:/ti/ccs1011/ccs/tools/compiler/gcc-arm-none-eabi-7-2017-q4-major-win32/bin/../lib/gcc/arm-none-eabi/7.2.1/thumb/v7e-m/fpv4-sp/hard/crtbegin.o
 .fini          0x0000618c        0x8 c:/ti/ccs1011/ccs/tools/compiler/gcc-arm-none-eabi-7-2017-q4-major-win32/bin/../lib/gcc/arm-none-eabi/7.2.1/thumb/v7e-m/fpv4-sp/hard/crtn.o
                [!provide]                PROVIDE (__etext, .)
                [!provide]                PROVIDE (_etext, .)
                [!provide]                PROVIDE (etext, .)

.glue_7         0x00006194        0x0
 .glue_7        0x00006194        0x0 linker stubs

.glue_7t        0x00006194        0x0
 .glue_7t       0x00006194        0x0 linker stubs

.vfp11_veneer   0x00006194        0x0
 .vfp11_veneer  0x00006194        0x0 linker stubs

.v4_bx          0x00006194        0x0
 .v4_bx         0x00006194        0x0 linker stubs

.iplt           0x00006194        0x0
 .iplt          0x00006194        0x0 c:/ti/ccs1011/ccs/tools/compiler/gcc-arm-none-eabi-7-2017-q4-major-win32/bin/../lib/gcc/arm-none-eabi/7.2.1/thumb/v7e-m/fpv4-sp/hard/crtbegin.o

.rodata         0x00006194      0x680
 *(.rodata)
 *(.rodata*)
 .rodata.Terminal.str1.4
                0x00006194       0x1c ./main.o
 .rodata.main.str1.4
                0x000061b0       0x33 ./main.o
 *fill*         0x000061e3        0x1 
 .rodata.print_task.str1.4
                0x000061e4        0x9 ./main.o
 *fill*         0x000061ed        0x3 
 .rodata.vTaskStartScheduler.str1.4
                0x000061f0        0x5 ./FreeRTOS/tasks.o
 *fill*         0x000061f5        0x3 
 .rodata.prvCheckForValidListAndQueue.str1.4
                0x000061f8        0x5 ./FreeRTOS/timers.o
 *fill*         0x000061fd        0x3 
 .rodata.xTimerCreateTimerTask.str1.4
                0x00006200        0x8 ./FreeRTOS/timers.o
 .rodata.g_ppui32GPIOIntMapSnowflake
                0x00006208       0xd8 C:/ti/TivaWare_C_Series-2.2.0.295/driverlib/gcc/libdriver.a(gpio.o)
 .rodata.g_pui32GPIOBaseAddrs
                0x000062e0       0x90 C:/ti/TivaWare_C_Series-2.2.0.295/driverlib/gcc/libdriver.a(gpio.o)
 .rodata.g_ppui32GPIOIntMapBlizzard
                0x00006370       0xc0 C:/ti/TivaWare_C_Series-2.2.0.295/driverlib/gcc/libdriver.a(gpio.o)
 .rodata.g_pui32Priority
                0x00006430       0x20 C:/ti/TivaWare_C_Series-2.2.0.295/driverlib/gcc/libdriver.a(interrupt.o)
 .rodata.g_pui32Dii16Regs
                0x00006450       0x14 C:/ti/TivaWare_C_Series-2.2.0.295/driverlib/gcc/libdriver.a(interrupt.o)
 .rodata.g_pui32PendRegs
                0x00006464       0x14 C:/ti/TivaWare_C_Series-2.2.0.295/driverlib/gcc/libdriver.a(interrupt.o)
 .rodata.g_pui32Regs
                0x00006478       0x9c C:/ti/TivaWare_C_Series-2.2.0.295/driverlib/gcc/libdriver.a(interrupt.o)
 .rodata.g_pui32EnRegs
                0x00006514       0x14 C:/ti/TivaWare_C_Series-2.2.0.295/driverlib/gcc/libdriver.a(interrupt.o)
 .rodata.g_pui32UnpendRegs
                0x00006528       0x14 C:/ti/TivaWare_C_Series-2.2.0.295/driverlib/gcc/libdriver.a(interrupt.o)
 .rodata.g_pppui32XTALtoVCO
                0x0000653c      0x1b0 C:/ti/TivaWare_C_Series-2.2.0.295/driverlib/gcc/libdriver.a(sysctl.o)
 .rodata.g_pui32VCOFrequencies
                0x000066ec        0x8 C:/ti/TivaWare_C_Series-2.2.0.295/driverlib/gcc/libdriver.a(sysctl.o)
 .rodata.g_sXTALtoMEMTIM
                0x000066f4       0x30 C:/ti/TivaWare_C_Series-2.2.0.295/driverlib/gcc/libdriver.a(sysctl.o)
 .rodata.g_pui32Xtals
                0x00006724       0x6c C:/ti/TivaWare_C_Series-2.2.0.295/driverlib/gcc/libdriver.a(sysctl.o)
 .rodata.g_ppui32UARTIntMap
                0x00006790       0x40 C:/ti/TivaWare_C_Series-2.2.0.295/driverlib/gcc/libdriver.a(uart.o)
 .rodata.g_ppui32UARTIntMapSnowflake
                0x000067d0       0x40 C:/ti/TivaWare_C_Series-2.2.0.295/driverlib/gcc/libdriver.a(uart.o)
 .rodata._global_impure_ptr
                0x00006810        0x4 c:/ti/ccs1011/ccs/tools/compiler/gcc-arm-none-eabi-7-2017-q4-major-win32/bin/../lib/gcc/arm-none-eabi/7.2.1/../../../../arm-none-eabi/lib/thumb/v7e-m/fpv4-sp/hard\libg.a(lib_a-impure.o)
                0x00006810                _global_impure_ptr

.eh_frame       0x00006814        0x4
 .eh_frame      0x00006814        0x0 c:/ti/ccs1011/ccs/tools/compiler/gcc-arm-none-eabi-7-2017-q4-major-win32/bin/../lib/gcc/arm-none-eabi/7.2.1/thumb/v7e-m/fpv4-sp/hard/crtbegin.o
 .eh_frame      0x00006814        0x4 c:/ti/ccs1011/ccs/tools/compiler/gcc-arm-none-eabi-7-2017-q4-major-win32/bin/../lib/gcc/arm-none-eabi/7.2.1/thumb/v7e-m/fpv4-sp/hard/crtend.o

.data           0x20000000      0x43c load address 0x00006818
                0x00006818                __data_load__ = LOADADDR (.data)
                0x20000000                __data_start__ = .
 *(.data)
 .data          0x20000000        0x0 c:/ti/ccs1011/ccs/tools/compiler/gcc-arm-none-eabi-7-2017-q4-major-win32/bin/../lib/gcc/arm-none-eabi/7.2.1/thumb/v7e-m/fpv4-sp/hard/crti.o
 .data          0x20000000        0x4 c:/ti/ccs1011/ccs/tools/compiler/gcc-arm-none-eabi-7-2017-q4-major-win32/bin/../lib/gcc/arm-none-eabi/7.2.1/thumb/v7e-m/fpv4-sp/hard/crtbegin.o
                0x20000000                __dso_handle
 .data          0x20000004        0x0 c:/ti/ccs1011/ccs/tools/compiler/gcc-arm-none-eabi-7-2017-q4-major-win32/bin/../lib/gcc/arm-none-eabi/7.2.1/../../../../arm-none-eabi/lib/thumb/v7e-m/fpv4-sp/hard/crt0.o
 .data          0x20000004        0x0 ./main.o
 .data          0x20000004        0x0 ./tm4c1294ncpdt_startup_ccs_gcc.o
 .data          0x20000004        0x0 ./FreeRTOS/croutine.o
 .data          0x20000004        0x0 ./FreeRTOS/event_groups.o
 .data          0x20000004        0x0 ./FreeRTOS/list.o
 .data          0x20000004        0x0 ./FreeRTOS/queue.o
 .data          0x20000004        0x0 ./FreeRTOS/stream_buffer.o
 .data          0x20000004        0x0 ./FreeRTOS/tasks.o
 .data          0x20000004        0x0 ./FreeRTOS/timers.o
 .data          0x20000004        0x0 ./FreeRTOS/portable/GCC/ARM_CM4F/port.o
 .data          0x20000004        0x0 ./FreeRTOS/portable/MemMang/heap_4.o
 .data          0x20000004        0x0 C:/ti/TivaWare_C_Series-2.2.0.295/driverlib/gcc/libdriver.a(gpio.o)
 .data          0x20000004        0x0 C:/ti/TivaWare_C_Series-2.2.0.295/driverlib/gcc/libdriver.a(interrupt.o)
 .data          0x20000004        0x0 C:/ti/TivaWare_C_Series-2.2.0.295/driverlib/gcc/libdriver.a(sysctl.o)
 .data          0x20000004        0x0 C:/ti/TivaWare_C_Series-2.2.0.295/driverlib/gcc/libdriver.a(uart.o)
 .data          0x20000004        0x0 C:/ti/TivaWare_C_Series-2.2.0.295/driverlib/gcc/libdriver.a(cpu.o)
 .data          0x20000004        0x0 c:/ti/ccs1011/ccs/tools/compiler/gcc-arm-none-eabi-7-2017-q4-major-win32/bin/../lib/gcc/arm-none-eabi/7.2.1/../../../../arm-none-eabi/lib/thumb/v7e-m/fpv4-sp/hard\libg.a(lib_a-exit.o)
 .data          0x20000004        0x0 c:/ti/ccs1011/ccs/tools/compiler/gcc-arm-none-eabi-7-2017-q4-major-win32/bin/../lib/gcc/arm-none-eabi/7.2.1/../../../../arm-none-eabi/lib/thumb/v7e-m/fpv4-sp/hard\libg.a(lib_a-impure.o)
 .data          0x20000004        0x0 c:/ti/ccs1011/ccs/tools/compiler/gcc-arm-none-eabi-7-2017-q4-major-win32/bin/../lib/gcc/arm-none-eabi/7.2.1/../../../../arm-none-eabi/lib/thumb/v7e-m/fpv4-sp/hard\libg.a(lib_a-init.o)
 .data          0x20000004        0x0 c:/ti/ccs1011/ccs/tools/compiler/gcc-arm-none-eabi-7-2017-q4-major-win32/bin/../lib/gcc/arm-none-eabi/7.2.1/../../../../arm-none-eabi/lib/thumb/v7e-m/fpv4-sp/hard\libg.a(lib_a-memcpy.o)
 .data          0x20000004        0x0 c:/ti/ccs1011/ccs/tools/compiler/gcc-arm-none-eabi-7-2017-q4-major-win32/bin/../lib/gcc/arm-none-eabi/7.2.1/../../../../arm-none-eabi/lib/thumb/v7e-m/fpv4-sp/hard\libg.a(lib_a-memset.o)
 .data          0x20000004        0x0 c:/ti/ccs1011/ccs/tools/compiler/gcc-arm-none-eabi-7-2017-q4-major-win32/bin/../lib/gcc/arm-none-eabi/7.2.1/../../../../arm-none-eabi/lib/thumb/v7e-m/fpv4-sp/hard\libg.a(lib_a-__call_atexit.o)
 .data          0x20000004        0x0 c:/ti/ccs1011/ccs/tools/compiler/gcc-arm-none-eabi-7-2017-q4-major-win32/bin/../lib/gcc/arm-none-eabi/7.2.1/../../../../arm-none-eabi/lib/thumb/v7e-m/fpv4-sp/hard\libg.a(lib_a-atexit.o)
 .data          0x20000004        0x0 c:/ti/ccs1011/ccs/tools/compiler/gcc-arm-none-eabi-7-2017-q4-major-win32/bin/../lib/gcc/arm-none-eabi/7.2.1/../../../../arm-none-eabi/lib/thumb/v7e-m/fpv4-sp/hard\libg.a(lib_a-fini.o)
 .data          0x20000004        0x0 c:/ti/ccs1011/ccs/tools/compiler/gcc-arm-none-eabi-7-2017-q4-major-win32/bin/../lib/gcc/arm-none-eabi/7.2.1/../../../../arm-none-eabi/lib/thumb/v7e-m/fpv4-sp/hard\libg.a(lib_a-lock.o)
 .data          0x20000004        0x0 c:/ti/ccs1011/ccs/tools/compiler/gcc-arm-none-eabi-7-2017-q4-major-win32/bin/../lib/gcc/arm-none-eabi/7.2.1/../../../../arm-none-eabi/lib/thumb/v7e-m/fpv4-sp/hard\libg.a(lib_a-__atexit.o)
 .data          0x20000004        0x0 c:/ti/ccs1011/ccs/tools/compiler/gcc-arm-none-eabi-7-2017-q4-major-win32/bin/../lib/gcc/arm-none-eabi/7.2.1/../../../../arm-none-eabi/lib/thumb/v7e-m/fpv4-sp/hard\libnosys.a(_exit.o)
 .data          0x20000004        0x0 c:/ti/ccs1011/ccs/tools/compiler/gcc-arm-none-eabi-7-2017-q4-major-win32/bin/../lib/gcc/arm-none-eabi/7.2.1/thumb/v7e-m/fpv4-sp/hard/crtend.o
 .data          0x20000004        0x0 c:/ti/ccs1011/ccs/tools/compiler/gcc-arm-none-eabi-7-2017-q4-major-win32/bin/../lib/gcc/arm-none-eabi/7.2.1/thumb/v7e-m/fpv4-sp/hard/crtn.o
 *(.data*)
 .data.uxCriticalNesting
                0x20000004        0x4 ./FreeRTOS/portable/GCC/ARM_CM4F/port.o
 .data._impure_ptr
                0x20000008        0x4 c:/ti/ccs1011/ccs/tools/compiler/gcc-arm-none-eabi-7-2017-q4-major-win32/bin/../lib/gcc/arm-none-eabi/7.2.1/../../../../arm-none-eabi/lib/thumb/v7e-m/fpv4-sp/hard\libg.a(lib_a-impure.o)
                0x20000008                _impure_ptr
 *fill*         0x2000000c        0x4 
 .data.impure_data
                0x20000010      0x428 c:/ti/ccs1011/ccs/tools/compiler/gcc-arm-none-eabi-7-2017-q4-major-win32/bin/../lib/gcc/arm-none-eabi/7.2.1/../../../../arm-none-eabi/lib/thumb/v7e-m/fpv4-sp/hard\libg.a(lib_a-impure.o)
 .data.__atexit_recursive_mutex
                0x20000438        0x4 c:/ti/ccs1011/ccs/tools/compiler/gcc-arm-none-eabi-7-2017-q4-major-win32/bin/../lib/gcc/arm-none-eabi/7.2.1/../../../../arm-none-eabi/lib/thumb/v7e-m/fpv4-sp/hard\libg.a(lib_a-__call_atexit.o)
                0x20000438                __atexit_recursive_mutex
                0x2000043c                . = ALIGN (0x4)
                0x2000043c                __data_end__ = .

.igot.plt       0x2000043c        0x0 load address 0x00006c54
 .igot.plt      0x2000043c        0x0 c:/ti/ccs1011/ccs/tools/compiler/gcc-arm-none-eabi-7-2017-q4-major-win32/bin/../lib/gcc/arm-none-eabi/7.2.1/thumb/v7e-m/fpv4-sp/hard/crtbegin.o

vtable          0x20000800      0x400 load address 0x00006c54
 vtable         0x20000800      0x400 C:/ti/TivaWare_C_Series-2.2.0.295/driverlib/gcc/libdriver.a(interrupt.o)

.ARM.exidx      0x00007054        0x8
                0x00007054                __exidx_start = .
 *(.ARM.exidx* .gnu.linkonce.armexidx.*)
 .ARM.exidx     0x00007054        0x8 c:/ti/ccs1011/ccs/tools/compiler/gcc-arm-none-eabi-7-2017-q4-major-win32/bin/../lib/gcc/arm-none-eabi/7.2.1/../../../../arm-none-eabi/lib/thumb/v7e-m/fpv4-sp/hard/crt0.o
                0x0000705c                __exidx_end = .

.ARM.extab      0x0000705c        0x0
 *(.ARM.extab* .gnu.linkonce.armextab.*)
 .ARM.extab     0x0000705c        0x0 c:/ti/ccs1011/ccs/tools/compiler/gcc-arm-none-eabi-7-2017-q4-major-win32/bin/../lib/gcc/arm-none-eabi/7.2.1/../../../../arm-none-eabi/lib/thumb/v7e-m/fpv4-sp/hard/crt0.o

.rel.dyn        0x0000705c        0x0
 .rel.iplt      0x0000705c        0x0 c:/ti/ccs1011/ccs/tools/compiler/gcc-arm-none-eabi-7-2017-q4-major-win32/bin/../lib/gcc/arm-none-eabi/7.2.1/thumb/v7e-m/fpv4-sp/hard/crtbegin.o

.bss            0x20000c00    0x214d0
                0x20000c00                __bss_start__ = .
 *(.shbss)
 *(.bss)
 .bss           0x20000c00        0x0 c:/ti/ccs1011/ccs/tools/compiler/gcc-arm-none-eabi-7-2017-q4-major-win32/bin/../lib/gcc/arm-none-eabi/7.2.1/thumb/v7e-m/fpv4-sp/hard/crti.o
 .bss           0x20000c00       0x1c c:/ti/ccs1011/ccs/tools/compiler/gcc-arm-none-eabi-7-2017-q4-major-win32/bin/../lib/gcc/arm-none-eabi/7.2.1/thumb/v7e-m/fpv4-sp/hard/crtbegin.o
 .bss           0x20000c1c        0x0 c:/ti/ccs1011/ccs/tools/compiler/gcc-arm-none-eabi-7-2017-q4-major-win32/bin/../lib/gcc/arm-none-eabi/7.2.1/../../../../arm-none-eabi/lib/thumb/v7e-m/fpv4-sp/hard/crt0.o
 .bss           0x20000c1c        0x0 ./main.o
 .bss           0x20000c1c        0x0 ./tm4c1294ncpdt_startup_ccs_gcc.o
 .bss           0x20000c1c        0x0 ./FreeRTOS/croutine.o
 .bss           0x20000c1c        0x0 ./FreeRTOS/event_groups.o
 .bss           0x20000c1c        0x0 ./FreeRTOS/list.o
 .bss           0x20000c1c        0x0 ./FreeRTOS/queue.o
 .bss           0x20000c1c        0x0 ./FreeRTOS/stream_buffer.o
 .bss           0x20000c1c        0x0 ./FreeRTOS/tasks.o
 .bss           0x20000c1c        0x0 ./FreeRTOS/timers.o
 .bss           0x20000c1c        0x0 ./FreeRTOS/portable/GCC/ARM_CM4F/port.o
 .bss           0x20000c1c        0x0 ./FreeRTOS/portable/MemMang/heap_4.o
 .bss           0x20000c1c        0x0 C:/ti/TivaWare_C_Series-2.2.0.295/driverlib/gcc/libdriver.a(gpio.o)
 .bss           0x20000c1c        0x0 C:/ti/TivaWare_C_Series-2.2.0.295/driverlib/gcc/libdriver.a(interrupt.o)
 .bss           0x20000c1c        0x0 C:/ti/TivaWare_C_Series-2.2.0.295/driverlib/gcc/libdriver.a(sysctl.o)
 .bss           0x20000c1c        0x0 C:/ti/TivaWare_C_Series-2.2.0.295/driverlib/gcc/libdriver.a(uart.o)
 .bss           0x20000c1c        0x0 C:/ti/TivaWare_C_Series-2.2.0.295/driverlib/gcc/libdriver.a(cpu.o)
 .bss           0x20000c1c        0x0 c:/ti/ccs1011/ccs/tools/compiler/gcc-arm-none-eabi-7-2017-q4-major-win32/bin/../lib/gcc/arm-none-eabi/7.2.1/../../../../arm-none-eabi/lib/thumb/v7e-m/fpv4-sp/hard\libg.a(lib_a-exit.o)
 .bss           0x20000c1c        0x0 c:/ti/ccs1011/ccs/tools/compiler/gcc-arm-none-eabi-7-2017-q4-major-win32/bin/../lib/gcc/arm-none-eabi/7.2.1/../../../../arm-none-eabi/lib/thumb/v7e-m/fpv4-sp/hard\libg.a(lib_a-impure.o)
 .bss           0x20000c1c        0x0 c:/ti/ccs1011/ccs/tools/compiler/gcc-arm-none-eabi-7-2017-q4-major-win32/bin/../lib/gcc/arm-none-eabi/7.2.1/../../../../arm-none-eabi/lib/thumb/v7e-m/fpv4-sp/hard\libg.a(lib_a-init.o)
 .bss           0x20000c1c        0x0 c:/ti/ccs1011/ccs/tools/compiler/gcc-arm-none-eabi-7-2017-q4-major-win32/bin/../lib/gcc/arm-none-eabi/7.2.1/../../../../arm-none-eabi/lib/thumb/v7e-m/fpv4-sp/hard\libg.a(lib_a-memcpy.o)
 .bss           0x20000c1c        0x0 c:/ti/ccs1011/ccs/tools/compiler/gcc-arm-none-eabi-7-2017-q4-major-win32/bin/../lib/gcc/arm-none-eabi/7.2.1/../../../../arm-none-eabi/lib/thumb/v7e-m/fpv4-sp/hard\libg.a(lib_a-memset.o)
 .bss           0x20000c1c        0x0 c:/ti/ccs1011/ccs/tools/compiler/gcc-arm-none-eabi-7-2017-q4-major-win32/bin/../lib/gcc/arm-none-eabi/7.2.1/../../../../arm-none-eabi/lib/thumb/v7e-m/fpv4-sp/hard\libg.a(lib_a-__call_atexit.o)
 .bss           0x20000c1c        0x0 c:/ti/ccs1011/ccs/tools/compiler/gcc-arm-none-eabi-7-2017-q4-major-win32/bin/../lib/gcc/arm-none-eabi/7.2.1/../../../../arm-none-eabi/lib/thumb/v7e-m/fpv4-sp/hard\libg.a(lib_a-atexit.o)
 .bss           0x20000c1c        0x0 c:/ti/ccs1011/ccs/tools/compiler/gcc-arm-none-eabi-7-2017-q4-major-win32/bin/../lib/gcc/arm-none-eabi/7.2.1/../../../../arm-none-eabi/lib/thumb/v7e-m/fpv4-sp/hard\libg.a(lib_a-fini.o)
 .bss           0x20000c1c        0x0 c:/ti/ccs1011/ccs/tools/compiler/gcc-arm-none-eabi-7-2017-q4-major-win32/bin/../lib/gcc/arm-none-eabi/7.2.1/../../../../arm-none-eabi/lib/thumb/v7e-m/fpv4-sp/hard\libg.a(lib_a-lock.o)
 .bss           0x20000c1c        0x0 c:/ti/ccs1011/ccs/tools/compiler/gcc-arm-none-eabi-7-2017-q4-major-win32/bin/../lib/gcc/arm-none-eabi/7.2.1/../../../../arm-none-eabi/lib/thumb/v7e-m/fpv4-sp/hard\libg.a(lib_a-__atexit.o)
 .bss           0x20000c1c        0x0 c:/ti/ccs1011/ccs/tools/compiler/gcc-arm-none-eabi-7-2017-q4-major-win32/bin/../lib/gcc/arm-none-eabi/7.2.1/../../../../arm-none-eabi/lib/thumb/v7e-m/fpv4-sp/hard\libnosys.a(_exit.o)
 .bss           0x20000c1c        0x0 c:/ti/ccs1011/ccs/tools/compiler/gcc-arm-none-eabi-7-2017-q4-major-win32/bin/../lib/gcc/arm-none-eabi/7.2.1/thumb/v7e-m/fpv4-sp/hard/crtend.o
 .bss           0x20000c1c        0x0 c:/ti/ccs1011/ccs/tools/compiler/gcc-arm-none-eabi-7-2017-q4-major-win32/bin/../lib/gcc/arm-none-eabi/7.2.1/thumb/v7e-m/fpv4-sp/hard/crtn.o
 *(.bss.*)
 .bss.isstring  0x20000c1c        0x4 ./main.o
                0x20000c1c                isstring
 .bss.pui32Stack
                0x20000c20      0x200 ./tm4c1294ncpdt_startup_ccs_gcc.o
 .bss.pxCurrentTCB
                0x20000e20        0x4 ./FreeRTOS/tasks.o
                0x20000e20                pxCurrentTCB
 .bss.pxDelayedTaskList
                0x20000e24        0x4 ./FreeRTOS/tasks.o
 .bss.pxOverflowDelayedTaskList
                0x20000e28        0x4 ./FreeRTOS/tasks.o
 .bss.pxReadyTasksLists
                0x20000e2c      0x12c ./FreeRTOS/tasks.o
 .bss.uxCurrentNumberOfTasks
                0x20000f58        0x4 ./FreeRTOS/tasks.o
 .bss.uxDeletedTasksWaitingCleanUp
                0x20000f5c        0x4 ./FreeRTOS/tasks.o
 .bss.uxSchedulerSuspended
                0x20000f60        0x4 ./FreeRTOS/tasks.o
 .bss.uxTaskNumber
                0x20000f64        0x4 ./FreeRTOS/tasks.o
 .bss.uxTopReadyPriority
                0x20000f68        0x4 ./FreeRTOS/tasks.o
 .bss.xDelayedTaskList1
                0x20000f6c       0x14 ./FreeRTOS/tasks.o
 .bss.xDelayedTaskList2
                0x20000f80       0x14 ./FreeRTOS/tasks.o
 .bss.xIdleTaskHandle
                0x20000f94        0x4 ./FreeRTOS/tasks.o
 .bss.xNextTaskUnblockTime
                0x20000f98        0x4 ./FreeRTOS/tasks.o
 .bss.xNumOfOverflows
                0x20000f9c        0x4 ./FreeRTOS/tasks.o
 .bss.xPendedTicks
                0x20000fa0        0x4 ./FreeRTOS/tasks.o
 .bss.xPendingReadyList
                0x20000fa4       0x14 ./FreeRTOS/tasks.o
 .bss.xSchedulerRunning
                0x20000fb8        0x4 ./FreeRTOS/tasks.o
 .bss.xSuspendedTaskList
                0x20000fbc       0x14 ./FreeRTOS/tasks.o
 .bss.xTasksWaitingTermination
                0x20000fd0       0x14 ./FreeRTOS/tasks.o
 .bss.xTickCount
                0x20000fe4        0x4 ./FreeRTOS/tasks.o
 .bss.xYieldPending
                0x20000fe8        0x4 ./FreeRTOS/tasks.o
 .bss.pxCurrentTimerList
                0x20000fec        0x4 ./FreeRTOS/timers.o
 .bss.pxOverflowTimerList
                0x20000ff0        0x4 ./FreeRTOS/timers.o
 .bss.xActiveTimerList1
                0x20000ff4       0x14 ./FreeRTOS/timers.o
 .bss.xActiveTimerList2
                0x20001008       0x14 ./FreeRTOS/timers.o
 .bss.xLastTime.6738
                0x2000101c        0x4 ./FreeRTOS/timers.o
 .bss.xTimerQueue
                0x20001020        0x4 ./FreeRTOS/timers.o
 .bss.xTimerTaskHandle
                0x20001024        0x4 ./FreeRTOS/timers.o
 .bss.ucMaxSysCallPriority
                0x20001028        0x1 ./FreeRTOS/portable/GCC/ARM_CM4F/port.o
 *fill*         0x20001029        0x3 
 .bss.ulMaxPRIGROUPValue
                0x2000102c        0x4 ./FreeRTOS/portable/GCC/ARM_CM4F/port.o
 .bss.pxEnd     0x20001030        0x4 ./FreeRTOS/portable/MemMang/heap_4.o
 .bss.ucHeap    0x20001034    0x21000 ./FreeRTOS/portable/MemMang/heap_4.o
 .bss.xBlockAllocatedBit
                0x20022034        0x4 ./FreeRTOS/portable/MemMang/heap_4.o
 .bss.xFreeBytesRemaining
                0x20022038        0x4 ./FreeRTOS/portable/MemMang/heap_4.o
 .bss.xMinimumEverFreeBytesRemaining
                0x2002203c        0x4 ./FreeRTOS/portable/MemMang/heap_4.o
 .bss.xNumberOfSuccessfulAllocations
                0x20022040        0x4 ./FreeRTOS/portable/MemMang/heap_4.o
 .bss.xNumberOfSuccessfulFrees
                0x20022044        0x4 ./FreeRTOS/portable/MemMang/heap_4.o
 .bss.xStart    0x20022048        0x8 ./FreeRTOS/portable/MemMang/heap_4.o
 *(COMMON)
 COMMON         0x20022050       0x1c ./main.o
                0x20022050                qUART0
                0x20022054                mutexTx0
                0x20022058                task1_handle
                0x2002205c                task2_handle
                0x20022060                qUART0Tx
                0x20022064                sUART0
                0x20022068                g_ui32SysClock
 COMMON         0x2002206c       0x40 ./FreeRTOS/queue.o
                0x2002206c                xQueueRegistry
 COMMON         0x200220ac       0x21 c:/ti/ccs1011/ccs/tools/compiler/gcc-arm-none-eabi-7-2017-q4-major-win32/bin/../lib/gcc/arm-none-eabi/7.2.1/../../../../arm-none-eabi/lib/thumb/v7e-m/fpv4-sp/hard\libg.a(lib_a-lock.o)
                0x200220ac                __lock___atexit_recursive_mutex
                0x200220b0                __lock___arc4random_mutex
                0x200220b4                __lock___env_recursive_mutex
                0x200220b8                __lock___sinit_recursive_mutex
                0x200220bc                __lock___malloc_recursive_mutex
                0x200220c0                __lock___at_quick_exit_mutex
                0x200220c4                __lock___dd_hash_mutex
                0x200220c8                __lock___tz_mutex
                0x200220cc                __lock___sfp_recursive_mutex
                0x200220d0                . = ALIGN (0x4)
 *fill*         0x200220cd        0x3 
                0x200220d0                __bss_end__ = .

.heap           0x200220d0        0x0
                0x200220d0                __heap_start__ = .
                0x200220d0                end = __heap_start__
                0x200220d0                _end = end
                0x200220d0                __end = end
 *(.heap)
                0x200220d0                __heap_end__ = .
                0x200220d0                __HeapLimit = __heap_end__

.stack          0x200220d0        0x0
                0x200220d0                _stack = .
                0x200220d0                __stack = .
 *(.stack)
START GROUP
LOAD C:/ti/TivaWare_C_Series-2.2.0.295/driverlib/gcc/libdriver.a
END GROUP
START GROUP
LOAD c:/ti/ccs1011/ccs/tools/compiler/gcc-arm-none-eabi-7-2017-q4-major-win32/bin/../lib/gcc/arm-none-eabi/7.2.1/thumb/v7e-m/fpv4-sp/hard\libgcc.a
LOAD c:/ti/ccs1011/ccs/tools/compiler/gcc-arm-none-eabi-7-2017-q4-major-win32/bin/../lib/gcc/arm-none-eabi/7.2.1/../../../../arm-none-eabi/lib/thumb/v7e-m/fpv4-sp/hard\libg.a