Release 14.7 - xst P.20131013 (nt64)
Copyright (c) 1995-2013 Xilinx, Inc.  All rights reserved.
--> Parameter TMPDIR set to xst/projnav.tmp


Total REAL time to Xst completion: 0.00 secs
Total CPU time to Xst completion: 0.14 secs
 
--> Parameter xsthdpdir set to xst


Total REAL time to Xst completion: 0.00 secs
Total CPU time to Xst completion: 0.14 secs
 
--> Reading design: top04.prj

TABLE OF CONTENTS
  1) Synthesis Options Summary
  2) HDL Compilation
  3) Design Hierarchy Analysis
  4) HDL Analysis
  5) HDL Synthesis
     5.1) HDL Synthesis Report
  6) Advanced HDL Synthesis
     6.1) Advanced HDL Synthesis Report
  7) Low Level Synthesis
  8) Partition Report
  9) Final Report
	9.1) Device utilization summary
	9.2) Partition Resource Summary
	9.3) TIMING REPORT


=========================================================================
*                      Synthesis Options Summary                        *
=========================================================================
---- Source Parameters
Input File Name                    : "top04.prj"
Input Format                       : mixed
Ignore Synthesis Constraint File   : NO

---- Target Parameters
Output File Name                   : "top04"
Output Format                      : NGC
Target Device                      : xc3s100e-5-cp132

---- Source Options
Top Module Name                    : top04
Automatic FSM Extraction           : YES
FSM Encoding Algorithm             : Auto
Safe Implementation                : No
FSM Style                          : LUT
RAM Extraction                     : Yes
RAM Style                          : Auto
ROM Extraction                     : Yes
Mux Style                          : Auto
Decoder Extraction                 : YES
Priority Encoder Extraction        : Yes
Shift Register Extraction          : YES
Logical Shifter Extraction         : YES
XOR Collapsing                     : YES
ROM Style                          : Auto
Mux Extraction                     : Yes
Resource Sharing                   : YES
Asynchronous To Synchronous        : NO
Multiplier Style                   : Auto
Automatic Register Balancing       : No

---- Target Options
Add IO Buffers                     : YES
Global Maximum Fanout              : 100000
Add Generic Clock Buffer(BUFG)     : 24
Register Duplication               : YES
Slice Packing                      : YES
Optimize Instantiated Primitives   : NO
Use Clock Enable                   : Yes
Use Synchronous Set                : Yes
Use Synchronous Reset              : Yes
Pack IO Registers into IOBs        : Auto
Equivalent register Removal        : YES

---- General Options
Optimization Goal                  : Speed
Optimization Effort                : 1
Keep Hierarchy                     : No
Netlist Hierarchy                  : As_Optimized
RTL Output                         : Yes
Global Optimization                : AllClockNets
Read Cores                         : YES
Write Timing Constraints           : NO
Cross Clock Analysis               : NO
Hierarchy Separator                : /
Bus Delimiter                      : <>
Case Specifier                     : Maintain
Slice Utilization Ratio            : 100
BRAM Utilization Ratio             : 100
Verilog 2001                       : YES
Auto BRAM Packing                  : NO
Slice Utilization Ratio Delta      : 5

=========================================================================


=========================================================================
*                          HDL Compilation                              *
=========================================================================
Compiling vhdl file "C:/Xilinx/Projects/PR5/EX04/meupacote04.vhd" in Library work.
Compiling vhdl file "C:/Xilinx/Projects/PR5/EX04/clkgen2.vhd" in Library work.
Entity <clkgen2> compiled.
Entity <clkgen2> (Architecture <behavioral>) compiled.
Compiling vhdl file "C:/Xilinx/Projects/PR5/EX04/clkgen4.vhd" in Library work.
Entity <clkgen4> compiled.
Entity <clkgen4> (Architecture <behavioral>) compiled.
Compiling vhdl file "C:/Xilinx/Projects/PR5/EX04/mux2x1.vhd" in Library work.
Architecture behavioral of Entity mux2x1 is up to date.
Compiling vhdl file "C:/Xilinx/Projects/PR5/EX04/dem2x4.vhd" in Library work.
Architecture behavioral of Entity dem2x4 is up to date.
Compiling vhdl file "C:/Xilinx/Projects/PR5/EX04/decod7seg.vhd" in Library work.
Architecture behavioral of Entity decod7seg is up to date.
Compiling vhdl file "C:/Xilinx/Projects/PR5/EX04/top04.vhd" in Library work.
Architecture behavioral of Entity top04 is up to date.

=========================================================================
*                     Design Hierarchy Analysis                         *
=========================================================================
Analyzing hierarchy for entity <top04> in library <work> (architecture <behavioral>).

Analyzing hierarchy for entity <clkgen2> in library <work> (architecture <Behavioral>).

Analyzing hierarchy for entity <clkgen4> in library <work> (architecture <Behavioral>).

Analyzing hierarchy for entity <mux2x1> in library <work> (architecture <Behavioral>).

Analyzing hierarchy for entity <dem2x4> in library <work> (architecture <Behavioral>).

Analyzing hierarchy for entity <decod7seg> in library <work> (architecture <Behavioral>) with generics.
	N = 3


=========================================================================
*                            HDL Analysis                               *
=========================================================================
Analyzing Entity <top04> in library <work> (Architecture <behavioral>).
Entity <top04> analyzed. Unit <top04> generated.

Analyzing Entity <clkgen2> in library <work> (Architecture <Behavioral>).
Entity <clkgen2> analyzed. Unit <clkgen2> generated.

Analyzing Entity <clkgen4> in library <work> (Architecture <Behavioral>).
Entity <clkgen4> analyzed. Unit <clkgen4> generated.

Analyzing Entity <mux2x1> in library <work> (Architecture <Behavioral>).
Entity <mux2x1> analyzed. Unit <mux2x1> generated.

Analyzing Entity <dem2x4> in library <work> (Architecture <Behavioral>).
Entity <dem2x4> analyzed. Unit <dem2x4> generated.

Analyzing generic Entity <decod7seg> in library <work> (Architecture <Behavioral>).
	N = 3
Entity <decod7seg> analyzed. Unit <decod7seg> generated.


=========================================================================
*                           HDL Synthesis                               *
=========================================================================

Performing bidirectional port resolution...

Synthesizing Unit <clkgen2>.
    Related source file is "C:/Xilinx/Projects/PR5/EX04/clkgen2.vhd".
    Found 1-bit register for signal <clk>.
    Found 26-bit up counter for signal <i>.
    Found 1-bit register for signal <v_clk>.
    Found 26-bit adder for signal <v_clk$add0000> created at line 26.
    Summary:
	inferred   1 Counter(s).
	inferred   2 D-type flip-flop(s).
	inferred   1 Adder/Subtractor(s).
Unit <clkgen2> synthesized.


Synthesizing Unit <clkgen4>.
    Related source file is "C:/Xilinx/Projects/PR5/EX04/clkgen4.vhd".
    Found 1-bit register for signal <clk>.
    Found 27-bit up counter for signal <i>.
    Found 1-bit register for signal <v_clk>.
    Found 27-bit adder for signal <v_clk$add0000> created at line 26.
    Summary:
	inferred   1 Counter(s).
	inferred   2 D-type flip-flop(s).
	inferred   1 Adder/Subtractor(s).
Unit <clkgen4> synthesized.


Synthesizing Unit <mux2x1>.
    Related source file is "C:/Xilinx/Projects/PR5/EX04/mux2x1.vhd".
Unit <mux2x1> synthesized.


Synthesizing Unit <dem2x4>.
    Related source file is "C:/Xilinx/Projects/PR5/EX04/dem2x4.vhd".
    Found 1-of-4 decoder for signal <aux4>.
    Summary:
	inferred   1 Decoder(s).
Unit <dem2x4> synthesized.


Synthesizing Unit <decod7seg>.
    Related source file is "C:/Xilinx/Projects/PR5/EX04/decod7seg.vhd".
    Found 16x8-bit ROM for signal <catodos>.
    Summary:
	inferred   1 ROM(s).
Unit <decod7seg> synthesized.


Synthesizing Unit <top04>.
    Related source file is "C:/Xilinx/Projects/PR5/EX04/top04.vhd".
WARNING:Xst:1781 - Signal <inputNUM> is used but never assigned. Tied to default value.
Unit <top04> synthesized.


=========================================================================
HDL Synthesis Report

Macro Statistics
# ROMs                                                 : 1
 16x8-bit ROM                                          : 1
# Adders/Subtractors                                   : 2
 26-bit adder                                          : 1
 27-bit adder                                          : 1
# Counters                                             : 2
 26-bit up counter                                     : 1
 27-bit up counter                                     : 1
# Registers                                            : 4
 1-bit register                                        : 4
# Decoders                                             : 1
 1-of-4 decoder                                        : 1

=========================================================================

=========================================================================
*                       Advanced HDL Synthesis                          *
=========================================================================


=========================================================================
Advanced HDL Synthesis Report

Macro Statistics
# ROMs                                                 : 1
 16x8-bit ROM                                          : 1
# Adders/Subtractors                                   : 2
 26-bit adder                                          : 1
 27-bit adder                                          : 1
# Counters                                             : 2
 26-bit up counter                                     : 1
 27-bit up counter                                     : 1
# Registers                                            : 4
 Flip-Flops                                            : 4
# Decoders                                             : 1
 1-of-4 decoder                                        : 1

=========================================================================

=========================================================================
*                         Low Level Synthesis                           *
=========================================================================

Optimizing unit <top04> ...

Mapping all equations...
Building and optimizing final netlist ...
Found area constraint ratio of 100 (+ 5) on block top04, actual ratio is 10.

Final Macro Processing ...

=========================================================================
Final Register Report

Macro Statistics
# Registers                                            : 57
 Flip-Flops                                            : 57

=========================================================================

=========================================================================
*                           Partition Report                            *
=========================================================================

Partition Implementation Status
-------------------------------

  No Partitions were found in this design.

-------------------------------

=========================================================================
*                            Final Report                               *
=========================================================================
Final Results
RTL Top Level Output File Name     : top04.ngr
Top Level Output File Name         : top04
Output Format                      : NGC
Optimization Goal                  : Speed
Keep Hierarchy                     : No

Design Statistics
# IOs                              : 18

Cell Usage :
# BELS                             : 411
#      GND                         : 1
#      INV                         : 7
#      LUT1                        : 102
#      LUT2                        : 65
#      LUT3                        : 1
#      LUT4                        : 12
#      MUXCY                       : 116
#      VCC                         : 1
#      XORCY                       : 106
# FlipFlops/Latches                : 57
#      FDC                         : 51
#      FDCE                        : 2
#      FDE                         : 2
#      FDP                         : 2
# Clock Buffers                    : 1
#      BUFGP                       : 1
# IO Buffers                       : 17
#      IBUF                        : 1
#      OBUF                        : 16
=========================================================================

Device utilization summary:
---------------------------

Selected Device : 3s100ecp132-5 

 Number of Slices:                       99  out of    960    10%  
 Number of Slice Flip Flops:             57  out of   1920     2%  
 Number of 4 input LUTs:                187  out of   1920     9%  
 Number of IOs:                          18
 Number of bonded IOBs:                  18  out of     83    21%  
 Number of GCLKs:                         1  out of     24     4%  

---------------------------
Partition Resource Summary:
---------------------------

  No Partitions were found in this design.

---------------------------


=========================================================================
TIMING REPORT

NOTE: THESE TIMING NUMBERS ARE ONLY A SYNTHESIS ESTIMATE.
      FOR ACCURATE TIMING INFORMATION PLEASE REFER TO THE TRACE REPORT
      GENERATED AFTER PLACE-and-ROUTE.

Clock Information:
------------------
-----------------------------------+------------------------+-------+
Clock Signal                       | Clock buffer(FF name)  | Load  |
-----------------------------------+------------------------+-------+
mclk                               | BUFGP                  | 57    |
-----------------------------------+------------------------+-------+

Asynchronous Control Signals Information:
----------------------------------------
-----------------------------------+------------------------+-------+
Control Signal                     | Buffer(FF name)        | Load  |
-----------------------------------+------------------------+-------+
reset                              | IBUF                   | 55    |
-----------------------------------+------------------------+-------+

Timing Summary:
---------------
Speed Grade: -5

   Minimum period: 7.677ns (Maximum Frequency: 130.259MHz)
   Minimum input arrival time before clock: 3.660ns
   Maximum output required time after clock: 5.595ns
   Maximum combinational path delay: No path found

Timing Detail:
--------------
All values displayed in nanoseconds (ns)

=========================================================================
Timing constraint: Default period analysis for Clock 'mclk'
  Clock period: 7.677ns (frequency: 130.259MHz)
  Total number of paths / destination ports: 21523 / 59
-------------------------------------------------------------------------
Delay:               7.677ns (Levels of Logic = 28)
  Source:            map2/i_1 (FF)
  Destination:       map2/clk (FF)
  Source Clock:      mclk rising
  Destination Clock: mclk rising

  Data Path: map2/i_1 to map2/clk
                                Gate     Net
    Cell:in->out      fanout   Delay   Delay  Logical Name (Net Name)
    ----------------------------------------  ------------
     FDC:C->Q              2   0.514   0.532  map2/i_1 (map2/i_1)
     LUT1:I0->O            1   0.612   0.000  map2/Madd_v_clk_add0000_cy<1>_rt (map2/Madd_v_clk_add0000_cy<1>_rt)
     MUXCY:S->O            1   0.404   0.000  map2/Madd_v_clk_add0000_cy<1> (map2/Madd_v_clk_add0000_cy<1>)
     MUXCY:CI->O           1   0.051   0.000  map2/Madd_v_clk_add0000_cy<2> (map2/Madd_v_clk_add0000_cy<2>)
     MUXCY:CI->O           1   0.051   0.000  map2/Madd_v_clk_add0000_cy<3> (map2/Madd_v_clk_add0000_cy<3>)
     MUXCY:CI->O           1   0.051   0.000  map2/Madd_v_clk_add0000_cy<4> (map2/Madd_v_clk_add0000_cy<4>)
     MUXCY:CI->O           1   0.051   0.000  map2/Madd_v_clk_add0000_cy<5> (map2/Madd_v_clk_add0000_cy<5>)
     MUXCY:CI->O           1   0.051   0.000  map2/Madd_v_clk_add0000_cy<6> (map2/Madd_v_clk_add0000_cy<6>)
     MUXCY:CI->O           1   0.051   0.000  map2/Madd_v_clk_add0000_cy<7> (map2/Madd_v_clk_add0000_cy<7>)
     MUXCY:CI->O           1   0.051   0.000  map2/Madd_v_clk_add0000_cy<8> (map2/Madd_v_clk_add0000_cy<8>)
     MUXCY:CI->O           1   0.051   0.000  map2/Madd_v_clk_add0000_cy<9> (map2/Madd_v_clk_add0000_cy<9>)
     MUXCY:CI->O           1   0.051   0.000  map2/Madd_v_clk_add0000_cy<10> (map2/Madd_v_clk_add0000_cy<10>)
     MUXCY:CI->O           1   0.051   0.000  map2/Madd_v_clk_add0000_cy<11> (map2/Madd_v_clk_add0000_cy<11>)
     MUXCY:CI->O           1   0.051   0.000  map2/Madd_v_clk_add0000_cy<12> (map2/Madd_v_clk_add0000_cy<12>)
     MUXCY:CI->O           1   0.051   0.000  map2/Madd_v_clk_add0000_cy<13> (map2/Madd_v_clk_add0000_cy<13>)
     MUXCY:CI->O           1   0.051   0.000  map2/Madd_v_clk_add0000_cy<14> (map2/Madd_v_clk_add0000_cy<14>)
     MUXCY:CI->O           1   0.051   0.000  map2/Madd_v_clk_add0000_cy<15> (map2/Madd_v_clk_add0000_cy<15>)
     MUXCY:CI->O           1   0.051   0.000  map2/Madd_v_clk_add0000_cy<16> (map2/Madd_v_clk_add0000_cy<16>)
     MUXCY:CI->O           1   0.051   0.000  map2/Madd_v_clk_add0000_cy<17> (map2/Madd_v_clk_add0000_cy<17>)
     XORCY:CI->O           1   0.699   0.509  map2/Madd_v_clk_add0000_xor<18> (map2/v_clk_add0000<18>)
     LUT3:I0->O            1   0.612   0.000  map2/i_cmp_eq0000_wg_lut<0> (map2/i_cmp_eq0000_wg_lut<0>)
     MUXCY:S->O            1   0.404   0.000  map2/i_cmp_eq0000_wg_cy<0> (map2/i_cmp_eq0000_wg_cy<0>)
     MUXCY:CI->O           1   0.052   0.000  map2/i_cmp_eq0000_wg_cy<1> (map2/i_cmp_eq0000_wg_cy<1>)
     MUXCY:CI->O           1   0.052   0.000  map2/i_cmp_eq0000_wg_cy<2> (map2/i_cmp_eq0000_wg_cy<2>)
     MUXCY:CI->O           1   0.052   0.000  map2/i_cmp_eq0000_wg_cy<3> (map2/i_cmp_eq0000_wg_cy<3>)
     MUXCY:CI->O           1   0.052   0.000  map2/i_cmp_eq0000_wg_cy<4> (map2/i_cmp_eq0000_wg_cy<4>)
     MUXCY:CI->O           1   0.052   0.000  map2/i_cmp_eq0000_wg_cy<5> (map2/i_cmp_eq0000_wg_cy<5>)
     MUXCY:CI->O          29   0.289   1.141  map2/i_cmp_eq0000_wg_cy<6> (map2/i_cmp_eq0000)
     LUT2:I1->O            1   0.612   0.000  map2/Mcount_i_eqn_01 (map2/Mcount_i_eqn_0)
     FDP:D                     0.268          map2/i_0
    ----------------------------------------
    Total                      7.677ns (5.495ns logic, 2.182ns route)
                                       (71.6% logic, 28.4% route)

=========================================================================
Timing constraint: Default OFFSET IN BEFORE for Clock 'mclk'
  Total number of paths / destination ports: 2 / 2
-------------------------------------------------------------------------
Offset:              3.660ns (Levels of Logic = 2)
  Source:            reset (PAD)
  Destination:       map1/clk (FF)
  Destination Clock: mclk rising

  Data Path: reset to map1/clk
                                Gate     Net
    Cell:in->out      fanout   Delay   Delay  Logical Name (Net Name)
    ----------------------------------------  ------------
     IBUF:I->O            56   1.106   1.079  reset_IBUF (reset_IBUF)
     INV:I->O              2   0.612   0.380  map1/reset_inv1_INV_0 (map1/reset_inv)
     FDE:CE                    0.483          map1/clk
    ----------------------------------------
    Total                      3.660ns (2.201ns logic, 1.459ns route)
                                       (60.1% logic, 39.9% route)

=========================================================================
Timing constraint: Default OFFSET OUT AFTER for Clock 'mclk'
  Total number of paths / destination ports: 25 / 13
-------------------------------------------------------------------------
Offset:              5.595ns (Levels of Logic = 2)
  Source:            map1/clk (FF)
  Destination:       aux4<3> (PAD)
  Source Clock:      mclk rising

  Data Path: map1/clk to aux4<3>
                                Gate     Net
    Cell:in->out      fanout   Delay   Delay  Logical Name (Net Name)
    ----------------------------------------  ------------
     FDE:C->Q              9   0.514   0.849  map1/clk (map1/clk)
     LUT2:I0->O            3   0.612   0.451  catodos<6>1 (catodos_6_OBUF)
     OBUF:I->O                 3.169          aux4_3_OBUF (aux4<3>)
    ----------------------------------------
    Total                      5.595ns (4.295ns logic, 1.300ns route)
                                       (76.8% logic, 23.2% route)

=========================================================================


Total REAL time to Xst completion: 7.00 secs
Total CPU time to Xst completion: 6.79 secs
 
--> 

Total memory usage is 4521420 kilobytes

Number of errors   :    0 (   0 filtered)
Number of warnings :    1 (   0 filtered)
Number of infos    :    0 (   0 filtered)

