EN clkgen2 NULL C:/Xilinx/Projects/PR5/EX02/clkgen2.vhd sub00/vhpl01 1576247121
AR top02 behavioral C:/Xilinx/Projects/PR5/EX02/top02.vhd sub00/vhpl10 1576247130
EN clkgen4 NULL C:/Xilinx/Projects/PR5/EX02/clkgen4.vhd sub00/vhpl03 1576247123
EN clkgen8 NULL C:/Xilinx/Projects/PR5/EX02/clkgen8.vhd sub00/vhpl05 1576247125
AR clkgen2 behavioral C:/Xilinx/Projects/PR5/EX02/clkgen2.vhd sub00/vhpl02 1576247122
EN clkgen16 NULL C:/Xilinx/Projects/PR5/EX02/clkgen16.vhd sub00/vhpl07 1576247127
PH meupacote02 NULL C:/Xilinx/Projects/PR5/EX02/meupacote02.vhd sub00/vhpl00 1576247120
EN top02 NULL C:/Xilinx/Projects/PR5/EX02/top02.vhd sub00/vhpl09 1576247129
AR clkgen16 behavioral C:/Xilinx/Projects/PR5/EX02/clkgen16.vhd sub00/vhpl08 1576247128
AR clkgen8 behavioral C:/Xilinx/Projects/PR5/EX02/clkgen8.vhd sub00/vhpl06 1576247126
AR clkgen4 behavioral C:/Xilinx/Projects/PR5/EX02/clkgen4.vhd sub00/vhpl04 1576247124
