Archive member included to satisfy reference by file (symbol)

C:/ti/TivaWare_C_Series-2.2.0.295/driverlib/gcc/libdriver.a(emac.o)
                              ./lwip/port/tiva-tm4c129.o (EMACConfigSet)
C:/ti/TivaWare_C_Series-2.2.0.295/driverlib/gcc/libdriver.a(gpio.o)
                              ./Drivers/pinout.o (GPIOPadConfigSet)
C:/ti/TivaWare_C_Series-2.2.0.295/driverlib/gcc/libdriver.a(interrupt.o)
                              ./lwip/port/tiva-tm4c129.o (IntMasterEnable)
C:/ti/TivaWare_C_Series-2.2.0.295/driverlib/gcc/libdriver.a(sw_crc.o)
                              C:/ti/TivaWare_C_Series-2.2.0.295/driverlib/gcc/libdriver.a(emac.o) (Crc32)
C:/ti/TivaWare_C_Series-2.2.0.295/driverlib/gcc/libdriver.a(sysctl.o)
                              ./main.o (SysCtlPeripheralReady)
C:/ti/TivaWare_C_Series-2.2.0.295/driverlib/gcc/libdriver.a(cpu.o)
                              C:/ti/TivaWare_C_Series-2.2.0.295/driverlib/gcc/libdriver.a(interrupt.o) (CPUcpsid)
c:/ti/ccs1011/ccs/tools/compiler/gcc-arm-none-eabi-7-2017-q4-major-win32/bin/../lib/gcc/arm-none-eabi/7.2.1/../../../../arm-none-eabi/lib/thumb/v7e-m/fpv4-sp/hard\libg.a(lib_a-atoi.o)
                              ./lwip/src/api/netdb.o (atoi)
c:/ti/ccs1011/ccs/tools/compiler/gcc-arm-none-eabi-7-2017-q4-major-win32/bin/../lib/gcc/arm-none-eabi/7.2.1/../../../../arm-none-eabi/lib/thumb/v7e-m/fpv4-sp/hard\libg.a(lib_a-exit.o)
                              c:/ti/ccs1011/ccs/tools/compiler/gcc-arm-none-eabi-7-2017-q4-major-win32/bin/../lib/gcc/arm-none-eabi/7.2.1/../../../../arm-none-eabi/lib/thumb/v7e-m/fpv4-sp/hard/crt0.o (exit)
c:/ti/ccs1011/ccs/tools/compiler/gcc-arm-none-eabi-7-2017-q4-major-win32/bin/../lib/gcc/arm-none-eabi/7.2.1/../../../../arm-none-eabi/lib/thumb/v7e-m/fpv4-sp/hard\libg.a(lib_a-impure.o)
                              c:/ti/ccs1011/ccs/tools/compiler/gcc-arm-none-eabi-7-2017-q4-major-win32/bin/../lib/gcc/arm-none-eabi/7.2.1/../../../../arm-none-eabi/lib/thumb/v7e-m/fpv4-sp/hard\libg.a(lib_a-exit.o) (_global_impure_ptr)
c:/ti/ccs1011/ccs/tools/compiler/gcc-arm-none-eabi-7-2017-q4-major-win32/bin/../lib/gcc/arm-none-eabi/7.2.1/../../../../arm-none-eabi/lib/thumb/v7e-m/fpv4-sp/hard\libg.a(lib_a-init.o)
                              c:/ti/ccs1011/ccs/tools/compiler/gcc-arm-none-eabi-7-2017-q4-major-win32/bin/../lib/gcc/arm-none-eabi/7.2.1/../../../../arm-none-eabi/lib/thumb/v7e-m/fpv4-sp/hard/crt0.o (__libc_init_array)
c:/ti/ccs1011/ccs/tools/compiler/gcc-arm-none-eabi-7-2017-q4-major-win32/bin/../lib/gcc/arm-none-eabi/7.2.1/../../../../arm-none-eabi/lib/thumb/v7e-m/fpv4-sp/hard\libg.a(lib_a-locale.o)
                              ./lwip/src/core/dns.o (__locale_ctype_ptr)
c:/ti/ccs1011/ccs/tools/compiler/gcc-arm-none-eabi-7-2017-q4-major-win32/bin/../lib/gcc/arm-none-eabi/7.2.1/../../../../arm-none-eabi/lib/thumb/v7e-m/fpv4-sp/hard\libg.a(lib_a-mbtowc_r.o)
                              c:/ti/ccs1011/ccs/tools/compiler/gcc-arm-none-eabi-7-2017-q4-major-win32/bin/../lib/gcc/arm-none-eabi/7.2.1/../../../../arm-none-eabi/lib/thumb/v7e-m/fpv4-sp/hard\libg.a(lib_a-locale.o) (__ascii_mbtowc)
c:/ti/ccs1011/ccs/tools/compiler/gcc-arm-none-eabi-7-2017-q4-major-win32/bin/../lib/gcc/arm-none-eabi/7.2.1/../../../../arm-none-eabi/lib/thumb/v7e-m/fpv4-sp/hard\libg.a(lib_a-memcmp.o)
                              ./lwip/src/netif/ethernet.o (memcmp)
c:/ti/ccs1011/ccs/tools/compiler/gcc-arm-none-eabi-7-2017-q4-major-win32/bin/../lib/gcc/arm-none-eabi/7.2.1/../../../../arm-none-eabi/lib/thumb/v7e-m/fpv4-sp/hard\libg.a(lib_a-memcpy.o)
                              ./FreeRTOS/queue.o (memcpy)
c:/ti/ccs1011/ccs/tools/compiler/gcc-arm-none-eabi-7-2017-q4-major-win32/bin/../lib/gcc/arm-none-eabi/7.2.1/../../../../arm-none-eabi/lib/thumb/v7e-m/fpv4-sp/hard\libg.a(lib_a-memmove.o)
                              ./lwip/src/core/def.o (memmove)
c:/ti/ccs1011/ccs/tools/compiler/gcc-arm-none-eabi-7-2017-q4-major-win32/bin/../lib/gcc/arm-none-eabi/7.2.1/../../../../arm-none-eabi/lib/thumb/v7e-m/fpv4-sp/hard\libg.a(lib_a-memset.o)
                              c:/ti/ccs1011/ccs/tools/compiler/gcc-arm-none-eabi-7-2017-q4-major-win32/bin/../lib/gcc/arm-none-eabi/7.2.1/../../../../arm-none-eabi/lib/thumb/v7e-m/fpv4-sp/hard/crt0.o (memset)
c:/ti/ccs1011/ccs/tools/compiler/gcc-arm-none-eabi-7-2017-q4-major-win32/bin/../lib/gcc/arm-none-eabi/7.2.1/../../../../arm-none-eabi/lib/thumb/v7e-m/fpv4-sp/hard\libg.a(lib_a-printf.o)
                              ./lwip/apps/httpserver_raw/httpd.o (printf)
c:/ti/ccs1011/ccs/tools/compiler/gcc-arm-none-eabi-7-2017-q4-major-win32/bin/../lib/gcc/arm-none-eabi/7.2.1/../../../../arm-none-eabi/lib/thumb/v7e-m/fpv4-sp/hard\libg.a(lib_a-rand.o)
                              ./lwip/src/core/dns.o (rand)
c:/ti/ccs1011/ccs/tools/compiler/gcc-arm-none-eabi-7-2017-q4-major-win32/bin/../lib/gcc/arm-none-eabi/7.2.1/../../../../arm-none-eabi/lib/thumb/v7e-m/fpv4-sp/hard\libg.a(lib_a-reent.o)
[...]
Memory Configuration

Name             Origin             Length             Attributes
FLASH            0x00000000         0x00100000         xr
SRAM             0x20000000         0x00040000         xw
*default*        0x00000000         0xffffffff

Linker script and memory map

LOAD c:/ti/ccs1011/ccs/tools/compiler/gcc-arm-none-eabi-7-2017-q4-major-win32/bin/../lib/gcc/arm-none-eabi/7.2.1/thumb/v7e-m/fpv4-sp/hard/crti.o
LOAD c:/ti/ccs1011/ccs/tools/compiler/gcc-arm-none-eabi-7-2017-q4-major-win32/bin/../lib/gcc/arm-none-eabi/7.2.1/thumb/v7e-m/fpv4-sp/hard/crtbegin.o
LOAD c:/ti/ccs1011/ccs/tools/compiler/gcc-arm-none-eabi-7-2017-q4-major-win32/bin/../lib/gcc/arm-none-eabi/7.2.1/../../../../arm-none-eabi/lib/thumb/v7e-m/fpv4-sp/hard/crt0.o
LOAD ./main.o
LOAD ./tm4c1294ncpdt_startup_ccs_gcc.o
LOAD ./Drivers/pinout.o
LOAD ./FreeRTOS/CMSIS_RTOS/cmsis_os.o
LOAD ./FreeRTOS/croutine.o
LOAD ./FreeRTOS/event_groups.o
LOAD ./FreeRTOS/list.o
LOAD ./FreeRTOS/queue.o
LOAD ./FreeRTOS/stream_buffer.o
LOAD ./FreeRTOS/tasks.o
LOAD ./FreeRTOS/timers.o
LOAD ./FreeRTOS/portable/GCC/ARM_CM4F/port.o
LOAD ./FreeRTOS/portable/MemMang/heap_4.o
LOAD ./lwip/apps/httpserver_raw/fs.o
LOAD ./lwip/apps/httpserver_raw/httpd.o
LOAD ./lwip/lwiplib.o
LOAD ./lwip/port/tiva-tm4c129.o
LOAD ./lwip/src/api/api_lib.o
LOAD ./lwip/src/api/api_msg.o
LOAD ./lwip/src/api/err.o
LOAD ./lwip/src/api/if_api.o
LOAD ./lwip/src/api/netbuf.o
LOAD ./lwip/src/api/netdb.o
LOAD ./lwip/src/api/netifapi.o
LOAD ./lwip/src/api/sockets.o
LOAD ./lwip/src/api/tcpip.o
LOAD ./lwip/src/core/altcp.o
LOAD ./lwip/src/core/altcp_alloc.o
LOAD ./lwip/src/core/altcp_tcp.o
LOAD ./lwip/src/core/def.o
LOAD ./lwip/src/core/dns.o
LOAD ./lwip/src/core/inet_chksum.o
LOAD ./lwip/src/core/init.o
LOAD ./lwip/src/core/ip.o
LOAD ./lwip/src/core/mem.o
LOAD ./lwip/src/core/memp.o
LOAD ./lwip/src/core/netif.o
LOAD ./lwip/src/core/pbuf.o
LOAD ./lwip/src/core/raw.o
LOAD ./lwip/src/core/stats.o
LOAD ./lwip/src/core/sys.o
LOAD ./lwip/src/core/tcp.o
LOAD ./lwip/src/core/tcp_in.o
LOAD ./lwip/src/core/tcp_out.o
LOAD ./lwip/src/core/timeouts.o
LOAD ./lwip/src/core/udp.o
LOAD ./lwip/src/core/ipv4/autoip.o
LOAD ./lwip/src/core/ipv4/dhcp.o
LOAD ./lwip/src/core/ipv4/etharp.o
LOAD ./lwip/src/core/ipv4/icmp.o
LOAD ./lwip/src/core/ipv4/igmp.o
LOAD ./lwip/src/core/ipv4/ip4.o
LOAD ./lwip/src/core/ipv4/ip4_addr.o
LOAD ./lwip/src/core/ipv4/ip4_frag.o
LOAD ./lwip/src/netif/ethernet.o
LOAD ./lwip/src/netif/ppp/auth.o
LOAD ./lwip/src/netif/ppp/ccp.o
LOAD ./lwip/src/netif/ppp/chap-md5.o
LOAD ./lwip/src/netif/ppp/chap-new.o
LOAD ./lwip/src/netif/ppp/chap_ms.o
LOAD ./lwip/src/netif/ppp/demand.o
LOAD ./lwip/src/netif/ppp/eap.o
LOAD ./lwip/src/netif/ppp/ecp.o
LOAD ./lwip/src/netif/ppp/eui64.o
LOAD ./lwip/src/netif/ppp/fsm.o
LOAD ./lwip/src/netif/ppp/ipcp.o
LOAD ./lwip/src/netif/ppp/ipv6cp.o
LOAD ./lwip/src/netif/ppp/lcp.o
LOAD ./lwip/src/netif/ppp/magic.o
LOAD ./lwip/src/netif/ppp/mppe.o
LOAD ./lwip/src/netif/ppp/multilink.o
LOAD ./lwip/src/netif/ppp/ppp.o
LOAD ./lwip/src/netif/ppp/pppapi.o
LOAD ./lwip/src/netif/ppp/pppcrypt.o
LOAD ./lwip/src/netif/ppp/pppoe.o
LOAD ./lwip/src/netif/ppp/pppol2tp.o
LOAD ./lwip/src/netif/ppp/pppos.o
LOAD ./lwip/src/netif/ppp/upap.o
LOAD ./lwip/src/netif/ppp/utils.o
LOAD ./lwip/src/netif/ppp/vj.o
LOAD ./lwip/src/netif/ppp/polarssl/arc4.o
LOAD ./lwip/src/netif/ppp/polarssl/des.o
LOAD ./lwip/src/netif/ppp/polarssl/md4.o
LOAD ./lwip/src/netif/ppp/polarssl/md5.o
LOAD ./lwip/src/netif/ppp/polarssl/sha1.o
LOAD ./lwip/system/OS/sys_arch.o
                0x00000000                PROVIDE (_intvecs_base_address, 0x0)

.intvecs        0x00000000      0x208
 *(.intvecs)
 .intvecs       0x00000000      0x208 ./tm4c1294ncpdt_startup_ccs_gcc.o
                0x00000000                g_pfnVectors
                0x20000000                PROVIDE (_vtable_base_address, 0x20000000)

.vtable
 *(.vtable)

.text           0x00000240    0x21244
 CREATE_OBJECT_SYMBOLS
 *(.text)
 .text          0x00000240        0x0 c:/ti/ccs1011/ccs/tools/compiler/gcc-arm-none-eabi-7-2017-q4-major-win32/bin/../lib/gcc/arm-none-eabi/7.2.1/thumb/v7e-m/fpv4-sp/hard/crti.o
 .text          0x00000240       0x40 c:/ti/ccs1011/ccs/tools/compiler/gcc-arm-none-eabi-7-2017-q4-major-win32/bin/../lib/gcc/arm-none-eabi/7.2.1/thumb/v7e-m/fpv4-sp/hard/crtbegin.o
 .text          0x00000280       0x74 c:/ti/ccs1011/ccs/tools/compiler/gcc-arm-none-eabi-7-2017-q4-major-win32/bin/../lib/gcc/arm-none-eabi/7.2.1/../../../../arm-none-eabi/lib/thumb/v7e-m/fpv4-sp/hard/crt0.o
                0x00000280                _start
                0x00000280                _mainCRTStartup
 .text          0x000002f4        0x0 ./main.o
 .text          0x000002f4        0x0 ./tm4c1294ncpdt_startup_ccs_gcc.o
 .text          0x000002f4        0x0 ./Drivers/pinout.o
 .text          0x000002f4        0x0 ./FreeRTOS/CMSIS_RTOS/cmsis_os.o
 .text          0x000002f4        0x0 ./FreeRTOS/croutine.o
 .text          0x000002f4        0x0 ./FreeRTOS/event_groups.o
 .text          0x000002f4        0x0 ./FreeRTOS/list.o
 .text          0x000002f4        0x0 ./FreeRTOS/queue.o
 .text          0x000002f4        0x0 ./FreeRTOS/stream_buffer.o
 .text          0x000002f4        0x0 ./FreeRTOS/tasks.o
 .text          0x000002f4        0x0 ./FreeRTOS/timers.o
 .text          0x000002f4        0x0 ./FreeRTOS/portable/GCC/ARM_CM4F/port.o
 .text          0x000002f4        0x0 ./FreeRTOS/portable/MemMang/heap_4.o
 .text          0x000002f4        0x0 ./lwip/apps/httpserver_raw/fs.o
 .text          0x000002f4        0x0 ./lwip/apps/httpserver_raw/httpd.o
 .text          0x000002f4        0x0 ./lwip/lwiplib.o
 .text          0x000002f4        0x0 ./lwip/port/tiva-tm4c129.o
 .text          0x000002f4        0x0 ./lwip/src/api/api_lib.o
 .text          0x000002f4        0x0 ./lwip/src/api/api_msg.o
 .text          0x000002f4        0x0 ./lwip/src/api/err.o
 .text          0x000002f4        0x0 ./lwip/src/api/if_api.o
 .text          0x000002f4        0x0 ./lwip/src/api/netbuf.o
 .text          0x000002f4        0x0 ./lwip/src/api/netdb.o
 .text          0x000002f4        0x0 ./lwip/src/api/netifapi.o
 .text          0x000002f4        0x0 ./lwip/src/api/sockets.o
 .text          0x000002f4        0x0 ./lwip/src/api/tcpip.o
 .text          0x000002f4        0x0 ./lwip/src/core/altcp.o
 .text          0x000002f4        0x0 ./lwip/src/core/altcp_alloc.o
 .text          0x000002f4        0x0 ./lwip/src/core/altcp_tcp.o
 .text          0x000002f4        0x0 ./lwip/src/core/def.o
 .text          0x000002f4        0x0 ./lwip/src/core/dns.o
 .text          0x000002f4        0x0 ./lwip/src/core/inet_chksum.o
 .text          0x000002f4        0x0 ./lwip/src/core/init.o
 .text          0x000002f4        0x0 ./lwip/src/core/ip.o
 .text          0x000002f4        0x0 ./lwip/src/core/mem.o
 .text          0x000002f4        0x0 ./lwip/src/core/memp.o
 .text          0x000002f4        0x0 ./lwip/src/core/netif.o
 .text          0x000002f4        0x0 ./lwip/src/core/pbuf.o
 .text          0x000002f4        0x0 ./lwip/src/core/raw.o
 .text          0x000002f4        0x0 ./lwip/src/core/stats.o
 .text          0x000002f4        0x0 ./lwip/src/core/sys.o
 .text          0x000002f4        0x0 ./lwip/src/core/tcp.o
 .text          0x000002f4        0x0 ./lwip/src/core/tcp_in.o
 .text          0x000002f4        0x0 ./lwip/src/core/tcp_out.o
 .text          0x000002f4        0x0 ./lwip/src/core/timeouts.o
 .text          0x000002f4        0x0 ./lwip/src/core/udp.o
 .text          0x000002f4        0x0 ./lwip/src/core/ipv4/autoip.o
 .text          0x000002f4        0x0 ./lwip/src/core/ipv4/dhcp.o
 .text          0x000002f4        0x0 ./lwip/src/core/ipv4/etharp.o
 .text          0x000002f4        0x0 ./lwip/src/core/ipv4/icmp.o
 .text          0x000002f4        0x0 ./lwip/src/core/ipv4/igmp.o
 .text          0x000002f4        0x0 ./lwip/src/core/ipv4/ip4.o
 .text          0x000002f4        0x0 ./lwip/src/core/ipv4/ip4_addr.o
 .text          0x000002f4        0x0 ./lwip/src/core/ipv4/ip4_frag.o
 .text          0x000002f4        0x0 ./lwip/src/netif/ethernet.o
 .text          0x000002f4        0x0 ./lwip/src/netif/ppp/auth.o
 .text          0x000002f4        0x0 ./lwip/src/netif/ppp/ccp.o
 .text          0x000002f4        0x0 ./lwip/src/netif/ppp/chap-md5.o
 .text          0x000002f4        0x0 ./lwip/src/netif/ppp/chap-new.o
 .text          0x000002f4        0x0 ./lwip/src/netif/ppp/chap_ms.o
 .text          0x000002f4        0x0 ./lwip/src/netif/ppp/demand.o
 .text          0x000002f4        0x0 ./lwip/src/netif/ppp/eap.o
 .text          0x000002f4        0x0 ./lwip/src/netif/ppp/ecp.o
 .text          0x000002f4        0x0 ./lwip/src/netif/ppp/eui64.o
 .text          0x000002f4        0x0 ./lwip/src/netif/ppp/fsm.o
 .text          0x000002f4        0x0 ./lwip/src/netif/ppp/ipcp.o
 .text          0x000002f4        0x0 ./lwip/src/netif/ppp/ipv6cp.o
 .text          0x000002f4        0x0 ./lwip/src/netif/ppp/lcp.o
 .text          0x000002f4        0x0 ./lwip/src/netif/ppp/magic.o
 .text          0x000002f4        0x0 ./lwip/src/netif/ppp/mppe.o
 .text          0x000002f4        0x0 ./lwip/src/netif/ppp/multilink.o
 .text          0x000002f4        0x0 ./lwip/src/netif/ppp/ppp.o
 .text          0x000002f4        0x0 ./lwip/src/netif/ppp/pppapi.o
 .text          0x000002f4        0x0 ./lwip/src/netif/ppp/pppcrypt.o
 .text          0x000002f4        0x0 ./lwip/src/netif/ppp/pppoe.o
 .text          0x000002f4        0x0 ./lwip/src/netif/ppp/pppol2tp.o
 .text          0x000002f4        0x0 ./lwip/src/netif/ppp/pppos.o
 .text          0x000002f4        0x0 ./lwip/src/netif/ppp/upap.o
 .text          0x000002f4        0x0 ./lwip/src/netif/ppp/utils.o
 .text          0x000002f4        0x0 ./lwip/src/netif/ppp/vj.o
 .text          0x000002f4        0x0 ./lwip/src/netif/ppp/polarssl/arc4.o
 .text          0x000002f4        0x0 ./lwip/src/netif/ppp/polarssl/des.o
 .text          0x000002f4        0x0 ./lwip/src/netif/ppp/polarssl/md4.o
 .text          0x000002f4        0x0 ./lwip/src/netif/ppp/polarssl/md5.o
 .text          0x000002f4        0x0 ./lwip/src/netif/ppp/polarssl/sha1.o
 .text          0x000002f4        0x0 ./lwip/system/OS/sys_arch.o
 .text          0x000002f4        0x0 C:/ti/TivaWare_C_Series-2.2.0.295/driverlib/gcc/libdriver.a(emac.o)
 .text          0x000002f4        0x0 C:/ti/TivaWare_C_Series-2.2.0.295/driverlib/gcc/libdriver.a(gpio.o)
 .text          0x000002f4        0x0 C:/ti/TivaWare_C_Series-2.2.0.295/driverlib/gcc/libdriver.a(interrupt.o)
 .text          0x000002f4        0x0 C:/ti/TivaWare_C_Series-2.2.0.295/driverlib/gcc/libdriver.a(sw_crc.o)
 .text          0x000002f4        0x0 C:/ti/TivaWare_C_Series-2.2.0.295/driverlib/gcc/libdriver.a(sysctl.o)
 .text          0x000002f4        0x0 C:/ti/TivaWare_C_Series-2.2.0.295/driverlib/gcc/libdriver.a(cpu.o)
 .text          0x000002f4        0x0 c:/ti/ccs1011/ccs/tools/compiler/gcc-arm-none-eabi-7-2017-q4-major-win32/bin/../lib/gcc/arm-none-eabi/7.2.1/../../../../arm-none-eabi/lib/thumb/v7e-m/fpv4-sp/hard\libg.a(lib_a-atoi.o)
 .text          0x000002f4        0x0 c:/ti/ccs1011/ccs/tools/compiler/gcc-arm-none-eabi-7-2017-q4-major-win32/bin/../lib/gcc/arm-none-eabi/7.2.1/../../../../arm-none-eabi/lib/thumb/v7e-m/fpv4-sp/hard\libg.a(lib_a-exit.o)
 .text          0x000002f4        0x0 c:/ti/ccs1011/ccs/tools/compiler/gcc-arm-none-eabi-7-2017-q4-major-win32/bin/../lib/gcc/arm-none-eabi/7.2.1/../../../../arm-none-eabi/lib/thumb/v7e-m/fpv4-sp/hard\libg.a(lib_a-impure.o)
 .text          0x000002f4        0x0 c:/ti/ccs1011/ccs/tools/compiler/gcc-arm-none-eabi-7-2017-q4-major-win32/bin/../lib/gcc/arm-none-eabi/7.2.1/../../../../arm-none-eabi/lib/thumb/v7e-m/fpv4-sp/hard\libg.a(lib_a-init.o)
 .text          0x000002f4        0x0 c:/ti/ccs1011/ccs/tools/compiler/gcc-arm-none-eabi-7-2017-q4-major-win32/bin/../lib/gcc/arm-none-eabi/7.2.1/../../../../arm-none-eabi/lib/thumb/v7e-m/fpv4-sp/hard\libg.a(lib_a-locale.o)
 .text          0x000002f4        0x0 c:/ti/ccs1011/ccs/tools/compiler/gcc-arm-none-eabi-7-2017-q4-major-win32/bin/../lib/gcc/arm-none-eabi/7.2.1/../../../../arm-none-eabi/lib/thumb/v7e-m/fpv4-sp/hard\libg.a(lib_a-mbtowc_r.o)
 .text          0x000002f4        0x0 c:/ti/ccs1011/ccs/tools/compiler/gcc-arm-none-eabi-7-2017-q4-major-win32/bin/../lib/gcc/arm-none-eabi/7.2.1/../../../../arm-none-eabi/lib/thumb/v7e-m/fpv4-sp/hard\libg.a(lib_a-memcmp.o)
 .text          0x000002f4      0x134 c:/ti/ccs1011/ccs/tools/compiler/gcc-arm-none-eabi-7-2017-q4-major-win32/bin/../lib/gcc/arm-none-eabi/7.2.1/../../../../arm-none-eabi/lib/thumb/v7e-m/fpv4-sp/hard\libg.a(lib_a-memcpy.o)
                0x000002f4                memcpy
 .text          0x00000428        0x0 c:/ti/ccs1011/ccs/tools/compiler/gcc-arm-none-eabi-7-2017-q4-major-win32/bin/../lib/gcc/arm-none-eabi/7.2.1/../../../../arm-none-eabi/lib/thumb/v7e-m/fpv4-sp/hard\libg.a(lib_a-memmove.o)
 .text          0x00000428        0x0 c:/ti/ccs1011/ccs/tools/compiler/gcc-arm-none-eabi-7-2017-q4-major-win32/bin/../lib/gcc/arm-none-eabi/7.2.1/../../../../arm-none-eabi/lib/thumb/v7e-m/fpv4-sp/hard\libg.a(lib_a-memset.o)
 .text          0x00000428        0x0 c:/ti/ccs1011/ccs/tools/compiler/gcc-arm-none-eabi-7-2017-q4-major-win32/bin/../lib/gcc/arm-none-eabi/7.2.1/../../../../arm-none-eabi/lib/thumb/v7e-m/fpv4-sp/hard\libg.a(lib_a-printf.o)
 .text          0x00000428        0x0 c:/ti/ccs1011/ccs/tools/compiler/gcc-arm-none-eabi-7-2017-q4-major-win32/bin/../lib/gcc/arm-none-eabi/7.2.1/../../../../arm-none-eabi/lib/thumb/v7e-m/fpv4-sp/hard\libg.a(lib_a-rand.o)
 .text          0x00000428        0x0 c:/ti/ccs1011/ccs/tools/compiler/gcc-arm-none-eabi-7-2017-q4-major-win32/bin/../lib/gcc/arm-none-eabi/7.2.1/../../../../arm-none-eabi/lib/thumb/v7e-m/fpv4-sp/hard\libg.a(lib_a-reent.o)
 .text          0x00000428        0x0 c:/ti/ccs1011/ccs/tools/compiler/gcc-arm-none-eabi-7-2017-q4-major-win32/bin/../lib/gcc/arm-none-eabi/7.2.1/../../../../arm-none-eabi/lib/thumb/v7e-m/fpv4-sp/hard\libg.a(lib_a-sprintf.o)
 .text          0x00000428        0x0 c:/ti/ccs1011/ccs/tools/compiler/gcc-arm-none-eabi-7-2017-q4-major-win32/bin/../lib/gcc/arm-none-eabi/7.2.1/../../../../arm-none-eabi/lib/thumb/v7e-m/fpv4-sp/hard\libg.a(lib_a-strchr.o)
 *fill*         0x00000428       0x18 
 .text          0x00000440      0x2dc c:/ti/ccs1011/ccs/tools/compiler/gcc-arm-none-eabi-7-2017-q4-major-win32/bin/../lib/gcc/arm-none-eabi/7.2.1/../../../../arm-none-eabi/lib/thumb/v7e-m/fpv4-sp/hard\libg.a(lib_a-strcmp.o)
                0x00000448                strcmp
 *fill*         0x0000071c       0x24 
 .text          0x00000740       0xdc c:/ti/ccs1011/ccs/tools/compiler/gcc-arm-none-eabi-7-2017-q4-major-win32/bin/../lib/gcc/arm-none-eabi/7.2.1/../../../../arm-none-eabi/lib/thumb/v7e-m/fpv4-sp/hard\libg.a(lib_a-strlen.o)
                0x00000740                strlen
 .text          0x0000081c        0x0 c:/ti/ccs1011/ccs/tools/compiler/gcc-arm-none-eabi-7-2017-q4-major-win32/bin/../lib/gcc/arm-none-eabi/7.2.1/../../../../arm-none-eabi/lib/thumb/v7e-m/fpv4-sp/hard\libg.a(lib_a-strncmp.o)
 .text          0x0000081c        0x0 c:/ti/ccs1011/ccs/tools/compiler/gcc-arm-none-eabi-7-2017-q4-major-win32/bin/../lib/gcc/arm-none-eabi/7.2.1/../../../../arm-none-eabi/lib/thumb/v7e-m/fpv4-sp/hard\libg.a(lib_a-strncpy.o)
 .text          0x0000081c        0x0 c:/ti/ccs1011/ccs/tools/compiler/gcc-arm-none-eabi-7-2017-q4-major-win32/bin/../lib/gcc/arm-none-eabi/7.2.1/../../../../arm-none-eabi/lib/thumb/v7e-m/fpv4-sp/hard\libg.a(lib_a-strstr.o)
 .text          0x0000081c        0x0 c:/ti/ccs1011/ccs/tools/compiler/gcc-arm-none-eabi-7-2017-q4-major-win32/bin/../lib/gcc/arm-none-eabi/7.2.1/../../../../arm-none-eabi/lib/thumb/v7e-m/fpv4-sp/hard\libg.a(lib_a-strtol.o)
 .text          0x0000081c        0x0 c:/ti/ccs1011/ccs/tools/compiler/gcc-arm-none-eabi-7-2017-q4-major-win32/bin/../lib/gcc/arm-none-eabi/7.2.1/../../../../arm-none-eabi/lib/thumb/v7e-m/fpv4-sp/hard\libg.a(lib_a-svfprintf.o)
 .text          0x0000081c        0x0 c:/ti/ccs1011/ccs/tools/compiler/gcc-arm-none-eabi-7-2017-q4-major-win32/bin/../lib/gcc/arm-none-eabi/7.2.1/../../../../arm-none-eabi/lib/thumb/v7e-m/fpv4-sp/hard\libg.a(lib_a-vfprintf.o)
 .text          0x0000081c        0x0 c:/ti/ccs1011/ccs/tools/compiler/gcc-arm-none-eabi-7-2017-q4-major-win32/bin/../lib/gcc/arm-none-eabi/7.2.1/../../../../arm-none-eabi/lib/thumb/v7e-m/fpv4-sp/hard\libg.a(lib_a-wctomb_r.o)
 .text          0x0000081c        0x0 c:/ti/ccs1011/ccs/tools/compiler/gcc-arm-none-eabi-7-2017-q4-major-win32/bin/../lib/gcc/arm-none-eabi/7.2.1/../../../../arm-none-eabi/lib/thumb/v7e-m/fpv4-sp/hard\libg.a(lib_a-wsetup.o)
 .text          0x0000081c        0x0 c:/ti/ccs1011/ccs/tools/compiler/gcc-arm-none-eabi-7-2017-q4-major-win32/bin/../lib/gcc/arm-none-eabi/7.2.1/../../../../arm-none-eabi/lib/thumb/v7e-m/fpv4-sp/hard\libg.a(lib_a-__call_atexit.o)
 .text          0x0000081c        0x0 c:/ti/ccs1011/ccs/tools/compiler/gcc-arm-none-eabi-7-2017-q4-major-win32/bin/../lib/gcc/arm-none-eabi/7.2.1/../../../../arm-none-eabi/lib/thumb/v7e-m/fpv4-sp/hard\libg.a(lib_a-atexit.o)
 .text          0x0000081c        0x0 c:/ti/ccs1011/ccs/tools/compiler/gcc-arm-none-eabi-7-2017-q4-major-win32/bin/../lib/gcc/arm-none-eabi/7.2.1/../../../../arm-none-eabi/lib/thumb/v7e-m/fpv4-sp/hard\libg.a(lib_a-ctype_.o)
 .text          0x0000081c        0x0 c:/ti/ccs1011/ccs/tools/compiler/gcc-arm-none-eabi-7-2017-q4-major-win32/bin/../lib/gcc/arm-none-eabi/7.2.1/../../../../arm-none-eabi/lib/thumb/v7e-m/fpv4-sp/hard\libg.a(lib_a-dtoa.o)
 .text          0x0000081c        0x0 c:/ti/ccs1011/ccs/tools/compiler/gcc-arm-none-eabi-7-2017-q4-major-win32/bin/../lib/gcc/arm-none-eabi/7.2.1/../../../../arm-none-eabi/lib/thumb/v7e-m/fpv4-sp/hard\libg.a(lib_a-fflush.o)
 .text          0x0000081c        0x0 c:/ti/ccs1011/ccs/tools/compiler/gcc-arm-none-eabi-7-2017-q4-major-win32/bin/../lib/gcc/arm-none-eabi/7.2.1/../../../../arm-none-eabi/lib/thumb/v7e-m/fpv4-sp/hard\libg.a(lib_a-findfp.o)
 .text          0x0000081c        0x0 c:/ti/ccs1011/ccs/tools/compiler/gcc-arm-none-eabi-7-2017-q4-major-win32/bin/../lib/gcc/arm-none-eabi/7.2.1/../../../../arm-none-eabi/lib/thumb/v7e-m/fpv4-sp/hard\libg.a(lib_a-fini.o)
 .text          0x0000081c        0x0 c:/ti/ccs1011/ccs/tools/compiler/gcc-arm-none-eabi-7-2017-q4-major-win32/bin/../lib/gcc/arm-none-eabi/7.2.1/../../../../arm-none-eabi/lib/thumb/v7e-m/fpv4-sp/hard\libg.a(lib_a-freer.o)
 .text          0x0000081c        0x0 c:/ti/ccs1011/ccs/tools/compiler/gcc-arm-none-eabi-7-2017-q4-major-win32/bin/../lib/gcc/arm-none-eabi/7.2.1/../../../../arm-none-eabi/lib/thumb/v7e-m/fpv4-sp/hard\libg.a(lib_a-fwalk.o)
 .text          0x0000081c        0x0 c:/ti/ccs1011/ccs/tools/compiler/gcc-arm-none-eabi-7-2017-q4-major-win32/bin/../lib/gcc/arm-none-eabi/7.2.1/../../../../arm-none-eabi/lib/thumb/v7e-m/fpv4-sp/hard\libg.a(lib_a-localeconv.o)
 .text          0x0000081c        0x0 c:/ti/ccs1011/ccs/tools/compiler/gcc-arm-none-eabi-7-2017-q4-major-win32/bin/../lib/gcc/arm-none-eabi/7.2.1/../../../../arm-none-eabi/lib/thumb/v7e-m/fpv4-sp/hard\libg.a(lib_a-lock.o)
 .text          0x0000081c        0x0 c:/ti/ccs1011/ccs/tools/compiler/gcc-arm-none-eabi-7-2017-q4-major-win32/bin/../lib/gcc/arm-none-eabi/7.2.1/../../../../arm-none-eabi/lib/thumb/v7e-m/fpv4-sp/hard\libg.a(lib_a-makebuf.o)
 .text          0x0000081c        0x0 c:/ti/ccs1011/ccs/tools/compiler/gcc-arm-none-eabi-7-2017-q4-major-win32/bin/../lib/gcc/arm-none-eabi/7.2.1/../../../../arm-none-eabi/lib/thumb/v7e-m/fpv4-sp/hard\libg.a(lib_a-mallocr.o)
 *fill*         0x0000081c        0x4 
 .text          0x00000820       0xa0 c:/ti/ccs1011/ccs/tools/compiler/gcc-arm-none-eabi-7-2017-q4-major-win32/bin/../lib/gcc/arm-none-eabi/7.2.1/../../../../arm-none-eabi/lib/thumb/v7e-m/fpv4-sp/hard\libg.a(lib_a-memchr.o)
                0x00000820                memchr
 .text          0x000008c0        0x0 c:/ti/ccs1011/ccs/tools/compiler/gcc-arm-none-eabi-7-2017-q4-major-win32/bin/../lib/gcc/arm-none-eabi/7.2.1/../../../../arm-none-eabi/lib/thumb/v7e-m/fpv4-sp/hard\libg.a(lib_a-mlock.o)
 .text          0x000008c0        0x0 c:/ti/ccs1011/ccs/tools/compiler/gcc-arm-none-eabi-7-2017-q4-major-win32/bin/../lib/gcc/arm-none-eabi/7.2.1/../../../../arm-none-eabi/lib/thumb/v7e-m/fpv4-sp/hard\libg.a(lib_a-mprec.o)
 .text          0x000008c0        0x0 c:/ti/ccs1011/ccs/tools/compiler/gcc-arm-none-eabi-7-2017-q4-major-win32/bin/../lib/gcc/arm-none-eabi/7.2.1/../../../../arm-none-eabi/lib/thumb/v7e-m/fpv4-sp/hard\libg.a(lib_a-sbrkr.o)
 .text          0x000008c0        0x0 c:/ti/ccs1011/ccs/tools/compiler/gcc-arm-none-eabi-7-2017-q4-major-win32/bin/../lib/gcc/arm-none-eabi/7.2.1/../../../../arm-none-eabi/lib/thumb/v7e-m/fpv4-sp/hard\libg.a(lib_a-stdio.o)
 .text          0x000008c0        0x0 c:/ti/ccs1011/ccs/tools/compiler/gcc-arm-none-eabi-7-2017-q4-major-win32/bin/../lib/gcc/arm-none-eabi/7.2.1/../../../../arm-none-eabi/lib/thumb/v7e-m/fpv4-sp/hard\libg.a(lib_a-svfiprintf.o)
 .text          0x000008c0        0x0 c:/ti/ccs1011/ccs/tools/compiler/gcc-arm-none-eabi-7-2017-q4-major-win32/bin/../lib/gcc/arm-none-eabi/7.2.1/../../../../arm-none-eabi/lib/thumb/v7e-m/fpv4-sp/hard\libg.a(lib_a-vfiprintf.o)
 .text          0x000008c0        0x0 c:/ti/ccs1011/ccs/tools/compiler/gcc-arm-none-eabi-7-2017-q4-major-win32/bin/../lib/gcc/arm-none-eabi/7.2.1/../../../../arm-none-eabi/lib/thumb/v7e-m/fpv4-sp/hard\libg.a(lib_a-writer.o)
 .text          0x000008c0        0x0 c:/ti/ccs1011/ccs/tools/compiler/gcc-arm-none-eabi-7-2017-q4-major-win32/bin/../lib/gcc/arm-none-eabi/7.2.1/../../../../arm-none-eabi/lib/thumb/v7e-m/fpv4-sp/hard\libg.a(lib_a-__atexit.o)
 .text          0x000008c0        0x0 c:/ti/ccs1011/ccs/tools/compiler/gcc-arm-none-eabi-7-2017-q4-major-win32/bin/../lib/gcc/arm-none-eabi/7.2.1/../../../../arm-none-eabi/lib/thumb/v7e-m/fpv4-sp/hard\libg.a(lib_a-callocr.o)
 .text          0x000008c0        0x0 c:/ti/ccs1011/ccs/tools/compiler/gcc-arm-none-eabi-7-2017-q4-major-win32/bin/../lib/gcc/arm-none-eabi/7.2.1/../../../../arm-none-eabi/lib/thumb/v7e-m/fpv4-sp/hard\libg.a(lib_a-closer.o)
 .text          0x000008c0        0x0 c:/ti/ccs1011/ccs/tools/compiler/gcc-arm-none-eabi-7-2017-q4-major-win32/bin/../lib/gcc/arm-none-eabi/7.2.1/../../../../arm-none-eabi/lib/thumb/v7e-m/fpv4-sp/hard\libg.a(lib_a-fclose.o)
 .text          0x000008c0        0x0 c:/ti/ccs1011/ccs/tools/compiler/gcc-arm-none-eabi-7-2017-q4-major-win32/bin/../lib/gcc/arm-none-eabi/7.2.1/../../../../arm-none-eabi/lib/thumb/v7e-m/fpv4-sp/hard\libg.a(lib_a-fputwc.o)
 .text          0x000008c0        0x0 c:/ti/ccs1011/ccs/tools/compiler/gcc-arm-none-eabi-7-2017-q4-major-win32/bin/../lib/gcc/arm-none-eabi/7.2.1/../../../../arm-none-eabi/lib/thumb/v7e-m/fpv4-sp/hard\libg.a(lib_a-fstatr.o)
 .text          0x000008c0        0x0 c:/ti/ccs1011/ccs/tools/compiler/gcc-arm-none-eabi-7-2017-q4-major-win32/bin/../lib/gcc/arm-none-eabi/7.2.1/../../../../arm-none-eabi/lib/thumb/v7e-m/fpv4-sp/hard\libg.a(lib_a-fvwrite.o)
 .text          0x000008c0        0x0 c:/ti/ccs1011/ccs/tools/compiler/gcc-arm-none-eabi-7-2017-q4-major-win32/bin/../lib/gcc/arm-none-eabi/7.2.1/../../../../arm-none-eabi/lib/thumb/v7e-m/fpv4-sp/hard\libg.a(lib_a-isattyr.o)
 .text          0x000008c0        0x0 c:/ti/ccs1011/ccs/tools/compiler/gcc-arm-none-eabi-7-2017-q4-major-win32/bin/../lib/gcc/arm-none-eabi/7.2.1/../../../../arm-none-eabi/lib/thumb/v7e-m/fpv4-sp/hard\libg.a(lib_a-lseekr.o)
 .text          0x000008c0        0x0 c:/ti/ccs1011/ccs/tools/compiler/gcc-arm-none-eabi-7-2017-q4-major-win32/bin/../lib/gcc/arm-none-eabi/7.2.1/../../../../arm-none-eabi/lib/thumb/v7e-m/fpv4-sp/hard\libg.a(lib_a-readr.o)
 .text          0x000008c0        0x0 c:/ti/ccs1011/ccs/tools/compiler/gcc-arm-none-eabi-7-2017-q4-major-win32/bin/../lib/gcc/arm-none-eabi/7.2.1/../../../../arm-none-eabi/lib/thumb/v7e-m/fpv4-sp/hard\libg.a(lib_a-reallocr.o)
 .text          0x000008c0        0x0 c:/ti/ccs1011/ccs/tools/compiler/gcc-arm-none-eabi-7-2017-q4-major-win32/bin/../lib/gcc/arm-none-eabi/7.2.1/../../../../arm-none-eabi/lib/thumb/v7e-m/fpv4-sp/hard\libg.a(lib_a-wbuf.o)
 .text          0x000008c0        0x0 c:/ti/ccs1011/ccs/tools/compiler/gcc-arm-none-eabi-7-2017-q4-major-win32/bin/../lib/gcc/arm-none-eabi/7.2.1/../../../../arm-none-eabi/lib/thumb/v7e-m/fpv4-sp/hard\libg.a(lib_a-wcrtomb.o)
 .text          0x000008c0      0x378 c:/ti/ccs1011/ccs/tools/compiler/gcc-arm-none-eabi-7-2017-q4-major-win32/bin/../lib/gcc/arm-none-eabi/7.2.1/thumb/v7e-m/fpv4-sp/hard\libgcc.a(_arm_addsubdf3.o)
                0x000008c0                __aeabi_drsub
                0x000008c8                __aeabi_dsub
                0x000008c8                __subdf3
                0x000008cc                __aeabi_dadd
                0x000008cc                __adddf3
                0x00000b44                __floatunsidf
                0x00000b44                __aeabi_ui2d
                0x00000b64                __floatsidf
                0x00000b64                __aeabi_i2d
                0x00000b88                __aeabi_f2d
                0x00000b88                __extendsfdf2
                0x00000bcc                __floatundidf
                0x00000bcc                __aeabi_ul2d
                0x00000bdc                __floatdidf
                0x00000bdc                __aeabi_l2d
 .text          0x00000c38      0x424 c:/ti/ccs1011/ccs/tools/compiler/gcc-arm-none-eabi-7-2017-q4-major-win32/bin/../lib/gcc/arm-none-eabi/7.2.1/thumb/v7e-m/fpv4-sp/hard\libgcc.a(_arm_muldivdf3.o)
                0x00000c38                __aeabi_dmul
                0x00000c38                __muldf3
                0x00000e8c                __divdf3
                0x00000e8c                __aeabi_ddiv
 .text          0x0000105c      0x110 c:/ti/ccs1011/ccs/tools/compiler/gcc-arm-none-eabi-7-2017-q4-major-win32/bin/../lib/gcc/arm-none-eabi/7.2.1/thumb/v7e-m/fpv4-sp/hard\libgcc.a(_arm_cmpdf2.o)
                0x0000105c                __gtdf2
                0x0000105c                __gedf2
                0x00001064                __ltdf2
                0x00001064                __ledf2
                0x0000106c                __nedf2
                0x0000106c                __eqdf2
                0x0000106c                __cmpdf2
                0x000010e8                __aeabi_cdrcmple
                0x000010f8                __aeabi_cdcmpeq
                0x000010f8                __aeabi_cdcmple
                0x00001108                __aeabi_dcmpeq
                0x0000111c                __aeabi_dcmplt
                0x00001130                __aeabi_dcmple
                0x00001144                __aeabi_dcmpge
                0x00001158                __aeabi_dcmpgt
 .text          0x0000116c       0x2c c:/ti/ccs1011/ccs/tools/compiler/gcc-arm-none-eabi-7-2017-q4-major-win32/bin/../lib/gcc/arm-none-eabi/7.2.1/thumb/v7e-m/fpv4-sp/hard\libgcc.a(_arm_unorddf2.o)
                0x0000116c                __unorddf2
                0x0000116c                __aeabi_dcmpun
 .text          0x00001198       0x50 c:/ti/ccs1011/ccs/tools/compiler/gcc-arm-none-eabi-7-2017-q4-major-win32/bin/../lib/gcc/arm-none-eabi/7.2.1/thumb/v7e-m/fpv4-sp/hard\libgcc.a(_arm_fixdfsi.o)
                0x00001198                __aeabi_d2iz
                0x00001198                __fixdfsi
 .text          0x000011e8       0x30 c:/ti/ccs1011/ccs/tools/compiler/gcc-arm-none-eabi-7-2017-q4-major-win32/bin/../lib/gcc/arm-none-eabi/7.2.1/thumb/v7e-m/fpv4-sp/hard\libgcc.a(_aeabi_uldivmod.o)
                0x000011e8                __aeabi_uldivmod
 .text          0x00001218      0x2cc c:/ti/ccs1011/ccs/tools/compiler/gcc-arm-none-eabi-7-2017-q4-major-win32/bin/../lib/gcc/arm-none-eabi/7.2.1/thumb/v7e-m/fpv4-sp/hard\libgcc.a(_udivmoddi4.o)
                0x00001218                __udivmoddi4
 .text          0x000014e4        0x4 c:/ti/ccs1011/ccs/tools/compiler/gcc-arm-none-eabi-7-2017-q4-major-win32/bin/../lib/gcc/arm-none-eabi/7.2.1/thumb/v7e-m/fpv4-sp/hard\libgcc.a(_dvmd_tls.o)
                0x000014e4                __aeabi_idiv0
                0x000014e4                __aeabi_ldiv0
 .text          0x000014e8        0x0 c:/ti/ccs1011/ccs/tools/compiler/gcc-arm-none-eabi-7-2017-q4-major-win32/bin/../lib/gcc/arm-none-eabi/7.2.1/../../../../arm-none-eabi/lib/thumb/v7e-m/fpv4-sp/hard\libnosys.a(close.o)
 .text          0x000014e8        0x0 c:/ti/ccs1011/ccs/tools/compiler/gcc-arm-none-eabi-7-2017-q4-major-win32/bin/../lib/gcc/arm-none-eabi/7.2.1/../../../../arm-none-eabi/lib/thumb/v7e-m/fpv4-sp/hard\libnosys.a(fstat.o)
 .text          0x000014e8        0x0 c:/ti/ccs1011/ccs/tools/compiler/gcc-arm-none-eabi-7-2017-q4-major-win32/bin/../lib/gcc/arm-none-eabi/7.2.1/../../../../arm-none-eabi/lib/thumb/v7e-m/fpv4-sp/hard\libnosys.a(isatty.o)
 .text          0x000014e8        0x0 c:/ti/ccs1011/ccs/tools/compiler/gcc-arm-none-eabi-7-2017-q4-major-win32/bin/../lib/gcc/arm-none-eabi/7.2.1/../../../../arm-none-eabi/lib/thumb/v7e-m/fpv4-sp/hard\libnosys.a(lseek.o)
 .text          0x000014e8        0x0 c:/ti/ccs1011/ccs/tools/compiler/gcc-arm-none-eabi-7-2017-q4-major-win32/bin/../lib/gcc/arm-none-eabi/7.2.1/../../../../arm-none-eabi/lib/thumb/v7e-m/fpv4-sp/hard\libnosys.a(read.o)
 .text          0x000014e8        0x0 c:/ti/ccs1011/ccs/tools/compiler/gcc-arm-none-eabi-7-2017-q4-major-win32/bin/../lib/gcc/arm-none-eabi/7.2.1/../../../../arm-none-eabi/lib/thumb/v7e-m/fpv4-sp/hard\libnosys.a(sbrk.o)
 .text          0x000014e8        0x0 c:/ti/ccs1011/ccs/tools/compiler/gcc-arm-none-eabi-7-2017-q4-major-win32/bin/../lib/gcc/arm-none-eabi/7.2.1/../../../../arm-none-eabi/lib/thumb/v7e-m/fpv4-sp/hard\libnosys.a(write.o)
 .text          0x000014e8        0x0 c:/ti/ccs1011/ccs/tools/compiler/gcc-arm-none-eabi-7-2017-q4-major-win32/bin/../lib/gcc/arm-none-eabi/7.2.1/../../../../arm-none-eabi/lib/thumb/v7e-m/fpv4-sp/hard\libnosys.a(_exit.o)
 .text          0x000014e8        0x0 c:/ti/ccs1011/ccs/tools/compiler/gcc-arm-none-eabi-7-2017-q4-major-win32/bin/../lib/gcc/arm-none-eabi/7.2.1/thumb/v7e-m/fpv4-sp/hard/crtend.o
 .text          0x000014e8        0x0 c:/ti/ccs1011/ccs/tools/compiler/gcc-arm-none-eabi-7-2017-q4-major-win32/bin/../lib/gcc/arm-none-eabi/7.2.1/thumb/v7e-m/fpv4-sp/hard/crtn.o
 *(.text.*)
 .text.UpLwIP   0x000014e8       0xb8 ./main.o
                0x000014e8                UpLwIP
 .text.task1    0x000015a0       0x50 ./main.o
                0x000015a0                task1
 .text.task2    0x000015f0       0x54 ./main.o
                0x000015f0                task2
 .text.DisplayIPAddress
                0x00001644       0x2c ./main.o
                0x00001644                DisplayIPAddress
 .text.lwIPHostTimerHandler
                0x00001670       0x44 ./main.o
                0x00001670                lwIPHostTimerHandler
 .text.main     0x000016b4       0x9c ./main.o
                0x000016b4                main
 .text.NmiSR    0x00001750        0x2 ./tm4c1294ncpdt_startup_ccs_gcc.o
 .text.FaultISR
                0x00001752        0x2 ./tm4c1294ncpdt_startup_ccs_gcc.o
 .text.IntDefaultHandler
                0x00001754        0x2 ./tm4c1294ncpdt_startup_ccs_gcc.o
 *fill*         0x00001756        0x2 
 .text.ResetISR
                0x00001758       0x50 ./tm4c1294ncpdt_startup_ccs_gcc.o
                0x00001758                ResetISR
 .text.PinoutSet
                0x000017a8      0x1a0 ./Drivers/pinout.o
                0x000017a8                PinoutSet
 .text.LEDWrite
                0x00001948       0x98 ./Drivers/pinout.o
                0x00001948                LEDWrite
 .text.LEDRead  0x000019e0       0x5c ./Drivers/pinout.o
                0x000019e0                LEDRead
 .text.makeFreeRtosPriority
                0x00001a3c        0xc ./FreeRTOS/CMSIS_RTOS/cmsis_os.o
 .text.makeCmsisPriority
                0x00001a48        0xe ./FreeRTOS/CMSIS_RTOS/cmsis_os.o
 .text.inHandlerMode
                0x00001a56        0xc ./FreeRTOS/CMSIS_RTOS/cmsis_os.o
 .text.osKernelStart
                0x00001a62        0xa ./FreeRTOS/CMSIS_RTOS/cmsis_os.o
                0x00001a62                osKernelStart
 .text.osKernelRunning
                0x00001a6c       0x12 ./FreeRTOS/CMSIS_RTOS/cmsis_os.o
                0x00001a6c                osKernelRunning
 .text.osKernelSysTick
                0x00001a7e       0x14 ./FreeRTOS/CMSIS_RTOS/cmsis_os.o
                0x00001a7e                osKernelSysTick
 .text.osThreadCreate
                0x00001a92       0x34 ./FreeRTOS/CMSIS_RTOS/cmsis_os.o
                0x00001a92                osThreadCreate
 .text.osThreadGetId
                0x00001ac6        0x8 ./FreeRTOS/CMSIS_RTOS/cmsis_os.o
                0x00001ac6                osThreadGetId
 .text.osThreadTerminate
                0x00001ace        0xa ./FreeRTOS/CMSIS_RTOS/cmsis_os.o
                0x00001ace                osThreadTerminate
 .text.osThreadYield
                0x00001ad8       0x18 ./FreeRTOS/CMSIS_RTOS/cmsis_os.o
                0x00001ad8                osThreadYield
 .text.osThreadSetPriority
                0x00001af0       0x16 ./FreeRTOS/CMSIS_RTOS/cmsis_os.o
                0x00001af0                osThreadSetPriority
 .text.osThreadGetPriority
                0x00001b06       0x22 ./FreeRTOS/CMSIS_RTOS/cmsis_os.o
                0x00001b06                osThreadGetPriority
 .text.osDelay  0x00001b28       0x12 ./FreeRTOS/CMSIS_RTOS/cmsis_os.o
                0x00001b28                osDelay
 *fill*         0x00001b3a        0x2 
 .text.osTimerCreate
                0x00001b3c       0x28 ./FreeRTOS/CMSIS_RTOS/cmsis_os.o
                0x00001b3c                osTimerCreate
 .text.osTimerStart
                0x00001b64       0x6c ./FreeRTOS/CMSIS_RTOS/cmsis_os.o
                0x00001b64                osTimerStart
 .text.osTimerStop
                0x00001bd0       0x64 ./FreeRTOS/CMSIS_RTOS/cmsis_os.o
                0x00001bd0                osTimerStop
 .text.osTimerDelete
                0x00001c34       0x30 ./FreeRTOS/CMSIS_RTOS/cmsis_os.o
                0x00001c34                osTimerDelete
 .text.osSignalSet
                0x00001c64       0x6c ./FreeRTOS/CMSIS_RTOS/cmsis_os.o
                0x00001c64                osSignalSet
 .text.osSignalWait
                0x00001cd0       0x6a ./FreeRTOS/CMSIS_RTOS/cmsis_os.o
                0x00001cd0                osSignalWait
 .text.osMutexCreate
                0x00001d3a        0xa ./FreeRTOS/CMSIS_RTOS/cmsis_os.o
                0x00001d3a                osMutexCreate
 .text.osMutexWait
                0x00001d44       0x70 ./FreeRTOS/CMSIS_RTOS/cmsis_os.o
                0x00001d44                osMutexWait
 .text.osMutexRelease
                0x00001db4       0x5c ./FreeRTOS/CMSIS_RTOS/cmsis_os.o
                0x00001db4                osMutexRelease
 .text.osMutexDelete
                0x00001e10       0x18 ./FreeRTOS/CMSIS_RTOS/cmsis_os.o
                0x00001e10                osMutexDelete
 .text.osSemaphoreCreate
                0x00001e28       0x2c ./FreeRTOS/CMSIS_RTOS/cmsis_os.o
                0x00001e28                osSemaphoreCreate
 .text.osSemaphoreWait
                0x00001e54       0x70 ./FreeRTOS/CMSIS_RTOS/cmsis_os.o
                0x00001e54                osSemaphoreWait
 .text.osSemaphoreRelease
                0x00001ec4       0x5c ./FreeRTOS/CMSIS_RTOS/cmsis_os.o
                0x00001ec4                osSemaphoreRelease
 .text.osSemaphoreDelete
                0x00001f20       0x18 ./FreeRTOS/CMSIS_RTOS/cmsis_os.o
                0x00001f20                osSemaphoreDelete
 .text.osPoolCreate
                0x00001f38       0x68 ./FreeRTOS/CMSIS_RTOS/cmsis_os.o
                0x00001f38                osPoolCreate
 .text.osPoolAlloc
                0x00001fa0       0x6c ./FreeRTOS/CMSIS_RTOS/cmsis_os.o
                0x00001fa0                osPoolAlloc
 .text.osPoolCAlloc
                0x0000200c       0x12 ./FreeRTOS/CMSIS_RTOS/cmsis_os.o
                0x0000200c                osPoolCAlloc
 .text.osPoolFree
                0x0000201e       0x40 ./FreeRTOS/CMSIS_RTOS/cmsis_os.o
                0x0000201e                osPoolFree
 .text.osMessageCreate
                0x0000205e        0xe ./FreeRTOS/CMSIS_RTOS/cmsis_os.o
                0x0000205e                osMessageCreate
 .text.osMessagePut
                0x0000206c       0x68 ./FreeRTOS/CMSIS_RTOS/cmsis_os.o
                0x0000206c                osMessagePut
 .text.osMessageGet
                0x000020d4       0xa0 ./FreeRTOS/CMSIS_RTOS/cmsis_os.o
                0x000020d4                osMessageGet
 .text.osMailCreate
                0x00002174       0x66 ./FreeRTOS/CMSIS_RTOS/cmsis_os.o
                0x00002174                osMailCreate
 .text.osMailAlloc
                0x000021da       0x10 ./FreeRTOS/CMSIS_RTOS/cmsis_os.o
                0x000021da                osMailAlloc
 .text.osMailCAlloc
                0x000021ea       0x22 ./FreeRTOS/CMSIS_RTOS/cmsis_os.o
                0x000021ea                osMailCAlloc
 .text.osMailPut
                0x0000220c       0x68 ./FreeRTOS/CMSIS_RTOS/cmsis_os.o
                0x0000220c                osMailPut
 .text.osMailGet
                0x00002274       0x9c ./FreeRTOS/CMSIS_RTOS/cmsis_os.o
                0x00002274                osMailGet
 .text.osMailFree
                0x00002310       0x10 ./FreeRTOS/CMSIS_RTOS/cmsis_os.o
                0x00002310                osMailFree
 .text.osSystickHandler
                0x00002320        0x8 ./FreeRTOS/CMSIS_RTOS/cmsis_os.o
                0x00002320                osSystickHandler
 .text.osThreadSuspend
                0x00002328        0xa ./FreeRTOS/CMSIS_RTOS/cmsis_os.o
                0x00002328                osThreadSuspend
 *fill*         0x00002332        0x2 
 .text.osThreadResume
                0x00002334       0x34 ./FreeRTOS/CMSIS_RTOS/cmsis_os.o
                0x00002334                osThreadResume
 .text.osThreadSuspendAll
                0x00002368        0xa ./FreeRTOS/CMSIS_RTOS/cmsis_os.o
                0x00002368                osThreadSuspendAll
 .text.osThreadResumeAll
                0x00002372       0x12 ./FreeRTOS/CMSIS_RTOS/cmsis_os.o
                0x00002372                osThreadResumeAll
 .text.osDelayUntil
                0x00002384       0x12 ./FreeRTOS/CMSIS_RTOS/cmsis_os.o
                0x00002384                osDelayUntil
 .text.osAbortDelay
                0x00002396        0x4 ./FreeRTOS/CMSIS_RTOS/cmsis_os.o
                0x00002396                osAbortDelay
 .text.osThreadList
                0x0000239a        0x4 ./FreeRTOS/CMSIS_RTOS/cmsis_os.o
                0x0000239a                osThreadList
 .text.osMessagePeek
                0x0000239e       0x58 ./FreeRTOS/CMSIS_RTOS/cmsis_os.o
                0x0000239e                osMessagePeek
 .text.osMessageWaiting
                0x000023f6       0x1a ./FreeRTOS/CMSIS_RTOS/cmsis_os.o
                0x000023f6                osMessageWaiting
 .text.osMessageAvailableSpace
                0x00002410        0x8 ./FreeRTOS/CMSIS_RTOS/cmsis_os.o
                0x00002410                osMessageAvailableSpace
 .text.osMessageDelete
                0x00002418       0x18 ./FreeRTOS/CMSIS_RTOS/cmsis_os.o
                0x00002418                osMessageDelete
 .text.osRecursiveMutexCreate
                0x00002430        0xa ./FreeRTOS/CMSIS_RTOS/cmsis_os.o
                0x00002430                osRecursiveMutexCreate
 .text.osRecursiveMutexRelease
                0x0000243a       0x12 ./FreeRTOS/CMSIS_RTOS/cmsis_os.o
                0x0000243a                osRecursiveMutexRelease
 .text.osRecursiveMutexWait
                0x0000244c       0x28 ./FreeRTOS/CMSIS_RTOS/cmsis_os.o
                0x0000244c                osRecursiveMutexWait
 .text.osSemaphoreGetCount
                0x00002474        0x8 ./FreeRTOS/CMSIS_RTOS/cmsis_os.o
                0x00002474                osSemaphoreGetCount
 .text.prvTestWaitCondition
                0x0000247c       0x1c ./FreeRTOS/event_groups.o
 .text.xEventGroupCreate
                0x00002498       0x1a ./FreeRTOS/event_groups.o
                0x00002498                xEventGroupCreate
 *fill*         0x000024b2        0x2 
 .text.xEventGroupWaitBits
                0x000024b4      0x10c ./FreeRTOS/event_groups.o
                0x000024b4                xEventGroupWaitBits
 .text.xEventGroupClearBits
                0x000025c0       0x46 ./FreeRTOS/event_groups.o
                0x000025c0                xEventGroupClearBits
 .text.xEventGroupGetBitsFromISR
                0x00002606       0x1c ./FreeRTOS/event_groups.o
                0x00002606                xEventGroupGetBitsFromISR
 .text.xEventGroupSetBits
                0x00002622       0x8c ./FreeRTOS/event_groups.o
                0x00002622                xEventGroupSetBits
 *fill*         0x000026ae        0x2 
 .text.xEventGroupSync
                0x000026b0       0xd4 ./FreeRTOS/event_groups.o
                0x000026b0                xEventGroupSync
 .text.vEventGroupDelete
                0x00002784       0x3e ./FreeRTOS/event_groups.o
                0x00002784                vEventGroupDelete
 .text.vEventGroupSetBitsCallback
                0x000027c2        0x8 ./FreeRTOS/event_groups.o
                0x000027c2                vEventGroupSetBitsCallback
 .text.vEventGroupClearBitsCallback
                0x000027ca        0x8 ./FreeRTOS/event_groups.o
                0x000027ca                vEventGroupClearBitsCallback
 .text.vListInitialise
                0x000027d2       0x16 ./FreeRTOS/list.o
                0x000027d2                vListInitialise
 .text.vListInitialiseItem
                0x000027e8        0x6 ./FreeRTOS/list.o
                0x000027e8                vListInitialiseItem
 .text.vListInsertEnd
                0x000027ee       0x18 ./FreeRTOS/list.o
                0x000027ee                vListInsertEnd
 .text.vListInsert
                0x00002806       0x34 ./FreeRTOS/list.o
                0x00002806                vListInsert
 .text.uxListRemove
                0x0000283a       0x28 ./FreeRTOS/list.o
                0x0000283a                uxListRemove
 .text.prvGetDisinheritPriorityAfterTimeout
                0x00002862       0x12 ./FreeRTOS/queue.o
 .text.prvIsQueueFull
                0x00002874       0x1e ./FreeRTOS/queue.o
 .text.prvIsQueueEmpty
                0x00002892       0x1a ./FreeRTOS/queue.o
 .text.prvCopyDataToQueue
                0x000028ac       0x76 ./FreeRTOS/queue.o
 .text.prvCopyDataFromQueue
                0x00002922       0x24 ./FreeRTOS/queue.o
 .text.prvUnlockQueue
                0x00002946       0x6e ./FreeRTOS/queue.o
 .text.xQueueGenericReset
                0x000029b4       0x84 ./FreeRTOS/queue.o
                0x000029b4                xQueueGenericReset
 .text.prvInitialiseNewQueue
                0x00002a38       0x1c ./FreeRTOS/queue.o
 .text.xQueueGenericCreate
                0x00002a54       0x5e ./FreeRTOS/queue.o
                0x00002a54                xQueueGenericCreate
 .text.xQueueCreateCountingSemaphore
                0x00002ab2       0x40 ./FreeRTOS/queue.o
                0x00002ab2                xQueueCreateCountingSemaphore
 *fill*         0x00002af2        0x2 
 .text.xQueueGenericSend
                0x00002af4      0x17c ./FreeRTOS/queue.o
                0x00002af4                xQueueGenericSend
 .text.prvInitialiseMutex
                0x00002c70       0x18 ./FreeRTOS/queue.o
 .text.xQueueCreateMutex
                0x00002c88       0x16 ./FreeRTOS/queue.o
                0x00002c88                xQueueCreateMutex
 .text.xQueueGiveMutexRecursive
                0x00002c9e       0x40 ./FreeRTOS/queue.o
                0x00002c9e                xQueueGiveMutexRecursive
 .text.xQueueGenericSendFromISR
                0x00002cde       0xe4 ./FreeRTOS/queue.o
                0x00002cde                xQueueGenericSendFromISR
 .text.xQueueGiveFromISR
                0x00002dc2       0xc8 ./FreeRTOS/queue.o
                0x00002dc2                xQueueGiveFromISR
 *fill*         0x00002e8a        0x2 
 .text.xQueueReceive
                0x00002e8c      0x158 ./FreeRTOS/queue.o
                0x00002e8c                xQueueReceive
 .text.xQueueSemaphoreTake
                0x00002fe4      0x19c ./FreeRTOS/queue.o
                0x00002fe4                xQueueSemaphoreTake
 .text.xQueueTakeMutexRecursive
                0x00003180       0x44 ./FreeRTOS/queue.o
                0x00003180                xQueueTakeMutexRecursive
 .text.xQueuePeek
                0x000031c4      0x158 ./FreeRTOS/queue.o
                0x000031c4                xQueuePeek
 .text.xQueueReceiveFromISR
                0x0000331c       0xc0 ./FreeRTOS/queue.o
                0x0000331c                xQueueReceiveFromISR
 .text.xQueuePeekFromISR
                0x000033dc       0x7c ./FreeRTOS/queue.o
                0x000033dc                xQueuePeekFromISR
 .text.uxQueueMessagesWaiting
                0x00003458       0x26 ./FreeRTOS/queue.o
                0x00003458                uxQueueMessagesWaiting
 .text.uxQueueSpacesAvailable
                0x0000347e       0x2a ./FreeRTOS/queue.o
                0x0000347e                uxQueueSpacesAvailable
 .text.uxQueueMessagesWaitingFromISR
                0x000034a8       0x18 ./FreeRTOS/queue.o
                0x000034a8                uxQueueMessagesWaitingFromISR
 .text.xQueueIsQueueEmptyFromISR
                0x000034c0       0x20 ./FreeRTOS/queue.o
                0x000034c0                xQueueIsQueueEmptyFromISR
 .text.xQueueIsQueueFullFromISR
                0x000034e0       0x24 ./FreeRTOS/queue.o
                0x000034e0                xQueueIsQueueFullFromISR
 .text.vQueueAddToRegistry
                0x00003504       0x28 ./FreeRTOS/queue.o
                0x00003504                vQueueAddToRegistry
 .text.pcQueueGetName
                0x0000352c       0x28 ./FreeRTOS/queue.o
                0x0000352c                pcQueueGetName
 .text.vQueueUnregisterQueue
                0x00003554       0x2c ./FreeRTOS/queue.o
                0x00003554                vQueueUnregisterQueue
 .text.vQueueDelete
                0x00003580       0x24 ./FreeRTOS/queue.o
                0x00003580                vQueueDelete
 .text.vQueueWaitForMessageRestricted
                0x000035a4       0x52 ./FreeRTOS/queue.o
                0x000035a4                vQueueWaitForMessageRestricted
 .text.prvBytesInBuffer
                0x000035f6       0x12 ./FreeRTOS/stream_buffer.o
 .text.prvInitialiseNewStreamBuffer
                0x00003608       0x40 ./FreeRTOS/stream_buffer.o
 .text.prvWriteBytesToBuffer
                0x00003648       0x8c ./FreeRTOS/stream_buffer.o
 .text.prvWriteMessageToBuffer
                0x000036d4       0x48 ./FreeRTOS/stream_buffer.o
 .text.prvReadBytesFromBuffer
                0x0000371c       0x96 ./FreeRTOS/stream_buffer.o
 .text.prvReadMessageFromBuffer
                0x000037b2       0x44 ./FreeRTOS/stream_buffer.o
 .text.xStreamBufferGenericCreate
                0x000037f6       0x74 ./FreeRTOS/stream_buffer.o
                0x000037f6                xStreamBufferGenericCreate
 .text.vStreamBufferDelete
                0x0000386a       0x2e ./FreeRTOS/stream_buffer.o
                0x0000386a                vStreamBufferDelete
 .text.xStreamBufferReset
                0x00003898       0x4a ./FreeRTOS/stream_buffer.o
                0x00003898                xStreamBufferReset
 .text.xStreamBufferSetTriggerLevel
                0x000038e2       0x2a ./FreeRTOS/stream_buffer.o
                0x000038e2                xStreamBufferSetTriggerLevel
 .text.xStreamBufferSpacesAvailable
                0x0000390c       0x2a ./FreeRTOS/stream_buffer.o
                0x0000390c                xStreamBufferSpacesAvailable
 .text.xStreamBufferBytesAvailable
                0x00003936       0x1c ./FreeRTOS/stream_buffer.o
                0x00003936                xStreamBufferBytesAvailable
 .text.xStreamBufferSend
                0x00003952      0x138 ./FreeRTOS/stream_buffer.o
                0x00003952                xStreamBufferSend
 .text.xStreamBufferSendFromISR
                0x00003a8a       0xa2 ./FreeRTOS/stream_buffer.o
                0x00003a8a                xStreamBufferSendFromISR
 .text.xStreamBufferReceive
                0x00003b2c       0xe6 ./FreeRTOS/stream_buffer.o
                0x00003b2c                xStreamBufferReceive
 .text.xStreamBufferNextMessageLengthBytes
                0x00003c12       0x5a ./FreeRTOS/stream_buffer.o
                0x00003c12                xStreamBufferNextMessageLengthBytes
 .text.xStreamBufferReceiveFromISR
                0x00003c6c       0x9c ./FreeRTOS/stream_buffer.o
                0x00003c6c                xStreamBufferReceiveFromISR
 .text.xStreamBufferIsEmpty
                0x00003d08       0x24 ./FreeRTOS/stream_buffer.o
                0x00003d08                xStreamBufferIsEmpty
 .text.xStreamBufferIsFull
                0x00003d2c       0x38 ./FreeRTOS/stream_buffer.o
                0x00003d2c                xStreamBufferIsFull
 .text.xStreamBufferSendCompletedFromISR
                0x00003d64       0x54 ./FreeRTOS/stream_buffer.o
                0x00003d64                xStreamBufferSendCompletedFromISR
 .text.xStreamBufferReceiveCompletedFromISR
                0x00003db8       0x54 ./FreeRTOS/stream_buffer.o
                0x00003db8                xStreamBufferReceiveCompletedFromISR
 .text.prvTaskIsTaskSuspended
                0x00003e0c       0x40 ./FreeRTOS/tasks.o
 .text.prvResetNextTaskUnblockTime
                0x00003e4c       0x28 ./FreeRTOS/tasks.o
 .text.prvDeleteTCB
                0x00003e74       0x12 ./FreeRTOS/tasks.o
 .text.prvInitialiseNewTask
                0x00003e86       0x8c ./FreeRTOS/tasks.o
 *fill*         0x00003f12        0x2 
 .text.prvInitialiseTaskLists
                0x00003f14       0x68 ./FreeRTOS/tasks.o
 .text.prvAddNewTaskToReadyList
                0x00003f7c       0xa8 ./FreeRTOS/tasks.o
 .text.prvCheckTasksWaitingTermination
                0x00004024       0x4c ./FreeRTOS/tasks.o
 .text.prvIdleTask
                0x00004070       0x28 ./FreeRTOS/tasks.o
 .text.prvAddCurrentTaskToDelayedList
                0x00004098       0x98 ./FreeRTOS/tasks.o
 .text.xTaskCreate
                0x00004130       0x62 ./FreeRTOS/tasks.o
                0x00004130                xTaskCreate
 *fill*         0x00004192        0x2 
 .text.vTaskDelete
                0x00004194       0xe0 ./FreeRTOS/tasks.o
                0x00004194                vTaskDelete
 .text.uxTaskPriorityGet
                0x00004274       0x20 ./FreeRTOS/tasks.o
                0x00004274                uxTaskPriorityGet
 .text.uxTaskPriorityGetFromISR
                0x00004294       0x30 ./FreeRTOS/tasks.o
                0x00004294                uxTaskPriorityGetFromISR
 .text.vTaskPrioritySet
                0x000042c4       0xdc ./FreeRTOS/tasks.o
                0x000042c4                vTaskPrioritySet
 .text.vTaskResume
                0x000043a0       0x84 ./FreeRTOS/tasks.o
                0x000043a0                vTaskResume
 .text.xTaskResumeFromISR
                0x00004424       0xa4 ./FreeRTOS/tasks.o
                0x00004424                xTaskResumeFromISR
 .text.vTaskStartScheduler
                0x000044c8       0x88 ./FreeRTOS/tasks.o
                0x000044c8                vTaskStartScheduler
 .text.vTaskEndScheduler
                0x00004550       0x24 ./FreeRTOS/tasks.o
                0x00004550                vTaskEndScheduler
 .text.vTaskSuspendAll
                0x00004574       0x10 ./FreeRTOS/tasks.o
                0x00004574                vTaskSuspendAll
 .text.xTaskGetTickCount
                0x00004584        0xc ./FreeRTOS/tasks.o
                0x00004584                xTaskGetTickCount
 .text.xTaskGetTickCountFromISR
                0x00004590       0x10 ./FreeRTOS/tasks.o
                0x00004590                xTaskGetTickCountFromISR
 .text.uxTaskGetNumberOfTasks
                0x000045a0        0xc ./FreeRTOS/tasks.o
                0x000045a0                uxTaskGetNumberOfTasks
 .text.pcTaskGetName
                0x000045ac       0x28 ./FreeRTOS/tasks.o
                0x000045ac                pcTaskGetName
 .text.xTaskIncrementTick
                0x000045d4      0x118 ./FreeRTOS/tasks.o
                0x000045d4                xTaskIncrementTick
 .text.xTaskResumeAll
                0x000046ec       0xf4 ./FreeRTOS/tasks.o
                0x000046ec                xTaskResumeAll
 .text.vTaskDelayUntil
                0x000047e0       0xa4 ./FreeRTOS/tasks.o
                0x000047e0                vTaskDelayUntil
 .text.vTaskDelay
                0x00004884       0x4c ./FreeRTOS/tasks.o
                0x00004884                vTaskDelay
 .text.xTaskCatchUpTicks
                0x000048d0       0x38 ./FreeRTOS/tasks.o
                0x000048d0                xTaskCatchUpTicks
 .text.vTaskSwitchContext
                0x00004908       0x98 ./FreeRTOS/tasks.o
                0x00004908                vTaskSwitchContext
 .text.vTaskSuspend
                0x000049a0       0xf8 ./FreeRTOS/tasks.o
                0x000049a0                vTaskSuspend
 .text.vTaskPlaceOnEventList
                0x00004a98       0x30 ./FreeRTOS/tasks.o
                0x00004a98                vTaskPlaceOnEventList
 .text.vTaskPlaceOnUnorderedEventList
                0x00004ac8       0x5c ./FreeRTOS/tasks.o
                0x00004ac8                vTaskPlaceOnUnorderedEventList
 .text.vTaskPlaceOnEventListRestricted
                0x00004b24       0x38 ./FreeRTOS/tasks.o
                0x00004b24                vTaskPlaceOnEventListRestricted
 .text.xTaskRemoveFromEventList
                0x00004b5c       0x8c ./FreeRTOS/tasks.o
                0x00004b5c                xTaskRemoveFromEventList
 .text.vTaskRemoveFromUnorderedEventList
                0x00004be8       0x88 ./FreeRTOS/tasks.o
                0x00004be8                vTaskRemoveFromUnorderedEventList
 .text.vTaskSetTimeOutState
                0x00004c70       0x38 ./FreeRTOS/tasks.o
                0x00004c70                vTaskSetTimeOutState
 .text.vTaskInternalSetTimeOutState
                0x00004ca8       0x18 ./FreeRTOS/tasks.o
                0x00004ca8                vTaskInternalSetTimeOutState
 .text.xTaskCheckForTimeOut
                0x00004cc0       0x84 ./FreeRTOS/tasks.o
                0x00004cc0                xTaskCheckForTimeOut
 .text.vTaskMissedYield
                0x00004d44        0xc ./FreeRTOS/tasks.o
                0x00004d44                vTaskMissedYield
 .text.xTaskGetCurrentTaskHandle
                0x00004d50        0xc ./FreeRTOS/tasks.o
                0x00004d50                xTaskGetCurrentTaskHandle
 .text.xTaskGetSchedulerState
                0x00004d5c       0x20 ./FreeRTOS/tasks.o
                0x00004d5c                xTaskGetSchedulerState
 .text.xTaskPriorityInherit
                0x00004d7c       0xac ./FreeRTOS/tasks.o
                0x00004d7c                xTaskPriorityInherit
 .text.xTaskPriorityDisinherit
                0x00004e28       0xa4 ./FreeRTOS/tasks.o
                0x00004e28                xTaskPriorityDisinherit
 .text.vTaskPriorityDisinheritAfterTimeout
                0x00004ecc       0xb4 ./FreeRTOS/tasks.o
                0x00004ecc                vTaskPriorityDisinheritAfterTimeout
 .text.uxTaskResetEventItemValue
                0x00004f80       0x18 ./FreeRTOS/tasks.o
                0x00004f80                uxTaskResetEventItemValue
 .text.pvTaskIncrementMutexHeldCount
                0x00004f98       0x1c ./FreeRTOS/tasks.o
                0x00004f98                pvTaskIncrementMutexHeldCount
 .text.ulTaskGenericNotifyTake
                0x00004fb4       0xac ./FreeRTOS/tasks.o
                0x00004fb4                ulTaskGenericNotifyTake
 .text.xTaskGenericNotifyWait
                0x00005060       0xd0 ./FreeRTOS/tasks.o
                0x00005060                xTaskGenericNotifyWait
 .text.xTaskGenericNotify
                0x00005130      0x14c ./FreeRTOS/tasks.o
                0x00005130                xTaskGenericNotify
 .text.xTaskGenericNotifyFromISR
                0x0000527c      0x180 ./FreeRTOS/tasks.o
                0x0000527c                xTaskGenericNotifyFromISR
 .text.vTaskGenericNotifyGiveFromISR
                0x000053fc       0xec ./FreeRTOS/tasks.o
                0x000053fc                vTaskGenericNotifyGiveFromISR
 .text.xTaskGenericNotifyStateClear
                0x000054e8       0x4c ./FreeRTOS/tasks.o
                0x000054e8                xTaskGenericNotifyStateClear
 .text.ulTaskGenericNotifyValueClear
                0x00005534       0x34 ./FreeRTOS/tasks.o
                0x00005534                ulTaskGenericNotifyValueClear
 .text.prvGetNextExpireTime
                0x00005568       0x20 ./FreeRTOS/timers.o
 .text.prvInsertTimerInActiveList
                0x00005588       0x48 ./FreeRTOS/timers.o
 .text.prvCheckForValidListAndQueue
                0x000055d0       0x5c ./FreeRTOS/timers.o
 .text.prvInitialiseNewTimer
                0x0000562c       0x4c ./FreeRTOS/timers.o
 .text.xTimerCreateTimerTask
                0x00005678       0x50 ./FreeRTOS/timers.o
                0x00005678                xTimerCreateTimerTask
 .text.xTimerCreate
                0x000056c8       0x38 ./FreeRTOS/timers.o
                0x000056c8                xTimerCreate
 .text.xTimerGenericCommand
                0x00005700       0x6c ./FreeRTOS/timers.o
                0x00005700                xTimerGenericCommand
 .text.prvSwitchTimerLists
                0x0000576c       0x7c ./FreeRTOS/timers.o
 .text.prvSampleTimeNow
                0x000057e8       0x2c ./FreeRTOS/timers.o
 .text.prvProcessExpiredTimer
                0x00005814       0x6c ./FreeRTOS/timers.o
 .text.prvProcessTimerOrBlockTask
                0x00005880       0x74 ./FreeRTOS/timers.o
 .text.prvProcessReceivedCommands
                0x000058f4       0xfc ./FreeRTOS/timers.o
 .text.prvTimerTask
                0x000059f0       0x16 ./FreeRTOS/timers.o
 *fill*         0x00005a06        0x2 
 .text.xTimerGetTimerDaemonTaskHandle
                0x00005a08       0x20 ./FreeRTOS/timers.o
                0x00005a08                xTimerGetTimerDaemonTaskHandle
 .text.xTimerGetPeriod
                0x00005a28       0x18 ./FreeRTOS/timers.o
                0x00005a28                xTimerGetPeriod
 .text.vTimerSetReloadMode
                0x00005a40       0x40 ./FreeRTOS/timers.o
                0x00005a40                vTimerSetReloadMode
 .text.uxTimerGetReloadMode
                0x00005a80       0x34 ./FreeRTOS/timers.o
                0x00005a80                uxTimerGetReloadMode
 .text.xTimerGetExpiryTime
                0x00005ab4       0x18 ./FreeRTOS/timers.o
                0x00005ab4                xTimerGetExpiryTime
 .text.pcTimerGetName
                0x00005acc       0x18 ./FreeRTOS/timers.o
                0x00005acc                pcTimerGetName
 .text.xTimerIsTimerActive
                0x00005ae4       0x34 ./FreeRTOS/timers.o
                0x00005ae4                xTimerIsTimerActive
 .text.pvTimerGetTimerID
                0x00005b18       0x26 ./FreeRTOS/timers.o
                0x00005b18                pvTimerGetTimerID
 .text.vTimerSetTimerID
                0x00005b3e       0x26 ./FreeRTOS/timers.o
                0x00005b3e                vTimerSetTimerID
 .text.prvTaskExitError
                0x00005b64       0x40 ./FreeRTOS/portable/GCC/ARM_CM4F/port.o
 .text.prvPortStartFirstTask
                0x00005ba4       0x28 ./FreeRTOS/portable/GCC/ARM_CM4F/port.o
 .text.vPortEnableVFP
                0x00005bcc       0x14 ./FreeRTOS/portable/GCC/ARM_CM4F/port.o
 .text.pxPortInitialiseStack
                0x00005be0       0x2c ./FreeRTOS/portable/GCC/ARM_CM4F/port.o
                0x00005be0                pxPortInitialiseStack
 *fill*         0x00005c0c        0x4 
 .text.vPortSVCHandler
                0x00005c10       0x24 ./FreeRTOS/portable/GCC/ARM_CM4F/port.o
                0x00005c10                vPortSVCHandler
 .text.vPortEndScheduler
                0x00005c34       0x24 ./FreeRTOS/portable/GCC/ARM_CM4F/port.o
                0x00005c34                vPortEndScheduler
 .text.vPortEnterCritical
                0x00005c58       0x44 ./FreeRTOS/portable/GCC/ARM_CM4F/port.o
                0x00005c58                vPortEnterCritical
 .text.vPortExitCritical
                0x00005c9c       0x2c ./FreeRTOS/portable/GCC/ARM_CM4F/port.o
                0x00005c9c                vPortExitCritical
 *fill*         0x00005cc8        0x8 
 .text.xPortPendSVHandler
                0x00005cd0       0x64 ./FreeRTOS/portable/GCC/ARM_CM4F/port.o
                0x00005cd0                xPortPendSVHandler
 .text.xPortSysTickHandler
                0x00005d34       0x2c ./FreeRTOS/portable/GCC/ARM_CM4F/port.o
                0x00005d34                xPortSysTickHandler
 .text.vPortSetupTimerInterrupt
                0x00005d60       0x28 ./FreeRTOS/portable/GCC/ARM_CM4F/port.o
                0x00005d60                vPortSetupTimerInterrupt
 .text.xPortStartScheduler
                0x00005d88      0x110 ./FreeRTOS/portable/GCC/ARM_CM4F/port.o
                0x00005d88                xPortStartScheduler
 .text.vPortValidateInterruptPriority
                0x00005e98       0x5c ./FreeRTOS/portable/GCC/ARM_CM4F/port.o
                0x00005e98                vPortValidateInterruptPriority
 .text.prvHeapInit
                0x00005ef4       0x64 ./FreeRTOS/portable/MemMang/heap_4.o
 .text.prvInsertBlockIntoFreeList
                0x00005f58       0x58 ./FreeRTOS/portable/MemMang/heap_4.o
 .text.pvPortMalloc
                0x00005fb0      0x114 ./FreeRTOS/portable/MemMang/heap_4.o
                0x00005fb0                pvPortMalloc
 .text.vPortFree
                0x000060c4       0x7c ./FreeRTOS/portable/MemMang/heap_4.o
                0x000060c4                vPortFree
 .text.xPortGetFreeHeapSize
                0x00006140        0xc ./FreeRTOS/portable/MemMang/heap_4.o
                0x00006140                xPortGetFreeHeapSize
 .text.xPortGetMinimumEverFreeHeapSize
                0x0000614c        0xc ./FreeRTOS/portable/MemMang/heap_4.o
                0x0000614c                xPortGetMinimumEverFreeHeapSize
 .text.vPortInitialiseBlocks
                0x00006158        0x2 ./FreeRTOS/portable/MemMang/heap_4.o
                0x00006158                vPortInitialiseBlocks
 *fill*         0x0000615a        0x2 
 .text.vPortGetHeapStats
                0x0000615c       0x80 ./FreeRTOS/portable/MemMang/heap_4.o
                0x0000615c                vPortGetHeapStats
 .text.fs_open  0x000061dc       0x48 ./lwip/apps/httpserver_raw/fs.o
                0x000061dc                fs_open
 .text.fs_close
                0x00006224        0x2 ./lwip/apps/httpserver_raw/fs.o
                0x00006224                fs_close
 .text.fs_bytes_left
                0x00006226        0x8 ./lwip/apps/httpserver_raw/fs.o
                0x00006226                fs_bytes_left
 *fill*         0x0000622e        0x2 
 .text.httpd_init_pcb
                0x00006230       0x6c ./lwip/apps/httpserver_raw/httpd.o
 .text.get_http_content_length
                0x0000629c       0x80 ./lwip/apps/httpserver_raw/httpd.o
 .text.http_write
                0x0000631c       0x98 ./lwip/apps/httpserver_raw/httpd.o
 .text.http_send_data_nonssi
                0x000063b4       0x42 ./lwip/apps/httpserver_raw/httpd.o
 *fill*         0x000063f6        0x2 
 .text.get_tag_insert
                0x000063f8      0x11c ./lwip/apps/httpserver_raw/httpd.o
 .text.http_send_data_ssi
                0x00006514      0x388 ./lwip/apps/httpserver_raw/httpd.o
 .text.http_ssi_state_free
                0x0000689c        0xc ./lwip/apps/httpserver_raw/httpd.o
 .text.http_state_eof
                0x000068a8       0x2a ./lwip/apps/httpserver_raw/httpd.o
 .text.http_state_free
                0x000068d2       0x14 ./lwip/apps/httpserver_raw/httpd.o
 *fill*         0x000068e6        0x2 
 .text.http_close_or_abort_conn
                0x000068e8       0x60 ./lwip/apps/httpserver_raw/httpd.o
 .text.http_close_conn
                0x00006948        0xa ./lwip/apps/httpserver_raw/httpd.o
 .text.http_eof
                0x00006952        0x8 ./lwip/apps/httpserver_raw/httpd.o
 *fill*         0x0000695a        0x2 
 .text.http_check_eof
                0x0000695c       0x48 ./lwip/apps/httpserver_raw/httpd.o
 .text.http_send_headers
                0x000069a4      0x11e ./lwip/apps/httpserver_raw/httpd.o
 .text.http_send
                0x00006ac2       0x78 ./lwip/apps/httpserver_raw/httpd.o
 .text.http_sent
                0x00006b3a       0x1c ./lwip/apps/httpserver_raw/httpd.o
 .text.http_err
                0x00006b56        0xc ./lwip/apps/httpserver_raw/httpd.o
 .text.http_poll
                0x00006b62       0x42 ./lwip/apps/httpserver_raw/httpd.o
 .text.http_get_404_file
                0x00006ba4       0x44 ./lwip/apps/httpserver_raw/httpd.o
 .text.extract_uri_parameters
                0x00006be8       0x7a ./lwip/apps/httpserver_raw/httpd.o
 *fill*         0x00006c62        0x2 
 .text.http_uri_is_ssi
                0x00006c64       0x60 ./lwip/apps/httpserver_raw/httpd.o
 .text.http_ssi_state_alloc
                0x00006cc4       0x18 ./lwip/apps/httpserver_raw/httpd.o
 .text.http_state_init
                0x00006cdc       0x14 ./lwip/apps/httpserver_raw/httpd.o
 .text.http_state_alloc
                0x00006cf0       0x14 ./lwip/apps/httpserver_raw/httpd.o
 .text.http_accept
                0x00006d04       0x6c ./lwip/apps/httpserver_raw/httpd.o
 .text.get_http_headers
                0x00006d70      0x118 ./lwip/apps/httpserver_raw/httpd.o
 .text.http_init_file
                0x00006e88       0xd8 ./lwip/apps/httpserver_raw/httpd.o
 .text.http_find_file
                0x00006f60      0x19c ./lwip/apps/httpserver_raw/httpd.o
 .text.http_parse_request
                0x000070fc      0x150 ./lwip/apps/httpserver_raw/httpd.o
 .text.http_recv
                0x0000724c       0xb0 ./lwip/apps/httpserver_raw/httpd.o
 .text.httpd_init
                0x000072fc       0x34 ./lwip/apps/httpserver_raw/httpd.o
                0x000072fc                httpd_init
 .text.http_set_ssi_handler
                0x00007330       0x70 ./lwip/apps/httpserver_raw/httpd.o
                0x00007330                http_set_ssi_handler
 .text.http_set_cgi_handlers
                0x000073a0       0x50 ./lwip/apps/httpserver_raw/httpd.o
                0x000073a0                http_set_cgi_handlers
 .text.lwIPPrivateInit
                0x000073f0       0xc4 ./lwip/lwiplib.o
 .text.lwIPLinkDetect
                0x000074b4       0x7c ./lwip/lwiplib.o
 .text.lwIPPrivateLinkTimer
                0x00007530       0x18 ./lwip/lwiplib.o
 .text.lwIPPrivateNetworkConfigChange
                0x00007548       0xa0 ./lwip/lwiplib.o
 .text.lwIPPrivateHostTimer
                0x000075e8       0x18 ./lwip/lwiplib.o
 .text.lwIPInterruptTask
                0x00007600       0x44 ./lwip/lwiplib.o
 .text.lwIPInit
                0x00007644      0x114 ./lwip/lwiplib.o
                0x00007644                lwIPInit
 .text.lwIPTimerCallbackRegister
                0x00007758        0xc ./lwip/lwiplib.o
                0x00007758                lwIPTimerCallbackRegister
 .text.lwIPEthernetIntHandler
                0x00007764       0x90 ./lwip/lwiplib.o
                0x00007764                lwIPEthernetIntHandler
 .text.lwIPLocalIPAddrGet
                0x000077f4       0x1c ./lwip/lwiplib.o
                0x000077f4                lwIPLocalIPAddrGet
 .text.lwIPLocalNetMaskGet
                0x00007810        0xc ./lwip/lwiplib.o
                0x00007810                lwIPLocalNetMaskGet
 .text.lwIPLocalGWAddrGet
                0x0000781c        0xc ./lwip/lwiplib.o
                0x0000781c                lwIPLocalGWAddrGet
 .text.lwIPLocalMACGet
                0x00007828       0x1c ./lwip/lwiplib.o
                0x00007828                lwIPLocalMACGet
 .text.lwIPNetworkConfigChange
                0x00007844       0x28 ./lwip/lwiplib.o
                0x00007844                lwIPNetworkConfigChange
 .text.tivaif_process_transmit
                0x0000786c       0x56 ./lwip/port/tiva-tm4c129.o
 *fill*         0x000078c2        0x2 
 .text.tivaif_check_pbuf
                0x000078c4       0x50 ./lwip/port/tiva-tm4c129.o
 .text.tivaif_transmit
                0x00007914      0x11c ./lwip/port/tiva-tm4c129.o
 .text.tivaif_receive
                0x00007a30      0x146 ./lwip/port/tiva-tm4c129.o
 *fill*         0x00007b76        0x2 
 .text.InitDMADescriptors
                0x00007b78       0xf4 ./lwip/port/tiva-tm4c129.o
                0x00007b78                InitDMADescriptors
 .text.tivaif_hwinit
                0x00007c6c       0xbc ./lwip/port/tiva-tm4c129.o
 .text.tivaif_init
                0x00007d28       0x58 ./lwip/port/tiva-tm4c129.o
                0x00007d28                tivaif_init
 .text.tivaif_process_phy_interrupt
                0x00007d80       0xa0 ./lwip/port/tiva-tm4c129.o
                0x00007d80                tivaif_process_phy_interrupt
 .text.tivaif_interrupt
                0x00007e20       0x58 ./lwip/port/tiva-tm4c129.o
                0x00007e20                tivaif_interrupt
 .text.netconn_apimsg
                0x00007e78       0x18 ./lwip/src/api/api_lib.o
 .text.netconn_tcp_recvd_msg
                0x00007e90       0x40 ./lwip/src/api/api_lib.o
 .text.netconn_close_shutdown
                0x00007ed0       0x44 ./lwip/src/api/api_lib.o
 .text.netconn_new_with_proto_and_callback
                0x00007f14       0xb8 ./lwip/src/api/api_lib.o
                0x00007f14                netconn_new_with_proto_and_callback
 .text.netconn_prepare_delete
                0x00007fcc       0x24 ./lwip/src/api/api_lib.o
                0x00007fcc                netconn_prepare_delete
 .text.netconn_delete
                0x00007ff0       0x1c ./lwip/src/api/api_lib.o
                0x00007ff0                netconn_delete
 .text.netconn_getaddr
                0x0000800c       0x74 ./lwip/src/api/api_lib.o
                0x0000800c                netconn_getaddr
 .text.netconn_bind
                0x00008080       0x4c ./lwip/src/api/api_lib.o
                0x00008080                netconn_bind
 .text.netconn_bind_if
                0x000080cc       0x40 ./lwip/src/api/api_lib.o
                0x000080cc                netconn_bind_if
 .text.netconn_connect
                0x0000810c       0x4c ./lwip/src/api/api_lib.o
                0x0000810c                netconn_connect
 .text.netconn_disconnect
                0x00008158       0x3c ./lwip/src/api/api_lib.o
                0x00008158                netconn_disconnect
 .text.netconn_listen_with_backlog
                0x00008194       0x3c ./lwip/src/api/api_lib.o
                0x00008194                netconn_listen_with_backlog
 .text.netconn_tcp_recvd
                0x000081d0       0x3c ./lwip/src/api/api_lib.o
                0x000081d0                netconn_tcp_recvd
 .text.netconn_send
                0x0000820c       0x3c ./lwip/src/api/api_lib.o
                0x0000820c                netconn_send
 .text.netconn_sendto
                0x00008248       0x20 ./lwip/src/api/api_lib.o
                0x00008248                netconn_sendto
 .text.netconn_write_vectors_partly
                0x00008268      0x114 ./lwip/src/api/api_lib.o
                0x00008268                netconn_write_vectors_partly
 .text.netconn_write_partly
                0x0000837c       0x1a ./lwip/src/api/api_lib.o
                0x0000837c                netconn_write_partly
 .text.netconn_close
                0x00008396        0xa ./lwip/src/api/api_lib.o
                0x00008396                netconn_close
 .text.netconn_err
                0x000083a0       0x1e ./lwip/src/api/api_lib.o
                0x000083a0                netconn_err
 *fill*         0x000083be        0x2 
 .text.netconn_accept
                0x000083c0       0xd8 ./lwip/src/api/api_lib.o
                0x000083c0                netconn_accept
 .text.netconn_recv_data
                0x00008498      0x138 ./lwip/src/api/api_lib.o
 .text.netconn_recv_udp_raw_netbuf
                0x000085d0       0x38 ./lwip/src/api/api_lib.o
                0x000085d0                netconn_recv_udp_raw_netbuf
 .text.netconn_recv_udp_raw_netbuf_flags
                0x00008608       0x34 ./lwip/src/api/api_lib.o
                0x00008608                netconn_recv_udp_raw_netbuf_flags
 .text.netconn_recv_data_tcp
                0x0000863c       0xac ./lwip/src/api/api_lib.o
 .text.netconn_recv_tcp_pbuf
                0x000086e8       0x38 ./lwip/src/api/api_lib.o
                0x000086e8                netconn_recv_tcp_pbuf
 .text.netconn_recv_tcp_pbuf_flags
                0x00008720       0x34 ./lwip/src/api/api_lib.o
                0x00008720                netconn_recv_tcp_pbuf_flags
 .text.netconn_recv
                0x00008754       0xb8 ./lwip/src/api/api_lib.o
                0x00008754                netconn_recv
 .text.netconn_shutdown
                0x0000880c       0x1a ./lwip/src/api/api_lib.o
                0x0000880c                netconn_shutdown
 *fill*         0x00008826        0x2 
 .text.netconn_gethostbyname
                0x00008828       0x84 ./lwip/src/api/api_lib.o
                0x00008828                netconn_gethostbyname
 .text.lwip_netconn_err_to_msg
                0x000088ac       0x50 ./lwip/src/api/api_msg.o
 .text.recv_udp
                0x000088fc       0xc4 ./lwip/src/api/api_msg.o
 .text.setup_tcp
                0x000089c0       0x40 ./lwip/src/api/api_msg.o
 .text.pcb_new  0x00008a00       0x88 ./lwip/src/api/api_msg.o
 .text.err_tcp  0x00008a88      0x12c ./lwip/src/api/api_msg.o
 .text.lwip_netconn_do_connected
                0x00008bb4       0xcc ./lwip/src/api/api_msg.o
 .text.lwip_netconn_do_dns_found
                0x00008c80       0x22 ./lwip/src/api/api_msg.o
 *fill*         0x00008ca2        0x2 
 .text.lwip_netconn_do_writemore
                0x00008ca4      0x2c8 ./lwip/src/api/api_msg.o
 .text.lwip_netconn_do_close_internal
                0x00008f6c      0x22c ./lwip/src/api/api_msg.o
 .text.poll_tcp
                0x00009198       0x7c ./lwip/src/api/api_msg.o
 .text.sent_tcp
                0x00009214       0x78 ./lwip/src/api/api_msg.o
 .text.recv_tcp
                0x0000928c       0xcc ./lwip/src/api/api_msg.o
 .text.lwip_netconn_is_err_msg
                0x00009358       0x5c ./lwip/src/api/api_msg.o
                0x00009358                lwip_netconn_is_err_msg
 .text.lwip_netconn_do_newconn
                0x000093b4       0x14 ./lwip/src/api/api_msg.o
                0x000093b4                lwip_netconn_do_newconn
 .text.netconn_alloc
                0x000093c8       0x90 ./lwip/src/api/api_msg.o
                0x000093c8                netconn_alloc
 .text.netconn_free
                0x00009458       0x78 ./lwip/src/api/api_msg.o
                0x00009458                netconn_free
 .text.netconn_drain
                0x000094d0       0xa8 ./lwip/src/api/api_msg.o
 .text.accept_function
                0x00009578      0x128 ./lwip/src/api/api_msg.o
 .text.lwip_netconn_do_delconn
                0x000096a0      0x148 ./lwip/src/api/api_msg.o
                0x000096a0                lwip_netconn_do_delconn
 .text.lwip_netconn_do_bind
                0x000097e8       0x3a ./lwip/src/api/api_msg.o
                0x000097e8                lwip_netconn_do_bind
 .text.lwip_netconn_do_bind_if
                0x00009822       0x46 ./lwip/src/api/api_msg.o
                0x00009822                lwip_netconn_do_bind_if
 .text.lwip_netconn_do_connect
                0x00009868      0x10c ./lwip/src/api/api_msg.o
                0x00009868                lwip_netconn_do_connect
 .text.lwip_netconn_do_disconnect
                0x00009974       0x22 ./lwip/src/api/api_msg.o
                0x00009974                lwip_netconn_do_disconnect
 *fill*         0x00009996        0x2 
 .text.lwip_netconn_do_listen
                0x00009998       0xdc ./lwip/src/api/api_msg.o
                0x00009998                lwip_netconn_do_listen
 .text.lwip_netconn_do_send
                0x00009a74       0x4c ./lwip/src/api/api_msg.o
                0x00009a74                lwip_netconn_do_send
 .text.lwip_netconn_do_recv
                0x00009ac0       0x3c ./lwip/src/api/api_msg.o
                0x00009ac0                lwip_netconn_do_recv
 .text.lwip_netconn_do_write
                0x00009afc       0xd8 ./lwip/src/api/api_msg.o
                0x00009afc                lwip_netconn_do_write
 .text.lwip_netconn_do_getaddr
                0x00009bd4       0x9c ./lwip/src/api/api_msg.o
                0x00009bd4                lwip_netconn_do_getaddr
 .text.lwip_netconn_do_close
                0x00009c70       0xd0 ./lwip/src/api/api_msg.o
                0x00009c70                lwip_netconn_do_close
 .text.lwip_netconn_do_gethostbyname
                0x00009d40       0x70 ./lwip/src/api/api_msg.o
                0x00009d40                lwip_netconn_do_gethostbyname
 .text.err_to_errno
                0x00009db0       0x20 ./lwip/src/api/err.o
                0x00009db0                err_to_errno
 .text.lwip_if_indextoname
                0x00009dd0       0x10 ./lwip/src/api/if_api.o
                0x00009dd0                lwip_if_indextoname
 .text.lwip_if_nametoindex
                0x00009de0        0x4 ./lwip/src/api/if_api.o
                0x00009de0                lwip_if_nametoindex
 .text.netbuf_new
                0x00009de4       0x1a ./lwip/src/api/netbuf.o
                0x00009de4                netbuf_new
 .text.netbuf_delete
                0x00009dfe       0x20 ./lwip/src/api/netbuf.o
                0x00009dfe                netbuf_delete
 *fill*         0x00009e1e        0x2 
 .text.netbuf_alloc
                0x00009e20       0x60 ./lwip/src/api/netbuf.o
                0x00009e20                netbuf_alloc
 .text.netbuf_free
                0x00009e80       0x30 ./lwip/src/api/netbuf.o
                0x00009e80                netbuf_free
 .text.netbuf_ref
                0x00009eb0       0x5c ./lwip/src/api/netbuf.o
                0x00009eb0                netbuf_ref
 .text.netbuf_chain
                0x00009f0c       0x4c ./lwip/src/api/netbuf.o
                0x00009f0c                netbuf_chain
 .text.netbuf_data
                0x00009f58       0x6c ./lwip/src/api/netbuf.o
                0x00009f58                netbuf_data
 .text.netbuf_next
                0x00009fc4       0x3c ./lwip/src/api/netbuf.o
                0x00009fc4                netbuf_next
 .text.netbuf_first
                0x0000a000       0x24 ./lwip/src/api/netbuf.o
                0x0000a000                netbuf_first
 .text.lwip_gethostbyname
                0x0000a024       0x68 ./lwip/src/api/netdb.o
                0x0000a024                lwip_gethostbyname
 .text.lwip_gethostbyname_r
                0x0000a08c       0xb0 ./lwip/src/api/netdb.o
                0x0000a08c                lwip_gethostbyname_r
 .text.lwip_freeaddrinfo
                0x0000a13c       0x18 ./lwip/src/api/netdb.o
                0x0000a13c                lwip_freeaddrinfo
 .text.lwip_getaddrinfo
                0x0000a154      0x164 ./lwip/src/api/netdb.o
                0x0000a154                lwip_getaddrinfo
 .text.tryget_socket_unconn_nouse
                0x0000a2b8       0x14 ./lwip/src/api/sockets.o
 .text.tryget_socket_unconn
                0x0000a2cc        0x8 ./lwip/src/api/sockets.o
 .text.tryget_socket_unconn_locked
                0x0000a2d4        0x8 ./lwip/src/api/sockets.o
 .text.tryget_socket
                0x0000a2dc       0x1a ./lwip/src/api/sockets.o
 *fill*         0x0000a2f6        0x2 
 .text.get_socket
                0x0000a2f8       0x1c ./lwip/src/api/sockets.o
 .text.free_socket_locked
                0x0000a314       0x12 ./lwip/src/api/sockets.o
 .text.lwip_poll_should_wake
                0x0000a326       0x4c ./lwip/src/api/sockets.o
 *fill*         0x0000a372        0x2 
 .text.lwip_sockopt_to_ipopt
                0x0000a374       0x30 ./lwip/src/api/sockets.o
 .text.alloc_socket
                0x0000a3a4       0x88 ./lwip/src/api/sockets.o
 .text.lwip_selscan
                0x0000a42c      0x1a8 ./lwip/src/api/sockets.o
 .text.lwip_pollscan
                0x0000a5d4      0x148 ./lwip/src/api/sockets.o
 .text.lwip_link_select_cb
                0x0000a71c       0x28 ./lwip/src/api/sockets.o
 .text.lwip_unlink_select_cb
                0x0000a744       0x70 ./lwip/src/api/sockets.o
 .text.lwip_sock_make_addr
                0x0000a7b4       0xa0 ./lwip/src/api/sockets.o
 .text.lwip_recv_tcp_from
                0x0000a854       0x3e ./lwip/src/api/sockets.o
 *fill*         0x0000a892        0x2 
 .text.lwip_getaddrname
                0x0000a894       0x80 ./lwip/src/api/sockets.o
 .text.free_socket_free_elements
                0x0000a914       0x22 ./lwip/src/api/sockets.o
 .text.free_socket
                0x0000a936       0x34 ./lwip/src/api/sockets.o
 *fill*         0x0000a96a        0x2 
 .text.lwip_recv_tcp
                0x0000a96c      0x17c ./lwip/src/api/sockets.o
 .text.lwip_recvfrom_udp_raw
                0x0000aae8      0x114 ./lwip/src/api/sockets.o
 .text.select_check_waiters
                0x0000abfc       0xa8 ./lwip/src/api/sockets.o
 .text.event_callback
                0x0000aca4       0xf0 ./lwip/src/api/sockets.o
 .text.lwip_getsockopt_impl
                0x0000ad94      0x2a4 ./lwip/src/api/sockets.o
 .text.lwip_setsockopt_impl
                0x0000b038      0x294 ./lwip/src/api/sockets.o
 .text.lwip_socket_thread_init
                0x0000b2cc        0x2 ./lwip/src/api/sockets.o
                0x0000b2cc                lwip_socket_thread_init
 .text.lwip_socket_thread_cleanup
                0x0000b2ce        0x2 ./lwip/src/api/sockets.o
                0x0000b2ce                lwip_socket_thread_cleanup
 .text.lwip_socket_dbg_get_socket
                0x0000b2d0        0x8 ./lwip/src/api/sockets.o
                0x0000b2d0                lwip_socket_dbg_get_socket
 .text.lwip_accept
                0x0000b2d8      0x188 ./lwip/src/api/sockets.o
                0x0000b2d8                lwip_accept
 .text.lwip_bind
                0x0000b460       0x94 ./lwip/src/api/sockets.o
                0x0000b460                lwip_bind
 .text.lwip_close
                0x0000b4f4       0x78 ./lwip/src/api/sockets.o
                0x0000b4f4                lwip_close
 .text.lwip_connect
                0x0000b56c       0x9c ./lwip/src/api/sockets.o
                0x0000b56c                lwip_connect
 .text.lwip_listen
                0x0000b608       0x60 ./lwip/src/api/sockets.o
                0x0000b608                lwip_listen
 .text.lwip_recvfrom
                0x0000b668       0xc8 ./lwip/src/api/sockets.o
                0x0000b668                lwip_recvfrom
 .text.lwip_read
                0x0000b730       0x14 ./lwip/src/api/sockets.o
                0x0000b730                lwip_read
 .text.lwip_recv
                0x0000b744       0x12 ./lwip/src/api/sockets.o
                0x0000b744                lwip_recv
 *fill*         0x0000b756        0x2 
 .text.lwip_recvmsg
                0x0000b758      0x16c ./lwip/src/api/sockets.o
                0x0000b758                lwip_recvmsg
 .text.lwip_readv
                0x0000b8c4       0x22 ./lwip/src/api/sockets.o
                0x0000b8c4                lwip_readv
 *fill*         0x0000b8e6        0x2 
 .text.lwip_sendmsg
                0x0000b8e8      0x23c ./lwip/src/api/sockets.o
                0x0000b8e8                lwip_sendmsg
 .text.lwip_sendto
                0x0000bb24      0x100 ./lwip/src/api/sockets.o
                0x0000bb24                lwip_sendto
 .text.lwip_send
                0x0000bc24       0x80 ./lwip/src/api/sockets.o
                0x0000bc24                lwip_send
 .text.lwip_socket
                0x0000bca4       0x88 ./lwip/src/api/sockets.o
                0x0000bca4                lwip_socket
 .text.lwip_write
                0x0000bd2c        0xa ./lwip/src/api/sockets.o
                0x0000bd2c                lwip_write
 .text.lwip_writev
                0x0000bd36       0x22 ./lwip/src/api/sockets.o
                0x0000bd36                lwip_writev
 .text.lwip_select
                0x0000bd58      0x29c ./lwip/src/api/sockets.o
                0x0000bd58                lwip_select
 .text.lwip_poll
                0x0000bff4       0xd4 ./lwip/src/api/sockets.o
                0x0000bff4                lwip_poll
 .text.lwip_shutdown
                0x0000c0c8       0x7c ./lwip/src/api/sockets.o
                0x0000c0c8                lwip_shutdown
 .text.lwip_getpeername
                0x0000c144        0xa ./lwip/src/api/sockets.o
                0x0000c144                lwip_getpeername
 .text.lwip_getsockname
                0x0000c14e        0xa ./lwip/src/api/sockets.o
                0x0000c14e                lwip_getsockname
 .text.lwip_getsockopt
                0x0000c158       0x68 ./lwip/src/api/sockets.o
                0x0000c158                lwip_getsockopt
 .text.lwip_setsockopt
                0x0000c1c0       0x68 ./lwip/src/api/sockets.o
                0x0000c1c0                lwip_setsockopt
 .text.lwip_ioctl
                0x0000c228       0x58 ./lwip/src/api/sockets.o
                0x0000c228                lwip_ioctl
 .text.lwip_fcntl
                0x0000c280       0xb8 ./lwip/src/api/sockets.o
                0x0000c280                lwip_fcntl
 .text.lwip_inet_ntop
                0x0000c338       0x40 ./lwip/src/api/sockets.o
                0x0000c338                lwip_inet_ntop
 .text.lwip_inet_pton
                0x0000c378       0x24 ./lwip/src/api/sockets.o
                0x0000c378                lwip_inet_pton
 .text.tcpip_timeouts_mbox_fetch
                0x0000c39c       0x60 ./lwip/src/api/tcpip.o
 .text.tcpip_thread_handle_msg
                0x0000c3fc       0x60 ./lwip/src/api/tcpip.o
 .text.tcpip_thread
                0x0000c45c       0x54 ./lwip/src/api/tcpip.o
 .text.pbuf_free_int
                0x0000c4b0        0x8 ./lwip/src/api/tcpip.o
 .text.tcpip_inpkt
                0x0000c4b8       0x68 ./lwip/src/api/tcpip.o
                0x0000c4b8                tcpip_inpkt
 .text.tcpip_input
                0x0000c520       0x24 ./lwip/src/api/tcpip.o
                0x0000c520                tcpip_input
 .text.tcpip_callback
                0x0000c544       0x50 ./lwip/src/api/tcpip.o
                0x0000c544                tcpip_callback
 .text.tcpip_try_callback
                0x0000c594       0x64 ./lwip/src/api/tcpip.o
                0x0000c594                tcpip_try_callback
 .text.tcpip_send_msg_wait_sem
                0x0000c5f8       0x20 ./lwip/src/api/tcpip.o
                0x0000c5f8                tcpip_send_msg_wait_sem
 .text.tcpip_api_call
                0x0000c618       0x24 ./lwip/src/api/tcpip.o
                0x0000c618                tcpip_api_call
 .text.tcpip_callbackmsg_new
                0x0000c63c       0x20 ./lwip/src/api/tcpip.o
                0x0000c63c                tcpip_callbackmsg_new
 .text.tcpip_callbackmsg_delete
                0x0000c65c        0xc ./lwip/src/api/tcpip.o
                0x0000c65c                tcpip_callbackmsg_delete
 .text.tcpip_callbackmsg_trycallback
                0x0000c668       0x38 ./lwip/src/api/tcpip.o
                0x0000c668                tcpip_callbackmsg_trycallback
 .text.tcpip_callbackmsg_trycallback_fromisr
                0x0000c6a0       0x38 ./lwip/src/api/tcpip.o
                0x0000c6a0                tcpip_callbackmsg_trycallback_fromisr
 .text.tcpip_init
                0x0000c6d8       0x88 ./lwip/src/api/tcpip.o
                0x0000c6d8                tcpip_init
 .text.pbuf_free_callback
                0x0000c760       0x10 ./lwip/src/api/tcpip.o
                0x0000c760                pbuf_free_callback
 .text.mem_free_callback
                0x0000c770       0x10 ./lwip/src/api/tcpip.o
                0x0000c770                mem_free_callback
 .text.lwip_htons
                0x0000c780        0xa ./lwip/src/core/def.o
                0x0000c780                lwip_htons
 .text.lwip_htonl
                0x0000c78a       0x18 ./lwip/src/core/def.o
                0x0000c78a                lwip_htonl
 .text.lwip_strnstr
                0x0000c7a2       0x4e ./lwip/src/core/def.o
                0x0000c7a2                lwip_strnstr
 .text.lwip_stricmp
                0x0000c7f0       0x3a ./lwip/src/core/def.o
                0x0000c7f0                lwip_stricmp
 .text.lwip_strnicmp
                0x0000c82a       0x42 ./lwip/src/core/def.o
                0x0000c82a                lwip_strnicmp
 .text.lwip_itoa
                0x0000c86c       0x7c ./lwip/src/core/def.o
                0x0000c86c                lwip_itoa
 .text.dns_backupserver_available
                0x0000c8e8       0x28 ./lwip/src/core/dns.o
 .text.dns_create_txid
                0x0000c910       0x38 ./lwip/src/core/dns.o
 .text.dns_call_found
                0x0000c948       0xe0 ./lwip/src/core/dns.o
 .text.dns_correct_response
                0x0000ca28       0x64 ./lwip/src/core/dns.o
 .text.dns_send
                0x0000ca8c      0x194 ./lwip/src/core/dns.o
 .text.dns_check_entry
                0x0000cc20      0x130 ./lwip/src/core/dns.o
 .text.dns_check_entries
                0x0000cd50       0x16 ./lwip/src/core/dns.o
 *fill*         0x0000cd66        0x2 
 .text.dns_lookup
                0x0000cd68       0x58 ./lwip/src/core/dns.o
 .text.dns_alloc_random_port
                0x0000cdc0       0x48 ./lwip/src/core/dns.o
 .text.dns_alloc_pcb
                0x0000ce08       0x6c ./lwip/src/core/dns.o
 .text.dns_enqueue
                0x0000ce74      0x194 ./lwip/src/core/dns.o
 .text.dns_skip_name
                0x0000d008       0x68 ./lwip/src/core/dns.o
 .text.dns_compare_name
                0x0000d070       0xbe ./lwip/src/core/dns.o
 *fill*         0x0000d12e        0x2 
 .text.dns_recv
                0x0000d130      0x1f4 ./lwip/src/core/dns.o
 .text.dns_init
                0x0000d324        0x2 ./lwip/src/core/dns.o
                0x0000d324                dns_init
 *fill*         0x0000d326        0x2 
 .text.dns_setserver
                0x0000d328       0x28 ./lwip/src/core/dns.o
                0x0000d328                dns_setserver
 .text.dns_getserver
                0x0000d350       0x18 ./lwip/src/core/dns.o
                0x0000d350                dns_getserver
 .text.dns_tmr  0x0000d368        0x8 ./lwip/src/core/dns.o
                0x0000d368                dns_tmr
 .text.dns_gethostbyname_addrtype
                0x0000d370       0x78 ./lwip/src/core/dns.o
                0x0000d370                dns_gethostbyname_addrtype
 .text.dns_gethostbyname
                0x0000d3e8       0x10 ./lwip/src/core/dns.o
                0x0000d3e8                dns_gethostbyname
 .text.lwip_standard_chksum
                0x0000d3f8       0x60 ./lwip/src/core/inet_chksum.o
                0x0000d3f8                lwip_standard_chksum
 .text.inet_cksum_pseudo_base
                0x0000d458       0x6c ./lwip/src/core/inet_chksum.o
 .text.inet_cksum_pseudo_partial_base
                0x0000d4c4       0xa8 ./lwip/src/core/inet_chksum.o
 .text.inet_chksum_pseudo
                0x0000d56c       0x28 ./lwip/src/core/inet_chksum.o
                0x0000d56c                inet_chksum_pseudo
 .text.ip_chksum_pseudo
                0x0000d594       0x10 ./lwip/src/core/inet_chksum.o
                0x0000d594                ip_chksum_pseudo
 .text.inet_chksum_pseudo_partial
                0x0000d5a4       0x30 ./lwip/src/core/inet_chksum.o
                0x0000d5a4                inet_chksum_pseudo_partial
 .text.ip_chksum_pseudo_partial
                0x0000d5d4       0x14 ./lwip/src/core/inet_chksum.o
                0x0000d5d4                ip_chksum_pseudo_partial
 .text.inet_chksum
                0x0000d5e8        0xc ./lwip/src/core/inet_chksum.o
                0x0000d5e8                inet_chksum
 .text.inet_chksum_pbuf
                0x0000d5f4       0x48 ./lwip/src/core/inet_chksum.o
                0x0000d5f4                inet_chksum_pbuf
 .text.lwip_init
                0x0000d63c       0x24 ./lwip/src/core/init.o
                0x0000d63c                lwip_init
 .text.ptr_to_mem
                0x0000d660        0xc ./lwip/src/core/mem.o
 .text.mem_to_ptr
                0x0000d66c       0x10 ./lwip/src/core/mem.o
 .text.mem_link_valid
                0x0000d67c       0x5c ./lwip/src/core/mem.o
 .text.plug_holes
                0x0000d6d8      0x100 ./lwip/src/core/mem.o
 .text.mem_init
                0x0000d7d8       0x68 ./lwip/src/core/mem.o
                0x0000d7d8                mem_init
 .text.mem_free
                0x0000d840       0xf0 ./lwip/src/core/mem.o
                0x0000d840                mem_free
 .text.mem_trim
                0x0000d930      0x19c ./lwip/src/core/mem.o
                0x0000d930                mem_trim
 .text.mem_malloc
                0x0000dacc      0x17c ./lwip/src/core/mem.o
                0x0000dacc                mem_malloc
 .text.mem_calloc
                0x0000dc48       0x24 ./lwip/src/core/mem.o
                0x0000dc48                mem_calloc
 .text.do_memp_malloc_pool
                0x0000dc6c       0x48 ./lwip/src/core/memp.o
 .text.do_memp_free_pool
                0x0000dcb4       0x3c ./lwip/src/core/memp.o
 .text.memp_init_pool
                0x0000dcf0       0x28 ./lwip/src/core/memp.o
                0x0000dcf0                memp_init_pool
 .text.memp_init
                0x0000dd18       0x20 ./lwip/src/core/memp.o
                0x0000dd18                memp_init
 .text.memp_malloc_pool
                0x0000dd38       0x30 ./lwip/src/core/memp.o
                0x0000dd38                memp_malloc_pool
 .text.memp_malloc
                0x0000dd68       0x34 ./lwip/src/core/memp.o