EN clkgen2 NULL C:/Xilinx/Projects/PR5/EX06/clkgen2.vhd sub00/vhpl08 1576263629
EN clkgen4 NULL C:/Xilinx/Projects/PR5/EX06/clkgen4.vhd sub00/vhpl10 1576263631
AR clkgen2 behavioral C:/Xilinx/Projects/PR5/EX06/clkgen2.vhd sub00/vhpl09 1576263630
AR dem2x4 behavioral C:/Xilinx/Projects/PR5/EX06/dem2x4.vhd sub00/vhpl15 1576263636
AR clkgen0 behavioral C:/Xilinx/Projects/PR5/EX06/clkgen0.vhd sub00/vhpl03 1576263624
EN decod7seg NULL C:/Xilinx/Projects/PR5/EX06/decod7seg.vhd sub00/vhpl16 1576263637
AR somachaves behavioral C:/Xilinx/Projects/PR5/EX06/somachaves.vhd sub00/vhpl07 1576263628
AR decod7seg behavioral C:/Xilinx/Projects/PR5/EX06/decod7seg.vhd sub00/vhpl17 1576263638
EN mux2x1 NULL C:/Xilinx/Projects/PR5/EX06/mux2x1.vhd sub00/vhpl12 1576263633
AR mux2x1 behavioral C:/Xilinx/Projects/PR5/EX06/mux2x1.vhd sub00/vhpl13 1576263634
PB meupacote06 meupacote06 C:/Xilinx/Projects/PR5/EX06/meupacote06.vhd sub00/vhpl01 1576263622
PH meupacote06 NULL C:/Xilinx/Projects/PR5/EX06/meupacote06.vhd sub00/vhpl00 1576263621
EN top06 NULL C:/Xilinx/Projects/PR5/EX06/top06.vhd sub00/vhpl18 1576263639
EN somachaves NULL C:/Xilinx/Projects/PR5/EX06/somachaves.vhd sub00/vhpl06 1576263627
EN contador255 NULL C:/Xilinx/Projects/PR5/EX06/contador255.vhd sub00/vhpl04 1576263625
EN dem2x4 NULL C:/Xilinx/Projects/PR5/EX06/dem2x4.vhd sub00/vhpl14 1576263635
AR top06 behavioral C:/Xilinx/Projects/PR5/EX06/top06.vhd sub00/vhpl19 1576263640
AR contador255 behavioral C:/Xilinx/Projects/PR5/EX06/contador255.vhd sub00/vhpl05 1576263626
AR clkgen4 behavioral C:/Xilinx/Projects/PR5/EX06/clkgen4.vhd sub00/vhpl11 1576263632
EN clkgen0 NULL C:/Xilinx/Projects/PR5/EX06/clkgen0.vhd sub00/vhpl02 1576263623
