V3 3
FL C:/Xilinx/Projects/somadorwvector/somadorwvector.vhd 2019/09/09.20:25:22 P.20131013
EN work/somadorwvector 1568071536 \
      FL C:/Xilinx/Projects/somadorwvector/somadorwvector.vhd \
      PB ieee/std_logic_1164 1381692176 PB ieee/NUMERIC_STD 1381692181
AR work/somadorwvector/xuxa 1568071537 \
      FL C:/Xilinx/Projects/somadorwvector/somadorwvector.vhd \
      EN work/somadorwvector 1568071536
