Release 14.7 - xst P.20131013 (nt64)
Copyright (c) 1995-2013 Xilinx, Inc.  All rights reserved.
--> Parameter TMPDIR set to xst/projnav.tmp


Total REAL time to Xst completion: 0.00 secs
Total CPU time to Xst completion: 0.13 secs
 
--> Parameter xsthdpdir set to xst


Total REAL time to Xst completion: 0.00 secs
Total CPU time to Xst completion: 0.13 secs
 
--> Reading design: divisao.prj

TABLE OF CONTENTS
  1) Synthesis Options Summary
  2) HDL Compilation
  3) Design Hierarchy Analysis
  4) HDL Analysis
  5) HDL Synthesis
     5.1) HDL Synthesis Report
  6) Advanced HDL Synthesis
     6.1) Advanced HDL Synthesis Report
  7) Low Level Synthesis
  8) Partition Report
  9) Final Report
	9.1) Device utilization summary
	9.2) Partition Resource Summary
	9.3) TIMING REPORT


=========================================================================
*                      Synthesis Options Summary                        *
=========================================================================
---- Source Parameters
Input File Name                    : "divisao.prj"
Input Format                       : mixed
Ignore Synthesis Constraint File   : NO

---- Target Parameters
Output File Name                   : "divisao"
Output Format                      : NGC
Target Device                      : xc3s100e-5-cp132

---- Source Options
Top Module Name                    : divisao
Automatic FSM Extraction           : YES
FSM Encoding Algorithm             : Auto
Safe Implementation                : No
FSM Style                          : LUT
RAM Extraction                     : Yes
RAM Style                          : Auto
ROM Extraction                     : Yes
Mux Style                          : Auto
Decoder Extraction                 : YES
Priority Encoder Extraction        : Yes
Shift Register Extraction          : YES
Logical Shifter Extraction         : YES
XOR Collapsing                     : YES
ROM Style                          : Auto
Mux Extraction                     : Yes
Resource Sharing                   : YES
Asynchronous To Synchronous        : NO
Multiplier Style                   : Auto
Automatic Register Balancing       : No

---- Target Options
Add IO Buffers                     : YES
Global Maximum Fanout              : 100000
Add Generic Clock Buffer(BUFG)     : 24
Register Duplication               : YES
Slice Packing                      : YES
Optimize Instantiated Primitives   : NO
Use Clock Enable                   : Yes
Use Synchronous Set                : Yes
Use Synchronous Reset              : Yes
Pack IO Registers into IOBs        : Auto
Equivalent register Removal        : YES

---- General Options
Optimization Goal                  : Speed
Optimization Effort                : 1
Keep Hierarchy                     : No
Netlist Hierarchy                  : As_Optimized
RTL Output                         : Yes
Global Optimization                : AllClockNets
Read Cores                         : YES
Write Timing Constraints           : NO
Cross Clock Analysis               : NO
Hierarchy Separator                : /
Bus Delimiter                      : <>
Case Specifier                     : Maintain
Slice Utilization Ratio            : 100
BRAM Utilization Ratio             : 100
Verilog 2001                       : YES
Auto BRAM Packing                  : NO
Slice Utilization Ratio Delta      : 5

=========================================================================


=========================================================================
*                          HDL Compilation                              *
=========================================================================
Compiling vhdl file "C:/Users/Ricardo/Xilinx/aps03_divisao_generate/divisao.vhd" in Library work.
Entity <divisao> compiled.
Entity <divisao> (Architecture <ent>) compiled.

=========================================================================
*                     Design Hierarchy Analysis                         *
=========================================================================
Analyzing hierarchy for entity <divisao> in library <work> (architecture <ent>) with generics.
	N = 3


=========================================================================
*                            HDL Analysis                               *
=========================================================================
Analyzing generic Entity <divisao> in library <work> (Architecture <ent>).
	N = 3
Entity <divisao> analyzed. Unit <divisao> generated.


=========================================================================
*                           HDL Synthesis                               *
=========================================================================

Performing bidirectional port resolution...

Synthesizing Unit <divisao>.
    Related source file is "C:/Users/Ricardo/Xilinx/aps03_divisao_generate/divisao.vhd".
WARNING:Xst:643 - "C:/Users/Ricardo/Xilinx/aps03_divisao_generate/divisao.vhd" line 43: The result of a 3x3-bit multiplication is partially used. Only the 3 least significant bits are used. If you are doing this on purpose, you may safely ignore this warning. Otherwise, make sure you are not losing information, leading to unexpected circuit behavior.
    Found 3x3-bit multiplier for signal <$mult0000> created at line 22.
    Found 3x3-bit multiplier for signal <$mult0001> created at line 22.
    Found 3x3-bit multiplier for signal <$mult0002> created at line 22.
    Found 3x2-bit multiplier for signal <$mult0003> created at line 22.
    Found 3-bit subtractor for signal <sai2$addsub0000> created at line 43.
    Found 3x3-bit multiplier for signal <sai2$mult0001> created at line 43.
    Found 3-bit subtractor for signal <vetor_subtracao<7:1>>.
    Found 4-bit subtractor for signal <y_0$addsub0000> created at line 23.
    Found 4-bit comparator less for signal <y_0$cmp_lt0000> created at line 23.
    Found 4-bit subtractor for signal <y_1$addsub0000> created at line 23.
    Found 4-bit comparator less for signal <y_1$cmp_lt0000> created at line 23.
    Found 4-bit subtractor for signal <y_2$addsub0000> created at line 23.
    Found 4-bit comparator less for signal <y_2$cmp_lt0000> created at line 23.
    Found 4-bit subtractor for signal <y_3$addsub0000> created at line 23.
    Found 4-bit comparator less for signal <y_3$cmp_lt0000> created at line 23.
    Found 4-bit subtractor for signal <y_4$addsub0000> created at line 23.
    Found 4-bit comparator less for signal <y_4$cmp_lt0000> created at line 23.
    Found 4-bit subtractor for signal <y_5$addsub0000> created at line 23.
    Found 4-bit comparator less for signal <y_5$cmp_lt0000> created at line 23.
    Found 4-bit subtractor for signal <y_6$addsub0000> created at line 23.
    Found 4-bit comparator less for signal <y_6$cmp_lt0000> created at line 23.
    Found 4-bit subtractor for signal <y_7$addsub0000> created at line 23.
    Found 4-bit comparator less for signal <y_7$cmp_lt0000> created at line 23.
    Summary:
	inferred  16 Adder/Subtractor(s).
	inferred   5 Multiplier(s).
	inferred   8 Comparator(s).
Unit <divisao> synthesized.


=========================================================================
HDL Synthesis Report

Macro Statistics
# Multipliers                                          : 5
 3x2-bit multiplier                                    : 1
 3x3-bit multiplier                                    : 4
# Adders/Subtractors                                   : 16
 3-bit subtractor                                      : 8
 4-bit subtractor                                      : 8
# Comparators                                          : 8
 4-bit comparator less                                 : 8

=========================================================================

=========================================================================
*                       Advanced HDL Synthesis                          *
=========================================================================


=========================================================================
Advanced HDL Synthesis Report

Macro Statistics
# Multipliers                                          : 5
 3x2-bit multiplier                                    : 1
 3x3-bit multiplier                                    : 4
# Adders/Subtractors                                   : 16
 3-bit subtractor                                      : 8
 4-bit subtractor                                      : 8
# Comparators                                          : 8
 4-bit comparator less                                 : 8

=========================================================================

=========================================================================
*                         Low Level Synthesis                           *
=========================================================================

Optimizing unit <divisao> ...

Mapping all equations...
Building and optimizing final netlist ...
Found area constraint ratio of 100 (+ 5) on block divisao, actual ratio is 3.

Final Macro Processing ...

=========================================================================
Final Register Report

Found no macro
=========================================================================

=========================================================================
*                           Partition Report                            *
=========================================================================

Partition Implementation Status
-------------------------------

  No Partitions were found in this design.

-------------------------------

=========================================================================
*                            Final Report                               *
=========================================================================
Final Results
RTL Top Level Output File Name     : divisao.ngr
Top Level Output File Name         : divisao
Output Format                      : NGC
Optimization Goal                  : Speed
Keep Hierarchy                     : No

Design Statistics
# IOs                              : 20

Cell Usage :
# BELS                             : 46
#      LUT3                        : 16
#      LUT4                        : 22
#      MUXF5                       : 8
# IO Buffers                       : 20
#      IBUF                        : 6
#      OBUF                        : 14
=========================================================================

Device utilization summary:
---------------------------

Selected Device : 3s100ecp132-5 

 Number of Slices:                       20  out of    960     2%  
 Number of 4 input LUTs:                 38  out of   1920     1%  
 Number of IOs:                          20
 Number of bonded IOBs:                  20  out of     83    24%  

---------------------------
Partition Resource Summary:
---------------------------

  No Partitions were found in this design.

---------------------------


=========================================================================
TIMING REPORT

NOTE: THESE TIMING NUMBERS ARE ONLY A SYNTHESIS ESTIMATE.
      FOR ACCURATE TIMING INFORMATION PLEASE REFER TO THE TRACE REPORT
      GENERATED AFTER PLACE-and-ROUTE.

Clock Information:
------------------
No clock signals found in this design

Asynchronous Control Signals Information:
----------------------------------------
No asynchronous control signals found in this design

Timing Summary:
---------------
Speed Grade: -5

   Minimum period: No path found
   Minimum input arrival time before clock: No path found
   Maximum output required time after clock: No path found
   Maximum combinational path delay: 8.137ns

Timing Detail:
--------------
All values displayed in nanoseconds (ns)

=========================================================================
Timing constraint: Default path analysis
  Total number of paths / destination ports: 128 / 14
-------------------------------------------------------------------------
Delay:               8.137ns (Levels of Logic = 6)
  Source:            ent1<2> (PAD)
  Destination:       y<6> (PAD)

  Data Path: ent1<2> to y<6>
                                Gate     Net
    Cell:in->out      fanout   Delay   Delay  Logical Name (Net Name)
    ----------------------------------------  ------------
     IBUF:I->O            24   1.106   1.216  ent1_2_IBUF (ent1_2_IBUF)
     LUT4:I0->O            1   0.612   0.000  y<6>1471 (y<6>1471)
     MUXF5:I1->O           1   0.278   0.509  y<6>147_f5 (y<6>147)
     LUT3:I0->O            1   0.612   0.000  y<6>165_F (N28)
     MUXF5:I0->O           1   0.278   0.357  y<6>165 (y_6_OBUF)
     OBUF:I->O                 3.169          y_6_OBUF (y<6>)
    ----------------------------------------
    Total                      8.137ns (6.055ns logic, 2.082ns route)
                                       (74.4% logic, 25.6% route)

=========================================================================


Total REAL time to Xst completion: 7.00 secs
Total CPU time to Xst completion: 7.56 secs
 
--> 

Total memory usage is 269960 kilobytes

Number of errors   :    0 (   0 filtered)
Number of warnings :    1 (   0 filtered)
Number of infos    :    0 (   0 filtered)

