EN clkgen2 NULL C:/Xilinx/Projects/PR5/EX03/clkgen2.vhd sub00/vhpl01 1576255467
EN clkgen4 NULL C:/Xilinx/Projects/PR5/EX03/clkgen4.vhd sub00/vhpl03 1576255469
EN clkgen8 NULL C:/Xilinx/Projects/PR5/EX03/clkgen8.vhd sub00/vhpl05 1576255471
AR clkgen2 behavioral C:/Xilinx/Projects/PR5/EX03/clkgen2.vhd sub00/vhpl02 1576255468
EN decod7seg NULL C:/Xilinx/Projects/PR5/EX03/decod7seg.vhd sub00/vhpl11 1576255475
EN clkgen16 NULL C:/Xilinx/Projects/PR5/EX03/clkgen16.vhd sub00/vhpl07 1576255473
AR decod7seg behavioral C:/Xilinx/Projects/PR5/EX03/decod7seg.vhd sub00/vhpl12 1576255476
AR top03 behavioral C:/Xilinx/Projects/PR5/EX03/top03.vhd sub00/vhpl10 1576255478
PH meupacote03 NULL C:/Xilinx/Projects/PR5/EX03/meupacote03.vhd sub00/vhpl00 1576255466
EN top03 NULL C:/Xilinx/Projects/PR5/EX03/top03.vhd sub00/vhpl09 1576255477
AR clkgen16 behavioral C:/Xilinx/Projects/PR5/EX03/clkgen16.vhd sub00/vhpl08 1576255474
AR clkgen8 behavioral C:/Xilinx/Projects/PR5/EX03/clkgen8.vhd sub00/vhpl06 1576255472
AR clkgen4 behavioral C:/Xilinx/Projects/PR5/EX03/clkgen4.vhd sub00/vhpl04 1576255470
