V3 3
FL C:/Users/Ricardo/Xilinx/aps02_divisao/divisao.vhd 2019/09/23.19:59:23 P.20131013
EN work/divisao 1569279571 FL C:/Users/Ricardo/Xilinx/aps02_divisao/divisao.vhd \
      PB ieee/std_logic_1164 1381692176 PB ieee/NUMERIC_STD 1381692181
AR work/divisao/ent 1569279572 \
      FL C:/Users/Ricardo/Xilinx/aps02_divisao/divisao.vhd EN work/divisao 1569279571
