EN clkgen2 NULL C:/Xilinx/Projects/PR5/EX05/clkgen2.vhd sub00/vhpl04 1576263841
EN clkgen4 NULL C:/Xilinx/Projects/PR5/EX05/clkgen4.vhd sub00/vhpl06 1576263843
AR clkgen2 behavioral C:/Xilinx/Projects/PR5/EX05/clkgen2.vhd sub00/vhpl05 1576263842
PB meupacote05 meupacote05 C:/Xilinx/Projects/PR5/EX05/meupacote05.vhd sub00/vhpl01 1576263838
AR dem2x4 behavioral C:/Xilinx/Projects/PR5/EX05/dem2x4.vhd sub00/vhpl11 1576263848
EN decod7seg NULL C:/Xilinx/Projects/PR5/EX05/decod7seg.vhd sub00/vhpl12 1576263849
AR somachaves behavioral C:/Xilinx/Projects/PR5/EX05/somachaves.vhd sub00/vhpl03 1576263840
AR decod7seg behavioral C:/Xilinx/Projects/PR5/EX05/decod7seg.vhd sub00/vhpl13 1576263850
EN mux2x1 NULL C:/Xilinx/Projects/PR5/EX05/mux2x1.vhd sub00/vhpl08 1576263845
AR mux2x1 behavioral C:/Xilinx/Projects/PR5/EX05/mux2x1.vhd sub00/vhpl09 1576263846
AR top05 behavioral C:/Xilinx/Projects/PR5/EX05/top05.vhd sub00/vhpl17 1576263852
PH meupacote05 NULL C:/Xilinx/Projects/PR5/EX05/meupacote05.vhd sub00/vhpl00 1576263837
EN top04 NULL C:/Xilinx/Projects/PR5/EX05/top05.vhd sub00/vhpl14 1576260711
EN top05 NULL C:/Xilinx/Projects/PR5/EX05/top05.vhd sub00/vhpl16 1576263851
EN somachaves NULL C:/Xilinx/Projects/PR5/EX05/somachaves.vhd sub00/vhpl02 1576263839
EN dem2x4 NULL C:/Xilinx/Projects/PR5/EX05/dem2x4.vhd sub00/vhpl10 1576263847
AR top04 behavioral C:/Xilinx/Projects/PR5/EX05/top05.vhd sub00/vhpl15 1576260797
AR clkgen4 behavioral C:/Xilinx/Projects/PR5/EX05/clkgen4.vhd sub00/vhpl07 1576263844
