EN clkgen2 NULL C:/Xilinx/Projects/PR5/EX04/clkgen2.vhd sub00/vhpl01 1576258883
EN clkgen4 NULL C:/Xilinx/Projects/PR5/EX04/clkgen4.vhd sub00/vhpl03 1576258885
AR clkgen2 behavioral C:/Xilinx/Projects/PR5/EX04/clkgen2.vhd sub00/vhpl02 1576258884
AR dem2x4 behavioral C:/Xilinx/Projects/PR5/EX04/dem2x4.vhd sub00/vhpl08 1576258890
EN decod7seg NULL C:/Xilinx/Projects/PR5/EX04/decod7seg.vhd sub00/vhpl09 1576258891
AR decod7seg behavioral C:/Xilinx/Projects/PR5/EX04/decod7seg.vhd sub00/vhpl10 1576258892
EN mux2x1 NULL C:/Xilinx/Projects/PR5/EX04/mux2x1.vhd sub00/vhpl05 1576258887
AR mux2x1 behavioral C:/Xilinx/Projects/PR5/EX04/mux2x1.vhd sub00/vhpl06 1576258888
PH meupacote04 NULL C:/Xilinx/Projects/PR5/EX04/meupacote04.vhd sub00/vhpl00 1576258882
EN top04 NULL C:/Xilinx/Projects/PR5/EX04/top04.vhd sub00/vhpl11 1576258893
EN dem2x4 NULL C:/Xilinx/Projects/PR5/EX04/dem2x4.vhd sub00/vhpl07 1576258889
AR top04 behavioral C:/Xilinx/Projects/PR5/EX04/top04.vhd sub00/vhpl12 1576258894
AR clkgen4 behavioral C:/Xilinx/Projects/PR5/EX04/clkgen4.vhd sub00/vhpl04 1576258886
