V3 3
FL C:/Xilinx/Projects/comparado2bits/comparador2bits.vhd 2019/09/02.19:04:00 P.20131013
EN work/comparador2bits 1567461990 \
      FL C:/Xilinx/Projects/comparado2bits/comparador2bits.vhd \
      PB ieee/std_logic_1164 1381692176
AR work/comparador2bits/arq 1567461991 \
      FL C:/Xilinx/Projects/comparado2bits/comparador2bits.vhd \
      EN work/comparador2bits 1567461990
