Archive member included to satisfy reference by file (symbol)

C:/ti/TivaWare_C_Series-2.2.0.295/driverlib/gcc/libdriver.a(gpio.o)
                              ./main.o (GPIOPinWrite)
C:/ti/TivaWare_C_Series-2.2.0.295/driverlib/gcc/libdriver.a(interrupt.o)
                              C:/ti/TivaWare_C_Series-2.2.0.295/driverlib/gcc/libdriver.a(gpio.o) (IntRegister)
C:/ti/TivaWare_C_Series-2.2.0.295/driverlib/gcc/libdriver.a(sysctl.o)
                              ./main.o (SysCtlPeripheralReady)
C:/ti/TivaWare_C_Series-2.2.0.295/driverlib/gcc/libdriver.a(cpu.o)
                              C:/ti/TivaWare_C_Series-2.2.0.295/driverlib/gcc/libdriver.a(interrupt.o) (CPUcpsid)
c:/ti/ccs1011/ccs/tools/compiler/gcc-arm-none-eabi-7-2017-q4-major-win32/bin/../lib/gcc/arm-none-eabi/7.2.1/../../../../arm-none-eabi/lib/thumb/v7e-m/fpv4-sp/hard\libg.a(lib_a-exit.o)
                              c:/ti/ccs1011/ccs/tools/compiler/gcc-arm-none-eabi-7-2017-q4-major-win32/bin/../lib/gcc/arm-none-eabi/7.2.1/../../../../arm-none-eabi/lib/thumb/v7e-m/fpv4-sp/hard/crt0.o (exit)
c:/ti/ccs1011/ccs/tools/compiler/gcc-arm-none-eabi-7-2017-q4-major-win32/bin/../lib/gcc/arm-none-eabi/7.2.1/../../../../arm-none-eabi/lib/thumb/v7e-m/fpv4-sp/hard\libg.a(lib_a-impure.o)
                              c:/ti/ccs1011/ccs/tools/compiler/gcc-arm-none-eabi-7-2017-q4-major-win32/bin/../lib/gcc/arm-none-eabi/7.2.1/../../../../arm-none-eabi/lib/thumb/v7e-m/fpv4-sp/hard\libg.a(lib_a-exit.o) (_global_impure_ptr)
c:/ti/ccs1011/ccs/tools/compiler/gcc-arm-none-eabi-7-2017-q4-major-win32/bin/../lib/gcc/arm-none-eabi/7.2.1/../../../../arm-none-eabi/lib/thumb/v7e-m/fpv4-sp/hard\libg.a(lib_a-init.o)
                              c:/ti/ccs1011/ccs/tools/compiler/gcc-arm-none-eabi-7-2017-q4-major-win32/bin/../lib/gcc/arm-none-eabi/7.2.1/../../../../arm-none-eabi/lib/thumb/v7e-m/fpv4-sp/hard/crt0.o (__libc_init_array)
c:/ti/ccs1011/ccs/tools/compiler/gcc-arm-none-eabi-7-2017-q4-major-win32/bin/../lib/gcc/arm-none-eabi/7.2.1/../../../../arm-none-eabi/lib/thumb/v7e-m/fpv4-sp/hard\libg.a(lib_a-memcpy.o)
                              ./FreeRTOS/queue.o (memcpy)
c:/ti/ccs1011/ccs/tools/compiler/gcc-arm-none-eabi-7-2017-q4-major-win32/bin/../lib/gcc/arm-none-eabi/7.2.1/../../../../arm-none-eabi/lib/thumb/v7e-m/fpv4-sp/hard\libg.a(lib_a-memset.o)
                              c:/ti/ccs1011/ccs/tools/compiler/gcc-arm-none-eabi-7-2017-q4-major-win32/bin/../lib/gcc/arm-none-eabi/7.2.1/../../../../arm-none-eabi/lib/thumb/v7e-m/fpv4-sp/hard/crt0.o (memset)
c:/ti/ccs1011/ccs/tools/compiler/gcc-arm-none-eabi-7-2017-q4-major-win32/bin/../lib/gcc/arm-none-eabi/7.2.1/../../../../arm-none-eabi/lib/thumb/v7e-m/fpv4-sp/hard\libg.a(lib_a-__call_atexit.o)
                              c:/ti/ccs1011/ccs/tools/compiler/gcc-arm-none-eabi-7-2017-q4-major-win32/bin/../lib/gcc/arm-none-eabi/7.2.1/../../../../arm-none-eabi/lib/thumb/v7e-m/fpv4-sp/hard\libg.a(lib_a-exit.o) (__call_exitprocs)
c:/ti/ccs1011/ccs/tools/compiler/gcc-arm-none-eabi-7-2017-q4-major-win32/bin/../lib/gcc/arm-none-eabi/7.2.1/../../../../arm-none-eabi/lib/thumb/v7e-m/fpv4-sp/hard\libg.a(lib_a-atexit.o)
                              c:/ti/ccs1011/ccs/tools/compiler/gcc-arm-none-eabi-7-2017-q4-major-win32/bin/../lib/gcc/arm-none-eabi/7.2.1/../../../../arm-none-eabi/lib/thumb/v7e-m/fpv4-sp/hard\libg.a(lib_a-__call_atexit.o) (atexit)
c:/ti/ccs1011/ccs/tools/compiler/gcc-arm-none-eabi-7-2017-q4-major-win32/bin/../lib/gcc/arm-none-eabi/7.2.1/../../../../arm-none-eabi/lib/thumb/v7e-m/fpv4-sp/hard\libg.a(lib_a-fini.o)
                              c:/ti/ccs1011/ccs/tools/compiler/gcc-arm-none-eabi-7-2017-q4-major-win32/bin/../lib/gcc/arm-none-eabi/7.2.1/../../../../arm-none-eabi/lib/thumb/v7e-m/fpv4-sp/hard\libg.a(lib_a-__call_atexit.o) (__libc_fini_array)
c:/ti/ccs1011/ccs/tools/compiler/gcc-arm-none-eabi-7-2017-q4-major-win32/bin/../lib/gcc/arm-none-eabi/7.2.1/../../../../arm-none-eabi/lib/thumb/v7e-m/fpv4-sp/hard\libg.a(lib_a-lock.o)
                              c:/ti/ccs1011/ccs/tools/compiler/gcc-arm-none-eabi-7-2017-q4-major-win32/bin/../lib/gcc/arm-none-eabi/7.2.1/../../../../arm-none-eabi/lib/thumb/v7e-m/fpv4-sp/hard\libg.a(lib_a-__call_atexit.o) (__retarget_lock_acquire_recursive)
c:/ti/ccs1011/ccs/tools/compiler/gcc-arm-none-eabi-7-2017-q4-major-win32/bin/../lib/gcc/arm-none-eabi/7.2.1/../../../../arm-none-eabi/lib/thumb/v7e-m/fpv4-sp/hard\libg.a(lib_a-__atexit.o)
                              c:/ti/ccs1011/ccs/tools/compiler/gcc-arm-none-eabi-7-2017-q4-major-win32/bin/../lib/gcc/arm-none-eabi/7.2.1/../../../../arm-none-eabi/lib/thumb/v7e-m/fpv4-sp/hard\libg.a(lib_a-atexit.o) (__register_exitproc)
c:/ti/ccs1011/ccs/tools/compiler/gcc-arm-none-eabi-7-2017-q4-major-win32/bin/../lib/gcc/arm-none-eabi/7.2.1/../../../../arm-none-eabi/lib/thumb/v7e-m/fpv4-sp/hard\libnosys.a(_exit.o)
[...]
Memory Configuration

Name             Origin             Length             Attributes
FLASH            0x00000000         0x00100000         xr
SRAM             0x20000000         0x00040000         xw
*default*        0x00000000         0xffffffff

Linker script and memory map

LOAD c:/ti/ccs1011/ccs/tools/compiler/gcc-arm-none-eabi-7-2017-q4-major-win32/bin/../lib/gcc/arm-none-eabi/7.2.1/thumb/v7e-m/fpv4-sp/hard/crti.o
LOAD c:/ti/ccs1011/ccs/tools/compiler/gcc-arm-none-eabi-7-2017-q4-major-win32/bin/../lib/gcc/arm-none-eabi/7.2.1/thumb/v7e-m/fpv4-sp/hard/crtbegin.o
LOAD c:/ti/ccs1011/ccs/tools/compiler/gcc-arm-none-eabi-7-2017-q4-major-win32/bin/../lib/gcc/arm-none-eabi/7.2.1/../../../../arm-none-eabi/lib/thumb/v7e-m/fpv4-sp/hard/crt0.o
LOAD ./main.o
LOAD ./tm4c1294ncpdt_startup_ccs_gcc.o
LOAD ./FreeRTOS/croutine.o
LOAD ./FreeRTOS/event_groups.o
LOAD ./FreeRTOS/list.o
LOAD ./FreeRTOS/queue.o
LOAD ./FreeRTOS/stream_buffer.o
LOAD ./FreeRTOS/tasks.o
LOAD ./FreeRTOS/timers.o
LOAD ./FreeRTOS/portable/GCC/ARM_CM4F/port.o
LOAD ./FreeRTOS/portable/MemMang/heap_4.o
                0x00000000                PROVIDE (_intvecs_base_address, 0x0)

.intvecs        0x00000000      0x208
 *(.intvecs)
 .intvecs       0x00000000      0x208 ./tm4c1294ncpdt_startup_ccs_gcc.o
                0x00000000                g_pfnVectors
                0x20000000                PROVIDE (_vtable_base_address, 0x20000000)

.vtable
 *(.vtable)

.text           0x00000210     0x58d0
 CREATE_OBJECT_SYMBOLS
 *(.text)
 .text          0x00000210        0x0 c:/ti/ccs1011/ccs/tools/compiler/gcc-arm-none-eabi-7-2017-q4-major-win32/bin/../lib/gcc/arm-none-eabi/7.2.1/thumb/v7e-m/fpv4-sp/hard/crti.o
 .text          0x00000210       0x40 c:/ti/ccs1011/ccs/tools/compiler/gcc-arm-none-eabi-7-2017-q4-major-win32/bin/../lib/gcc/arm-none-eabi/7.2.1/thumb/v7e-m/fpv4-sp/hard/crtbegin.o
 .text          0x00000250       0x74 c:/ti/ccs1011/ccs/tools/compiler/gcc-arm-none-eabi-7-2017-q4-major-win32/bin/../lib/gcc/arm-none-eabi/7.2.1/../../../../arm-none-eabi/lib/thumb/v7e-m/fpv4-sp/hard/crt0.o
                0x00000250                _start
                0x00000250                _mainCRTStartup
 .text          0x000002c4        0x0 ./main.o
 .text          0x000002c4        0x0 ./tm4c1294ncpdt_startup_ccs_gcc.o
 .text          0x000002c4        0x0 ./FreeRTOS/croutine.o
 .text          0x000002c4        0x0 ./FreeRTOS/event_groups.o
 .text          0x000002c4        0x0 ./FreeRTOS/list.o
 .text          0x000002c4        0x0 ./FreeRTOS/queue.o
 .text          0x000002c4        0x0 ./FreeRTOS/stream_buffer.o
 .text          0x000002c4        0x0 ./FreeRTOS/tasks.o
 .text          0x000002c4        0x0 ./FreeRTOS/timers.o
 .text          0x000002c4        0x0 ./FreeRTOS/portable/GCC/ARM_CM4F/port.o
 .text          0x000002c4        0x0 ./FreeRTOS/portable/MemMang/heap_4.o
 .text          0x000002c4        0x0 C:/ti/TivaWare_C_Series-2.2.0.295/driverlib/gcc/libdriver.a(gpio.o)
 .text          0x000002c4        0x0 C:/ti/TivaWare_C_Series-2.2.0.295/driverlib/gcc/libdriver.a(interrupt.o)
 .text          0x000002c4        0x0 C:/ti/TivaWare_C_Series-2.2.0.295/driverlib/gcc/libdriver.a(sysctl.o)
 .text          0x000002c4        0x0 C:/ti/TivaWare_C_Series-2.2.0.295/driverlib/gcc/libdriver.a(cpu.o)
 .text          0x000002c4        0x0 c:/ti/ccs1011/ccs/tools/compiler/gcc-arm-none-eabi-7-2017-q4-major-win32/bin/../lib/gcc/arm-none-eabi/7.2.1/../../../../arm-none-eabi/lib/thumb/v7e-m/fpv4-sp/hard\libg.a(lib_a-exit.o)
 .text          0x000002c4        0x0 c:/ti/ccs1011/ccs/tools/compiler/gcc-arm-none-eabi-7-2017-q4-major-win32/bin/../lib/gcc/arm-none-eabi/7.2.1/../../../../arm-none-eabi/lib/thumb/v7e-m/fpv4-sp/hard\libg.a(lib_a-impure.o)
 .text          0x000002c4        0x0 c:/ti/ccs1011/ccs/tools/compiler/gcc-arm-none-eabi-7-2017-q4-major-win32/bin/../lib/gcc/arm-none-eabi/7.2.1/../../../../arm-none-eabi/lib/thumb/v7e-m/fpv4-sp/hard\libg.a(lib_a-init.o)
 .text          0x000002c4      0x134 c:/ti/ccs1011/ccs/tools/compiler/gcc-arm-none-eabi-7-2017-q4-major-win32/bin/../lib/gcc/arm-none-eabi/7.2.1/../../../../arm-none-eabi/lib/thumb/v7e-m/fpv4-sp/hard\libg.a(lib_a-memcpy.o)
                0x000002c4                memcpy
 .text          0x000003f8        0x0 c:/ti/ccs1011/ccs/tools/compiler/gcc-arm-none-eabi-7-2017-q4-major-win32/bin/../lib/gcc/arm-none-eabi/7.2.1/../../../../arm-none-eabi/lib/thumb/v7e-m/fpv4-sp/hard\libg.a(lib_a-memset.o)
 .text          0x000003f8        0x0 c:/ti/ccs1011/ccs/tools/compiler/gcc-arm-none-eabi-7-2017-q4-major-win32/bin/../lib/gcc/arm-none-eabi/7.2.1/../../../../arm-none-eabi/lib/thumb/v7e-m/fpv4-sp/hard\libg.a(lib_a-__call_atexit.o)
 .text          0x000003f8        0x0 c:/ti/ccs1011/ccs/tools/compiler/gcc-arm-none-eabi-7-2017-q4-major-win32/bin/../lib/gcc/arm-none-eabi/7.2.1/../../../../arm-none-eabi/lib/thumb/v7e-m/fpv4-sp/hard\libg.a(lib_a-atexit.o)
 .text          0x000003f8        0x0 c:/ti/ccs1011/ccs/tools/compiler/gcc-arm-none-eabi-7-2017-q4-major-win32/bin/../lib/gcc/arm-none-eabi/7.2.1/../../../../arm-none-eabi/lib/thumb/v7e-m/fpv4-sp/hard\libg.a(lib_a-fini.o)
 .text          0x000003f8        0x0 c:/ti/ccs1011/ccs/tools/compiler/gcc-arm-none-eabi-7-2017-q4-major-win32/bin/../lib/gcc/arm-none-eabi/7.2.1/../../../../arm-none-eabi/lib/thumb/v7e-m/fpv4-sp/hard\libg.a(lib_a-lock.o)
 .text          0x000003f8        0x0 c:/ti/ccs1011/ccs/tools/compiler/gcc-arm-none-eabi-7-2017-q4-major-win32/bin/../lib/gcc/arm-none-eabi/7.2.1/../../../../arm-none-eabi/lib/thumb/v7e-m/fpv4-sp/hard\libg.a(lib_a-__atexit.o)
 .text          0x000003f8        0x0 c:/ti/ccs1011/ccs/tools/compiler/gcc-arm-none-eabi-7-2017-q4-major-win32/bin/../lib/gcc/arm-none-eabi/7.2.1/../../../../arm-none-eabi/lib/thumb/v7e-m/fpv4-sp/hard\libnosys.a(_exit.o)
 .text          0x000003f8        0x0 c:/ti/ccs1011/ccs/tools/compiler/gcc-arm-none-eabi-7-2017-q4-major-win32/bin/../lib/gcc/arm-none-eabi/7.2.1/thumb/v7e-m/fpv4-sp/hard/crtend.o
 .text          0x000003f8        0x0 c:/ti/ccs1011/ccs/tools/compiler/gcc-arm-none-eabi-7-2017-q4-major-win32/bin/../lib/gcc/arm-none-eabi/7.2.1/thumb/v7e-m/fpv4-sp/hard/crtn.o
 *(.text.*)
 .text.task1    0x000003f8       0x54 ./main.o
                0x000003f8                task1
 .text.task2    0x0000044c       0x54 ./main.o
                0x0000044c                task2
 .text.main     0x000004a0       0x60 ./main.o
                0x000004a0                main
 .text.NmiSR    0x00000500        0x2 ./tm4c1294ncpdt_startup_ccs_gcc.o
 .text.FaultISR
                0x00000502        0x2 ./tm4c1294ncpdt_startup_ccs_gcc.o
 .text.IntDefaultHandler
                0x00000504        0x2 ./tm4c1294ncpdt_startup_ccs_gcc.o
 *fill*         0x00000506        0x2 
 .text.ResetISR
                0x00000508       0x50 ./tm4c1294ncpdt_startup_ccs_gcc.o
                0x00000508                ResetISR
 .text.prvTestWaitCondition
                0x00000558       0x1c ./FreeRTOS/event_groups.o
 .text.xEventGroupCreate
                0x00000574       0x1a ./FreeRTOS/event_groups.o
                0x00000574                xEventGroupCreate
 *fill*         0x0000058e        0x2 
 .text.xEventGroupWaitBits
                0x00000590      0x10c ./FreeRTOS/event_groups.o
                0x00000590                xEventGroupWaitBits
 .text.xEventGroupClearBits
                0x0000069c       0x46 ./FreeRTOS/event_groups.o
                0x0000069c                xEventGroupClearBits
 .text.xEventGroupGetBitsFromISR
                0x000006e2       0x1c ./FreeRTOS/event_groups.o
                0x000006e2                xEventGroupGetBitsFromISR
 .text.xEventGroupSetBits
                0x000006fe       0x8c ./FreeRTOS/event_groups.o
                0x000006fe                xEventGroupSetBits
 *fill*         0x0000078a        0x2 
 .text.xEventGroupSync
                0x0000078c       0xd4 ./FreeRTOS/event_groups.o
                0x0000078c                xEventGroupSync
 .text.vEventGroupDelete
                0x00000860       0x3e ./FreeRTOS/event_groups.o
                0x00000860                vEventGroupDelete
 .text.vEventGroupSetBitsCallback
                0x0000089e        0x8 ./FreeRTOS/event_groups.o
                0x0000089e                vEventGroupSetBitsCallback
 .text.vEventGroupClearBitsCallback
                0x000008a6        0x8 ./FreeRTOS/event_groups.o
                0x000008a6                vEventGroupClearBitsCallback
 .text.vListInitialise
                0x000008ae       0x16 ./FreeRTOS/list.o
                0x000008ae                vListInitialise
 .text.vListInitialiseItem
                0x000008c4        0x6 ./FreeRTOS/list.o
                0x000008c4                vListInitialiseItem
 .text.vListInsertEnd
                0x000008ca       0x18 ./FreeRTOS/list.o
                0x000008ca                vListInsertEnd
 .text.vListInsert
                0x000008e2       0x34 ./FreeRTOS/list.o
                0x000008e2                vListInsert
 .text.uxListRemove
                0x00000916       0x28 ./FreeRTOS/list.o
                0x00000916                uxListRemove
 .text.prvGetDisinheritPriorityAfterTimeout
                0x0000093e       0x12 ./FreeRTOS/queue.o
 .text.prvIsQueueFull
                0x00000950       0x1e ./FreeRTOS/queue.o
 .text.prvIsQueueEmpty
                0x0000096e       0x1a ./FreeRTOS/queue.o
 .text.prvCopyDataToQueue
                0x00000988       0x76 ./FreeRTOS/queue.o
 .text.prvCopyDataFromQueue
                0x000009fe       0x24 ./FreeRTOS/queue.o
 .text.prvUnlockQueue
                0x00000a22       0x6e ./FreeRTOS/queue.o
 .text.xQueueGenericReset
                0x00000a90       0x84 ./FreeRTOS/queue.o
                0x00000a90                xQueueGenericReset
 .text.prvInitialiseNewQueue
                0x00000b14       0x1c ./FreeRTOS/queue.o
 .text.xQueueGenericCreate
                0x00000b30       0x5e ./FreeRTOS/queue.o
                0x00000b30                xQueueGenericCreate
 .text.xQueueCreateCountingSemaphore
                0x00000b8e       0x40 ./FreeRTOS/queue.o
                0x00000b8e                xQueueCreateCountingSemaphore
 *fill*         0x00000bce        0x2 
 .text.xQueueGenericSend
                0x00000bd0      0x17c ./FreeRTOS/queue.o
                0x00000bd0                xQueueGenericSend
 .text.prvInitialiseMutex
                0x00000d4c       0x18 ./FreeRTOS/queue.o
 .text.xQueueCreateMutex
                0x00000d64       0x16 ./FreeRTOS/queue.o
                0x00000d64                xQueueCreateMutex
 .text.xQueueGiveMutexRecursive
                0x00000d7a       0x40 ./FreeRTOS/queue.o
                0x00000d7a                xQueueGiveMutexRecursive
 .text.xQueueGenericSendFromISR
                0x00000dba       0xe4 ./FreeRTOS/queue.o
                0x00000dba                xQueueGenericSendFromISR
 .text.xQueueGiveFromISR
                0x00000e9e       0xc8 ./FreeRTOS/queue.o
                0x00000e9e                xQueueGiveFromISR
 *fill*         0x00000f66        0x2 
 .text.xQueueReceive
                0x00000f68      0x158 ./FreeRTOS/queue.o
                0x00000f68                xQueueReceive
 .text.xQueueSemaphoreTake
                0x000010c0      0x19c ./FreeRTOS/queue.o
                0x000010c0                xQueueSemaphoreTake
 .text.xQueueTakeMutexRecursive
                0x0000125c       0x44 ./FreeRTOS/queue.o
                0x0000125c                xQueueTakeMutexRecursive
 .text.xQueuePeek
                0x000012a0      0x158 ./FreeRTOS/queue.o
                0x000012a0                xQueuePeek
 .text.xQueueReceiveFromISR
                0x000013f8       0xc0 ./FreeRTOS/queue.o
                0x000013f8                xQueueReceiveFromISR
 .text.xQueuePeekFromISR
                0x000014b8       0x7c ./FreeRTOS/queue.o
                0x000014b8                xQueuePeekFromISR
 .text.uxQueueMessagesWaiting
                0x00001534       0x26 ./FreeRTOS/queue.o
                0x00001534                uxQueueMessagesWaiting
 .text.uxQueueSpacesAvailable
                0x0000155a       0x2a ./FreeRTOS/queue.o
                0x0000155a                uxQueueSpacesAvailable
 .text.uxQueueMessagesWaitingFromISR
                0x00001584       0x18 ./FreeRTOS/queue.o
                0x00001584                uxQueueMessagesWaitingFromISR
 .text.xQueueIsQueueEmptyFromISR
                0x0000159c       0x20 ./FreeRTOS/queue.o
                0x0000159c                xQueueIsQueueEmptyFromISR
 .text.xQueueIsQueueFullFromISR
                0x000015bc       0x24 ./FreeRTOS/queue.o
                0x000015bc                xQueueIsQueueFullFromISR
 .text.vQueueAddToRegistry
                0x000015e0       0x28 ./FreeRTOS/queue.o
                0x000015e0                vQueueAddToRegistry
 .text.pcQueueGetName
                0x00001608       0x28 ./FreeRTOS/queue.o
                0x00001608                pcQueueGetName
 .text.vQueueUnregisterQueue
                0x00001630       0x2c ./FreeRTOS/queue.o
                0x00001630                vQueueUnregisterQueue
 .text.vQueueDelete
                0x0000165c       0x24 ./FreeRTOS/queue.o
                0x0000165c                vQueueDelete
 .text.vQueueWaitForMessageRestricted
                0x00001680       0x52 ./FreeRTOS/queue.o
                0x00001680                vQueueWaitForMessageRestricted
 .text.prvBytesInBuffer
                0x000016d2       0x12 ./FreeRTOS/stream_buffer.o
 .text.prvInitialiseNewStreamBuffer
                0x000016e4       0x40 ./FreeRTOS/stream_buffer.o
 .text.prvWriteBytesToBuffer
                0x00001724       0x8c ./FreeRTOS/stream_buffer.o
 .text.prvWriteMessageToBuffer
                0x000017b0       0x48 ./FreeRTOS/stream_buffer.o
 .text.prvReadBytesFromBuffer
                0x000017f8       0x96 ./FreeRTOS/stream_buffer.o
 .text.prvReadMessageFromBuffer
                0x0000188e       0x44 ./FreeRTOS/stream_buffer.o
 .text.xStreamBufferGenericCreate
                0x000018d2       0x74 ./FreeRTOS/stream_buffer.o
                0x000018d2                xStreamBufferGenericCreate
 .text.vStreamBufferDelete
                0x00001946       0x2e ./FreeRTOS/stream_buffer.o
                0x00001946                vStreamBufferDelete
 .text.xStreamBufferReset
                0x00001974       0x4a ./FreeRTOS/stream_buffer.o
                0x00001974                xStreamBufferReset
 .text.xStreamBufferSetTriggerLevel
                0x000019be       0x2a ./FreeRTOS/stream_buffer.o
                0x000019be                xStreamBufferSetTriggerLevel
 .text.xStreamBufferSpacesAvailable
                0x000019e8       0x2a ./FreeRTOS/stream_buffer.o
                0x000019e8                xStreamBufferSpacesAvailable
 .text.xStreamBufferBytesAvailable
                0x00001a12       0x1c ./FreeRTOS/stream_buffer.o
                0x00001a12                xStreamBufferBytesAvailable
 .text.xStreamBufferSend
                0x00001a2e      0x138 ./FreeRTOS/stream_buffer.o
                0x00001a2e                xStreamBufferSend
 .text.xStreamBufferSendFromISR
                0x00001b66       0xa2 ./FreeRTOS/stream_buffer.o
                0x00001b66                xStreamBufferSendFromISR
 .text.xStreamBufferReceive
                0x00001c08       0xe6 ./FreeRTOS/stream_buffer.o
                0x00001c08                xStreamBufferReceive
 .text.xStreamBufferNextMessageLengthBytes
                0x00001cee       0x5a ./FreeRTOS/stream_buffer.o
                0x00001cee                xStreamBufferNextMessageLengthBytes
 .text.xStreamBufferReceiveFromISR
                0x00001d48       0x9c ./FreeRTOS/stream_buffer.o
                0x00001d48                xStreamBufferReceiveFromISR
 .text.xStreamBufferIsEmpty
                0x00001de4       0x24 ./FreeRTOS/stream_buffer.o
                0x00001de4                xStreamBufferIsEmpty
 .text.xStreamBufferIsFull
                0x00001e08       0x38 ./FreeRTOS/stream_buffer.o
                0x00001e08                xStreamBufferIsFull
 .text.xStreamBufferSendCompletedFromISR
                0x00001e40       0x54 ./FreeRTOS/stream_buffer.o
                0x00001e40                xStreamBufferSendCompletedFromISR
 .text.xStreamBufferReceiveCompletedFromISR
                0x00001e94       0x54 ./FreeRTOS/stream_buffer.o
                0x00001e94                xStreamBufferReceiveCompletedFromISR
 .text.prvTaskIsTaskSuspended
                0x00001ee8       0x40 ./FreeRTOS/tasks.o
 .text.prvResetNextTaskUnblockTime
                0x00001f28       0x28 ./FreeRTOS/tasks.o
 .text.prvDeleteTCB
                0x00001f50       0x12 ./FreeRTOS/tasks.o
 .text.prvInitialiseNewTask
                0x00001f62       0x8c ./FreeRTOS/tasks.o
 *fill*         0x00001fee        0x2 
 .text.prvInitialiseTaskLists
                0x00001ff0       0x68 ./FreeRTOS/tasks.o
 .text.prvAddNewTaskToReadyList
                0x00002058       0xa8 ./FreeRTOS/tasks.o
 .text.prvCheckTasksWaitingTermination
                0x00002100       0x4c ./FreeRTOS/tasks.o
 .text.prvIdleTask
                0x0000214c       0x28 ./FreeRTOS/tasks.o
 .text.prvAddCurrentTaskToDelayedList
                0x00002174       0x98 ./FreeRTOS/tasks.o
 .text.xTaskCreate
                0x0000220c       0x62 ./FreeRTOS/tasks.o
                0x0000220c                xTaskCreate
 *fill*         0x0000226e        0x2 
 .text.vTaskDelete
                0x00002270       0xe0 ./FreeRTOS/tasks.o
                0x00002270                vTaskDelete
 .text.uxTaskPriorityGet
                0x00002350       0x20 ./FreeRTOS/tasks.o
                0x00002350                uxTaskPriorityGet
 .text.uxTaskPriorityGetFromISR
                0x00002370       0x30 ./FreeRTOS/tasks.o
                0x00002370                uxTaskPriorityGetFromISR
 .text.vTaskPrioritySet
                0x000023a0       0xdc ./FreeRTOS/tasks.o
                0x000023a0                vTaskPrioritySet
 .text.vTaskResume
                0x0000247c       0x84 ./FreeRTOS/tasks.o
                0x0000247c                vTaskResume
 .text.xTaskResumeFromISR
                0x00002500       0xa4 ./FreeRTOS/tasks.o
                0x00002500                xTaskResumeFromISR
 .text.vTaskStartScheduler
                0x000025a4       0x88 ./FreeRTOS/tasks.o
                0x000025a4                vTaskStartScheduler
 .text.vTaskEndScheduler
                0x0000262c       0x24 ./FreeRTOS/tasks.o
                0x0000262c                vTaskEndScheduler
 .text.vTaskSuspendAll
                0x00002650       0x10 ./FreeRTOS/tasks.o
                0x00002650                vTaskSuspendAll
 .text.xTaskGetTickCount
                0x00002660        0xc ./FreeRTOS/tasks.o
                0x00002660                xTaskGetTickCount
 .text.xTaskGetTickCountFromISR
                0x0000266c       0x10 ./FreeRTOS/tasks.o
                0x0000266c                xTaskGetTickCountFromISR
 .text.uxTaskGetNumberOfTasks
                0x0000267c        0xc ./FreeRTOS/tasks.o
                0x0000267c                uxTaskGetNumberOfTasks
 .text.pcTaskGetName
                0x00002688       0x28 ./FreeRTOS/tasks.o
                0x00002688                pcTaskGetName
 .text.xTaskIncrementTick
                0x000026b0      0x118 ./FreeRTOS/tasks.o
                0x000026b0                xTaskIncrementTick
 .text.xTaskResumeAll
                0x000027c8       0xf4 ./FreeRTOS/tasks.o
                0x000027c8                xTaskResumeAll
 .text.vTaskDelayUntil
                0x000028bc       0xa4 ./FreeRTOS/tasks.o
                0x000028bc                vTaskDelayUntil
 .text.vTaskDelay
                0x00002960       0x4c ./FreeRTOS/tasks.o
                0x00002960                vTaskDelay
 .text.xTaskCatchUpTicks
                0x000029ac       0x38 ./FreeRTOS/tasks.o
                0x000029ac                xTaskCatchUpTicks
 .text.vTaskSwitchContext
                0x000029e4       0x98 ./FreeRTOS/tasks.o
                0x000029e4                vTaskSwitchContext
 .text.vTaskSuspend
                0x00002a7c       0xf8 ./FreeRTOS/tasks.o
                0x00002a7c                vTaskSuspend
 .text.vTaskPlaceOnEventList
                0x00002b74       0x30 ./FreeRTOS/tasks.o
                0x00002b74                vTaskPlaceOnEventList
 .text.vTaskPlaceOnUnorderedEventList
                0x00002ba4       0x5c ./FreeRTOS/tasks.o
                0x00002ba4                vTaskPlaceOnUnorderedEventList
 .text.vTaskPlaceOnEventListRestricted
                0x00002c00       0x38 ./FreeRTOS/tasks.o
                0x00002c00                vTaskPlaceOnEventListRestricted
 .text.xTaskRemoveFromEventList
                0x00002c38       0x8c ./FreeRTOS/tasks.o
                0x00002c38                xTaskRemoveFromEventList
 .text.vTaskRemoveFromUnorderedEventList
                0x00002cc4       0x88 ./FreeRTOS/tasks.o
                0x00002cc4                vTaskRemoveFromUnorderedEventList
 .text.vTaskSetTimeOutState
                0x00002d4c       0x38 ./FreeRTOS/tasks.o
                0x00002d4c                vTaskSetTimeOutState
 .text.vTaskInternalSetTimeOutState
                0x00002d84       0x18 ./FreeRTOS/tasks.o
                0x00002d84                vTaskInternalSetTimeOutState
 .text.xTaskCheckForTimeOut
                0x00002d9c       0x84 ./FreeRTOS/tasks.o
                0x00002d9c                xTaskCheckForTimeOut
 .text.vTaskMissedYield
                0x00002e20        0xc ./FreeRTOS/tasks.o
                0x00002e20                vTaskMissedYield
 .text.xTaskGetCurrentTaskHandle
                0x00002e2c        0xc ./FreeRTOS/tasks.o
                0x00002e2c                xTaskGetCurrentTaskHandle
 .text.xTaskGetSchedulerState
                0x00002e38       0x20 ./FreeRTOS/tasks.o
                0x00002e38                xTaskGetSchedulerState
 .text.xTaskPriorityInherit
                0x00002e58       0xac ./FreeRTOS/tasks.o
                0x00002e58                xTaskPriorityInherit
 .text.xTaskPriorityDisinherit
                0x00002f04       0xa4 ./FreeRTOS/tasks.o
                0x00002f04                xTaskPriorityDisinherit
 .text.vTaskPriorityDisinheritAfterTimeout
                0x00002fa8       0xb4 ./FreeRTOS/tasks.o
                0x00002fa8                vTaskPriorityDisinheritAfterTimeout
 .text.uxTaskResetEventItemValue
                0x0000305c       0x18 ./FreeRTOS/tasks.o
                0x0000305c                uxTaskResetEventItemValue
 .text.pvTaskIncrementMutexHeldCount
                0x00003074       0x1c ./FreeRTOS/tasks.o
                0x00003074                pvTaskIncrementMutexHeldCount
 .text.ulTaskGenericNotifyTake
                0x00003090       0xac ./FreeRTOS/tasks.o
                0x00003090                ulTaskGenericNotifyTake
 .text.xTaskGenericNotifyWait
                0x0000313c       0xd0 ./FreeRTOS/tasks.o
                0x0000313c                xTaskGenericNotifyWait
 .text.xTaskGenericNotify
                0x0000320c      0x14c ./FreeRTOS/tasks.o
                0x0000320c                xTaskGenericNotify
 .text.xTaskGenericNotifyFromISR
                0x00003358      0x180 ./FreeRTOS/tasks.o
                0x00003358                xTaskGenericNotifyFromISR
 .text.vTaskGenericNotifyGiveFromISR
                0x000034d8       0xec ./FreeRTOS/tasks.o
                0x000034d8                vTaskGenericNotifyGiveFromISR
 .text.xTaskGenericNotifyStateClear
                0x000035c4       0x4c ./FreeRTOS/tasks.o
                0x000035c4                xTaskGenericNotifyStateClear
 .text.ulTaskGenericNotifyValueClear
                0x00003610       0x34 ./FreeRTOS/tasks.o
                0x00003610                ulTaskGenericNotifyValueClear
 .text.prvGetNextExpireTime
                0x00003644       0x20 ./FreeRTOS/timers.o
 .text.prvInsertTimerInActiveList
                0x00003664       0x48 ./FreeRTOS/timers.o
 .text.prvCheckForValidListAndQueue
                0x000036ac       0x5c ./FreeRTOS/timers.o
 .text.prvInitialiseNewTimer
                0x00003708       0x4c ./FreeRTOS/timers.o
 .text.xTimerCreateTimerTask
                0x00003754       0x50 ./FreeRTOS/timers.o
                0x00003754                xTimerCreateTimerTask
 .text.xTimerCreate
                0x000037a4       0x38 ./FreeRTOS/timers.o
                0x000037a4                xTimerCreate
 .text.xTimerGenericCommand
                0x000037dc       0x6c ./FreeRTOS/timers.o
                0x000037dc                xTimerGenericCommand
 .text.prvSwitchTimerLists
                0x00003848       0x7c ./FreeRTOS/timers.o
 .text.prvSampleTimeNow
                0x000038c4       0x2c ./FreeRTOS/timers.o
 .text.prvProcessExpiredTimer
                0x000038f0       0x6c ./FreeRTOS/timers.o
 .text.prvProcessTimerOrBlockTask
                0x0000395c       0x74 ./FreeRTOS/timers.o
 .text.prvProcessReceivedCommands
                0x000039d0       0xfc ./FreeRTOS/timers.o
 .text.prvTimerTask
                0x00003acc       0x16 ./FreeRTOS/timers.o
 *fill*         0x00003ae2        0x2 
 .text.xTimerGetTimerDaemonTaskHandle
                0x00003ae4       0x20 ./FreeRTOS/timers.o
                0x00003ae4                xTimerGetTimerDaemonTaskHandle
 .text.xTimerGetPeriod
                0x00003b04       0x18 ./FreeRTOS/timers.o
                0x00003b04                xTimerGetPeriod
 .text.vTimerSetReloadMode
                0x00003b1c       0x40 ./FreeRTOS/timers.o
                0x00003b1c                vTimerSetReloadMode
 .text.uxTimerGetReloadMode
                0x00003b5c       0x34 ./FreeRTOS/timers.o
                0x00003b5c                uxTimerGetReloadMode
 .text.xTimerGetExpiryTime
                0x00003b90       0x18 ./FreeRTOS/timers.o
                0x00003b90                xTimerGetExpiryTime
 .text.pcTimerGetName
                0x00003ba8       0x18 ./FreeRTOS/timers.o
                0x00003ba8                pcTimerGetName
 .text.xTimerIsTimerActive
                0x00003bc0       0x34 ./FreeRTOS/timers.o
                0x00003bc0                xTimerIsTimerActive
 .text.pvTimerGetTimerID
                0x00003bf4       0x26 ./FreeRTOS/timers.o
                0x00003bf4                pvTimerGetTimerID
 .text.vTimerSetTimerID
                0x00003c1a       0x26 ./FreeRTOS/timers.o
                0x00003c1a                vTimerSetTimerID
 .text.prvTaskExitError
                0x00003c40       0x40 ./FreeRTOS/portable/GCC/ARM_CM4F/port.o
 .text.prvPortStartFirstTask
                0x00003c80       0x28 ./FreeRTOS/portable/GCC/ARM_CM4F/port.o
 .text.vPortEnableVFP
                0x00003ca8       0x14 ./FreeRTOS/portable/GCC/ARM_CM4F/port.o
 .text.pxPortInitialiseStack
                0x00003cbc       0x2c ./FreeRTOS/portable/GCC/ARM_CM4F/port.o
                0x00003cbc                pxPortInitialiseStack
 *fill*         0x00003ce8        0x8 
 .text.vPortSVCHandler
                0x00003cf0       0x24 ./FreeRTOS/portable/GCC/ARM_CM4F/port.o
                0x00003cf0                vPortSVCHandler
 .text.vPortEndScheduler
                0x00003d14       0x24 ./FreeRTOS/portable/GCC/ARM_CM4F/port.o
                0x00003d14                vPortEndScheduler
 .text.vPortEnterCritical
                0x00003d38       0x44 ./FreeRTOS/portable/GCC/ARM_CM4F/port.o
                0x00003d38                vPortEnterCritical
 .text.vPortExitCritical
                0x00003d7c       0x2c ./FreeRTOS/portable/GCC/ARM_CM4F/port.o
                0x00003d7c                vPortExitCritical
 *fill*         0x00003da8        0x8 
 .text.xPortPendSVHandler
                0x00003db0       0x64 ./FreeRTOS/portable/GCC/ARM_CM4F/port.o
                0x00003db0                xPortPendSVHandler
 .text.xPortSysTickHandler
                0x00003e14       0x2c ./FreeRTOS/portable/GCC/ARM_CM4F/port.o
                0x00003e14                xPortSysTickHandler
 .text.vPortSetupTimerInterrupt
                0x00003e40       0x28 ./FreeRTOS/portable/GCC/ARM_CM4F/port.o
                0x00003e40                vPortSetupTimerInterrupt
 .text.xPortStartScheduler
                0x00003e68      0x110 ./FreeRTOS/portable/GCC/ARM_CM4F/port.o
                0x00003e68                xPortStartScheduler
 .text.vPortValidateInterruptPriority
                0x00003f78       0x5c ./FreeRTOS/portable/GCC/ARM_CM4F/port.o
                0x00003f78                vPortValidateInterruptPriority
 .text.prvHeapInit
                0x00003fd4       0x64 ./FreeRTOS/portable/MemMang/heap_4.o
 .text.prvInsertBlockIntoFreeList
                0x00004038       0x58 ./FreeRTOS/portable/MemMang/heap_4.o
 .text.pvPortMalloc
                0x00004090      0x114 ./FreeRTOS/portable/MemMang/heap_4.o
                0x00004090                pvPortMalloc
 .text.vPortFree
                0x000041a4       0x7c ./FreeRTOS/portable/MemMang/heap_4.o
                0x000041a4                vPortFree
 .text.xPortGetFreeHeapSize
                0x00004220        0xc ./FreeRTOS/portable/MemMang/heap_4.o
                0x00004220                xPortGetFreeHeapSize
 .text.xPortGetMinimumEverFreeHeapSize
                0x0000422c        0xc ./FreeRTOS/portable/MemMang/heap_4.o
                0x0000422c                xPortGetMinimumEverFreeHeapSize
 .text.vPortInitialiseBlocks
                0x00004238        0x2 ./FreeRTOS/portable/MemMang/heap_4.o
                0x00004238                vPortInitialiseBlocks
 *fill*         0x0000423a        0x2 
 .text.vPortGetHeapStats
                0x0000423c       0x80 ./FreeRTOS/portable/MemMang/heap_4.o
                0x0000423c                vPortGetHeapStats
 .text._GPIOIntNumberGet
                0x000042bc       0x48 C:/ti/TivaWare_C_Series-2.2.0.295/driverlib/gcc/libdriver.a(gpio.o)
 .text.GPIODirModeSet
                0x00004304       0x2e C:/ti/TivaWare_C_Series-2.2.0.295/driverlib/gcc/libdriver.a(gpio.o)
                0x00004304                GPIODirModeSet
 .text.GPIODirModeGet
                0x00004332       0x24 C:/ti/TivaWare_C_Series-2.2.0.295/driverlib/gcc/libdriver.a(gpio.o)
                0x00004332                GPIODirModeGet
 .text.GPIOIntTypeSet
                0x00004356       0x5a C:/ti/TivaWare_C_Series-2.2.0.295/driverlib/gcc/libdriver.a(gpio.o)
                0x00004356                GPIOIntTypeSet
 .text.GPIOIntTypeGet
                0x000043b0       0x48 C:/ti/TivaWare_C_Series-2.2.0.295/driverlib/gcc/libdriver.a(gpio.o)
                0x000043b0                GPIOIntTypeGet
 .text.GPIOPadConfigSet
                0x000043f8      0x170 C:/ti/TivaWare_C_Series-2.2.0.295/driverlib/gcc/libdriver.a(gpio.o)
                0x000043f8                GPIOPadConfigSet
 .text.GPIOPadConfigGet
                0x00004568       0xe4 C:/ti/TivaWare_C_Series-2.2.0.295/driverlib/gcc/libdriver.a(gpio.o)
                0x00004568                GPIOPadConfigGet
 .text.GPIOIntEnable
                0x0000464c        0xc C:/ti/TivaWare_C_Series-2.2.0.295/driverlib/gcc/libdriver.a(gpio.o)
                0x0000464c                GPIOIntEnable
 .text.GPIOIntDisable
                0x00004658        0xe C:/ti/TivaWare_C_Series-2.2.0.295/driverlib/gcc/libdriver.a(gpio.o)
                0x00004658                GPIOIntDisable
 .text.GPIOIntStatus
                0x00004666        0xe C:/ti/TivaWare_C_Series-2.2.0.295/driverlib/gcc/libdriver.a(gpio.o)
                0x00004666                GPIOIntStatus
 .text.GPIOIntClear
                0x00004674        0x6 C:/ti/TivaWare_C_Series-2.2.0.295/driverlib/gcc/libdriver.a(gpio.o)
                0x00004674                GPIOIntClear
 .text.GPIOIntRegister
                0x0000467a       0x1a C:/ti/TivaWare_C_Series-2.2.0.295/driverlib/gcc/libdriver.a(gpio.o)
                0x0000467a                GPIOIntRegister
 .text.GPIOIntUnregister
                0x00004694       0x16 C:/ti/TivaWare_C_Series-2.2.0.295/driverlib/gcc/libdriver.a(gpio.o)
                0x00004694                GPIOIntUnregister
 .text.GPIOIntRegisterPin
                0x000046aa       0x1e C:/ti/TivaWare_C_Series-2.2.0.295/driverlib/gcc/libdriver.a(gpio.o)
                0x000046aa                GPIOIntRegisterPin
 .text.GPIOIntUnregisterPin
                0x000046c8       0x1a C:/ti/TivaWare_C_Series-2.2.0.295/driverlib/gcc/libdriver.a(gpio.o)
                0x000046c8                GPIOIntUnregisterPin
 .text.GPIOPinRead
                0x000046e2        0x6 C:/ti/TivaWare_C_Series-2.2.0.295/driverlib/gcc/libdriver.a(gpio.o)
                0x000046e2                GPIOPinRead
 .text.GPIOPinWrite
                0x000046e8        0x6 C:/ti/TivaWare_C_Series-2.2.0.295/driverlib/gcc/libdriver.a(gpio.o)
                0x000046e8                GPIOPinWrite
 .text.GPIOPinTypeADC
                0x000046ee       0x1c C:/ti/TivaWare_C_Series-2.2.0.295/driverlib/gcc/libdriver.a(gpio.o)
                0x000046ee                GPIOPinTypeADC
 .text.GPIOPinTypeCAN
                0x0000470a       0x1c C:/ti/TivaWare_C_Series-2.2.0.295/driverlib/gcc/libdriver.a(gpio.o)
                0x0000470a                GPIOPinTypeCAN
 .text.GPIOPinTypeComparator
                0x00004726       0x1c C:/ti/TivaWare_C_Series-2.2.0.295/driverlib/gcc/libdriver.a(gpio.o)
                0x00004726                GPIOPinTypeComparator
 .text.GPIOPinTypeComparatorOutput
                0x00004742       0x1c C:/ti/TivaWare_C_Series-2.2.0.295/driverlib/gcc/libdriver.a(gpio.o)
                0x00004742                GPIOPinTypeComparatorOutput
 .text.GPIOPinTypeDIVSCLK
                0x0000475e       0x1c C:/ti/TivaWare_C_Series-2.2.0.295/driverlib/gcc/libdriver.a(gpio.o)
                0x0000475e                GPIOPinTypeDIVSCLK
 .text.GPIOPinTypeEPI
                0x0000477a       0x1c C:/ti/TivaWare_C_Series-2.2.0.295/driverlib/gcc/libdriver.a(gpio.o)
                0x0000477a                GPIOPinTypeEPI
 .text.GPIOPinTypeEthernetLED
                0x00004796       0x1c C:/ti/TivaWare_C_Series-2.2.0.295/driverlib/gcc/libdriver.a(gpio.o)
                0x00004796                GPIOPinTypeEthernetLED
 .text.GPIOPinTypeEthernetMII
                0x000047b2       0x1c C:/ti/TivaWare_C_Series-2.2.0.295/driverlib/gcc/libdriver.a(gpio.o)
                0x000047b2                GPIOPinTypeEthernetMII
 .text.GPIOPinTypeGPIOInput
                0x000047ce       0x1c C:/ti/TivaWare_C_Series-2.2.0.295/driverlib/gcc/libdriver.a(gpio.o)
                0x000047ce                GPIOPinTypeGPIOInput
 .text.GPIOPinTypeGPIOOutput
                0x000047ea       0x1c C:/ti/TivaWare_C_Series-2.2.0.295/driverlib/gcc/libdriver.a(gpio.o)
                0x000047ea                GPIOPinTypeGPIOOutput
 .text.GPIOPinTypeGPIOOutputOD
                0x00004806       0x1c C:/ti/TivaWare_C_Series-2.2.0.295/driverlib/gcc/libdriver.a(gpio.o)
                0x00004806                GPIOPinTypeGPIOOutputOD
 .text.GPIOPinTypeHibernateRTCCLK
                0x00004822       0x1c C:/ti/TivaWare_C_Series-2.2.0.295/driverlib/gcc/libdriver.a(gpio.o)
                0x00004822                GPIOPinTypeHibernateRTCCLK
 .text.GPIOPinTypeI2C
                0x0000483e       0x1c C:/ti/TivaWare_C_Series-2.2.0.295/driverlib/gcc/libdriver.a(gpio.o)
                0x0000483e                GPIOPinTypeI2C
 .text.GPIOPinTypeI2CSCL
                0x0000485a       0x1c C:/ti/TivaWare_C_Series-2.2.0.295/driverlib/gcc/libdriver.a(gpio.o)
                0x0000485a                GPIOPinTypeI2CSCL
 .text.GPIOPinTypeLCD
                0x00004876       0x1c C:/ti/TivaWare_C_Series-2.2.0.295/driverlib/gcc/libdriver.a(gpio.o)
                0x00004876                GPIOPinTypeLCD
 .text.GPIOPinTypeOneWire
                0x00004892       0x1c C:/ti/TivaWare_C_Series-2.2.0.295/driverlib/gcc/libdriver.a(gpio.o)
                0x00004892                GPIOPinTypeOneWire
 .text.GPIOPinTypePWM
                0x000048ae       0x1c C:/ti/TivaWare_C_Series-2.2.0.295/driverlib/gcc/libdriver.a(gpio.o)
                0x000048ae                GPIOPinTypePWM
 .text.GPIOPinTypeQEI
                0x000048ca       0x1c C:/ti/TivaWare_C_Series-2.2.0.295/driverlib/gcc/libdriver.a(gpio.o)
                0x000048ca                GPIOPinTypeQEI
 .text.GPIOPinTypeSSI
                0x000048e6       0x1c C:/ti/TivaWare_C_Series-2.2.0.295/driverlib/gcc/libdriver.a(gpio.o)
                0x000048e6                GPIOPinTypeSSI
 .text.GPIOPinTypeTimer
                0x00004902       0x1c C:/ti/TivaWare_C_Series-2.2.0.295/driverlib/gcc/libdriver.a(gpio.o)
                0x00004902                GPIOPinTypeTimer
 .text.GPIOPinTypeTrace
                0x0000491e       0x1c C:/ti/TivaWare_C_Series-2.2.0.295/driverlib/gcc/libdriver.a(gpio.o)
                0x0000491e                GPIOPinTypeTrace
 .text.GPIOPinTypeUART
                0x0000493a       0x1c C:/ti/TivaWare_C_Series-2.2.0.295/driverlib/gcc/libdriver.a(gpio.o)
                0x0000493a                GPIOPinTypeUART
 .text.GPIOPinTypeUSBAnalog
                0x00004956       0x1c C:/ti/TivaWare_C_Series-2.2.0.295/driverlib/gcc/libdriver.a(gpio.o)
                0x00004956                GPIOPinTypeUSBAnalog
 .text.GPIOPinTypeUSBDigital
                0x00004972       0x1c C:/ti/TivaWare_C_Series-2.2.0.295/driverlib/gcc/libdriver.a(gpio.o)
                0x00004972                GPIOPinTypeUSBDigital
 .text.GPIOPinTypeWakeHigh
                0x0000498e       0x1e C:/ti/TivaWare_C_Series-2.2.0.295/driverlib/gcc/libdriver.a(gpio.o)
                0x0000498e                GPIOPinTypeWakeHigh
 .text.GPIOPinTypeWakeLow
                0x000049ac       0x1e C:/ti/TivaWare_C_Series-2.2.0.295/driverlib/gcc/libdriver.a(gpio.o)
                0x000049ac                GPIOPinTypeWakeLow
 .text.GPIOPinWakeStatus
                0x000049ca        0x6 C:/ti/TivaWare_C_Series-2.2.0.295/driverlib/gcc/libdriver.a(gpio.o)
                0x000049ca                GPIOPinWakeStatus
 .text.GPIOPinConfigure
                0x000049d0       0x4c C:/ti/TivaWare_C_Series-2.2.0.295/driverlib/gcc/libdriver.a(gpio.o)
                0x000049d0                GPIOPinConfigure
 .text.GPIODMATriggerEnable
                0x00004a1c        0xc C:/ti/TivaWare_C_Series-2.2.0.295/driverlib/gcc/libdriver.a(gpio.o)
                0x00004a1c                GPIODMATriggerEnable
 .text.GPIODMATriggerDisable
                0x00004a28        0xe C:/ti/TivaWare_C_Series-2.2.0.295/driverlib/gcc/libdriver.a(gpio.o)
                0x00004a28                GPIODMATriggerDisable
 .text.GPIOADCTriggerEnable
                0x00004a36        0xc C:/ti/TivaWare_C_Series-2.2.0.295/driverlib/gcc/libdriver.a(gpio.o)
                0x00004a36                GPIOADCTriggerEnable
 .text.GPIOADCTriggerDisable
                0x00004a42        0xe C:/ti/TivaWare_C_Series-2.2.0.295/driverlib/gcc/libdriver.a(gpio.o)
                0x00004a42                GPIOADCTriggerDisable
 .text.GPIOUnlockPin
                0x00004a50       0x18 C:/ti/TivaWare_C_Series-2.2.0.295/driverlib/gcc/libdriver.a(gpio.o)
                0x00004a50                GPIOUnlockPin
 .text._IntDefaultHandler
                0x00004a68        0x2 C:/ti/TivaWare_C_Series-2.2.0.295/driverlib/gcc/libdriver.a(interrupt.o)
 .text.IntMasterEnable
                0x00004a6a        0xe C:/ti/TivaWare_C_Series-2.2.0.295/driverlib/gcc/libdriver.a(interrupt.o)
                0x00004a6a                IntMasterEnable
 .text.IntMasterDisable
                0x00004a78        0xe C:/ti/TivaWare_C_Series-2.2.0.295/driverlib/gcc/libdriver.a(interrupt.o)
                0x00004a78                IntMasterDisable
 *fill*         0x00004a86        0x2 
 .text.IntRegister
                0x00004a88       0x34 C:/ti/TivaWare_C_Series-2.2.0.295/driverlib/gcc/libdriver.a(interrupt.o)
                0x00004a88                IntRegister
 .text.IntUnregister
                0x00004abc       0x14 C:/ti/TivaWare_C_Series-2.2.0.295/driverlib/gcc/libdriver.a(interrupt.o)
                0x00004abc                IntUnregister
 .text.IntPriorityGroupingSet
                0x00004ad0       0x1c C:/ti/TivaWare_C_Series-2.2.0.295/driverlib/gcc/libdriver.a(interrupt.o)
                0x00004ad0                IntPriorityGroupingSet
 .text.IntPriorityGroupingGet
                0x00004aec       0x24 C:/ti/TivaWare_C_Series-2.2.0.295/driverlib/gcc/libdriver.a(interrupt.o)
                0x00004aec                IntPriorityGroupingGet
 .text.IntPrioritySet
                0x00004b10       0x2c C:/ti/TivaWare_C_Series-2.2.0.295/driverlib/gcc/libdriver.a(interrupt.o)
                0x00004b10                IntPrioritySet
 .text.IntPriorityGet
                0x00004b3c       0x1c C:/ti/TivaWare_C_Series-2.2.0.295/driverlib/gcc/libdriver.a(interrupt.o)
                0x00004b3c                IntPriorityGet
 .text.IntEnable
                0x00004b58       0x60 C:/ti/TivaWare_C_Series-2.2.0.295/driverlib/gcc/libdriver.a(interrupt.o)
                0x00004b58                IntEnable
 .text.IntDisable
                0x00004bb8       0x60 C:/ti/TivaWare_C_Series-2.2.0.295/driverlib/gcc/libdriver.a(interrupt.o)
                0x00004bb8                IntDisable
 .text.IntIsEnabled
                0x00004c18       0x64 C:/ti/TivaWare_C_Series-2.2.0.295/driverlib/gcc/libdriver.a(interrupt.o)
                0x00004c18                IntIsEnabled
 .text.IntPendSet
                0x00004c7c       0x50 C:/ti/TivaWare_C_Series-2.2.0.295/driverlib/gcc/libdriver.a(interrupt.o)
                0x00004c7c                IntPendSet
 .text.IntPendClear
                0x00004ccc       0x40 C:/ti/TivaWare_C_Series-2.2.0.295/driverlib/gcc/libdriver.a(interrupt.o)
                0x00004ccc                IntPendClear
 .text.IntPriorityMaskSet
                0x00004d0c        0x4 C:/ti/TivaWare_C_Series-2.2.0.295/driverlib/gcc/libdriver.a(interrupt.o)
                0x00004d0c                IntPriorityMaskSet
 .text.IntPriorityMaskGet
                0x00004d10        0x4 C:/ti/TivaWare_C_Series-2.2.0.295/driverlib/gcc/libdriver.a(interrupt.o)
                0x00004d10                IntPriorityMaskGet
 .text.IntTrigger
                0x00004d14        0xc C:/ti/TivaWare_C_Series-2.2.0.295/driverlib/gcc/libdriver.a(interrupt.o)
                0x00004d14                IntTrigger
 .text._SysCtlMemTimingGet
                0x00004d20       0x24 C:/ti/TivaWare_C_Series-2.2.0.295/driverlib/gcc/libdriver.a(sysctl.o)
 .text.SysCtlSRAMSizeGet
                0x00004d44       0x10 C:/ti/TivaWare_C_Series-2.2.0.295/driverlib/gcc/libdriver.a(sysctl.o)
                0x00004d44                SysCtlSRAMSizeGet
 .text.SysCtlFlashSizeGet
                0x00004d54       0x3c C:/ti/TivaWare_C_Series-2.2.0.295/driverlib/gcc/libdriver.a(sysctl.o)
                0x00004d54                SysCtlFlashSizeGet
 .text.SysCtlFlashSectorSizeGet
                0x00004d90       0x38 C:/ti/TivaWare_C_Series-2.2.0.295/driverlib/gcc/libdriver.a(sysctl.o)
                0x00004d90                SysCtlFlashSectorSizeGet
 .text.SysCtlPeripheralPresent
                0x00004dc8       0x26 C:/ti/TivaWare_C_Series-2.2.0.295/driverlib/gcc/libdriver.a(sysctl.o)
                0x00004dc8                SysCtlPeripheralPresent
 .text.SysCtlPeripheralReady
                0x00004dee       0x26 C:/ti/TivaWare_C_Series-2.2.0.295/driverlib/gcc/libdriver.a(sysctl.o)
                0x00004dee                SysCtlPeripheralReady
 .text.SysCtlPeripheralPowerOn
                0x00004e14       0x22 C:/ti/TivaWare_C_Series-2.2.0.295/driverlib/gcc/libdriver.a(sysctl.o)
                0x00004e14                SysCtlPeripheralPowerOn
 .text.SysCtlPeripheralPowerOff
                0x00004e36       0x22 C:/ti/TivaWare_C_Series-2.2.0.295/driverlib/gcc/libdriver.a(sysctl.o)
                0x00004e36                SysCtlPeripheralPowerOff
 .text.SysCtlPeripheralReset
                0x00004e58       0x3a C:/ti/TivaWare_C_Series-2.2.0.295/driverlib/gcc/libdriver.a(sysctl.o)
                0x00004e58                SysCtlPeripheralReset
 .text.SysCtlPeripheralEnable
                0x00004e92       0x22 C:/ti/TivaWare_C_Series-2.2.0.295/driverlib/gcc/libdriver.a(sysctl.o)
                0x00004e92                SysCtlPeripheralEnable
 .text.SysCtlPeripheralDisable
                0x00004eb4       0x22 C:/ti/TivaWare_C_Series-2.2.0.295/driverlib/gcc/libdriver.a(sysctl.o)
                0x00004eb4                SysCtlPeripheralDisable
 .text.SysCtlPeripheralSleepEnable
                0x00004ed6       0x22 C:/ti/TivaWare_C_Series-2.2.0.295/driverlib/gcc/libdriver.a(sysctl.o)
                0x00004ed6                SysCtlPeripheralSleepEnable
 .text.SysCtlPeripheralSleepDisable
                0x00004ef8       0x22 C:/ti/TivaWare_C_Series-2.2.0.295/driverlib/gcc/libdriver.a(sysctl.o)
                0x00004ef8                SysCtlPeripheralSleepDisable
 .text.SysCtlPeripheralDeepSleepEnable
                0x00004f1a       0x22 C:/ti/TivaWare_C_Series-2.2.0.295/driverlib/gcc/libdriver.a(sysctl.o)
                0x00004f1a                SysCtlPeripheralDeepSleepEnable
 .text.SysCtlPeripheralDeepSleepDisable
                0x00004f3c       0x22 C:/ti/TivaWare_C_Series-2.2.0.295/driverlib/gcc/libdriver.a(sysctl.o)
                0x00004f3c                SysCtlPeripheralDeepSleepDisable
 *fill*         0x00004f5e        0x2 
 .text.SysCtlPeripheralClockGating
                0x00004f60       0x48 C:/ti/TivaWare_C_Series-2.2.0.295/driverlib/gcc/libdriver.a(sysctl.o)
                0x00004f60                SysCtlPeripheralClockGating
 .text.SysCtlIntRegister
                0x00004fa8       0x14 C:/ti/TivaWare_C_Series-2.2.0.295/driverlib/gcc/libdriver.a(sysctl.o)
                0x00004fa8                SysCtlIntRegister
 .text.SysCtlIntUnregister
                0x00004fbc       0x12 C:/ti/TivaWare_C_Series-2.2.0.295/driverlib/gcc/libdriver.a(sysctl.o)
                0x00004fbc                SysCtlIntUnregister
 *fill*         0x00004fce        0x2 
 .text.SysCtlIntEnable
                0x00004fd0       0x10 C:/ti/TivaWare_C_Series-2.2.0.295/driverlib/gcc/libdriver.a(sysctl.o)
                0x00004fd0                SysCtlIntEnable
 .text.SysCtlIntDisable
                0x00004fe0       0x10 C:/ti/TivaWare_C_Series-2.2.0.295/driverlib/gcc/libdriver.a(sysctl.o)
                0x00004fe0                SysCtlIntDisable
 .text.SysCtlIntClear
                0x00004ff0        0xc C:/ti/TivaWare_C_Series-2.2.0.295/driverlib/gcc/libdriver.a(sysctl.o)
                0x00004ff0                SysCtlIntClear
 .text.SysCtlIntStatus
                0x00004ffc       0x14 C:/ti/TivaWare_C_Series-2.2.0.295/driverlib/gcc/libdriver.a(sysctl.o)
                0x00004ffc                SysCtlIntStatus
 .text.SysCtlLDOSleepSet
                0x00005010        0xc C:/ti/TivaWare_C_Series-2.2.0.295/driverlib/gcc/libdriver.a(sysctl.o)
                0x00005010                SysCtlLDOSleepSet
 .text.SysCtlLDOSleepGet
                0x0000501c        0xc C:/ti/TivaWare_C_Series-2.2.0.295/driverlib/gcc/libdriver.a(sysctl.o)
                0x0000501c                SysCtlLDOSleepGet
 .text.SysCtlLDODeepSleepSet
                0x00005028        0xc C:/ti/TivaWare_C_Series-2.2.0.295/driverlib/gcc/libdriver.a(sysctl.o)
                0x00005028                SysCtlLDODeepSleepSet
 .text.SysCtlLDODeepSleepGet
                0x00005034        0xc C:/ti/TivaWare_C_Series-2.2.0.295/driverlib/gcc/libdriver.a(sysctl.o)
                0x00005034                SysCtlLDODeepSleepGet
 .text.SysCtlSleepPowerSet
                0x00005040        0xc C:/ti/TivaWare_C_Series-2.2.0.295/driverlib/gcc/libdriver.a(sysctl.o)
                0x00005040                SysCtlSleepPowerSet
 .text.SysCtlDeepSleepPowerSet
                0x0000504c        0xc C:/ti/TivaWare_C_Series-2.2.0.295/driverlib/gcc/libdriver.a(sysctl.o)
                0x0000504c                SysCtlDeepSleepPowerSet
 .text.SysCtlReset
                0x00005058       0x10 C:/ti/TivaWare_C_Series-2.2.0.295/driverlib/gcc/libdriver.a(sysctl.o)
                0x00005058                SysCtlReset
 .text.SysCtlSleep
                0x00005068        0x4 C:/ti/TivaWare_C_Series-2.2.0.295/driverlib/gcc/libdriver.a(sysctl.o)
                0x00005068                SysCtlSleep
 .text.SysCtlDeepSleep
                0x0000506c       0x20 C:/ti/TivaWare_C_Series-2.2.0.295/driverlib/gcc/libdriver.a(sysctl.o)
                0x0000506c                SysCtlDeepSleep
 .text.SysCtlResetCauseGet
                0x0000508c        0xc C:/ti/TivaWare_C_Series-2.2.0.295/driverlib/gcc/libdriver.a(sysctl.o)
                0x0000508c                SysCtlResetCauseGet
 .text.SysCtlResetCauseClear
                0x00005098       0x10 C:/ti/TivaWare_C_Series-2.2.0.295/driverlib/gcc/libdriver.a(sysctl.o)
                0x00005098                SysCtlResetCauseClear
 .text.SysCtlDelay
                0x000050a8        0x8 C:/ti/TivaWare_C_Series-2.2.0.295/driverlib/gcc/libdriver.a(sysctl.o)
                0x000050a8                SysCtlDelay
 .text.SysCtlMOSCConfigSet
                0x000050b0        0xc C:/ti/TivaWare_C_Series-2.2.0.295/driverlib/gcc/libdriver.a(sysctl.o)
                0x000050b0                SysCtlMOSCConfigSet
 .text.SysCtlPIOSCCalibrate
                0x000050bc       0x48 C:/ti/TivaWare_C_Series-2.2.0.295/driverlib/gcc/libdriver.a(sysctl.o)
                0x000050bc                SysCtlPIOSCCalibrate
 .text.SysCtlResetBehaviorSet
                0x00005104        0xc C:/ti/TivaWare_C_Series-2.2.0.295/driverlib/gcc/libdriver.a(sysctl.o)
                0x00005104                SysCtlResetBehaviorSet
 .text.SysCtlResetBehaviorGet
                0x00005110        0xc C:/ti/TivaWare_C_Series-2.2.0.295/driverlib/gcc/libdriver.a(sysctl.o)
                0x00005110                SysCtlResetBehaviorGet
 .text.SysCtlClockFreqSet
                0x0000511c      0x248 C:/ti/TivaWare_C_Series-2.2.0.295/driverlib/gcc/libdriver.a(sysctl.o)
                0x0000511c                SysCtlClockFreqSet
 .text.SysCtlClockSet
                0x00005364      0x11c C:/ti/TivaWare_C_Series-2.2.0.295/driverlib/gcc/libdriver.a(sysctl.o)
                0x00005364                SysCtlClockSet
 .text.SysCtlClockGet
                0x00005480      0x12c C:/ti/TivaWare_C_Series-2.2.0.295/driverlib/gcc/libdriver.a(sysctl.o)
                0x00005480                SysCtlClockGet
 .text.SysCtlDeepSleepClockSet
                0x000055ac        0xc C:/ti/TivaWare_C_Series-2.2.0.295/driverlib/gcc/libdriver.a(sysctl.o)
                0x000055ac                SysCtlDeepSleepClockSet
 .text.SysCtlDeepSleepClockConfigSet
                0x000055b8       0x60 C:/ti/TivaWare_C_Series-2.2.0.295/driverlib/gcc/libdriver.a(sysctl.o)
                0x000055b8                SysCtlDeepSleepClockConfigSet
 .text.SysCtlPWMClockSet
                0x00005618       0x14 C:/ti/TivaWare_C_Series-2.2.0.295/driverlib/gcc/libdriver.a(sysctl.o)
                0x00005618                SysCtlPWMClockSet
 .text.SysCtlPWMClockGet
                0x0000562c       0x18 C:/ti/TivaWare_C_Series-2.2.0.295/driverlib/gcc/libdriver.a(sysctl.o)
                0x0000562c                SysCtlPWMClockGet
 .text.SysCtlGPIOAHBEnable
                0x00005644       0x18 C:/ti/TivaWare_C_Series-2.2.0.295/driverlib/gcc/libdriver.a(sysctl.o)
                0x00005644                SysCtlGPIOAHBEnable
 .text.SysCtlGPIOAHBDisable
                0x0000565c       0x1c C:/ti/TivaWare_C_Series-2.2.0.295/driverlib/gcc/libdriver.a(sysctl.o)
                0x0000565c                SysCtlGPIOAHBDisable
 .text.SysCtlUSBPLLEnable
                0x00005678       0x10 C:/ti/TivaWare_C_Series-2.2.0.295/driverlib/gcc/libdriver.a(sysctl.o)
                0x00005678                SysCtlUSBPLLEnable
 .text.SysCtlUSBPLLDisable
                0x00005688       0x10 C:/ti/TivaWare_C_Series-2.2.0.295/driverlib/gcc/libdriver.a(sysctl.o)
                0x00005688                SysCtlUSBPLLDisable
 .text.SysCtlVoltageEventConfig
                0x00005698        0xc C:/ti/TivaWare_C_Series-2.2.0.295/driverlib/gcc/libdriver.a(sysctl.o)
                0x00005698                SysCtlVoltageEventConfig
 .text.SysCtlVoltageEventStatus
                0x000056a4        0xc C:/ti/TivaWare_C_Series-2.2.0.295/driverlib/gcc/libdriver.a(sysctl.o)
                0x000056a4                SysCtlVoltageEventStatus
 .text.SysCtlVoltageEventClear
                0x000056b0       0x10 C:/ti/TivaWare_C_Series-2.2.0.295/driverlib/gcc/libdriver.a(sysctl.o)
                0x000056b0                SysCtlVoltageEventClear
 .text.SysCtlVCOGet
                0x000056c0       0x78 C:/ti/TivaWare_C_Series-2.2.0.295/driverlib/gcc/libdriver.a(sysctl.o)
                0x000056c0                SysCtlVCOGet
 .text.SysCtlNMIStatus
                0x00005738        0xc C:/ti/TivaWare_C_Series-2.2.0.295/driverlib/gcc/libdriver.a(sysctl.o)
                0x00005738                SysCtlNMIStatus
 .text.SysCtlNMIClear
                0x00005744       0x10 C:/ti/TivaWare_C_Series-2.2.0.295/driverlib/gcc/libdriver.a(sysctl.o)
                0x00005744                SysCtlNMIClear
 .text.SysCtlClockOutConfig
                0x00005754       0x10 C:/ti/TivaWare_C_Series-2.2.0.295/driverlib/gcc/libdriver.a(sysctl.o)
                0x00005754                SysCtlClockOutConfig
 .text.SysCtlAltClkConfig
                0x00005764        0xc C:/ti/TivaWare_C_Series-2.2.0.295/driverlib/gcc/libdriver.a(sysctl.o)
                0x00005764                SysCtlAltClkConfig
 .text.CPUcpsid
                0x00005770        0x8 C:/ti/TivaWare_C_Series-2.2.0.295/driverlib/gcc/libdriver.a(cpu.o)
                0x00005770                CPUcpsid
 .text.CPUprimask
                0x00005778        0x6 C:/ti/TivaWare_C_Series-2.2.0.295/driverlib/gcc/libdriver.a(cpu.o)
                0x00005778                CPUprimask
 .text.CPUcpsie
                0x0000577e        0x8 C:/ti/TivaWare_C_Series-2.2.0.295/driverlib/gcc/libdriver.a(cpu.o)
                0x0000577e                CPUcpsie
 .text.CPUwfi   0x00005786        0x4 C:/ti/TivaWare_C_Series-2.2.0.295/driverlib/gcc/libdriver.a(cpu.o)
                0x00005786                CPUwfi
 .text.CPUbasepriSet
                0x0000578a        0x6 C:/ti/TivaWare_C_Series-2.2.0.295/driverlib/gcc/libdriver.a(cpu.o)
                0x0000578a                CPUbasepriSet
 .text.CPUbasepriGet
                0x00005790        0x6 C:/ti/TivaWare_C_Series-2.2.0.295/driverlib/gcc/libdriver.a(cpu.o)
                0x00005790                CPUbasepriGet
 *fill*         0x00005796        0x2 
 .text.exit     0x00005798       0x20 c:/ti/ccs1011/ccs/tools/compiler/gcc-arm-none-eabi-7-2017-q4-major-win32/bin/../lib/gcc/arm-none-eabi/7.2.1/../../../../arm-none-eabi/lib/thumb/v7e-m/fpv4-sp/hard\libg.a(lib_a-exit.o)
                0x00005798                exit
 .text.__libc_init_array
                0x000057b8       0x48 c:/ti/ccs1011/ccs/tools/compiler/gcc-arm-none-eabi-7-2017-q4-major-win32/bin/../lib/gcc/arm-none-eabi/7.2.1/../../../../arm-none-eabi/lib/thumb/v7e-m/fpv4-sp/hard\libg.a(lib_a-init.o)
                0x000057b8                __libc_init_array
 .text.memset   0x00005800       0x94 c:/ti/ccs1011/ccs/tools/compiler/gcc-arm-none-eabi-7-2017-q4-major-win32/bin/../lib/gcc/arm-none-eabi/7.2.1/../../../../arm-none-eabi/lib/thumb/v7e-m/fpv4-sp/hard\libg.a(lib_a-memset.o)
                0x00005800                memset
 .text.startup.register_fini
                0x00005894       0x14 c:/ti/ccs1011/ccs/tools/compiler/gcc-arm-none-eabi-7-2017-q4-major-win32/bin/../lib/gcc/arm-none-eabi/7.2.1/../../../../arm-none-eabi/lib/thumb/v7e-m/fpv4-sp/hard\libg.a(lib_a-__call_atexit.o)
 .text.__call_exitprocs
                0x000058a8       0xe8 c:/ti/ccs1011/ccs/tools/compiler/gcc-arm-none-eabi-7-2017-q4-major-win32/bin/../lib/gcc/arm-none-eabi/7.2.1/../../../../arm-none-eabi/lib/thumb/v7e-m/fpv4-sp/hard\libg.a(lib_a-__call_atexit.o)
                0x000058a8                __call_exitprocs
 .text.atexit   0x00005990        0xc c:/ti/ccs1011/ccs/tools/compiler/gcc-arm-none-eabi-7-2017-q4-major-win32/bin/../lib/gcc/arm-none-eabi/7.2.1/../../../../arm-none-eabi/lib/thumb/v7e-m/fpv4-sp/hard\libg.a(lib_a-atexit.o)
                0x00005990                atexit
 .text.__libc_fini_array
                0x0000599c       0x34 c:/ti/ccs1011/ccs/tools/compiler/gcc-arm-none-eabi-7-2017-q4-major-win32/bin/../lib/gcc/arm-none-eabi/7.2.1/../../../../arm-none-eabi/lib/thumb/v7e-m/fpv4-sp/hard\libg.a(lib_a-fini.o)
                0x0000599c                __libc_fini_array
 .text.__retarget_lock_init
                0x000059d0        0x4 c:/ti/ccs1011/ccs/tools/compiler/gcc-arm-none-eabi-7-2017-q4-major-win32/bin/../lib/gcc/arm-none-eabi/7.2.1/../../../../arm-none-eabi/lib/thumb/v7e-m/fpv4-sp/hard\libg.a(lib_a-lock.o)
                0x000059d0                __retarget_lock_init
 .text.__retarget_lock_init_recursive
                0x000059d4        0x4 c:/ti/ccs1011/ccs/tools/compiler/gcc-arm-none-eabi-7-2017-q4-major-win32/bin/../lib/gcc/arm-none-eabi/7.2.1/../../../../arm-none-eabi/lib/thumb/v7e-m/fpv4-sp/hard\libg.a(lib_a-lock.o)
                0x000059d4                __retarget_lock_init_recursive
 .text.__retarget_lock_close
                0x000059d8        0x4 c:/ti/ccs1011/ccs/tools/compiler/gcc-arm-none-eabi-7-2017-q4-major-win32/bin/../lib/gcc/arm-none-eabi/7.2.1/../../../../arm-none-eabi/lib/thumb/v7e-m/fpv4-sp/hard\libg.a(lib_a-lock.o)
                0x000059d8                __retarget_lock_close
 .text.__retarget_lock_close_recursive
                0x000059dc        0x4 c:/ti/ccs1011/ccs/tools/compiler/gcc-arm-none-eabi-7-2017-q4-major-win32/bin/../lib/gcc/arm-none-eabi/7.2.1/../../../../arm-none-eabi/lib/thumb/v7e-m/fpv4-sp/hard\libg.a(lib_a-lock.o)
                0x000059dc                __retarget_lock_close_recursive
 .text.__retarget_lock_acquire
                0x000059e0        0x4 c:/ti/ccs1011/ccs/tools/compiler/gcc-arm-none-eabi-7-2017-q4-major-win32/bin/../lib/gcc/arm-none-eabi/7.2.1/../../../../arm-none-eabi/lib/thumb/v7e-m/fpv4-sp/hard\libg.a(lib_a-lock.o)
                0x000059e0                __retarget_lock_acquire
 .text.__retarget_lock_acquire_recursive
                0x000059e4        0x4 c:/ti/ccs1011/ccs/tools/compiler/gcc-arm-none-eabi-7-2017-q4-major-win32/bin/../lib/gcc/arm-none-eabi/7.2.1/../../../../arm-none-eabi/lib/thumb/v7e-m/fpv4-sp/hard\libg.a(lib_a-lock.o)
                0x000059e4                __retarget_lock_acquire_recursive
 .text.__retarget_lock_try_acquire
                0x000059e8        0x4 c:/ti/ccs1011/ccs/tools/compiler/gcc-arm-none-eabi-7-2017-q4-major-win32/bin/../lib/gcc/arm-none-eabi/7.2.1/../../../../arm-none-eabi/lib/thumb/v7e-m/fpv4-sp/hard\libg.a(lib_a-lock.o)
                0x000059e8                __retarget_lock_try_acquire
 .text.__retarget_lock_try_acquire_recursive
                0x000059ec        0x4 c:/ti/ccs1011/ccs/tools/compiler/gcc-arm-none-eabi-7-2017-q4-major-win32/bin/../lib/gcc/arm-none-eabi/7.2.1/../../../../arm-none-eabi/lib/thumb/v7e-m/fpv4-sp/hard\libg.a(lib_a-lock.o)
                0x000059ec                __retarget_lock_try_acquire_recursive
 .text.__retarget_lock_release
                0x000059f0        0x4 c:/ti/ccs1011/ccs/tools/compiler/gcc-arm-none-eabi-7-2017-q4-major-win32/bin/../lib/gcc/arm-none-eabi/7.2.1/../../../../arm-none-eabi/lib/thumb/v7e-m/fpv4-sp/hard\libg.a(lib_a-lock.o)
                0x000059f0                __retarget_lock_release
 .text.__retarget_lock_release_recursive
                0x000059f4        0x4 c:/ti/ccs1011/ccs/tools/compiler/gcc-arm-none-eabi-7-2017-q4-major-win32/bin/../lib/gcc/arm-none-eabi/7.2.1/../../../../arm-none-eabi/lib/thumb/v7e-m/fpv4-sp/hard\libg.a(lib_a-lock.o)
                0x000059f4                __retarget_lock_release_recursive
 .text.__register_exitproc
                0x000059f8       0xc0 c:/ti/ccs1011/ccs/tools/compiler/gcc-arm-none-eabi-7-2017-q4-major-win32/bin/../lib/gcc/arm-none-eabi/7.2.1/../../../../arm-none-eabi/lib/thumb/v7e-m/fpv4-sp/hard\libg.a(lib_a-__atexit.o)
                0x000059f8                __register_exitproc
 .text._exit    0x00005ab8        0x4 c:/ti/ccs1011/ccs/tools/compiler/gcc-arm-none-eabi-7-2017-q4-major-win32/bin/../lib/gcc/arm-none-eabi/7.2.1/../../../../arm-none-eabi/lib/thumb/v7e-m/fpv4-sp/hard\libnosys.a(_exit.o)
                0x00005ab8                _exit
                0x00005abc                . = ALIGN (0x4)
 *(.ctors)
                0x00005abc                . = ALIGN (0x4)
 *(.dtors)
                0x00005abc                . = ALIGN (0x4)
                0x00005abc                __init_array_start = .
 *(.init_array*)
 .init_array    0x00005abc        0x4 c:/ti/ccs1011/ccs/tools/compiler/gcc-arm-none-eabi-7-2017-q4-major-win32/bin/../lib/gcc/arm-none-eabi/7.2.1/thumb/v7e-m/fpv4-sp/hard/crtbegin.o
 .init_array.00000
                0x00005ac0        0x4 c:/ti/ccs1011/ccs/tools/compiler/gcc-arm-none-eabi-7-2017-q4-major-win32/bin/../lib/gcc/arm-none-eabi/7.2.1/../../../../arm-none-eabi/lib/thumb/v7e-m/fpv4-sp/hard\libg.a(lib_a-__call_atexit.o)
                0x00005ac4                __init_array_end = .
 *(.init)
 .init          0x00005ac4        0x4 c:/ti/ccs1011/ccs/tools/compiler/gcc-arm-none-eabi-7-2017-q4-major-win32/bin/../lib/gcc/arm-none-eabi/7.2.1/thumb/v7e-m/fpv4-sp/hard/crti.o
                0x00005ac4                _init
 .init          0x00005ac8        0x8 c:/ti/ccs1011/ccs/tools/compiler/gcc-arm-none-eabi-7-2017-q4-major-win32/bin/../lib/gcc/arm-none-eabi/7.2.1/thumb/v7e-m/fpv4-sp/hard/crtn.o
 *(.fini*)
 .fini          0x00005ad0        0x4 c:/ti/ccs1011/ccs/tools/compiler/gcc-arm-none-eabi-7-2017-q4-major-win32/bin/../lib/gcc/arm-none-eabi/7.2.1/thumb/v7e-m/fpv4-sp/hard/crti.o
                0x00005ad0                _fini
 .fini_array    0x00005ad4        0x4 c:/ti/ccs1011/ccs/tools/compiler/gcc-arm-none-eabi-7-2017-q4-major-win32/bin/../lib/gcc/arm-none-eabi/7.2.1/thumb/v7e-m/fpv4-sp/hard/crtbegin.o
 .fini          0x00005ad8        0x8 c:/ti/ccs1011/ccs/tools/compiler/gcc-arm-none-eabi-7-2017-q4-major-win32/bin/../lib/gcc/arm-none-eabi/7.2.1/thumb/v7e-m/fpv4-sp/hard/crtn.o
                [!provide]                PROVIDE (__etext, .)
                [!provide]                PROVIDE (_etext, .)
                [!provide]                PROVIDE (etext, .)

.glue_7         0x00005ae0        0x0
 .glue_7        0x00005ae0        0x0 linker stubs

.glue_7t        0x00005ae0        0x0
 .glue_7t       0x00005ae0        0x0 linker stubs

.vfp11_veneer   0x00005ae0        0x0
 .vfp11_veneer  0x00005ae0        0x0 linker stubs

.v4_bx          0x00005ae0        0x0
 .v4_bx         0x00005ae0        0x0 linker stubs

.iplt           0x00005ae0        0x0
 .iplt          0x00005ae0        0x0 c:/ti/ccs1011/ccs/tools/compiler/gcc-arm-none-eabi-7-2017-q4-major-win32/bin/../lib/gcc/arm-none-eabi/7.2.1/thumb/v7e-m/fpv4-sp/hard/crtbegin.o

.rodata         0x00005ae0      0x5bc
 *(.rodata)
 *(.rodata*)
 .rodata.main.str1.4
                0x00005ae0       0x15 ./main.o
 *fill*         0x00005af5        0x3 
 .rodata.vTaskStartScheduler.str1.4
                0x00005af8        0x5 ./FreeRTOS/tasks.o
 *fill*         0x00005afd        0x3 
 .rodata.prvCheckForValidListAndQueue.str1.4
                0x00005b00        0x5 ./FreeRTOS/timers.o
 *fill*         0x00005b05        0x3 
 .rodata.xTimerCreateTimerTask.str1.4
                0x00005b08        0x8 ./FreeRTOS/timers.o
 .rodata.g_ppui32GPIOIntMapSnowflake
                0x00005b10       0xd8 C:/ti/TivaWare_C_Series-2.2.0.295/driverlib/gcc/libdriver.a(gpio.o)
 .rodata.g_pui32GPIOBaseAddrs
                0x00005be8       0x90 C:/ti/TivaWare_C_Series-2.2.0.295/driverlib/gcc/libdriver.a(gpio.o)
 .rodata.g_ppui32GPIOIntMapBlizzard
                0x00005c78       0xc0 C:/ti/TivaWare_C_Series-2.2.0.295/driverlib/gcc/libdriver.a(gpio.o)
 .rodata.g_pui32Priority
                0x00005d38       0x20 C:/ti/TivaWare_C_Series-2.2.0.295/driverlib/gcc/libdriver.a(interrupt.o)
 .rodata.g_pui32Dii16Regs
                0x00005d58       0x14 C:/ti/TivaWare_C_Series-2.2.0.295/driverlib/gcc/libdriver.a(interrupt.o)
 .rodata.g_pui32PendRegs
                0x00005d6c       0x14 C:/ti/TivaWare_C_Series-2.2.0.295/driverlib/gcc/libdriver.a(interrupt.o)
 .rodata.g_pui32Regs
                0x00005d80       0x9c C:/ti/TivaWare_C_Series-2.2.0.295/driverlib/gcc/libdriver.a(interrupt.o)
 .rodata.g_pui32EnRegs
                0x00005e1c       0x14 C:/ti/TivaWare_C_Series-2.2.0.295/driverlib/gcc/libdriver.a(interrupt.o)
 .rodata.g_pui32UnpendRegs
                0x00005e30       0x14 C:/ti/TivaWare_C_Series-2.2.0.295/driverlib/gcc/libdriver.a(interrupt.o)
 .rodata.g_pppui32XTALtoVCO
                0x00005e44      0x1b0 C:/ti/TivaWare_C_Series-2.2.0.295/driverlib/gcc/libdriver.a(sysctl.o)
 .rodata.g_pui32VCOFrequencies
                0x00005ff4        0x8 C:/ti/TivaWare_C_Series-2.2.0.295/driverlib/gcc/libdriver.a(sysctl.o)
 .rodata.g_sXTALtoMEMTIM
                0x00005ffc       0x30 C:/ti/TivaWare_C_Series-2.2.0.295/driverlib/gcc/libdriver.a(sysctl.o)
 .rodata.g_pui32Xtals
                0x0000602c       0x6c C:/ti/TivaWare_C_Series-2.2.0.295/driverlib/gcc/libdriver.a(sysctl.o)
 .rodata._global_impure_ptr
                0x00006098        0x4 c:/ti/ccs1011/ccs/tools/compiler/gcc-arm-none-eabi-7-2017-q4-major-win32/bin/../lib/gcc/arm-none-eabi/7.2.1/../../../../arm-none-eabi/lib/thumb/v7e-m/fpv4-sp/hard\libg.a(lib_a-impure.o)
                0x00006098                _global_impure_ptr

.eh_frame       0x0000609c        0x4
 .eh_frame      0x0000609c        0x0 c:/ti/ccs1011/ccs/tools/compiler/gcc-arm-none-eabi-7-2017-q4-major-win32/bin/../lib/gcc/arm-none-eabi/7.2.1/thumb/v7e-m/fpv4-sp/hard/crtbegin.o
 .eh_frame      0x0000609c        0x4 c:/ti/ccs1011/ccs/tools/compiler/gcc-arm-none-eabi-7-2017-q4-major-win32/bin/../lib/gcc/arm-none-eabi/7.2.1/thumb/v7e-m/fpv4-sp/hard/crtend.o

.data           0x20000000      0x43c load address 0x000060a0
                0x000060a0                __data_load__ = LOADADDR (.data)
                0x20000000                __data_start__ = .
 *(.data)
 .data          0x20000000        0x0 c:/ti/ccs1011/ccs/tools/compiler/gcc-arm-none-eabi-7-2017-q4-major-win32/bin/../lib/gcc/arm-none-eabi/7.2.1/thumb/v7e-m/fpv4-sp/hard/crti.o
 .data          0x20000000        0x4 c:/ti/ccs1011/ccs/tools/compiler/gcc-arm-none-eabi-7-2017-q4-major-win32/bin/../lib/gcc/arm-none-eabi/7.2.1/thumb/v7e-m/fpv4-sp/hard/crtbegin.o
                0x20000000                __dso_handle
 .data          0x20000004        0x0 c:/ti/ccs1011/ccs/tools/compiler/gcc-arm-none-eabi-7-2017-q4-major-win32/bin/../lib/gcc/arm-none-eabi/7.2.1/../../../../arm-none-eabi/lib/thumb/v7e-m/fpv4-sp/hard/crt0.o
 .data          0x20000004        0x0 ./main.o
 .data          0x20000004        0x0 ./tm4c1294ncpdt_startup_ccs_gcc.o
 .data          0x20000004        0x0 ./FreeRTOS/croutine.o
 .data          0x20000004        0x0 ./FreeRTOS/event_groups.o
 .data          0x20000004        0x0 ./FreeRTOS/list.o
 .data          0x20000004        0x0 ./FreeRTOS/queue.o
 .data          0x20000004        0x0 ./FreeRTOS/stream_buffer.o
 .data          0x20000004        0x0 ./FreeRTOS/tasks.o
 .data          0x20000004        0x0 ./FreeRTOS/timers.o
 .data          0x20000004        0x0 ./FreeRTOS/portable/GCC/ARM_CM4F/port.o
 .data          0x20000004        0x0 ./FreeRTOS/portable/MemMang/heap_4.o
 .data          0x20000004        0x0 C:/ti/TivaWare_C_Series-2.2.0.295/driverlib/gcc/libdriver.a(gpio.o)
 .data          0x20000004        0x0 C:/ti/TivaWare_C_Series-2.2.0.295/driverlib/gcc/libdriver.a(interrupt.o)
 .data          0x20000004        0x0 C:/ti/TivaWare_C_Series-2.2.0.295/driverlib/gcc/libdriver.a(sysctl.o)
 .data          0x20000004        0x0 C:/ti/TivaWare_C_Series-2.2.0.295/driverlib/gcc/libdriver.a(cpu.o)
 .data          0x20000004        0x0 c:/ti/ccs1011/ccs/tools/compiler/gcc-arm-none-eabi-7-2017-q4-major-win32/bin/../lib/gcc/arm-none-eabi/7.2.1/../../../../arm-none-eabi/lib/thumb/v7e-m/fpv4-sp/hard\libg.a(lib_a-exit.o)
 .data          0x20000004        0x0 c:/ti/ccs1011/ccs/tools/compiler/gcc-arm-none-eabi-7-2017-q4-major-win32/bin/../lib/gcc/arm-none-eabi/7.2.1/../../../../arm-none-eabi/lib/thumb/v7e-m/fpv4-sp/hard\libg.a(lib_a-impure.o)
 .data          0x20000004        0x0 c:/ti/ccs1011/ccs/tools/compiler/gcc-arm-none-eabi-7-2017-q4-major-win32/bin/../lib/gcc/arm-none-eabi/7.2.1/../../../../arm-none-eabi/lib/thumb/v7e-m/fpv4-sp/hard\libg.a(lib_a-init.o)
 .data          0x20000004        0x0 c:/ti/ccs1011/ccs/tools/compiler/gcc-arm-none-eabi-7-2017-q4-major-win32/bin/../lib/gcc/arm-none-eabi/7.2.1/../../../../arm-none-eabi/lib/thumb/v7e-m/fpv4-sp/hard\libg.a(lib_a-memcpy.o)
 .data          0x20000004        0x0 c:/ti/ccs1011/ccs/tools/compiler/gcc-arm-none-eabi-7-2017-q4-major-win32/bin/../lib/gcc/arm-none-eabi/7.2.1/../../../../arm-none-eabi/lib/thumb/v7e-m/fpv4-sp/hard\libg.a(lib_a-memset.o)
 .data          0x20000004        0x0 c:/ti/ccs1011/ccs/tools/compiler/gcc-arm-none-eabi-7-2017-q4-major-win32/bin/../lib/gcc/arm-none-eabi/7.2.1/../../../../arm-none-eabi/lib/thumb/v7e-m/fpv4-sp/hard\libg.a(lib_a-__call_atexit.o)
 .data          0x20000004        0x0 c:/ti/ccs1011/ccs/tools/compiler/gcc-arm-none-eabi-7-2017-q4-major-win32/bin/../lib/gcc/arm-none-eabi/7.2.1/../../../../arm-none-eabi/lib/thumb/v7e-m/fpv4-sp/hard\libg.a(lib_a-atexit.o)
 .data          0x20000004        0x0 c:/ti/ccs1011/ccs/tools/compiler/gcc-arm-none-eabi-7-2017-q4-major-win32/bin/../lib/gcc/arm-none-eabi/7.2.1/../../../../arm-none-eabi/lib/thumb/v7e-m/fpv4-sp/hard\libg.a(lib_a-fini.o)
 .data          0x20000004        0x0 c:/ti/ccs1011/ccs/tools/compiler/gcc-arm-none-eabi-7-2017-q4-major-win32/bin/../lib/gcc/arm-none-eabi/7.2.1/../../../../arm-none-eabi/lib/thumb/v7e-m/fpv4-sp/hard\libg.a(lib_a-lock.o)
 .data          0x20000004        0x0 c:/ti/ccs1011/ccs/tools/compiler/gcc-arm-none-eabi-7-2017-q4-major-win32/bin/../lib/gcc/arm-none-eabi/7.2.1/../../../../arm-none-eabi/lib/thumb/v7e-m/fpv4-sp/hard\libg.a(lib_a-__atexit.o)
 .data          0x20000004        0x0 c:/ti/ccs1011/ccs/tools/compiler/gcc-arm-none-eabi-7-2017-q4-major-win32/bin/../lib/gcc/arm-none-eabi/7.2.1/../../../../arm-none-eabi/lib/thumb/v7e-m/fpv4-sp/hard\libnosys.a(_exit.o)
 .data          0x20000004        0x0 c:/ti/ccs1011/ccs/tools/compiler/gcc-arm-none-eabi-7-2017-q4-major-win32/bin/../lib/gcc/arm-none-eabi/7.2.1/thumb/v7e-m/fpv4-sp/hard/crtend.o
 .data          0x20000004        0x0 c:/ti/ccs1011/ccs/tools/compiler/gcc-arm-none-eabi-7-2017-q4-major-win32/bin/../lib/gcc/arm-none-eabi/7.2.1/thumb/v7e-m/fpv4-sp/hard/crtn.o
 *(.data*)
 .data.uxCriticalNesting
                0x20000004        0x4 ./FreeRTOS/portable/GCC/ARM_CM4F/port.o
 .data._impure_ptr
                0x20000008        0x4 c:/ti/ccs1011/ccs/tools/compiler/gcc-arm-none-eabi-7-2017-q4-major-win32/bin/../lib/gcc/arm-none-eabi/7.2.1/../../../../arm-none-eabi/lib/thumb/v7e-m/fpv4-sp/hard\libg.a(lib_a-impure.o)
                0x20000008                _impure_ptr
 *fill*         0x2000000c        0x4 
 .data.impure_data
                0x20000010      0x428 c:/ti/ccs1011/ccs/tools/compiler/gcc-arm-none-eabi-7-2017-q4-major-win32/bin/../lib/gcc/arm-none-eabi/7.2.1/../../../../arm-none-eabi/lib/thumb/v7e-m/fpv4-sp/hard\libg.a(lib_a-impure.o)
 .data.__atexit_recursive_mutex
                0x20000438        0x4 c:/ti/ccs1011/ccs/tools/compiler/gcc-arm-none-eabi-7-2017-q4-major-win32/bin/../lib/gcc/arm-none-eabi/7.2.1/../../../../arm-none-eabi/lib/thumb/v7e-m/fpv4-sp/hard\libg.a(lib_a-__call_atexit.o)
                0x20000438                __atexit_recursive_mutex
                0x2000043c                . = ALIGN (0x4)
                0x2000043c                __data_end__ = .

.igot.plt       0x2000043c        0x0 load address 0x000064dc
 .igot.plt      0x2000043c        0x0 c:/ti/ccs1011/ccs/tools/compiler/gcc-arm-none-eabi-7-2017-q4-major-win32/bin/../lib/gcc/arm-none-eabi/7.2.1/thumb/v7e-m/fpv4-sp/hard/crtbegin.o

vtable          0x20000800      0x400 load address 0x000064dc
 vtable         0x20000800      0x400 C:/ti/TivaWare_C_Series-2.2.0.295/driverlib/gcc/libdriver.a(interrupt.o)

.ARM.exidx      0x000068dc        0x8
                0x000068dc                __exidx_start = .
 *(.ARM.exidx* .gnu.linkonce.armexidx.*)
 .ARM.exidx     0x000068dc        0x8 c:/ti/ccs1011/ccs/tools/compiler/gcc-arm-none-eabi-7-2017-q4-major-win32/bin/../lib/gcc/arm-none-eabi/7.2.1/../../../../arm-none-eabi/lib/thumb/v7e-m/fpv4-sp/hard/crt0.o
                0x000068e4                __exidx_end = .

.ARM.extab      0x000068e4        0x0
 *(.ARM.extab* .gnu.linkonce.armextab.*)
 .ARM.extab     0x000068e4        0x0 c:/ti/ccs1011/ccs/tools/compiler/gcc-arm-none-eabi-7-2017-q4-major-win32/bin/../lib/gcc/arm-none-eabi/7.2.1/../../../../arm-none-eabi/lib/thumb/v7e-m/fpv4-sp/hard/crt0.o

.rel.dyn        0x000068e4        0x0
 .rel.iplt      0x000068e4        0x0 c:/ti/ccs1011/ccs/tools/compiler/gcc-arm-none-eabi-7-2017-q4-major-win32/bin/../lib/gcc/arm-none-eabi/7.2.1/thumb/v7e-m/fpv4-sp/hard/crtbegin.o

.bss            0x20000c00    0x214b4
                0x20000c00                __bss_start__ = .
 *(.shbss)
 *(.bss)
 .bss           0x20000c00        0x0 c:/ti/ccs1011/ccs/tools/compiler/gcc-arm-none-eabi-7-2017-q4-major-win32/bin/../lib/gcc/arm-none-eabi/7.2.1/thumb/v7e-m/fpv4-sp/hard/crti.o
 .bss           0x20000c00       0x1c c:/ti/ccs1011/ccs/tools/compiler/gcc-arm-none-eabi-7-2017-q4-major-win32/bin/../lib/gcc/arm-none-eabi/7.2.1/thumb/v7e-m/fpv4-sp/hard/crtbegin.o
 .bss           0x20000c1c        0x0 c:/ti/ccs1011/ccs/tools/compiler/gcc-arm-none-eabi-7-2017-q4-major-win32/bin/../lib/gcc/arm-none-eabi/7.2.1/../../../../arm-none-eabi/lib/thumb/v7e-m/fpv4-sp/hard/crt0.o
 .bss           0x20000c1c        0x0 ./main.o
 .bss           0x20000c1c        0x0 ./tm4c1294ncpdt_startup_ccs_gcc.o
 .bss           0x20000c1c        0x0 ./FreeRTOS/croutine.o
 .bss           0x20000c1c        0x0 ./FreeRTOS/event_groups.o
 .bss           0x20000c1c        0x0 ./FreeRTOS/list.o
 .bss           0x20000c1c        0x0 ./FreeRTOS/queue.o
 .bss           0x20000c1c        0x0 ./FreeRTOS/stream_buffer.o
 .bss           0x20000c1c        0x0 ./FreeRTOS/tasks.o
 .bss           0x20000c1c        0x0 ./FreeRTOS/timers.o
 .bss           0x20000c1c        0x0 ./FreeRTOS/portable/GCC/ARM_CM4F/port.o
 .bss           0x20000c1c        0x0 ./FreeRTOS/portable/MemMang/heap_4.o
 .bss           0x20000c1c        0x0 C:/ti/TivaWare_C_Series-2.2.0.295/driverlib/gcc/libdriver.a(gpio.o)
 .bss           0x20000c1c        0x0 C:/ti/TivaWare_C_Series-2.2.0.295/driverlib/gcc/libdriver.a(interrupt.o)
 .bss           0x20000c1c        0x0 C:/ti/TivaWare_C_Series-2.2.0.295/driverlib/gcc/libdriver.a(sysctl.o)
 .bss           0x20000c1c        0x0 C:/ti/TivaWare_C_Series-2.2.0.295/driverlib/gcc/libdriver.a(cpu.o)
 .bss           0x20000c1c        0x0 c:/ti/ccs1011/ccs/tools/compiler/gcc-arm-none-eabi-7-2017-q4-major-win32/bin/../lib/gcc/arm-none-eabi/7.2.1/../../../../arm-none-eabi/lib/thumb/v7e-m/fpv4-sp/hard\libg.a(lib_a-exit.o)
 .bss           0x20000c1c        0x0 c:/ti/ccs1011/ccs/tools/compiler/gcc-arm-none-eabi-7-2017-q4-major-win32/bin/../lib/gcc/arm-none-eabi/7.2.1/../../../../arm-none-eabi/lib/thumb/v7e-m/fpv4-sp/hard\libg.a(lib_a-impure.o)
 .bss           0x20000c1c        0x0 c:/ti/ccs1011/ccs/tools/compiler/gcc-arm-none-eabi-7-2017-q4-major-win32/bin/../lib/gcc/arm-none-eabi/7.2.1/../../../../arm-none-eabi/lib/thumb/v7e-m/fpv4-sp/hard\libg.a(lib_a-init.o)
 .bss           0x20000c1c        0x0 c:/ti/ccs1011/ccs/tools/compiler/gcc-arm-none-eabi-7-2017-q4-major-win32/bin/../lib/gcc/arm-none-eabi/7.2.1/../../../../arm-none-eabi/lib/thumb/v7e-m/fpv4-sp/hard\libg.a(lib_a-memcpy.o)
 .bss           0x20000c1c        0x0 c:/ti/ccs1011/ccs/tools/compiler/gcc-arm-none-eabi-7-2017-q4-major-win32/bin/../lib/gcc/arm-none-eabi/7.2.1/../../../../arm-none-eabi/lib/thumb/v7e-m/fpv4-sp/hard\libg.a(lib_a-memset.o)
 .bss           0x20000c1c        0x0 c:/ti/ccs1011/ccs/tools/compiler/gcc-arm-none-eabi-7-2017-q4-major-win32/bin/../lib/gcc/arm-none-eabi/7.2.1/../../../../arm-none-eabi/lib/thumb/v7e-m/fpv4-sp/hard\libg.a(lib_a-__call_atexit.o)
 .bss           0x20000c1c        0x0 c:/ti/ccs1011/ccs/tools/compiler/gcc-arm-none-eabi-7-2017-q4-major-win32/bin/../lib/gcc/arm-none-eabi/7.2.1/../../../../arm-none-eabi/lib/thumb/v7e-m/fpv4-sp/hard\libg.a(lib_a-atexit.o)
 .bss           0x20000c1c        0x0 c:/ti/ccs1011/ccs/tools/compiler/gcc-arm-none-eabi-7-2017-q4-major-win32/bin/../lib/gcc/arm-none-eabi/7.2.1/../../../../arm-none-eabi/lib/thumb/v7e-m/fpv4-sp/hard\libg.a(lib_a-fini.o)
 .bss           0x20000c1c        0x0 c:/ti/ccs1011/ccs/tools/compiler/gcc-arm-none-eabi-7-2017-q4-major-win32/bin/../lib/gcc/arm-none-eabi/7.2.1/../../../../arm-none-eabi/lib/thumb/v7e-m/fpv4-sp/hard\libg.a(lib_a-lock.o)
 .bss           0x20000c1c        0x0 c:/ti/ccs1011/ccs/tools/compiler/gcc-arm-none-eabi-7-2017-q4-major-win32/bin/../lib/gcc/arm-none-eabi/7.2.1/../../../../arm-none-eabi/lib/thumb/v7e-m/fpv4-sp/hard\libg.a(lib_a-__atexit.o)
 .bss           0x20000c1c        0x0 c:/ti/ccs1011/ccs/tools/compiler/gcc-arm-none-eabi-7-2017-q4-major-win32/bin/../lib/gcc/arm-none-eabi/7.2.1/../../../../arm-none-eabi/lib/thumb/v7e-m/fpv4-sp/hard\libnosys.a(_exit.o)
 .bss           0x20000c1c        0x0 c:/ti/ccs1011/ccs/tools/compiler/gcc-arm-none-eabi-7-2017-q4-major-win32/bin/../lib/gcc/arm-none-eabi/7.2.1/thumb/v7e-m/fpv4-sp/hard/crtend.o
 .bss           0x20000c1c        0x0 c:/ti/ccs1011/ccs/tools/compiler/gcc-arm-none-eabi-7-2017-q4-major-win32/bin/../lib/gcc/arm-none-eabi/7.2.1/thumb/v7e-m/fpv4-sp/hard/crtn.o
 *(.bss.*)
 .bss.pui32Stack
                0x20000c1c      0x200 ./tm4c1294ncpdt_startup_ccs_gcc.o
 .bss.pxCurrentTCB
                0x20000e1c        0x4 ./FreeRTOS/tasks.o
                0x20000e1c                pxCurrentTCB
 .bss.pxDelayedTaskList
                0x20000e20        0x4 ./FreeRTOS/tasks.o
 .bss.pxOverflowDelayedTaskList
                0x20000e24        0x4 ./FreeRTOS/tasks.o
 .bss.pxReadyTasksLists
                0x20000e28      0x12c ./FreeRTOS/tasks.o
 .bss.uxCurrentNumberOfTasks
                0x20000f54        0x4 ./FreeRTOS/tasks.o
 .bss.uxDeletedTasksWaitingCleanUp
                0x20000f58        0x4 ./FreeRTOS/tasks.o
 .bss.uxSchedulerSuspended
                0x20000f5c        0x4 ./FreeRTOS/tasks.o
 .bss.uxTaskNumber
                0x20000f60        0x4 ./FreeRTOS/tasks.o
 .bss.uxTopReadyPriority
                0x20000f64        0x4 ./FreeRTOS/tasks.o
 .bss.xDelayedTaskList1
                0x20000f68       0x14 ./FreeRTOS/tasks.o
 .bss.xDelayedTaskList2
                0x20000f7c       0x14 ./FreeRTOS/tasks.o
 .bss.xIdleTaskHandle
                0x20000f90        0x4 ./FreeRTOS/tasks.o
 .bss.xNextTaskUnblockTime
                0x20000f94        0x4 ./FreeRTOS/tasks.o
 .bss.xNumOfOverflows
                0x20000f98        0x4 ./FreeRTOS/tasks.o
 .bss.xPendedTicks
                0x20000f9c        0x4 ./FreeRTOS/tasks.o
 .bss.xPendingReadyList
                0x20000fa0       0x14 ./FreeRTOS/tasks.o
 .bss.xSchedulerRunning
                0x20000fb4        0x4 ./FreeRTOS/tasks.o
 .bss.xSuspendedTaskList
                0x20000fb8       0x14 ./FreeRTOS/tasks.o
 .bss.xTasksWaitingTermination
                0x20000fcc       0x14 ./FreeRTOS/tasks.o
 .bss.xTickCount
                0x20000fe0        0x4 ./FreeRTOS/tasks.o
 .bss.xYieldPending
                0x20000fe4        0x4 ./FreeRTOS/tasks.o
 .bss.pxCurrentTimerList
                0x20000fe8        0x4 ./FreeRTOS/timers.o
 .bss.pxOverflowTimerList
                0x20000fec        0x4 ./FreeRTOS/timers.o
 .bss.xActiveTimerList1
                0x20000ff0       0x14 ./FreeRTOS/timers.o
 .bss.xActiveTimerList2
                0x20001004       0x14 ./FreeRTOS/timers.o
 .bss.xLastTime.6738
                0x20001018        0x4 ./FreeRTOS/timers.o
 .bss.xTimerQueue
                0x2000101c        0x4 ./FreeRTOS/timers.o
 .bss.xTimerTaskHandle
                0x20001020        0x4 ./FreeRTOS/timers.o
 .bss.ucMaxSysCallPriority
                0x20001024        0x1 ./FreeRTOS/portable/GCC/ARM_CM4F/port.o
 *fill*         0x20001025        0x3 
 .bss.ulMaxPRIGROUPValue
                0x20001028        0x4 ./FreeRTOS/portable/GCC/ARM_CM4F/port.o
 .bss.pxEnd     0x2000102c        0x4 ./FreeRTOS/portable/MemMang/heap_4.o
 .bss.ucHeap    0x20001030    0x21000 ./FreeRTOS/portable/MemMang/heap_4.o
 .bss.xBlockAllocatedBit
                0x20022030        0x4 ./FreeRTOS/portable/MemMang/heap_4.o
 .bss.xFreeBytesRemaining
                0x20022034        0x4 ./FreeRTOS/portable/MemMang/heap_4.o
 .bss.xMinimumEverFreeBytesRemaining
                0x20022038        0x4 ./FreeRTOS/portable/MemMang/heap_4.o
 .bss.xNumberOfSuccessfulAllocations
                0x2002203c        0x4 ./FreeRTOS/portable/MemMang/heap_4.o
 .bss.xNumberOfSuccessfulFrees
                0x20022040        0x4 ./FreeRTOS/portable/MemMang/heap_4.o
 .bss.xStart    0x20022044        0x8 ./FreeRTOS/portable/MemMang/heap_4.o
 *(COMMON)
 COMMON         0x2002204c        0x4 ./main.o
                0x2002204c                g_ui32SysClock
 COMMON         0x20022050       0x40 ./FreeRTOS/queue.o
                0x20022050                xQueueRegistry
 COMMON         0x20022090       0x21 c:/ti/ccs1011/ccs/tools/compiler/gcc-arm-none-eabi-7-2017-q4-major-win32/bin/../lib/gcc/arm-none-eabi/7.2.1/../../../../arm-none-eabi/lib/thumb/v7e-m/fpv4-sp/hard\libg.a(lib_a-lock.o)
                0x20022090                __lock___atexit_recursive_mutex
                0x20022094                __lock___arc4random_mutex
                0x20022098                __lock___env_recursive_mutex
                0x2002209c                __lock___sinit_recursive_mutex
                0x200220a0                __lock___malloc_recursive_mutex
                0x200220a4                __lock___at_quick_exit_mutex
                0x200220a8                __lock___dd_hash_mutex
                0x200220ac                __lock___tz_mutex
                0x200220b0                __lock___sfp_recursive_mutex
                0x200220b4                . = ALIGN (0x4)
 *fill*         0x200220b1        0x3 
                0x200220b4                __bss_end__ = .

.heap           0x200220b4        0x0
                0x200220b4                __heap_start__ = .
                0x200220b4                end = __heap_start__
                0x200220b4                _end = end
                0x200220b4                __end = end
 *(.heap)
                0x200220b4                __heap_end__ = .
                0x200220b4                __HeapLimit = __heap_end__

.stack          0x200220b8        0x0
                0x200220b8                _stack = .
                0x200220b8                __stack = .
 *(.stack)
START GROUP
LOAD C:/ti/TivaWare_C_Series-2.2.0.295/driverlib/gcc/libdriver.a
END GROUP
START GROUP
LOAD c:/ti/ccs1011/ccs/tools/compiler/gcc-arm-none-eabi-7-2017-q4-major-win32/bin/../lib/gcc/arm-none-eabi/7.2.1/thumb/v7e-m/fpv4-sp/hard\libgcc.a
LOAD c:/ti/ccs1011/ccs/tools/compiler/gcc-arm-none-eabi-7-2017-q4-major-win32/bin/../lib/gcc/arm-none-eabi/7.2.1/../../../../arm-none-eabi/lib/thumb/v7e-m/fpv4-sp/hard\libg.a
LOAD c:/ti/ccs1011/ccs/tools/compiler/gcc-arm-none-eabi-7-2017-q4-major-win32/bin/../lib/gcc/arm-none-eabi/7.2.1/../../../../arm-none-eabi/lib/thumb/v7e-m/fpv4-sp/hard\libc.a
END GROUP
START GROUP
LOAD c:/ti/ccs1011/ccs/tools/compiler/gcc-arm-none-eabi-7-2017-q4-major-win32/bin/../lib/gcc/arm-none-eabi/7.2.1/thumb/v7e-m/fpv4-sp/hard\libgcc.a
LOAD c:/ti/ccs1011/ccs/tools/compiler/gcc-arm-none-eabi-7-2017-q4-major-win32/bin/../lib/gcc/arm-none-eabi/7.2.1/../../../../arm-none-eabi/lib/thumb/v7e-m/fpv4-sp/hard\libc.a
LOAD c:/ti/ccs1011/ccs/tools/compiler/gcc-arm-none-eabi-7-2017-q4-major-win32/bin/../lib/gcc/arm-none-eabi/7.2.1/../../../../arm-none-eabi/lib/thumb/v7e-m/fpv4-sp/hard\libnosys.a
END GROUP
LOAD c:/ti/ccs1011/ccs/tools/compiler/gcc-arm-none-eabi-7-2017-q4-major-win32/bin/../lib/gcc/arm-none-eabi/7.2.1/thumb/v7e-m/fpv4-sp/hard/crtend.o
LOAD c:/ti/ccs1011/ccs/tools/compiler/gcc-arm-none-eabi-7-2017-q4-major-win32/bin/../lib/gcc/arm-none-eabi/7.2.1/thumb/v7e-m/fpv4-sp/hard/crtn.o
OUTPUT(tiva_freeRTOS10.out elf32-littlearm)

.ARM.attributes
                0x00000000       0x30
 .ARM.attributes
                0x00000000       0x22 c:/ti/ccs1011/ccs/tools/compiler/gcc-arm-none-eabi-7-2017-q4-major-win32/bin/../lib/gcc/arm-none-eabi/7.2.1/thumb/v7e-m/fpv4-sp/hard/crti.o
 .ARM.attributes
                0x00000022       0x34 c:/ti/ccs1011/ccs/tools/compiler/gcc-arm-none-eabi-7-2017-q4-major-win32/bin/../lib/gcc/arm-none-eabi/7.2.1/thumb/v7e-m/fpv4-sp/hard/crtbegin.o
 .ARM.attributes
                0x00000056       0x20 c:/ti/ccs1011/ccs/tools/compiler/gcc-arm-none-eabi-7-2017-q4-major-win32/bin/../lib/gcc/arm-none-eabi/7.2.1/../../../../arm-none-eabi/lib/thumb/v7e-m/fpv4-sp/hard/crt0.o
 .ARM.attributes
                0x00000076       0x39 ./main.o
 .ARM.attributes
                0x000000af       0x39 ./tm4c1294ncpdt_startup_ccs_gcc.o
 .ARM.attributes
                0x000000e8       0x39 ./FreeRTOS/croutine.o
 .ARM.attributes
                0x00000121       0x39 ./FreeRTOS/event_groups.o
 .ARM.attributes
                0x0000015a       0x39 ./FreeRTOS/list.o
 .ARM.attributes
                0x00000193       0x39 ./FreeRTOS/queue.o
 .ARM.attributes
                0x000001cc       0x39 ./FreeRTOS/stream_buffer.o
 .ARM.attributes
                0x00000205       0x39 ./FreeRTOS/tasks.o
 .ARM.attributes
                0x0000023e       0x39 ./FreeRTOS/timers.o
 .ARM.attributes
                0x00000277       0x39 ./FreeRTOS/portable/GCC/ARM_CM4F/port.o
 .ARM.attributes
                0x000002b0       0x39 ./FreeRTOS/portable/MemMang/heap_4.o
 .ARM.attributes
                0x000002e9       0x3b C:/ti/TivaWare_C_Series-2.2.0.295/driverlib/gcc/libdriver.a(gpio.o)
 .ARM.attributes
                0x00000324       0x3b C:/ti/TivaWare_C_Series-2.2.0.295/driverlib/gcc/libdriver.a(interrupt.o)
 .ARM.attributes
                0x0000035f       0x3b C:/ti/TivaWare_C_Series-2.2.0.295/driverlib/gcc/libdriver.a(sysctl.o)
 .ARM.attributes
                0x0000039a       0x3b C:/ti/TivaWare_C_Series-2.2.0.295/driverlib/gcc/libdriver.a(cpu.o)
 .ARM.attributes
                0x000003d5       0x34 c:/ti/ccs1011/ccs/tools/compiler/gcc-arm-none-eabi-7-2017-q4-major-win32/bin/../lib/gcc/arm-none-eabi/7.2.1/../../../../arm-none-eabi/lib/thumb/v7e-m/fpv4-sp/hard\libg.a(lib_a-exit.o)
 .ARM.attributes
                0x00000409       0x34 c:/ti/ccs1011/ccs/tools/compiler/gcc-arm-none-eabi-7-2017-q4-major-win32/bin/../lib/gcc/arm-none-eabi/7.2.1/../../../../arm-none-eabi/lib/thumb/v7e-m/fpv4-sp/hard\libg.a(lib_a-impure.o)
 .ARM.attributes
                0x0000043d       0x34 c:/ti/ccs1011/ccs/tools/compiler/gcc-arm-none-eabi-7-2017-q4-major-win32/bin/../lib/gcc/arm-none-eabi/7.2.1/../../../../arm-none-eabi/lib/thumb/v7e-m/fpv4-sp/hard\libg.a(lib_a-init.o)
 .ARM.attributes
                0x00000471       0x20 c:/ti/ccs1011/ccs/tools/compiler/gcc-arm-none-eabi-7-2017-q4-major-win32/bin/../lib/gcc/arm-none-eabi/7.2.1/../../../../arm-none-eabi/lib/thumb/v7e-m/fpv4-sp/hard\libg.a(lib_a-memcpy.o)
 .ARM.attributes
                0x00000491       0x34 c:/ti/ccs1011/ccs/tools/compiler/gcc-arm-none-eabi-7-2017-q4-major-win32/bin/../lib/gcc/arm-none-eabi/7.2.1/../../../../arm-none-eabi/lib/thumb/v7e-m/fpv4-sp/hard\libg.a(lib_a-memset.o)
 .ARM.attributes
                0x000004c5       0x34 c:/ti/ccs1011/ccs/tools/compiler/gcc-arm-none-eabi-7-2017-q4-major-win32/bin/../lib/gcc/arm-none-eabi/7.2.1/../../../../arm-none-eabi/lib/thumb/v7e-m/fpv4-sp/hard\libg.a(lib_a-__call_atexit.o)
 .ARM.attributes
                0x000004f9       0x34 c:/ti/ccs1011/ccs/tools/compiler/gcc-arm-none-eabi-7-2017-q4-major-win32/bin/../lib/gcc/arm-none-eabi/7.2.1/../../../../arm-none-eabi/lib/thumb/v7e-m/fpv4-sp/hard\libg.a(lib_a-atexit.o)
 .ARM.attributes
                0x0000052d       0x34 c:/ti/ccs1011/ccs/tools/compiler/gcc-arm-none-eabi-7-2017-q4-major-win32/bin/../lib/gcc/arm-none-eabi/7.2.1/../../../../arm-none-eabi/lib/thumb/v7e-m/fpv4-sp/hard\libg.a(lib_a-fini.o)
 .ARM.attributes
                0x00000561       0x34 c:/ti/ccs1011/ccs/tools/compiler/gcc-arm-none-eabi-7-2017-q4-major-win32/bin/../lib/gcc/arm-none-eabi/7.2.1/../../../../arm-none-eabi/lib/thumb/v7e-m/fpv4-sp/hard\libg.a(lib_a-lock.o)
 .ARM.attributes
                0x00000595       0x34 c:/ti/ccs1011/ccs/tools/compiler/gcc-arm-none-eabi-7-2017-q4-major-win32/bin/../lib/gcc/arm-none-eabi/7.2.1/../../../../arm-none-eabi/lib/thumb/v7e-m/fpv4-sp/hard\libg.a(lib_a-__atexit.o)
 .ARM.attributes
                0x000005c9       0x34 c:/ti/ccs1011/ccs/tools/compiler/gcc-arm-none-eabi-7-2017-q4-major-win32/bin/../lib/gcc/arm-none-eabi/7.2.1/../../../../arm-none-eabi/lib/thumb/v7e-m/fpv4-sp/hard\libnosys.a(_exit.o)
 .ARM.attributes
                0x000005fd       0x34 c:/ti/ccs1011/ccs/tools/compiler/gcc-arm-none-eabi-7-2017-q4-major-win32/bin/../lib/gcc/arm-none-eabi/7.2.1/thumb/v7e-m/fpv4-sp/hard/crtend.o
 .ARM.attributes
                0x00000631       0x22 c:/ti/ccs1011/ccs/tools/compiler/gcc-arm-none-eabi-7-2017-q4-major-win32/bin/../lib/gcc/arm-none-eabi/7.2.1/thumb/v7e-m/fpv4-sp/hard/crtn.o

.comment        0x00000000       0xee
 .comment       0x00000000       0x7e ./main.o
                                 0x7f (size before relaxing)
 .comment       0x0000007e       0x7f ./tm4c1294ncpdt_startup_ccs_gcc.o
 .comment       0x0000007e       0x7f ./FreeRTOS/croutine.o
 .comment       0x0000007e       0x7f ./FreeRTOS/event_groups.o
 .comment       0x0000007e       0x7f ./FreeRTOS/list.o
 .comment       0x0000007e       0x7f ./FreeRTOS/queue.o
 .comment       0x0000007e       0x7f ./FreeRTOS/stream_buffer.o
 .comment       0x0000007e       0x7f ./FreeRTOS/tasks.o
 .comment       0x0000007e       0x7f ./FreeRTOS/timers.o
 .comment       0x0000007e       0x7f ./FreeRTOS/portable/GCC/ARM_CM4F/port.o
 .comment       0x0000007e       0x7f ./FreeRTOS/portable/MemMang/heap_4.o
 .comment       0x0000007e       0x70 C:/ti/TivaWare_C_Series-2.2.0.295/driverlib/gcc/libdriver.a(gpio.o)
                                 0x71 (size before relaxing)
 .comment       0x000000ee       0x71 C:/ti/TivaWare_C_Series-2.2.0.295/driverlib/gcc/libdriver.a(interrupt.o)
 .comment       0x000000ee       0x71 C:/ti/TivaWare_C_Series-2.2.0.295/driverlib/gcc/libdriver.a(sysctl.o)
 .comment       0x000000ee       0x71 C:/ti/TivaWare_C_Series-2.2.0.295/driverlib/gcc/libdriver.a(cpu.o)

.debug_info     0x00000000     0xa319
 .debug_info    0x00000000      0x105 ./main.o
 .debug_info    0x00000105      0x18d ./tm4c1294ncpdt_startup_ccs_gcc.o
 .debug_info    0x00000292       0x72 ./FreeRTOS/croutine.o
 .debug_info    0x00000304     0x10a8 ./FreeRTOS/event_groups.o
 .debug_info    0x000013ac      0xae2 ./FreeRTOS/list.o
 .debug_info    0x00001e8e     0x1f1c ./FreeRTOS/queue.o
 .debug_info    0x00003daa     0x1969 ./FreeRTOS/stream_buffer.o
 .debug_info    0x00005713     0x254a ./FreeRTOS/tasks.o
 .debug_info    0x00007c5d     0x1498 ./FreeRTOS/timers.o
 .debug_info    0x000090f5      0x518 ./FreeRTOS/portable/GCC/ARM_CM4F/port.o
 .debug_info    0x0000960d      0xd0c ./FreeRTOS/portable/MemMang/heap_4.o

.debug_abbrev   0x00000000     0x1830
 .debug_abbrev  0x00000000       0xa1 ./main.o
 .debug_abbrev  0x000000a1       0xca ./tm4c1294ncpdt_startup_ccs_gcc.o
 .debug_abbrev  0x0000016b       0x26 ./FreeRTOS/croutine.o
 .debug_abbrev  0x00000191      0x319 ./FreeRTOS/event_groups.o
 .debug_abbrev  0x000004aa      0x217 ./FreeRTOS/list.o
 .debug_abbrev  0x000006c1      0x310 ./FreeRTOS/queue.o
 .debug_abbrev  0x000009d1      0x33e ./FreeRTOS/stream_buffer.o
 .debug_abbrev  0x00000d0f      0x36d ./FreeRTOS/tasks.o
 .debug_abbrev  0x0000107c      0x2d1 ./FreeRTOS/timers.o
 .debug_abbrev  0x0000134d      0x205 ./FreeRTOS/portable/GCC/ARM_CM4F/port.o
 .debug_abbrev  0x00001552      0x2de ./FreeRTOS/portable/MemMang/heap_4.o

.debug_loc      0x00000000     0x3c3e
 .debug_loc     0x00000000       0x26 ./main.o
 .debug_loc     0x00000026       0x26 ./tm4c1294ncpdt_startup_ccs_gcc.o
 .debug_loc     0x0000004c      0x49d ./FreeRTOS/event_groups.o
 .debug_loc     0x000004e9       0x62 ./FreeRTOS/list.o
 .debug_loc     0x0000054b      0xd41 ./FreeRTOS/queue.o
 .debug_loc     0x0000128c      0xdf1 ./FreeRTOS/stream_buffer.o
 .debug_loc     0x0000207d     0x11bb ./FreeRTOS/tasks.o
 .debug_loc     0x00003238      0x726 ./FreeRTOS/timers.o
 .debug_loc     0x0000395e       0x57 ./FreeRTOS/portable/GCC/ARM_CM4F/port.o
 .debug_loc     0x000039b5      0x289 ./FreeRTOS/portable/MemMang/heap_4.o

.debug_aranges  0x00000000      0x660
 .debug_aranges
                0x00000000       0x30 ./main.o
 .debug_aranges
                0x00000030       0x38 ./tm4c1294ncpdt_startup_ccs_gcc.o
 .debug_aranges
                0x00000068       0x18 ./FreeRTOS/croutine.o
 .debug_aranges
                0x00000080       0x68 ./FreeRTOS/event_groups.o
 .debug_aranges
                0x000000e8       0x40 ./FreeRTOS/list.o
 .debug_aranges
                0x00000128      0x118 ./FreeRTOS/queue.o
 .debug_aranges
                0x00000240       0xc0 ./FreeRTOS/stream_buffer.o
 .debug_aranges
                0x00000300      0x1c0 ./FreeRTOS/tasks.o
 .debug_aranges
                0x000004c0       0xc8 ./FreeRTOS/timers.o
 .debug_aranges
                0x00000588       0x80 ./FreeRTOS/portable/GCC/ARM_CM4F/port.o
 .debug_aranges
                0x00000608       0x58 ./FreeRTOS/portable/MemMang/heap_4.o

.debug_ranges   0x00000000      0x750
 .debug_ranges  0x00000000       0x20 ./main.o
 .debug_ranges  0x00000020       0x28 ./tm4c1294ncpdt_startup_ccs_gcc.o
 .debug_ranges  0x00000048       0x78 ./FreeRTOS/event_groups.o
 .debug_ranges  0x000000c0       0x30 ./FreeRTOS/list.o
 .debug_ranges  0x000000f0      0x1d0 ./FreeRTOS/queue.o
 .debug_ranges  0x000002c0       0xb0 ./FreeRTOS/stream_buffer.o
 .debug_ranges  0x00000370      0x270 ./FreeRTOS/tasks.o
 .debug_ranges  0x000005e0       0xb8 ./FreeRTOS/timers.o