Archive member included to satisfy reference by file (symbol)

C:/ti/TivaWare_C_Series-2.2.0.295/driverlib/gcc/libdriver.a(gpio.o)
                              ./main.o (GPIOPinWrite)
C:/ti/TivaWare_C_Series-2.2.0.295/driverlib/gcc/libdriver.a(interrupt.o)
                              C:/ti/TivaWare_C_Series-2.2.0.295/driverlib/gcc/libdriver.a(gpio.o) (IntRegister)
C:/ti/TivaWare_C_Series-2.2.0.295/driverlib/gcc/libdriver.a(sysctl.o)
                              ./main.o (SysCtlPeripheralReady)
C:/ti/TivaWare_C_Series-2.2.0.295/driverlib/gcc/libdriver.a(uart.o)
                              ./main.o (UARTIntClear)
C:/ti/TivaWare_C_Series-2.2.0.295/driverlib/gcc/libdriver.a(cpu.o)
                              C:/ti/TivaWare_C_Series-2.2.0.295/driverlib/gcc/libdriver.a(interrupt.o) (CPUcpsid)
c:/ti/ccs1011/ccs/tools/compiler/gcc-arm-none-eabi-7-2017-q4-major-win32/bin/../lib/gcc/arm-none-eabi/7.2.1/../../../../arm-none-eabi/lib/thumb/v7e-m/fpv4-sp/hard\libg.a(lib_a-exit.o)
                              c:/ti/ccs1011/ccs/tools/compiler/gcc-arm-none-eabi-7-2017-q4-major-win32/bin/../lib/gcc/arm-none-eabi/7.2.1/../../../../arm-none-eabi/lib/thumb/v7e-m/fpv4-sp/hard/crt0.o (exit)
c:/ti/ccs1011/ccs/tools/compiler/gcc-arm-none-eabi-7-2017-q4-major-win32/bin/../lib/gcc/arm-none-eabi/7.2.1/../../../../arm-none-eabi/lib/thumb/v7e-m/fpv4-sp/hard\libg.a(lib_a-impure.o)
                              c:/ti/ccs1011/ccs/tools/compiler/gcc-arm-none-eabi-7-2017-q4-major-win32/bin/../lib/gcc/arm-none-eabi/7.2.1/../../../../arm-none-eabi/lib/thumb/v7e-m/fpv4-sp/hard\libg.a(lib_a-exit.o) (_global_impure_ptr)
c:/ti/ccs1011/ccs/tools/compiler/gcc-arm-none-eabi-7-2017-q4-major-win32/bin/../lib/gcc/arm-none-eabi/7.2.1/../../../../arm-none-eabi/lib/thumb/v7e-m/fpv4-sp/hard\libg.a(lib_a-init.o)
                              c:/ti/ccs1011/ccs/tools/compiler/gcc-arm-none-eabi-7-2017-q4-major-win32/bin/../lib/gcc/arm-none-eabi/7.2.1/../../../../arm-none-eabi/lib/thumb/v7e-m/fpv4-sp/hard/crt0.o (__libc_init_array)
c:/ti/ccs1011/ccs/tools/compiler/gcc-arm-none-eabi-7-2017-q4-major-win32/bin/../lib/gcc/arm-none-eabi/7.2.1/../../../../arm-none-eabi/lib/thumb/v7e-m/fpv4-sp/hard\libg.a(lib_a-memcpy.o)
                              ./FreeRTOS/queue.o (memcpy)
c:/ti/ccs1011/ccs/tools/compiler/gcc-arm-none-eabi-7-2017-q4-major-win32/bin/../lib/gcc/arm-none-eabi/7.2.1/../../../../arm-none-eabi/lib/thumb/v7e-m/fpv4-sp/hard\libg.a(lib_a-memset.o)
                              c:/ti/ccs1011/ccs/tools/compiler/gcc-arm-none-eabi-7-2017-q4-major-win32/bin/../lib/gcc/arm-none-eabi/7.2.1/../../../../arm-none-eabi/lib/thumb/v7e-m/fpv4-sp/hard/crt0.o (memset)
c:/ti/ccs1011/ccs/tools/compiler/gcc-arm-none-eabi-7-2017-q4-major-win32/bin/../lib/gcc/arm-none-eabi/7.2.1/../../../../arm-none-eabi/lib/thumb/v7e-m/fpv4-sp/hard\libg.a(lib_a-sprintf.o)
                              ./FreeRTOS/tasks.o (sprintf)
c:/ti/ccs1011/ccs/tools/compiler/gcc-arm-none-eabi-7-2017-q4-major-win32/bin/../lib/gcc/arm-none-eabi/7.2.1/../../../../arm-none-eabi/lib/thumb/v7e-m/fpv4-sp/hard\libg.a(lib_a-strcmp.o)
                              ./main.o (strcmp)
c:/ti/ccs1011/ccs/tools/compiler/gcc-arm-none-eabi-7-2017-q4-major-win32/bin/../lib/gcc/arm-none-eabi/7.2.1/../../../../arm-none-eabi/lib/thumb/v7e-m/fpv4-sp/hard\libg.a(lib_a-strcpy.o)
                              ./FreeRTOS/tasks.o (strcpy)
c:/ti/ccs1011/ccs/tools/compiler/gcc-arm-none-eabi-7-2017-q4-major-win32/bin/../lib/gcc/arm-none-eabi/7.2.1/../../../../arm-none-eabi/lib/thumb/v7e-m/fpv4-sp/hard\libg.a(lib_a-strlen.o)
                              ./FreeRTOS/tasks.o (strlen)
c:/ti/ccs1011/ccs/tools/compiler/gcc-arm-none-eabi-7-2017-q4-major-win32/bin/../lib/gcc/arm-none-eabi/7.2.1/../../../../arm-none-eabi/lib/thumb/v7e-m/fpv4-sp/hard\libg.a(lib_a-strncmp.o)
                              ./FreeRTOS-Plus-CLI/FreeRTOS_CLI.o (strncmp)
c:/ti/ccs1011/ccs/tools/compiler/gcc-arm-none-eabi-7-2017-q4-major-win32/bin/../lib/gcc/arm-none-eabi/7.2.1/../../../../arm-none-eabi/lib/thumb/v7e-m/fpv4-sp/hard\libg.a(lib_a-strncpy.o)
                              ./FreeRTOS-Plus-CLI/FreeRTOS_CLI.o (strncpy)
c:/ti/ccs1011/ccs/tools/compiler/gcc-arm-none-eabi-7-2017-q4-major-win32/bin/../lib/gcc/arm-none-eabi/7.2.1/../../../../arm-none-eabi/lib/thumb/v7e-m/fpv4-sp/hard\libg.a(lib_a-svfprintf.o)
                              c:/ti/ccs1011/ccs/tools/compiler/gcc-arm-none-eabi-7-2017-q4-major-win32/bin/../lib/gcc/arm-none-eabi/7.2.1/../../../../arm-none-eabi/lib/thumb/v7e-m/fpv4-sp/hard\libg.a(lib_a-sprintf.o) (_svfprintf_r)
c:/ti/ccs1011/ccs/tools/compiler/gcc-arm-none-eabi-7-2017-q4-major-win32/bin/../lib/gcc/arm-none-eabi/7.2.1/../../../../arm-none-eabi/lib/thumb/v7e-m/fpv4-sp/hard\libg.a(lib_a-__call_atexit.o)
                              c:/ti/ccs1011/ccs/tools/compiler/gcc-arm-none-eabi-7-2017-q4-major-win32/bin/../lib/gcc/arm-none-eabi/7.2.1/../../../../arm-none-eabi/lib/thumb/v7e-m/fpv4-sp/hard\libg.a(lib_a-exit.o) (__call_exitprocs)
[...]
Memory Configuration

Name             Origin             Length             Attributes
FLASH            0x00000000         0x00100000         xr
SRAM             0x20000000         0x00040000         xw
*default*        0x00000000         0xffffffff

Linker script and memory map

LOAD c:/ti/ccs1011/ccs/tools/compiler/gcc-arm-none-eabi-7-2017-q4-major-win32/bin/../lib/gcc/arm-none-eabi/7.2.1/thumb/v7e-m/fpv4-sp/hard/crti.o
LOAD c:/ti/ccs1011/ccs/tools/compiler/gcc-arm-none-eabi-7-2017-q4-major-win32/bin/../lib/gcc/arm-none-eabi/7.2.1/thumb/v7e-m/fpv4-sp/hard/crtbegin.o
LOAD c:/ti/ccs1011/ccs/tools/compiler/gcc-arm-none-eabi-7-2017-q4-major-win32/bin/../lib/gcc/arm-none-eabi/7.2.1/../../../../arm-none-eabi/lib/thumb/v7e-m/fpv4-sp/hard/crt0.o
LOAD ./main.o
LOAD ./tm4c1294ncpdt_startup_ccs_gcc.o
LOAD ./FreeRTOS/croutine.o
LOAD ./FreeRTOS/event_groups.o
LOAD ./FreeRTOS/list.o
LOAD ./FreeRTOS/queue.o
LOAD ./FreeRTOS/stream_buffer.o
LOAD ./FreeRTOS/tasks.o
LOAD ./FreeRTOS/timers.o
LOAD ./FreeRTOS/portable/GCC/ARM_CM4F/port.o
LOAD ./FreeRTOS/portable/MemMang/heap_4.o
LOAD ./FreeRTOS-Plus-CLI/FreeRTOS_CLI.o
                0x00000000                PROVIDE (_intvecs_base_address, 0x0)

.intvecs        0x00000000      0x208
 *(.intvecs)
 .intvecs       0x00000000      0x208 ./tm4c1294ncpdt_startup_ccs_gcc.o
                0x00000000                g_pfnVectors
                0x20000000                PROVIDE (_vtable_base_address, 0x20000000)

.vtable
 *(.vtable)

.text           0x00000240     0xbf5c
 CREATE_OBJECT_SYMBOLS
 *(.text)
 .text          0x00000240        0x0 c:/ti/ccs1011/ccs/tools/compiler/gcc-arm-none-eabi-7-2017-q4-major-win32/bin/../lib/gcc/arm-none-eabi/7.2.1/thumb/v7e-m/fpv4-sp/hard/crti.o
 .text          0x00000240       0x40 c:/ti/ccs1011/ccs/tools/compiler/gcc-arm-none-eabi-7-2017-q4-major-win32/bin/../lib/gcc/arm-none-eabi/7.2.1/thumb/v7e-m/fpv4-sp/hard/crtbegin.o
 .text          0x00000280       0x74 c:/ti/ccs1011/ccs/tools/compiler/gcc-arm-none-eabi-7-2017-q4-major-win32/bin/../lib/gcc/arm-none-eabi/7.2.1/../../../../arm-none-eabi/lib/thumb/v7e-m/fpv4-sp/hard/crt0.o
                0x00000280                _start
                0x00000280                _mainCRTStartup
 .text          0x000002f4        0x0 ./main.o
 .text          0x000002f4        0x0 ./tm4c1294ncpdt_startup_ccs_gcc.o
 .text          0x000002f4        0x0 ./FreeRTOS/croutine.o
 .text          0x000002f4        0x0 ./FreeRTOS/event_groups.o
 .text          0x000002f4        0x0 ./FreeRTOS/list.o
 .text          0x000002f4        0x0 ./FreeRTOS/queue.o
 .text          0x000002f4        0x0 ./FreeRTOS/stream_buffer.o
 .text          0x000002f4        0x0 ./FreeRTOS/tasks.o
 .text          0x000002f4        0x0 ./FreeRTOS/timers.o
 .text          0x000002f4        0x0 ./FreeRTOS/portable/GCC/ARM_CM4F/port.o
 .text          0x000002f4        0x0 ./FreeRTOS/portable/MemMang/heap_4.o
 .text          0x000002f4        0x0 ./FreeRTOS-Plus-CLI/FreeRTOS_CLI.o
 .text          0x000002f4        0x0 C:/ti/TivaWare_C_Series-2.2.0.295/driverlib/gcc/libdriver.a(gpio.o)
 .text          0x000002f4        0x0 C:/ti/TivaWare_C_Series-2.2.0.295/driverlib/gcc/libdriver.a(interrupt.o)
 .text          0x000002f4        0x0 C:/ti/TivaWare_C_Series-2.2.0.295/driverlib/gcc/libdriver.a(sysctl.o)
 .text          0x000002f4        0x0 C:/ti/TivaWare_C_Series-2.2.0.295/driverlib/gcc/libdriver.a(uart.o)
 .text          0x000002f4        0x0 C:/ti/TivaWare_C_Series-2.2.0.295/driverlib/gcc/libdriver.a(cpu.o)
 .text          0x000002f4        0x0 c:/ti/ccs1011/ccs/tools/compiler/gcc-arm-none-eabi-7-2017-q4-major-win32/bin/../lib/gcc/arm-none-eabi/7.2.1/../../../../arm-none-eabi/lib/thumb/v7e-m/fpv4-sp/hard\libg.a(lib_a-exit.o)
 .text          0x000002f4        0x0 c:/ti/ccs1011/ccs/tools/compiler/gcc-arm-none-eabi-7-2017-q4-major-win32/bin/../lib/gcc/arm-none-eabi/7.2.1/../../../../arm-none-eabi/lib/thumb/v7e-m/fpv4-sp/hard\libg.a(lib_a-impure.o)
 .text          0x000002f4        0x0 c:/ti/ccs1011/ccs/tools/compiler/gcc-arm-none-eabi-7-2017-q4-major-win32/bin/../lib/gcc/arm-none-eabi/7.2.1/../../../../arm-none-eabi/lib/thumb/v7e-m/fpv4-sp/hard\libg.a(lib_a-init.o)
 .text          0x000002f4      0x134 c:/ti/ccs1011/ccs/tools/compiler/gcc-arm-none-eabi-7-2017-q4-major-win32/bin/../lib/gcc/arm-none-eabi/7.2.1/../../../../arm-none-eabi/lib/thumb/v7e-m/fpv4-sp/hard\libg.a(lib_a-memcpy.o)
                0x000002f4                memcpy
 .text          0x00000428        0x0 c:/ti/ccs1011/ccs/tools/compiler/gcc-arm-none-eabi-7-2017-q4-major-win32/bin/../lib/gcc/arm-none-eabi/7.2.1/../../../../arm-none-eabi/lib/thumb/v7e-m/fpv4-sp/hard\libg.a(lib_a-memset.o)
 .text          0x00000428        0x0 c:/ti/ccs1011/ccs/tools/compiler/gcc-arm-none-eabi-7-2017-q4-major-win32/bin/../lib/gcc/arm-none-eabi/7.2.1/../../../../arm-none-eabi/lib/thumb/v7e-m/fpv4-sp/hard\libg.a(lib_a-sprintf.o)
 *fill*         0x00000428       0x18 
 .text          0x00000440      0x2dc c:/ti/ccs1011/ccs/tools/compiler/gcc-arm-none-eabi-7-2017-q4-major-win32/bin/../lib/gcc/arm-none-eabi/7.2.1/../../../../arm-none-eabi/lib/thumb/v7e-m/fpv4-sp/hard\libg.a(lib_a-strcmp.o)
                0x00000448                strcmp
 .text          0x0000071c        0x0 c:/ti/ccs1011/ccs/tools/compiler/gcc-arm-none-eabi-7-2017-q4-major-win32/bin/../lib/gcc/arm-none-eabi/7.2.1/../../../../arm-none-eabi/lib/thumb/v7e-m/fpv4-sp/hard\libg.a(lib_a-strcpy.o)
 *fill*         0x0000071c       0x24 
 .text          0x00000740       0xdc c:/ti/ccs1011/ccs/tools/compiler/gcc-arm-none-eabi-7-2017-q4-major-win32/bin/../lib/gcc/arm-none-eabi/7.2.1/../../../../arm-none-eabi/lib/thumb/v7e-m/fpv4-sp/hard\libg.a(lib_a-strlen.o)
                0x00000740                strlen
 .text          0x0000081c        0x0 c:/ti/ccs1011/ccs/tools/compiler/gcc-arm-none-eabi-7-2017-q4-major-win32/bin/../lib/gcc/arm-none-eabi/7.2.1/../../../../arm-none-eabi/lib/thumb/v7e-m/fpv4-sp/hard\libg.a(lib_a-strncmp.o)
 .text          0x0000081c        0x0 c:/ti/ccs1011/ccs/tools/compiler/gcc-arm-none-eabi-7-2017-q4-major-win32/bin/../lib/gcc/arm-none-eabi/7.2.1/../../../../arm-none-eabi/lib/thumb/v7e-m/fpv4-sp/hard\libg.a(lib_a-strncpy.o)
 .text          0x0000081c        0x0 c:/ti/ccs1011/ccs/tools/compiler/gcc-arm-none-eabi-7-2017-q4-major-win32/bin/../lib/gcc/arm-none-eabi/7.2.1/../../../../arm-none-eabi/lib/thumb/v7e-m/fpv4-sp/hard\libg.a(lib_a-svfprintf.o)
 .text          0x0000081c        0x0 c:/ti/ccs1011/ccs/tools/compiler/gcc-arm-none-eabi-7-2017-q4-major-win32/bin/../lib/gcc/arm-none-eabi/7.2.1/../../../../arm-none-eabi/lib/thumb/v7e-m/fpv4-sp/hard\libg.a(lib_a-__call_atexit.o)
 .text          0x0000081c        0x0 c:/ti/ccs1011/ccs/tools/compiler/gcc-arm-none-eabi-7-2017-q4-major-win32/bin/../lib/gcc/arm-none-eabi/7.2.1/../../../../arm-none-eabi/lib/thumb/v7e-m/fpv4-sp/hard\libg.a(lib_a-atexit.o)
 .text          0x0000081c        0x0 c:/ti/ccs1011/ccs/tools/compiler/gcc-arm-none-eabi-7-2017-q4-major-win32/bin/../lib/gcc/arm-none-eabi/7.2.1/../../../../arm-none-eabi/lib/thumb/v7e-m/fpv4-sp/hard\libg.a(lib_a-dtoa.o)
 .text          0x0000081c        0x0 c:/ti/ccs1011/ccs/tools/compiler/gcc-arm-none-eabi-7-2017-q4-major-win32/bin/../lib/gcc/arm-none-eabi/7.2.1/../../../../arm-none-eabi/lib/thumb/v7e-m/fpv4-sp/hard\libg.a(lib_a-fini.o)
 .text          0x0000081c        0x0 c:/ti/ccs1011/ccs/tools/compiler/gcc-arm-none-eabi-7-2017-q4-major-win32/bin/../lib/gcc/arm-none-eabi/7.2.1/../../../../arm-none-eabi/lib/thumb/v7e-m/fpv4-sp/hard\libg.a(lib_a-localeconv.o)
 .text          0x0000081c        0x0 c:/ti/ccs1011/ccs/tools/compiler/gcc-arm-none-eabi-7-2017-q4-major-win32/bin/../lib/gcc/arm-none-eabi/7.2.1/../../../../arm-none-eabi/lib/thumb/v7e-m/fpv4-sp/hard\libg.a(lib_a-lock.o)
 .text          0x0000081c        0x0 c:/ti/ccs1011/ccs/tools/compiler/gcc-arm-none-eabi-7-2017-q4-major-win32/bin/../lib/gcc/arm-none-eabi/7.2.1/../../../../arm-none-eabi/lib/thumb/v7e-m/fpv4-sp/hard\libg.a(lib_a-mallocr.o)
 *fill*         0x0000081c        0x4 
 .text          0x00000820       0xa0 c:/ti/ccs1011/ccs/tools/compiler/gcc-arm-none-eabi-7-2017-q4-major-win32/bin/../lib/gcc/arm-none-eabi/7.2.1/../../../../arm-none-eabi/lib/thumb/v7e-m/fpv4-sp/hard\libg.a(lib_a-memchr.o)
                0x00000820                memchr
 .text          0x000008c0        0x0 c:/ti/ccs1011/ccs/tools/compiler/gcc-arm-none-eabi-7-2017-q4-major-win32/bin/../lib/gcc/arm-none-eabi/7.2.1/../../../../arm-none-eabi/lib/thumb/v7e-m/fpv4-sp/hard\libg.a(lib_a-mlock.o)
 .text          0x000008c0        0x0 c:/ti/ccs1011/ccs/tools/compiler/gcc-arm-none-eabi-7-2017-q4-major-win32/bin/../lib/gcc/arm-none-eabi/7.2.1/../../../../arm-none-eabi/lib/thumb/v7e-m/fpv4-sp/hard\libg.a(lib_a-mprec.o)
 .text          0x000008c0        0x0 c:/ti/ccs1011/ccs/tools/compiler/gcc-arm-none-eabi-7-2017-q4-major-win32/bin/../lib/gcc/arm-none-eabi/7.2.1/../../../../arm-none-eabi/lib/thumb/v7e-m/fpv4-sp/hard\libg.a(lib_a-sbrkr.o)
 .text          0x000008c0        0x0 c:/ti/ccs1011/ccs/tools/compiler/gcc-arm-none-eabi-7-2017-q4-major-win32/bin/../lib/gcc/arm-none-eabi/7.2.1/../../../../arm-none-eabi/lib/thumb/v7e-m/fpv4-sp/hard\libg.a(lib_a-svfiprintf.o)
 .text          0x000008c0        0x0 c:/ti/ccs1011/ccs/tools/compiler/gcc-arm-none-eabi-7-2017-q4-major-win32/bin/../lib/gcc/arm-none-eabi/7.2.1/../../../../arm-none-eabi/lib/thumb/v7e-m/fpv4-sp/hard\libg.a(lib_a-__atexit.o)
 .text          0x000008c0        0x0 c:/ti/ccs1011/ccs/tools/compiler/gcc-arm-none-eabi-7-2017-q4-major-win32/bin/../lib/gcc/arm-none-eabi/7.2.1/../../../../arm-none-eabi/lib/thumb/v7e-m/fpv4-sp/hard\libg.a(lib_a-callocr.o)
 .text          0x000008c0        0x0 c:/ti/ccs1011/ccs/tools/compiler/gcc-arm-none-eabi-7-2017-q4-major-win32/bin/../lib/gcc/arm-none-eabi/7.2.1/../../../../arm-none-eabi/lib/thumb/v7e-m/fpv4-sp/hard\libg.a(lib_a-freer.o)
 .text          0x000008c0        0x0 c:/ti/ccs1011/ccs/tools/compiler/gcc-arm-none-eabi-7-2017-q4-major-win32/bin/../lib/gcc/arm-none-eabi/7.2.1/../../../../arm-none-eabi/lib/thumb/v7e-m/fpv4-sp/hard\libg.a(lib_a-locale.o)
 .text          0x000008c0        0x0 c:/ti/ccs1011/ccs/tools/compiler/gcc-arm-none-eabi-7-2017-q4-major-win32/bin/../lib/gcc/arm-none-eabi/7.2.1/../../../../arm-none-eabi/lib/thumb/v7e-m/fpv4-sp/hard\libg.a(lib_a-mbtowc_r.o)
 .text          0x000008c0        0x0 c:/ti/ccs1011/ccs/tools/compiler/gcc-arm-none-eabi-7-2017-q4-major-win32/bin/../lib/gcc/arm-none-eabi/7.2.1/../../../../arm-none-eabi/lib/thumb/v7e-m/fpv4-sp/hard\libg.a(lib_a-memmove.o)
 .text          0x000008c0        0x0 c:/ti/ccs1011/ccs/tools/compiler/gcc-arm-none-eabi-7-2017-q4-major-win32/bin/../lib/gcc/arm-none-eabi/7.2.1/../../../../arm-none-eabi/lib/thumb/v7e-m/fpv4-sp/hard\libg.a(lib_a-reallocr.o)
 .text          0x000008c0        0x0 c:/ti/ccs1011/ccs/tools/compiler/gcc-arm-none-eabi-7-2017-q4-major-win32/bin/../lib/gcc/arm-none-eabi/7.2.1/../../../../arm-none-eabi/lib/thumb/v7e-m/fpv4-sp/hard\libg.a(lib_a-reent.o)
 .text          0x000008c0        0x0 c:/ti/ccs1011/ccs/tools/compiler/gcc-arm-none-eabi-7-2017-q4-major-win32/bin/../lib/gcc/arm-none-eabi/7.2.1/../../../../arm-none-eabi/lib/thumb/v7e-m/fpv4-sp/hard\libg.a(lib_a-wctomb_r.o)
 .text          0x000008c0        0x0 c:/ti/ccs1011/ccs/tools/compiler/gcc-arm-none-eabi-7-2017-q4-major-win32/bin/../lib/gcc/arm-none-eabi/7.2.1/../../../../arm-none-eabi/lib/thumb/v7e-m/fpv4-sp/hard\libg.a(lib_a-ctype_.o)
 .text          0x000008c0      0x378 c:/ti/ccs1011/ccs/tools/compiler/gcc-arm-none-eabi-7-2017-q4-major-win32/bin/../lib/gcc/arm-none-eabi/7.2.1/thumb/v7e-m/fpv4-sp/hard\libgcc.a(_arm_addsubdf3.o)
                0x000008c0                __aeabi_drsub
                0x000008c8                __aeabi_dsub
                0x000008c8                __subdf3
                0x000008cc                __aeabi_dadd
                0x000008cc                __adddf3
                0x00000b44                __floatunsidf
                0x00000b44                __aeabi_ui2d
                0x00000b64                __floatsidf
                0x00000b64                __aeabi_i2d
                0x00000b88                __aeabi_f2d
                0x00000b88                __extendsfdf2
                0x00000bcc                __floatundidf
                0x00000bcc                __aeabi_ul2d
                0x00000bdc                __floatdidf
                0x00000bdc                __aeabi_l2d
 .text          0x00000c38      0x424 c:/ti/ccs1011/ccs/tools/compiler/gcc-arm-none-eabi-7-2017-q4-major-win32/bin/../lib/gcc/arm-none-eabi/7.2.1/thumb/v7e-m/fpv4-sp/hard\libgcc.a(_arm_muldivdf3.o)
                0x00000c38                __aeabi_dmul
                0x00000c38                __muldf3
                0x00000e8c                __divdf3
                0x00000e8c                __aeabi_ddiv
 .text          0x0000105c      0x110 c:/ti/ccs1011/ccs/tools/compiler/gcc-arm-none-eabi-7-2017-q4-major-win32/bin/../lib/gcc/arm-none-eabi/7.2.1/thumb/v7e-m/fpv4-sp/hard\libgcc.a(_arm_cmpdf2.o)
                0x0000105c                __gtdf2
                0x0000105c                __gedf2
                0x00001064                __ltdf2
                0x00001064                __ledf2
                0x0000106c                __nedf2
                0x0000106c                __eqdf2
                0x0000106c                __cmpdf2
                0x000010e8                __aeabi_cdrcmple
                0x000010f8                __aeabi_cdcmpeq
                0x000010f8                __aeabi_cdcmple
                0x00001108                __aeabi_dcmpeq
                0x0000111c                __aeabi_dcmplt
                0x00001130                __aeabi_dcmple
                0x00001144                __aeabi_dcmpge
                0x00001158                __aeabi_dcmpgt
 .text          0x0000116c       0x2c c:/ti/ccs1011/ccs/tools/compiler/gcc-arm-none-eabi-7-2017-q4-major-win32/bin/../lib/gcc/arm-none-eabi/7.2.1/thumb/v7e-m/fpv4-sp/hard\libgcc.a(_arm_unorddf2.o)
                0x0000116c                __unorddf2
                0x0000116c                __aeabi_dcmpun
 .text          0x00001198       0x50 c:/ti/ccs1011/ccs/tools/compiler/gcc-arm-none-eabi-7-2017-q4-major-win32/bin/../lib/gcc/arm-none-eabi/7.2.1/thumb/v7e-m/fpv4-sp/hard\libgcc.a(_arm_fixdfsi.o)
                0x00001198                __aeabi_d2iz
                0x00001198                __fixdfsi
 .text          0x000011e8       0x30 c:/ti/ccs1011/ccs/tools/compiler/gcc-arm-none-eabi-7-2017-q4-major-win32/bin/../lib/gcc/arm-none-eabi/7.2.1/thumb/v7e-m/fpv4-sp/hard\libgcc.a(_aeabi_uldivmod.o)
                0x000011e8                __aeabi_uldivmod
 .text          0x00001218      0x2cc c:/ti/ccs1011/ccs/tools/compiler/gcc-arm-none-eabi-7-2017-q4-major-win32/bin/../lib/gcc/arm-none-eabi/7.2.1/thumb/v7e-m/fpv4-sp/hard\libgcc.a(_udivmoddi4.o)
                0x00001218                __udivmoddi4
 .text          0x000014e4        0x4 c:/ti/ccs1011/ccs/tools/compiler/gcc-arm-none-eabi-7-2017-q4-major-win32/bin/../lib/gcc/arm-none-eabi/7.2.1/thumb/v7e-m/fpv4-sp/hard\libgcc.a(_dvmd_tls.o)
                0x000014e4                __aeabi_idiv0
                0x000014e4                __aeabi_ldiv0
 .text          0x000014e8        0x0 c:/ti/ccs1011/ccs/tools/compiler/gcc-arm-none-eabi-7-2017-q4-major-win32/bin/../lib/gcc/arm-none-eabi/7.2.1/../../../../arm-none-eabi/lib/thumb/v7e-m/fpv4-sp/hard\libnosys.a(sbrk.o)
 .text          0x000014e8        0x0 c:/ti/ccs1011/ccs/tools/compiler/gcc-arm-none-eabi-7-2017-q4-major-win32/bin/../lib/gcc/arm-none-eabi/7.2.1/../../../../arm-none-eabi/lib/thumb/v7e-m/fpv4-sp/hard\libnosys.a(_exit.o)
 .text          0x000014e8        0x0 c:/ti/ccs1011/ccs/tools/compiler/gcc-arm-none-eabi-7-2017-q4-major-win32/bin/../lib/gcc/arm-none-eabi/7.2.1/thumb/v7e-m/fpv4-sp/hard/crtend.o
 .text          0x000014e8        0x0 c:/ti/ccs1011/ccs/tools/compiler/gcc-arm-none-eabi-7-2017-q4-major-win32/bin/../lib/gcc/arm-none-eabi/7.2.1/thumb/v7e-m/fpv4-sp/hard/crtn.o
 *(.text.*)
 .text.prvClearCommand
                0x000014e8       0x14 ./main.o
 .text.prvTaskStatsCommand
                0x000014fc       0x60 ./main.o
 .text.configurePIN0
                0x0000155c       0x2c ./main.o
                0x0000155c                configurePIN0
 .text.setPIN0  0x00001588       0x20 ./main.o
                0x00001588                setPIN0
 .text.command_LED_ON_OFF
                0x000015a8       0xb0 ./main.o
 .text.UARTIntHandler
                0x00001658       0xf0 ./main.o
                0x00001658                UARTIntHandler
 .text.UARTGetChar
                0x00001748       0x14 ./main.o
                0x00001748                UARTGetChar
 .text.UARTPutChar
                0x0000175c       0x54 ./main.o
                0x0000175c                UARTPutChar
 .text.UARTPutString
                0x000017b0       0x94 ./main.o
                0x000017b0                UARTPutString
 .text.print_task
                0x00001844       0x24 ./main.o
                0x00001844                print_task
 .text.Terminal
                0x00001868      0x1b4 ./main.o
                0x00001868                Terminal
 .text.main     0x00001a1c       0x8c ./main.o
                0x00001a1c                main
 .text.NmiSR    0x00001aa8        0x2 ./tm4c1294ncpdt_startup_ccs_gcc.o
 .text.FaultISR
                0x00001aaa        0x2 ./tm4c1294ncpdt_startup_ccs_gcc.o
 .text.IntDefaultHandler
                0x00001aac        0x2 ./tm4c1294ncpdt_startup_ccs_gcc.o
 *fill*         0x00001aae        0x2 
 .text.ResetISR
                0x00001ab0       0x50 ./tm4c1294ncpdt_startup_ccs_gcc.o
                0x00001ab0                ResetISR
 .text.prvTestWaitCondition
                0x00001b00       0x1c ./FreeRTOS/event_groups.o
 .text.xEventGroupCreate
                0x00001b1c       0x1a ./FreeRTOS/event_groups.o
                0x00001b1c                xEventGroupCreate
 *fill*         0x00001b36        0x2 
 .text.xEventGroupWaitBits
                0x00001b38      0x10c ./FreeRTOS/event_groups.o
                0x00001b38                xEventGroupWaitBits
 .text.xEventGroupClearBits
                0x00001c44       0x46 ./FreeRTOS/event_groups.o
                0x00001c44                xEventGroupClearBits
 .text.xEventGroupGetBitsFromISR
                0x00001c8a       0x1c ./FreeRTOS/event_groups.o
                0x00001c8a                xEventGroupGetBitsFromISR
 .text.xEventGroupSetBits
                0x00001ca6       0x8c ./FreeRTOS/event_groups.o
                0x00001ca6                xEventGroupSetBits
 *fill*         0x00001d32        0x2 
 .text.xEventGroupSync
                0x00001d34       0xd4 ./FreeRTOS/event_groups.o
                0x00001d34                xEventGroupSync
 .text.vEventGroupDelete
                0x00001e08       0x3e ./FreeRTOS/event_groups.o
                0x00001e08                vEventGroupDelete
 .text.vEventGroupSetBitsCallback
                0x00001e46        0x8 ./FreeRTOS/event_groups.o
                0x00001e46                vEventGroupSetBitsCallback
 .text.vEventGroupClearBitsCallback
                0x00001e4e        0x8 ./FreeRTOS/event_groups.o
                0x00001e4e                vEventGroupClearBitsCallback
 .text.uxEventGroupGetNumber
                0x00001e56        0xa ./FreeRTOS/event_groups.o
                0x00001e56                uxEventGroupGetNumber
 .text.vEventGroupSetNumber
                0x00001e60        0x4 ./FreeRTOS/event_groups.o
                0x00001e60                vEventGroupSetNumber
 .text.vListInitialise
                0x00001e64       0x16 ./FreeRTOS/list.o
                0x00001e64                vListInitialise
 .text.vListInitialiseItem
                0x00001e7a        0x6 ./FreeRTOS/list.o
                0x00001e7a                vListInitialiseItem
 .text.vListInsertEnd
                0x00001e80       0x18 ./FreeRTOS/list.o
                0x00001e80                vListInsertEnd
 .text.vListInsert
                0x00001e98       0x34 ./FreeRTOS/list.o
                0x00001e98                vListInsert
 .text.uxListRemove
                0x00001ecc       0x28 ./FreeRTOS/list.o
                0x00001ecc                uxListRemove
 .text.prvGetDisinheritPriorityAfterTimeout
                0x00001ef4       0x12 ./FreeRTOS/queue.o
 .text.prvIsQueueFull
                0x00001f06       0x1e ./FreeRTOS/queue.o
 .text.prvIsQueueEmpty
                0x00001f24       0x1a ./FreeRTOS/queue.o
 .text.prvCopyDataToQueue
                0x00001f3e       0x76 ./FreeRTOS/queue.o
 .text.prvCopyDataFromQueue
                0x00001fb4       0x24 ./FreeRTOS/queue.o
 .text.prvUnlockQueue
                0x00001fd8       0x6e ./FreeRTOS/queue.o
 *fill*         0x00002046        0x2 
 .text.xQueueGenericReset
                0x00002048       0x84 ./FreeRTOS/queue.o
                0x00002048                xQueueGenericReset
 .text.prvInitialiseNewQueue
                0x000020cc       0x22 ./FreeRTOS/queue.o
 .text.xQueueGenericCreate
                0x000020ee       0x5e ./FreeRTOS/queue.o
                0x000020ee                xQueueGenericCreate
 .text.xQueueCreateCountingSemaphore
                0x0000214c       0x40 ./FreeRTOS/queue.o
                0x0000214c                xQueueCreateCountingSemaphore
 .text.xQueueGenericSend
                0x0000218c      0x17c ./FreeRTOS/queue.o
                0x0000218c                xQueueGenericSend
 .text.prvInitialiseMutex
                0x00002308       0x18 ./FreeRTOS/queue.o
 .text.xQueueCreateMutex
                0x00002320       0x16 ./FreeRTOS/queue.o
                0x00002320                xQueueCreateMutex
 .text.xQueueGiveMutexRecursive
                0x00002336       0x40 ./FreeRTOS/queue.o
                0x00002336                xQueueGiveMutexRecursive
 .text.xQueueGenericSendFromISR
                0x00002376       0xe4 ./FreeRTOS/queue.o
                0x00002376                xQueueGenericSendFromISR
 .text.xQueueGiveFromISR
                0x0000245a       0xc8 ./FreeRTOS/queue.o
                0x0000245a                xQueueGiveFromISR
 *fill*         0x00002522        0x2 
 .text.xQueueReceive
                0x00002524      0x158 ./FreeRTOS/queue.o
                0x00002524                xQueueReceive
 .text.xQueueSemaphoreTake
                0x0000267c      0x19c ./FreeRTOS/queue.o
                0x0000267c                xQueueSemaphoreTake
 .text.xQueueTakeMutexRecursive
                0x00002818       0x44 ./FreeRTOS/queue.o
                0x00002818                xQueueTakeMutexRecursive
 .text.xQueuePeek
                0x0000285c      0x158 ./FreeRTOS/queue.o
                0x0000285c                xQueuePeek
 .text.xQueueReceiveFromISR
                0x000029b4       0xc0 ./FreeRTOS/queue.o
                0x000029b4                xQueueReceiveFromISR
 .text.xQueuePeekFromISR
                0x00002a74       0x7c ./FreeRTOS/queue.o
                0x00002a74                xQueuePeekFromISR
 .text.uxQueueMessagesWaiting
                0x00002af0       0x26 ./FreeRTOS/queue.o
                0x00002af0                uxQueueMessagesWaiting
 .text.uxQueueSpacesAvailable
                0x00002b16       0x2a ./FreeRTOS/queue.o
                0x00002b16                uxQueueSpacesAvailable
 .text.uxQueueMessagesWaitingFromISR
                0x00002b40       0x18 ./FreeRTOS/queue.o
                0x00002b40                uxQueueMessagesWaitingFromISR
 .text.uxQueueGetQueueNumber
                0x00002b58        0x4 ./FreeRTOS/queue.o
                0x00002b58                uxQueueGetQueueNumber
 .text.vQueueSetQueueNumber
                0x00002b5c        0x4 ./FreeRTOS/queue.o
                0x00002b5c                vQueueSetQueueNumber
 .text.ucQueueGetQueueType
                0x00002b60        0x6 ./FreeRTOS/queue.o
                0x00002b60                ucQueueGetQueueType
 .text.xQueueIsQueueEmptyFromISR
                0x00002b66       0x20 ./FreeRTOS/queue.o
                0x00002b66                xQueueIsQueueEmptyFromISR
 .text.xQueueIsQueueFullFromISR
                0x00002b86       0x24 ./FreeRTOS/queue.o
                0x00002b86                xQueueIsQueueFullFromISR
 *fill*         0x00002baa        0x2 
 .text.vQueueAddToRegistry
                0x00002bac       0x28 ./FreeRTOS/queue.o
                0x00002bac                vQueueAddToRegistry
 .text.pcQueueGetName
                0x00002bd4       0x28 ./FreeRTOS/queue.o
                0x00002bd4                pcQueueGetName
 .text.vQueueUnregisterQueue
                0x00002bfc       0x2c ./FreeRTOS/queue.o
                0x00002bfc                vQueueUnregisterQueue
 .text.vQueueDelete
                0x00002c28       0x24 ./FreeRTOS/queue.o
                0x00002c28                vQueueDelete
 .text.vQueueWaitForMessageRestricted
                0x00002c4c       0x52 ./FreeRTOS/queue.o
                0x00002c4c                vQueueWaitForMessageRestricted
 .text.prvBytesInBuffer
                0x00002c9e       0x12 ./FreeRTOS/stream_buffer.o
 .text.prvInitialiseNewStreamBuffer
                0x00002cb0       0x40 ./FreeRTOS/stream_buffer.o
 .text.prvWriteBytesToBuffer
                0x00002cf0       0x8c ./FreeRTOS/stream_buffer.o
 .text.prvWriteMessageToBuffer
                0x00002d7c       0x48 ./FreeRTOS/stream_buffer.o
 .text.prvReadBytesFromBuffer
                0x00002dc4       0x96 ./FreeRTOS/stream_buffer.o
 .text.prvReadMessageFromBuffer
                0x00002e5a       0x44 ./FreeRTOS/stream_buffer.o
 .text.xStreamBufferGenericCreate
                0x00002e9e       0x74 ./FreeRTOS/stream_buffer.o
                0x00002e9e                xStreamBufferGenericCreate
 .text.vStreamBufferDelete
                0x00002f12       0x2e ./FreeRTOS/stream_buffer.o
                0x00002f12                vStreamBufferDelete
 .text.xStreamBufferReset
                0x00002f40       0x4e ./FreeRTOS/stream_buffer.o
                0x00002f40                xStreamBufferReset
 .text.xStreamBufferSetTriggerLevel
                0x00002f8e       0x2a ./FreeRTOS/stream_buffer.o
                0x00002f8e                xStreamBufferSetTriggerLevel
 .text.xStreamBufferSpacesAvailable
                0x00002fb8       0x2a ./FreeRTOS/stream_buffer.o
                0x00002fb8                xStreamBufferSpacesAvailable
 .text.xStreamBufferBytesAvailable
                0x00002fe2       0x1c ./FreeRTOS/stream_buffer.o
                0x00002fe2                xStreamBufferBytesAvailable
 .text.xStreamBufferSend
                0x00002ffe      0x138 ./FreeRTOS/stream_buffer.o
                0x00002ffe                xStreamBufferSend
 .text.xStreamBufferSendFromISR
                0x00003136       0xa2 ./FreeRTOS/stream_buffer.o
                0x00003136                xStreamBufferSendFromISR
 .text.xStreamBufferReceive
                0x000031d8       0xe6 ./FreeRTOS/stream_buffer.o
                0x000031d8                xStreamBufferReceive
 .text.xStreamBufferNextMessageLengthBytes
                0x000032be       0x5a ./FreeRTOS/stream_buffer.o
                0x000032be                xStreamBufferNextMessageLengthBytes
 .text.xStreamBufferReceiveFromISR
                0x00003318       0x9c ./FreeRTOS/stream_buffer.o
                0x00003318                xStreamBufferReceiveFromISR
 .text.xStreamBufferIsEmpty
                0x000033b4       0x24 ./FreeRTOS/stream_buffer.o
                0x000033b4                xStreamBufferIsEmpty
 .text.xStreamBufferIsFull
                0x000033d8       0x38 ./FreeRTOS/stream_buffer.o
                0x000033d8                xStreamBufferIsFull
 .text.xStreamBufferSendCompletedFromISR
                0x00003410       0x54 ./FreeRTOS/stream_buffer.o
                0x00003410                xStreamBufferSendCompletedFromISR
 .text.xStreamBufferReceiveCompletedFromISR
                0x00003464       0x54 ./FreeRTOS/stream_buffer.o
                0x00003464                xStreamBufferReceiveCompletedFromISR
 .text.uxStreamBufferGetStreamBufferNumber
                0x000034b8        0x4 ./FreeRTOS/stream_buffer.o
                0x000034b8                uxStreamBufferGetStreamBufferNumber
 .text.vStreamBufferSetStreamBufferNumber
                0x000034bc        0x4 ./FreeRTOS/stream_buffer.o
                0x000034bc                vStreamBufferSetStreamBufferNumber
 .text.ucStreamBufferGetStreamBufferType
                0x000034c0        0x8 ./FreeRTOS/stream_buffer.o
                0x000034c0                ucStreamBufferGetStreamBufferType
 .text.prvTaskIsTaskSuspended
                0x000034c8       0x40 ./FreeRTOS/tasks.o
 .text.prvTaskCheckFreeStackSpace
                0x00003508       0x14 ./FreeRTOS/tasks.o
 .text.prvResetNextTaskUnblockTime
                0x0000351c       0x28 ./FreeRTOS/tasks.o
 .text.prvDeleteTCB
                0x00003544       0x12 ./FreeRTOS/tasks.o
 .text.prvInitialiseNewTask
                0x00003556       0x9a ./FreeRTOS/tasks.o
 .text.prvInitialiseTaskLists
                0x000035f0       0x68 ./FreeRTOS/tasks.o
 .text.prvAddNewTaskToReadyList
                0x00003658       0xac ./FreeRTOS/tasks.o
 .text.prvCheckTasksWaitingTermination
                0x00003704       0x4c ./FreeRTOS/tasks.o
 .text.prvIdleTask
                0x00003750       0x28 ./FreeRTOS/tasks.o
 .text.prvAddCurrentTaskToDelayedList
                0x00003778       0x98 ./FreeRTOS/tasks.o
 .text.prvWriteNameToBuffer
                0x00003810       0x22 ./FreeRTOS/tasks.o
 .text.xTaskCreate
                0x00003832       0x62 ./FreeRTOS/tasks.o
                0x00003832                xTaskCreate
 .text.vTaskDelete
                0x00003894       0xe0 ./FreeRTOS/tasks.o
                0x00003894                vTaskDelete
 .text.eTaskGetState
                0x00003974       0x9c ./FreeRTOS/tasks.o
                0x00003974                eTaskGetState
 .text.uxTaskPriorityGet
                0x00003a10       0x20 ./FreeRTOS/tasks.o
                0x00003a10                uxTaskPriorityGet
 .text.uxTaskPriorityGetFromISR
                0x00003a30       0x30 ./FreeRTOS/tasks.o
                0x00003a30                uxTaskPriorityGetFromISR
 .text.vTaskPrioritySet
                0x00003a60       0xdc ./FreeRTOS/tasks.o
                0x00003a60                vTaskPrioritySet
 .text.vTaskResume
                0x00003b3c       0x84 ./FreeRTOS/tasks.o
                0x00003b3c                vTaskResume
 .text.xTaskResumeFromISR
                0x00003bc0       0xa4 ./FreeRTOS/tasks.o
                0x00003bc0                xTaskResumeFromISR
 .text.vTaskStartScheduler
                0x00003c64       0x88 ./FreeRTOS/tasks.o
                0x00003c64                vTaskStartScheduler
 .text.vTaskEndScheduler
                0x00003cec       0x24 ./FreeRTOS/tasks.o
                0x00003cec                vTaskEndScheduler
 .text.vTaskSuspendAll
                0x00003d10       0x10 ./FreeRTOS/tasks.o
                0x00003d10                vTaskSuspendAll
 .text.xTaskGetTickCount
                0x00003d20        0xc ./FreeRTOS/tasks.o
                0x00003d20                xTaskGetTickCount
 .text.xTaskGetTickCountFromISR
                0x00003d2c       0x10 ./FreeRTOS/tasks.o
                0x00003d2c                xTaskGetTickCountFromISR
 .text.uxTaskGetNumberOfTasks
                0x00003d3c        0xc ./FreeRTOS/tasks.o
                0x00003d3c                uxTaskGetNumberOfTasks
 .text.pcTaskGetName
                0x00003d48       0x28 ./FreeRTOS/tasks.o
                0x00003d48                pcTaskGetName
 .text.xTaskIncrementTick
                0x00003d70      0x118 ./FreeRTOS/tasks.o
                0x00003d70                xTaskIncrementTick
 .text.xTaskResumeAll
                0x00003e88       0xf4 ./FreeRTOS/tasks.o
                0x00003e88                xTaskResumeAll
 .text.vTaskDelayUntil
                0x00003f7c       0xa4 ./FreeRTOS/tasks.o
                0x00003f7c                vTaskDelayUntil
 .text.vTaskDelay
                0x00004020       0x4c ./FreeRTOS/tasks.o
                0x00004020                vTaskDelay
 .text.xTaskCatchUpTicks
                0x0000406c       0x38 ./FreeRTOS/tasks.o
                0x0000406c                xTaskCatchUpTicks
 .text.vTaskSwitchContext
                0x000040a4       0x98 ./FreeRTOS/tasks.o
                0x000040a4                vTaskSwitchContext
 .text.vTaskSuspend
                0x0000413c       0xf8 ./FreeRTOS/tasks.o
                0x0000413c                vTaskSuspend
 .text.vTaskPlaceOnEventList
                0x00004234       0x30 ./FreeRTOS/tasks.o
                0x00004234                vTaskPlaceOnEventList
 .text.vTaskPlaceOnUnorderedEventList
                0x00004264       0x5c ./FreeRTOS/tasks.o
                0x00004264                vTaskPlaceOnUnorderedEventList
 .text.vTaskPlaceOnEventListRestricted
                0x000042c0       0x38 ./FreeRTOS/tasks.o
                0x000042c0                vTaskPlaceOnEventListRestricted
 .text.xTaskRemoveFromEventList
                0x000042f8       0x8c ./FreeRTOS/tasks.o
                0x000042f8                xTaskRemoveFromEventList
 .text.vTaskRemoveFromUnorderedEventList
                0x00004384       0x88 ./FreeRTOS/tasks.o
                0x00004384                vTaskRemoveFromUnorderedEventList
 .text.vTaskSetTimeOutState
                0x0000440c       0x38 ./FreeRTOS/tasks.o
                0x0000440c                vTaskSetTimeOutState
 .text.vTaskInternalSetTimeOutState
                0x00004444       0x18 ./FreeRTOS/tasks.o
                0x00004444                vTaskInternalSetTimeOutState
 .text.xTaskCheckForTimeOut
                0x0000445c       0x84 ./FreeRTOS/tasks.o
                0x0000445c                xTaskCheckForTimeOut
 .text.vTaskMissedYield
                0x000044e0        0xc ./FreeRTOS/tasks.o
                0x000044e0                vTaskMissedYield
 .text.uxTaskGetTaskNumber
                0x000044ec        0xa ./FreeRTOS/tasks.o
                0x000044ec                uxTaskGetTaskNumber
 .text.vTaskSetTaskNumber
                0x000044f6        0x6 ./FreeRTOS/tasks.o
                0x000044f6                vTaskSetTaskNumber
 .text.vTaskGetInfo
                0x000044fc       0x78 ./FreeRTOS/tasks.o
                0x000044fc                vTaskGetInfo
 .text.prvListTasksWithinSingleList
                0x00004574       0x60 ./FreeRTOS/tasks.o
 .text.uxTaskGetSystemState
                0x000045d4       0xb0 ./FreeRTOS/tasks.o
                0x000045d4                uxTaskGetSystemState
 .text.xTaskGetCurrentTaskHandle
                0x00004684        0xc ./FreeRTOS/tasks.o
                0x00004684                xTaskGetCurrentTaskHandle
 .text.xTaskGetSchedulerState
                0x00004690       0x20 ./FreeRTOS/tasks.o
                0x00004690                xTaskGetSchedulerState
 .text.xTaskPriorityInherit
                0x000046b0       0xac ./FreeRTOS/tasks.o
                0x000046b0                xTaskPriorityInherit
 .text.xTaskPriorityDisinherit
                0x0000475c       0xa4 ./FreeRTOS/tasks.o
                0x0000475c                xTaskPriorityDisinherit
 .text.vTaskPriorityDisinheritAfterTimeout
                0x00004800       0xb4 ./FreeRTOS/tasks.o
                0x00004800                vTaskPriorityDisinheritAfterTimeout
 .text.vTaskList
                0x000048b4       0xb8 ./FreeRTOS/tasks.o
                0x000048b4                vTaskList
 .text.uxTaskResetEventItemValue
                0x0000496c       0x18 ./FreeRTOS/tasks.o
                0x0000496c                uxTaskResetEventItemValue
 .text.pvTaskIncrementMutexHeldCount
                0x00004984       0x1c ./FreeRTOS/tasks.o
                0x00004984                pvTaskIncrementMutexHeldCount
 .text.ulTaskGenericNotifyTake
                0x000049a0       0xac ./FreeRTOS/tasks.o
                0x000049a0                ulTaskGenericNotifyTake
 .text.xTaskGenericNotifyWait
                0x00004a4c       0xd0 ./FreeRTOS/tasks.o
                0x00004a4c                xTaskGenericNotifyWait
 .text.xTaskGenericNotify
                0x00004b1c      0x14c ./FreeRTOS/tasks.o
                0x00004b1c                xTaskGenericNotify
 .text.xTaskGenericNotifyFromISR
                0x00004c68      0x180 ./FreeRTOS/tasks.o
                0x00004c68                xTaskGenericNotifyFromISR
 .text.vTaskGenericNotifyGiveFromISR
                0x00004de8       0xec ./FreeRTOS/tasks.o
                0x00004de8                vTaskGenericNotifyGiveFromISR
 .text.xTaskGenericNotifyStateClear
                0x00004ed4       0x4c ./FreeRTOS/tasks.o
                0x00004ed4                xTaskGenericNotifyStateClear
 .text.ulTaskGenericNotifyValueClear
                0x00004f20       0x34 ./FreeRTOS/tasks.o
                0x00004f20                ulTaskGenericNotifyValueClear
 .text.prvGetNextExpireTime
                0x00004f54       0x20 ./FreeRTOS/timers.o
 .text.prvInsertTimerInActiveList
                0x00004f74       0x48 ./FreeRTOS/timers.o
 .text.prvCheckForValidListAndQueue
                0x00004fbc       0x5c ./FreeRTOS/timers.o
 .text.prvInitialiseNewTimer
                0x00005018       0x4c ./FreeRTOS/timers.o
 .text.xTimerCreateTimerTask
                0x00005064       0x50 ./FreeRTOS/timers.o
                0x00005064                xTimerCreateTimerTask
 .text.xTimerCreate
                0x000050b4       0x38 ./FreeRTOS/timers.o
                0x000050b4                xTimerCreate
 .text.xTimerGenericCommand
                0x000050ec       0x6c ./FreeRTOS/timers.o
                0x000050ec                xTimerGenericCommand
 .text.prvSwitchTimerLists
                0x00005158       0x7c ./FreeRTOS/timers.o
 .text.prvSampleTimeNow
                0x000051d4       0x2c ./FreeRTOS/timers.o
 .text.prvProcessExpiredTimer
                0x00005200       0x6c ./FreeRTOS/timers.o
 .text.prvProcessTimerOrBlockTask
                0x0000526c       0x74 ./FreeRTOS/timers.o
 .text.prvProcessReceivedCommands
                0x000052e0       0xfc ./FreeRTOS/timers.o
 .text.prvTimerTask
                0x000053dc       0x16 ./FreeRTOS/timers.o
 *fill*         0x000053f2        0x2 
 .text.xTimerGetTimerDaemonTaskHandle
                0x000053f4       0x20 ./FreeRTOS/timers.o
                0x000053f4                xTimerGetTimerDaemonTaskHandle
 .text.xTimerGetPeriod
                0x00005414       0x18 ./FreeRTOS/timers.o
                0x00005414                xTimerGetPeriod
 .text.vTimerSetReloadMode
                0x0000542c       0x40 ./FreeRTOS/timers.o
                0x0000542c                vTimerSetReloadMode
 .text.uxTimerGetReloadMode
                0x0000546c       0x34 ./FreeRTOS/timers.o
                0x0000546c                uxTimerGetReloadMode
 .text.xTimerGetExpiryTime
                0x000054a0       0x18 ./FreeRTOS/timers.o
                0x000054a0                xTimerGetExpiryTime
 .text.pcTimerGetName
                0x000054b8       0x18 ./FreeRTOS/timers.o
                0x000054b8                pcTimerGetName
 .text.xTimerIsTimerActive
                0x000054d0       0x34 ./FreeRTOS/timers.o
                0x000054d0                xTimerIsTimerActive
 .text.pvTimerGetTimerID
                0x00005504       0x26 ./FreeRTOS/timers.o
                0x00005504                pvTimerGetTimerID
 .text.vTimerSetTimerID
                0x0000552a       0x26 ./FreeRTOS/timers.o
                0x0000552a                vTimerSetTimerID
 .text.uxTimerGetTimerNumber
                0x00005550        0x4 ./FreeRTOS/timers.o
                0x00005550                uxTimerGetTimerNumber
 .text.vTimerSetTimerNumber
                0x00005554        0x4 ./FreeRTOS/timers.o
                0x00005554                vTimerSetTimerNumber
 .text.prvTaskExitError
                0x00005558       0x40 ./FreeRTOS/portable/GCC/ARM_CM4F/port.o
 .text.prvPortStartFirstTask
                0x00005598       0x28 ./FreeRTOS/portable/GCC/ARM_CM4F/port.o
 .text.vPortEnableVFP
                0x000055c0       0x14 ./FreeRTOS/portable/GCC/ARM_CM4F/port.o
 .text.pxPortInitialiseStack
                0x000055d4       0x2c ./FreeRTOS/portable/GCC/ARM_CM4F/port.o
                0x000055d4                pxPortInitialiseStack
 .text.vPortSVCHandler
                0x00005600       0x24 ./FreeRTOS/portable/GCC/ARM_CM4F/port.o
                0x00005600                vPortSVCHandler
 .text.vPortEndScheduler
                0x00005624       0x24 ./FreeRTOS/portable/GCC/ARM_CM4F/port.o
                0x00005624                vPortEndScheduler
 .text.vPortEnterCritical
                0x00005648       0x44 ./FreeRTOS/portable/GCC/ARM_CM4F/port.o
                0x00005648                vPortEnterCritical
 .text.vPortExitCritical
                0x0000568c       0x2c ./FreeRTOS/portable/GCC/ARM_CM4F/port.o
                0x0000568c                vPortExitCritical
 *fill*         0x000056b8        0x8 
 .text.xPortPendSVHandler
                0x000056c0       0x64 ./FreeRTOS/portable/GCC/ARM_CM4F/port.o
                0x000056c0                xPortPendSVHandler
 .text.xPortSysTickHandler
                0x00005724       0x2c ./FreeRTOS/portable/GCC/ARM_CM4F/port.o
                0x00005724                xPortSysTickHandler
 .text.vPortSetupTimerInterrupt
                0x00005750       0x28 ./FreeRTOS/portable/GCC/ARM_CM4F/port.o
                0x00005750                vPortSetupTimerInterrupt
 .text.xPortStartScheduler
                0x00005778      0x110 ./FreeRTOS/portable/GCC/ARM_CM4F/port.o
                0x00005778                xPortStartScheduler
 .text.vPortValidateInterruptPriority
                0x00005888       0x5c ./FreeRTOS/portable/GCC/ARM_CM4F/port.o
                0x00005888                vPortValidateInterruptPriority
 .text.prvHeapInit
                0x000058e4       0x64 ./FreeRTOS/portable/MemMang/heap_4.o
 .text.prvInsertBlockIntoFreeList
                0x00005948       0x58 ./FreeRTOS/portable/MemMang/heap_4.o
 .text.pvPortMalloc
                0x000059a0      0x114 ./FreeRTOS/portable/MemMang/heap_4.o
                0x000059a0                pvPortMalloc
 .text.vPortFree
                0x00005ab4       0x7c ./FreeRTOS/portable/MemMang/heap_4.o
                0x00005ab4                vPortFree
 .text.xPortGetFreeHeapSize
                0x00005b30        0xc ./FreeRTOS/portable/MemMang/heap_4.o
                0x00005b30                xPortGetFreeHeapSize
 .text.xPortGetMinimumEverFreeHeapSize
                0x00005b3c        0xc ./FreeRTOS/portable/MemMang/heap_4.o
                0x00005b3c                xPortGetMinimumEverFreeHeapSize
 .text.vPortInitialiseBlocks
                0x00005b48        0x2 ./FreeRTOS/portable/MemMang/heap_4.o
                0x00005b48                vPortInitialiseBlocks
 *fill*         0x00005b4a        0x2 
 .text.vPortGetHeapStats
                0x00005b4c       0x80 ./FreeRTOS/portable/MemMang/heap_4.o
                0x00005b4c                vPortGetHeapStats
 .text.prvGetNumberOfParameters
                0x00005bcc       0x28 ./FreeRTOS-Plus-CLI/FreeRTOS_CLI.o
 .text.prvHelpCommand
                0x00005bf4       0x34 ./FreeRTOS-Plus-CLI/FreeRTOS_CLI.o
 .text.FreeRTOS_CLIRegisterCommand
                0x00005c28       0x54 ./FreeRTOS-Plus-CLI/FreeRTOS_CLI.o
                0x00005c28                FreeRTOS_CLIRegisterCommand
 .text.FreeRTOS_CLIProcessCommand
                0x00005c7c       0xc4 ./FreeRTOS-Plus-CLI/FreeRTOS_CLI.o
                0x00005c7c                FreeRTOS_CLIProcessCommand
 .text.FreeRTOS_CLIGetOutputBuffer
                0x00005d40        0x8 ./FreeRTOS-Plus-CLI/FreeRTOS_CLI.o
                0x00005d40                FreeRTOS_CLIGetOutputBuffer
 .text.FreeRTOS_CLIGetParameter
                0x00005d48       0x52 ./FreeRTOS-Plus-CLI/FreeRTOS_CLI.o
                0x00005d48                FreeRTOS_CLIGetParameter
 *fill*         0x00005d9a        0x2 
 .text._GPIOIntNumberGet
                0x00005d9c       0x48 C:/ti/TivaWare_C_Series-2.2.0.295/driverlib/gcc/libdriver.a(gpio.o)
 .text.GPIODirModeSet
                0x00005de4       0x2e C:/ti/TivaWare_C_Series-2.2.0.295/driverlib/gcc/libdriver.a(gpio.o)
                0x00005de4                GPIODirModeSet
 .text.GPIODirModeGet
                0x00005e12       0x24 C:/ti/TivaWare_C_Series-2.2.0.295/driverlib/gcc/libdriver.a(gpio.o)
                0x00005e12                GPIODirModeGet
 .text.GPIOIntTypeSet
                0x00005e36       0x5a C:/ti/TivaWare_C_Series-2.2.0.295/driverlib/gcc/libdriver.a(gpio.o)
                0x00005e36                GPIOIntTypeSet
 .text.GPIOIntTypeGet
                0x00005e90       0x48 C:/ti/TivaWare_C_Series-2.2.0.295/driverlib/gcc/libdriver.a(gpio.o)
                0x00005e90                GPIOIntTypeGet
 .text.GPIOPadConfigSet
                0x00005ed8      0x170 C:/ti/TivaWare_C_Series-2.2.0.295/driverlib/gcc/libdriver.a(gpio.o)
                0x00005ed8                GPIOPadConfigSet
 .text.GPIOPadConfigGet
                0x00006048       0xe4 C:/ti/TivaWare_C_Series-2.2.0.295/driverlib/gcc/libdriver.a(gpio.o)
                0x00006048                GPIOPadConfigGet
 .text.GPIOIntEnable
                0x0000612c        0xc C:/ti/TivaWare_C_Series-2.2.0.295/driverlib/gcc/libdriver.a(gpio.o)
                0x0000612c                GPIOIntEnable
 .text.GPIOIntDisable
                0x00006138        0xe C:/ti/TivaWare_C_Series-2.2.0.295/driverlib/gcc/libdriver.a(gpio.o)
                0x00006138                GPIOIntDisable
 .text.GPIOIntStatus
                0x00006146        0xe C:/ti/TivaWare_C_Series-2.2.0.295/driverlib/gcc/libdriver.a(gpio.o)
                0x00006146                GPIOIntStatus
 .text.GPIOIntClear
                0x00006154        0x6 C:/ti/TivaWare_C_Series-2.2.0.295/driverlib/gcc/libdriver.a(gpio.o)
                0x00006154                GPIOIntClear
 .text.GPIOIntRegister
                0x0000615a       0x1a C:/ti/TivaWare_C_Series-2.2.0.295/driverlib/gcc/libdriver.a(gpio.o)
                0x0000615a                GPIOIntRegister
 .text.GPIOIntUnregister
                0x00006174       0x16 C:/ti/TivaWare_C_Series-2.2.0.295/driverlib/gcc/libdriver.a(gpio.o)
                0x00006174                GPIOIntUnregister
 .text.GPIOIntRegisterPin
                0x0000618a       0x1e C:/ti/TivaWare_C_Series-2.2.0.295/driverlib/gcc/libdriver.a(gpio.o)
                0x0000618a                GPIOIntRegisterPin
 .text.GPIOIntUnregisterPin
                0x000061a8       0x1a C:/ti/TivaWare_C_Series-2.2.0.295/driverlib/gcc/libdriver.a(gpio.o)
                0x000061a8                GPIOIntUnregisterPin
 .text.GPIOPinRead
                0x000061c2        0x6 C:/ti/TivaWare_C_Series-2.2.0.295/driverlib/gcc/libdriver.a(gpio.o)
                0x000061c2                GPIOPinRead
 .text.GPIOPinWrite
                0x000061c8        0x6 C:/ti/TivaWare_C_Series-2.2.0.295/driverlib/gcc/libdriver.a(gpio.o)
                0x000061c8                GPIOPinWrite
 .text.GPIOPinTypeADC
                0x000061ce       0x1c C:/ti/TivaWare_C_Series-2.2.0.295/driverlib/gcc/libdriver.a(gpio.o)
                0x000061ce                GPIOPinTypeADC
 .text.GPIOPinTypeCAN
                0x000061ea       0x1c C:/ti/TivaWare_C_Series-2.2.0.295/driverlib/gcc/libdriver.a(gpio.o)
                0x000061ea                GPIOPinTypeCAN
 .text.GPIOPinTypeComparator
                0x00006206       0x1c C:/ti/TivaWare_C_Series-2.2.0.295/driverlib/gcc/libdriver.a(gpio.o)
                0x00006206                GPIOPinTypeComparator
 .text.GPIOPinTypeComparatorOutput
                0x00006222       0x1c C:/ti/TivaWare_C_Series-2.2.0.295/driverlib/gcc/libdriver.a(gpio.o)
                0x00006222                GPIOPinTypeComparatorOutput
 .text.GPIOPinTypeDIVSCLK
                0x0000623e       0x1c C:/ti/TivaWare_C_Series-2.2.0.295/driverlib/gcc/libdriver.a(gpio.o)
                0x0000623e                GPIOPinTypeDIVSCLK
 .text.GPIOPinTypeEPI
                0x0000625a       0x1c C:/ti/TivaWare_C_Series-2.2.0.295/driverlib/gcc/libdriver.a(gpio.o)
                0x0000625a                GPIOPinTypeEPI
 .text.GPIOPinTypeEthernetLED
                0x00006276       0x1c C:/ti/TivaWare_C_Series-2.2.0.295/driverlib/gcc/libdriver.a(gpio.o)
                0x00006276                GPIOPinTypeEthernetLED
 .text.GPIOPinTypeEthernetMII
                0x00006292       0x1c C:/ti/TivaWare_C_Series-2.2.0.295/driverlib/gcc/libdriver.a(gpio.o)
                0x00006292                GPIOPinTypeEthernetMII
 .text.GPIOPinTypeGPIOInput
                0x000062ae       0x1c C:/ti/TivaWare_C_Series-2.2.0.295/driverlib/gcc/libdriver.a(gpio.o)
                0x000062ae                GPIOPinTypeGPIOInput
 .text.GPIOPinTypeGPIOOutput
                0x000062ca       0x1c C:/ti/TivaWare_C_Series-2.2.0.295/driverlib/gcc/libdriver.a(gpio.o)
                0x000062ca                GPIOPinTypeGPIOOutput
 .text.GPIOPinTypeGPIOOutputOD
                0x000062e6       0x1c C:/ti/TivaWare_C_Series-2.2.0.295/driverlib/gcc/libdriver.a(gpio.o)
                0x000062e6                GPIOPinTypeGPIOOutputOD
 .text.GPIOPinTypeHibernateRTCCLK
                0x00006302       0x1c C:/ti/TivaWare_C_Series-2.2.0.295/driverlib/gcc/libdriver.a(gpio.o)
                0x00006302                GPIOPinTypeHibernateRTCCLK
 .text.GPIOPinTypeI2C
                0x0000631e       0x1c C:/ti/TivaWare_C_Series-2.2.0.295/driverlib/gcc/libdriver.a(gpio.o)
                0x0000631e                GPIOPinTypeI2C
 .text.GPIOPinTypeI2CSCL
                0x0000633a       0x1c C:/ti/TivaWare_C_Series-2.2.0.295/driverlib/gcc/libdriver.a(gpio.o)
                0x0000633a                GPIOPinTypeI2CSCL
 .text.GPIOPinTypeLCD
                0x00006356       0x1c C:/ti/TivaWare_C_Series-2.2.0.295/driverlib/gcc/libdriver.a(gpio.o)
                0x00006356                GPIOPinTypeLCD
 .text.GPIOPinTypeOneWire
                0x00006372       0x1c C:/ti/TivaWare_C_Series-2.2.0.295/driverlib/gcc/libdriver.a(gpio.o)
                0x00006372                GPIOPinTypeOneWire
 .text.GPIOPinTypePWM
                0x0000638e       0x1c C:/ti/TivaWare_C_Series-2.2.0.295/driverlib/gcc/libdriver.a(gpio.o)
                0x0000638e                GPIOPinTypePWM
 .text.GPIOPinTypeQEI
                0x000063aa       0x1c C:/ti/TivaWare_C_Series-2.2.0.295/driverlib/gcc/libdriver.a(gpio.o)
                0x000063aa                GPIOPinTypeQEI
 .text.GPIOPinTypeSSI
                0x000063c6       0x1c C:/ti/TivaWare_C_Series-2.2.0.295/driverlib/gcc/libdriver.a(gpio.o)
                0x000063c6                GPIOPinTypeSSI
 .text.GPIOPinTypeTimer
                0x000063e2       0x1c C:/ti/TivaWare_C_Series-2.2.0.295/driverlib/gcc/libdriver.a(gpio.o)
                0x000063e2                GPIOPinTypeTimer
 .text.GPIOPinTypeTrace
                0x000063fe       0x1c C:/ti/TivaWare_C_Series-2.2.0.295/driverlib/gcc/libdriver.a(gpio.o)
                0x000063fe                GPIOPinTypeTrace
 .text.GPIOPinTypeUART
                0x0000641a       0x1c C:/ti/TivaWare_C_Series-2.2.0.295/driverlib/gcc/libdriver.a(gpio.o)
                0x0000641a                GPIOPinTypeUART
 .text.GPIOPinTypeUSBAnalog
                0x00006436       0x1c C:/ti/TivaWare_C_Series-2.2.0.295/driverlib/gcc/libdriver.a(gpio.o)
                0x00006436                GPIOPinTypeUSBAnalog
 .text.GPIOPinTypeUSBDigital
                0x00006452       0x1c C:/ti/TivaWare_C_Series-2.2.0.295/driverlib/gcc/libdriver.a(gpio.o)
                0x00006452                GPIOPinTypeUSBDigital
 .text.GPIOPinTypeWakeHigh
                0x0000646e       0x1e C:/ti/TivaWare_C_Series-2.2.0.295/driverlib/gcc/libdriver.a(gpio.o)
                0x0000646e                GPIOPinTypeWakeHigh
 .text.GPIOPinTypeWakeLow
                0x0000648c       0x1e C:/ti/TivaWare_C_Series-2.2.0.295/driverlib/gcc/libdriver.a(gpio.o)
                0x0000648c                GPIOPinTypeWakeLow
 .text.GPIOPinWakeStatus
                0x000064aa        0x6 C:/ti/TivaWare_C_Series-2.2.0.295/driverlib/gcc/libdriver.a(gpio.o)
                0x000064aa                GPIOPinWakeStatus
 .text.GPIOPinConfigure
                0x000064b0       0x4c C:/ti/TivaWare_C_Series-2.2.0.295/driverlib/gcc/libdriver.a(gpio.o)
                0x000064b0                GPIOPinConfigure
 .text.GPIODMATriggerEnable
                0x000064fc        0xc C:/ti/TivaWare_C_Series-2.2.0.295/driverlib/gcc/libdriver.a(gpio.o)
                0x000064fc                GPIODMATriggerEnable
 .text.GPIODMATriggerDisable
                0x00006508        0xe C:/ti/TivaWare_C_Series-2.2.0.295/driverlib/gcc/libdriver.a(gpio.o)
                0x00006508                GPIODMATriggerDisable
 .text.GPIOADCTriggerEnable
                0x00006516        0xc C:/ti/TivaWare_C_Series-2.2.0.295/driverlib/gcc/libdriver.a(gpio.o)
                0x00006516                GPIOADCTriggerEnable
 .text.GPIOADCTriggerDisable
                0x00006522        0xe C:/ti/TivaWare_C_Series-2.2.0.295/driverlib/gcc/libdriver.a(gpio.o)
                0x00006522                GPIOADCTriggerDisable
 .text.GPIOUnlockPin
                0x00006530       0x18 C:/ti/TivaWare_C_Series-2.2.0.295/driverlib/gcc/libdriver.a(gpio.o)
                0x00006530                GPIOUnlockPin
 .text._IntDefaultHandler
                0x00006548        0x2 C:/ti/TivaWare_C_Series-2.2.0.295/driverlib/gcc/libdriver.a(interrupt.o)
 .text.IntMasterEnable
                0x0000654a        0xe C:/ti/TivaWare_C_Series-2.2.0.295/driverlib/gcc/libdriver.a(interrupt.o)
                0x0000654a                IntMasterEnable
 .text.IntMasterDisable
                0x00006558        0xe C:/ti/TivaWare_C_Series-2.2.0.295/driverlib/gcc/libdriver.a(interrupt.o)
                0x00006558                IntMasterDisable
 *fill*         0x00006566        0x2 
 .text.IntRegister
                0x00006568       0x34 C:/ti/TivaWare_C_Series-2.2.0.295/driverlib/gcc/libdriver.a(interrupt.o)
                0x00006568                IntRegister
 .text.IntUnregister
                0x0000659c       0x14 C:/ti/TivaWare_C_Series-2.2.0.295/driverlib/gcc/libdriver.a(interrupt.o)
                0x0000659c                IntUnregister
 .text.IntPriorityGroupingSet
                0x000065b0       0x1c C:/ti/TivaWare_C_Series-2.2.0.295/driverlib/gcc/libdriver.a(interrupt.o)
                0x000065b0                IntPriorityGroupingSet
 .text.IntPriorityGroupingGet
                0x000065cc       0x24 C:/ti/TivaWare_C_Series-2.2.0.295/driverlib/gcc/libdriver.a(interrupt.o)
                0x000065cc                IntPriorityGroupingGet
 .text.IntPrioritySet
                0x000065f0       0x2c C:/ti/TivaWare_C_Series-2.2.0.295/driverlib/gcc/libdriver.a(interrupt.o)
                0x000065f0                IntPrioritySet
 .text.IntPriorityGet
                0x0000661c       0x1c C:/ti/TivaWare_C_Series-2.2.0.295/driverlib/gcc/libdriver.a(interrupt.o)
                0x0000661c                IntPriorityGet
 .text.IntEnable
                0x00006638       0x60 C:/ti/TivaWare_C_Series-2.2.0.295/driverlib/gcc/libdriver.a(interrupt.o)
                0x00006638                IntEnable
 .text.IntDisable
                0x00006698       0x60 C:/ti/TivaWare_C_Series-2.2.0.295/driverlib/gcc/libdriver.a(interrupt.o)
                0x00006698                IntDisable
 .text.IntIsEnabled
                0x000066f8       0x64 C:/ti/TivaWare_C_Series-2.2.0.295/driverlib/gcc/libdriver.a(interrupt.o)
                0x000066f8                IntIsEnabled
 .text.IntPendSet
                0x0000675c       0x50 C:/ti/TivaWare_C_Series-2.2.0.295/driverlib/gcc/libdriver.a(interrupt.o)
                0x0000675c                IntPendSet
 .text.IntPendClear
                0x000067ac       0x40 C:/ti/TivaWare_C_Series-2.2.0.295/driverlib/gcc/libdriver.a(interrupt.o)
                0x000067ac                IntPendClear
 .text.IntPriorityMaskSet
                0x000067ec        0x4 C:/ti/TivaWare_C_Series-2.2.0.295/driverlib/gcc/libdriver.a(interrupt.o)
                0x000067ec                IntPriorityMaskSet
 .text.IntPriorityMaskGet
                0x000067f0        0x4 C:/ti/TivaWare_C_Series-2.2.0.295/driverlib/gcc/libdriver.a(interrupt.o)
                0x000067f0                IntPriorityMaskGet
 .text.IntTrigger
                0x000067f4        0xc C:/ti/TivaWare_C_Series-2.2.0.295/driverlib/gcc/libdriver.a(interrupt.o)
                0x000067f4                IntTrigger
 .text._SysCtlMemTimingGet
                0x00006800       0x24 C:/ti/TivaWare_C_Series-2.2.0.295/driverlib/gcc/libdriver.a(sysctl.o)
 .text.SysCtlSRAMSizeGet
                0x00006824       0x10 C:/ti/TivaWare_C_Series-2.2.0.295/driverlib/gcc/libdriver.a(sysctl.o)
                0x00006824                SysCtlSRAMSizeGet
 .text.SysCtlFlashSizeGet
                0x00006834       0x3c C:/ti/TivaWare_C_Series-2.2.0.295/driverlib/gcc/libdriver.a(sysctl.o)
                0x00006834                SysCtlFlashSizeGet
 .text.SysCtlFlashSectorSizeGet
                0x00006870       0x38 C:/ti/TivaWare_C_Series-2.2.0.295/driverlib/gcc/libdriver.a(sysctl.o)
                0x00006870                SysCtlFlashSectorSizeGet
 .text.SysCtlPeripheralPresent
                0x000068a8       0x26 C:/ti/TivaWare_C_Series-2.2.0.295/driverlib/gcc/libdriver.a(sysctl.o)
                0x000068a8                SysCtlPeripheralPresent
 .text.SysCtlPeripheralReady
                0x000068ce       0x26 C:/ti/TivaWare_C_Series-2.2.0.295/driverlib/gcc/libdriver.a(sysctl.o)
                0x000068ce                SysCtlPeripheralReady
 .text.SysCtlPeripheralPowerOn
                0x000068f4       0x22 C:/ti/TivaWare_C_Series-2.2.0.295/driverlib/gcc/libdriver.a(sysctl.o)
                0x000068f4                SysCtlPeripheralPowerOn
 .text.SysCtlPeripheralPowerOff
                0x00006916       0x22 C:/ti/TivaWare_C_Series-2.2.0.295/driverlib/gcc/libdriver.a(sysctl.o)
                0x00006916                SysCtlPeripheralPowerOff
 .text.SysCtlPeripheralReset
                0x00006938       0x3a C:/ti/TivaWare_C_Series-2.2.0.295/driverlib/gcc/libdriver.a(sysctl.o)
                0x00006938                SysCtlPeripheralReset
 .text.SysCtlPeripheralEnable
                0x00006972       0x22 C:/ti/TivaWare_C_Series-2.2.0.295/driverlib/gcc/libdriver.a(sysctl.o)
                0x00006972                SysCtlPeripheralEnable
 .text.SysCtlPeripheralDisable
                0x00006994       0x22 C:/ti/TivaWare_C_Series-2.2.0.295/driverlib/gcc/libdriver.a(sysctl.o)
                0x00006994                SysCtlPeripheralDisable
 .text.SysCtlPeripheralSleepEnable
                0x000069b6       0x22 C:/ti/TivaWare_C_Series-2.2.0.295/driverlib/gcc/libdriver.a(sysctl.o)
                0x000069b6                SysCtlPeripheralSleepEnable
 .text.SysCtlPeripheralSleepDisable
                0x000069d8       0x22 C:/ti/TivaWare_C_Series-2.2.0.295/driverlib/gcc/libdriver.a(sysctl.o)
                0x000069d8                SysCtlPeripheralSleepDisable
 .text.SysCtlPeripheralDeepSleepEnable
                0x000069fa       0x22 C:/ti/TivaWare_C_Series-2.2.0.295/driverlib/gcc/libdriver.a(sysctl.o)
                0x000069fa                SysCtlPeripheralDeepSleepEnable
 .text.SysCtlPeripheralDeepSleepDisable
                0x00006a1c       0x22 C:/ti/TivaWare_C_Series-2.2.0.295/driverlib/gcc/libdriver.a(sysctl.o)
                0x00006a1c                SysCtlPeripheralDeepSleepDisable
 *fill*         0x00006a3e        0x2 
 .text.SysCtlPeripheralClockGating
                0x00006a40       0x48 C:/ti/TivaWare_C_Series-2.2.0.295/driverlib/gcc/libdriver.a(sysctl.o)
                0x00006a40                SysCtlPeripheralClockGating
 .text.SysCtlIntRegister
                0x00006a88       0x14 C:/ti/TivaWare_C_Series-2.2.0.295/driverlib/gcc/libdriver.a(sysctl.o)
                0x00006a88                SysCtlIntRegister
 .text.SysCtlIntUnregister
                0x00006a9c       0x12 C:/ti/TivaWare_C_Series-2.2.0.295/driverlib/gcc/libdriver.a(sysctl.o)
                0x00006a9c                SysCtlIntUnregister
 *fill*         0x00006aae        0x2 
 .text.SysCtlIntEnable
                0x00006ab0       0x10 C:/ti/TivaWare_C_Series-2.2.0.295/driverlib/gcc/libdriver.a(sysctl.o)
                0x00006ab0                SysCtlIntEnable
 .text.SysCtlIntDisable
                0x00006ac0       0x10 C:/ti/TivaWare_C_Series-2.2.0.295/driverlib/gcc/libdriver.a(sysctl.o)
                0x00006ac0                SysCtlIntDisable
 .text.SysCtlIntClear
                0x00006ad0        0xc C:/ti/TivaWare_C_Series-2.2.0.295/driverlib/gcc/libdriver.a(sysctl.o)
                0x00006ad0                SysCtlIntClear
 .text.SysCtlIntStatus
                0x00006adc       0x14 C:/ti/TivaWare_C_Series-2.2.0.295/driverlib/gcc/libdriver.a(sysctl.o)
                0x00006adc                SysCtlIntStatus
 .text.SysCtlLDOSleepSet
                0x00006af0        0xc C:/ti/TivaWare_C_Series-2.2.0.295/driverlib/gcc/libdriver.a(sysctl.o)
                0x00006af0                SysCtlLDOSleepSet
 .text.SysCtlLDOSleepGet
                0x00006afc        0xc C:/ti/TivaWare_C_Series-2.2.0.295/driverlib/gcc/libdriver.a(sysctl.o)
                0x00006afc                SysCtlLDOSleepGet
 .text.SysCtlLDODeepSleepSet
                0x00006b08        0xc C:/ti/TivaWare_C_Series-2.2.0.295/driverlib/gcc/libdriver.a(sysctl.o)
                0x00006b08                SysCtlLDODeepSleepSet
 .text.SysCtlLDODeepSleepGet
                0x00006b14        0xc C:/ti/TivaWare_C_Series-2.2.0.295/driverlib/gcc/libdriver.a(sysctl.o)
                0x00006b14                SysCtlLDODeepSleepGet
 .text.SysCtlSleepPowerSet
                0x00006b20        0xc C:/ti/TivaWare_C_Series-2.2.0.295/driverlib/gcc/libdriver.a(sysctl.o)
                0x00006b20                SysCtlSleepPowerSet
 .text.SysCtlDeepSleepPowerSet
                0x00006b2c        0xc C:/ti/TivaWare_C_Series-2.2.0.295/driverlib/gcc/libdriver.a(sysctl.o)
                0x00006b2c                SysCtlDeepSleepPowerSet
 .text.SysCtlReset
                0x00006b38       0x10 C:/ti/TivaWare_C_Series-2.2.0.295/driverlib/gcc/libdriver.a(sysctl.o)
                0x00006b38                SysCtlReset
 .text.SysCtlSleep
                0x00006b48        0x4 C:/ti/TivaWare_C_Series-2.2.0.295/driverlib/gcc/libdriver.a(sysctl.o)
                0x00006b48                SysCtlSleep
 .text.SysCtlDeepSleep
                0x00006b4c       0x20 C:/ti/TivaWare_C_Series-2.2.0.295/driverlib/gcc/libdriver.a(sysctl.o)
                0x00006b4c                SysCtlDeepSleep
 .text.SysCtlResetCauseGet
                0x00006b6c        0xc C:/ti/TivaWare_C_Series-2.2.0.295/driverlib/gcc/libdriver.a(sysctl.o)
                0x00006b6c                SysCtlResetCauseGet
 .text.SysCtlResetCauseClear
                0x00006b78       0x10 C:/ti/TivaWare_C_Series-2.2.0.295/driverlib/gcc/libdriver.a(sysctl.o)
                0x00006b78                SysCtlResetCauseClear
 .text.SysCtlDelay
                0x00006b88        0x8 C:/ti/TivaWare_C_Series-2.2.0.295/driverlib/gcc/libdriver.a(sysctl.o)
                0x00006b88                SysCtlDelay
 .text.SysCtlMOSCConfigSet
                0x00006b90        0xc C:/ti/TivaWare_C_Series-2.2.0.295/driverlib/gcc/libdriver.a(sysctl.o)
                0x00006b90                SysCtlMOSCConfigSet
 .text.SysCtlPIOSCCalibrate
                0x00006b9c       0x48 C:/ti/TivaWare_C_Series-2.2.0.295/driverlib/gcc/libdriver.a(sysctl.o)
                0x00006b9c                SysCtlPIOSCCalibrate
 .text.SysCtlResetBehaviorSet
                0x00006be4        0xc C:/ti/TivaWare_C_Series-2.2.0.295/driverlib/gcc/libdriver.a(sysctl.o)
                0x00006be4                SysCtlResetBehaviorSet
 .text.SysCtlResetBehaviorGet
                0x00006bf0        0xc C:/ti/TivaWare_C_Series-2.2.0.295/driverlib/gcc/libdriver.a(sysctl.o)
                0x00006bf0                SysCtlResetBehaviorGet
 .text.SysCtlClockFreqSet
                0x00006bfc      0x248 C:/ti/TivaWare_C_Series-2.2.0.295/driverlib/gcc/libdriver.a(sysctl.o)
                0x00006bfc                SysCtlClockFreqSet
 .text.SysCtlClockSet
                0x00006e44      0x11c C:/ti/TivaWare_C_Series-2.2.0.295/driverlib/gcc/libdriver.a(sysctl.o)
                0x00006e44                SysCtlClockSet
 .text.SysCtlClockGet
                0x00006f60      0x12c C:/ti/TivaWare_C_Series-2.2.0.295/driverlib/gcc/libdriver.a(sysctl.o)
                0x00006f60                SysCtlClockGet
 .text.SysCtlDeepSleepClockSet
                0x0000708c        0xc C:/ti/TivaWare_C_Series-2.2.0.295/driverlib/gcc/libdriver.a(sysctl.o)
                0x0000708c                SysCtlDeepSleepClockSet
 .text.SysCtlDeepSleepClockConfigSet
                0x00007098       0x60 C:/ti/TivaWare_C_Series-2.2.0.295/driverlib/gcc/libdriver.a(sysctl.o)
                0x00007098                SysCtlDeepSleepClockConfigSet
 .text.SysCtlPWMClockSet
                0x000070f8       0x14 C:/ti/TivaWare_C_Series-2.2.0.295/driverlib/gcc/libdriver.a(sysctl.o)
                0x000070f8                SysCtlPWMClockSet
 .text.SysCtlPWMClockGet
                0x0000710c       0x18 C:/ti/TivaWare_C_Series-2.2.0.295/driverlib/gcc/libdriver.a(sysctl.o)
                0x0000710c                SysCtlPWMClockGet
 .text.SysCtlGPIOAHBEnable
                0x00007124       0x18 C:/ti/TivaWare_C_Series-2.2.0.295/driverlib/gcc/libdriver.a(sysctl.o)
                0x00007124                SysCtlGPIOAHBEnable
 .text.SysCtlGPIOAHBDisable
                0x0000713c       0x1c C:/ti/TivaWare_C_Series-2.2.0.295/driverlib/gcc/libdriver.a(sysctl.o)
                0x0000713c                SysCtlGPIOAHBDisable
 .text.SysCtlUSBPLLEnable
                0x00007158       0x10 C:/ti/TivaWare_C_Series-2.2.0.295/driverlib/gcc/libdriver.a(sysctl.o)
                0x00007158                SysCtlUSBPLLEnable
 .text.SysCtlUSBPLLDisable
                0x00007168       0x10 C:/ti/TivaWare_C_Series-2.2.0.295/driverlib/gcc/libdriver.a(sysctl.o)
                0x00007168                SysCtlUSBPLLDisable
 .text.SysCtlVoltageEventConfig
                0x00007178        0xc C:/ti/TivaWare_C_Series-2.2.0.295/driverlib/gcc/libdriver.a(sysctl.o)
                0x00007178                SysCtlVoltageEventConfig
 .text.SysCtlVoltageEventStatus
                0x00007184        0xc C:/ti/TivaWare_C_Series-2.2.0.295/driverlib/gcc/libdriver.a(sysctl.o)
                0x00007184                SysCtlVoltageEventStatus
 .text.SysCtlVoltageEventClear
                0x00007190       0x10 C:/ti/TivaWare_C_Series-2.2.0.295/driverlib/gcc/libdriver.a(sysctl.o)
                0x00007190                SysCtlVoltageEventClear
 .text.SysCtlVCOGet
                0x000071a0       0x78 C:/ti/TivaWare_C_Series-2.2.0.295/driverlib/gcc/libdriver.a(sysctl.o)
                0x000071a0                SysCtlVCOGet
 .text.SysCtlNMIStatus
                0x00007218        0xc C:/ti/TivaWare_C_Series-2.2.0.295/driverlib/gcc/libdriver.a(sysctl.o)
                0x00007218                SysCtlNMIStatus
 .text.SysCtlNMIClear
                0x00007224       0x10 C:/ti/TivaWare_C_Series-2.2.0.295/driverlib/gcc/libdriver.a(sysctl.o)
                0x00007224                SysCtlNMIClear
 .text.SysCtlClockOutConfig
                0x00007234       0x10 C:/ti/TivaWare_C_Series-2.2.0.295/driverlib/gcc/libdriver.a(sysctl.o)
                0x00007234                SysCtlClockOutConfig
 .text.SysCtlAltClkConfig
                0x00007244        0xc C:/ti/TivaWare_C_Series-2.2.0.295/driverlib/gcc/libdriver.a(sysctl.o)
                0x00007244                SysCtlAltClkConfig
 .text._UARTIntNumberGet
                0x00007250       0x44 C:/ti/TivaWare_C_Series-2.2.0.295/driverlib/gcc/libdriver.a(uart.o)
 .text.UARTParityModeSet
                0x00007294        0xc C:/ti/TivaWare_C_Series-2.2.0.295/driverlib/gcc/libdriver.a(uart.o)
                0x00007294                UARTParityModeSet
 .text.UARTParityModeGet
                0x000072a0        0x8 C:/ti/TivaWare_C_Series-2.2.0.295/driverlib/gcc/libdriver.a(uart.o)
                0x000072a0                UARTParityModeGet
 .text.UARTFIFOLevelSet
                0x000072a8        0x6 C:/ti/TivaWare_C_Series-2.2.0.295/driverlib/gcc/libdriver.a(uart.o)
                0x000072a8                UARTFIFOLevelSet
 .text.UARTFIFOLevelGet
                0x000072ae       0x10 C:/ti/TivaWare_C_Series-2.2.0.295/driverlib/gcc/libdriver.a(uart.o)
                0x000072ae                UARTFIFOLevelGet
 .text.UARTConfigGetExpClk
                0x000072be       0x28 C:/ti/TivaWare_C_Series-2.2.0.295/driverlib/gcc/libdriver.a(uart.o)
                0x000072be                UARTConfigGetExpClk
 .text.UARTEnable
                0x000072e6       0x16 C:/ti/TivaWare_C_Series-2.2.0.295/driverlib/gcc/libdriver.a(uart.o)
                0x000072e6                UARTEnable
 .text.UARTDisable
                0x000072fc       0x1c C:/ti/TivaWare_C_Series-2.2.0.295/driverlib/gcc/libdriver.a(uart.o)
                0x000072fc                UARTDisable
 .text.UARTConfigSetExpClk
                0x00007318       0x48 C:/ti/TivaWare_C_Series-2.2.0.295/driverlib/gcc/libdriver.a(uart.o)
                0x00007318                UARTConfigSetExpClk
 .text.UARTFIFOEnable
                0x00007360        0xa C:/ti/TivaWare_C_Series-2.2.0.295/driverlib/gcc/libdriver.a(uart.o)
                0x00007360                UARTFIFOEnable
 .text.UARTFIFODisable
                0x0000736a        0xa C:/ti/TivaWare_C_Series-2.2.0.295/driverlib/gcc/libdriver.a(uart.o)
                0x0000736a                UARTFIFODisable
 .text.UARTEnableSIR
                0x00007374       0x12 C:/ti/TivaWare_C_Series-2.2.0.295/driverlib/gcc/libdriver.a(uart.o)
                0x00007374                UARTEnableSIR
 .text.UARTDisableSIR
                0x00007386        0xa C:/ti/TivaWare_C_Series-2.2.0.295/driverlib/gcc/libdriver.a(uart.o)
                0x00007386                UARTDisableSIR
 .text.UARTSmartCardEnable
                0x00007390       0x16 C:/ti/TivaWare_C_Series-2.2.0.295/driverlib/gcc/libdriver.a(uart.o)
                0x00007390                UARTSmartCardEnable
 .text.UARTSmartCardDisable
                0x000073a6        0xa C:/ti/TivaWare_C_Series-2.2.0.295/driverlib/gcc/libdriver.a(uart.o)
                0x000073a6                UARTSmartCardDisable
 .text.UARTModemControlSet
                0x000073b0        0xc C:/ti/TivaWare_C_Series-2.2.0.295/driverlib/gcc/libdriver.a(uart.o)
                0x000073b0                UARTModemControlSet
 .text.UARTModemControlClear
                0x000073bc        0xe C:/ti/TivaWare_C_Series-2.2.0.295/driverlib/gcc/libdriver.a(uart.o)
                0x000073bc                UARTModemControlClear
 .text.UARTModemControlGet
                0x000073ca        0x8 C:/ti/TivaWare_C_Series-2.2.0.295/driverlib/gcc/libdriver.a(uart.o)
                0x000073ca                UARTModemControlGet
 .text.UARTModemStatusGet
                0x000073d2        0xa C:/ti/TivaWare_C_Series-2.2.0.295/driverlib/gcc/libdriver.a(uart.o)
                0x000073d2                UARTModemStatusGet
 .text.UARTFlowControlSet
                0x000073dc        0xc C:/ti/TivaWare_C_Series-2.2.0.295/driverlib/gcc/libdriver.a(uart.o)
                0x000073dc                UARTFlowControlSet
 .text.UARTFlowControlGet
                0x000073e8        0x8 C:/ti/TivaWare_C_Series-2.2.0.295/driverlib/gcc/libdriver.a(uart.o)
                0x000073e8                UARTFlowControlGet
 .text.UARTTxIntModeSet
                0x000073f0        0xc C:/ti/TivaWare_C_Series-2.2.0.295/driverlib/gcc/libdriver.a(uart.o)
                0x000073f0                UARTTxIntModeSet
 .text.UARTTxIntModeGet
                0x000073fc        0x8 C:/ti/TivaWare_C_Series-2.2.0.295/driverlib/gcc/libdriver.a(uart.o)
                0x000073fc                UARTTxIntModeGet
 .text.UARTCharsAvail
                0x00007404        0xc C:/ti/TivaWare_C_Series-2.2.0.295/driverlib/gcc/libdriver.a(uart.o)
                0x00007404                UARTCharsAvail
 .text.UARTSpaceAvail
                0x00007410        0xc C:/ti/TivaWare_C_Series-2.2.0.295/driverlib/gcc/libdriver.a(uart.o)
                0x00007410                UARTSpaceAvail
 .text.UARTCharGetNonBlocking
                0x0000741c        0xe C:/ti/TivaWare_C_Series-2.2.0.295/driverlib/gcc/libdriver.a(uart.o)
                0x0000741c                UARTCharGetNonBlocking
 .text.UARTCharGet
                0x0000742a        0xa C:/ti/TivaWare_C_Series-2.2.0.295/driverlib/gcc/libdriver.a(uart.o)
                0x0000742a                UARTCharGet
 .text.UARTCharPutNonBlocking
                0x00007434       0x10 C:/ti/TivaWare_C_Series-2.2.0.295/driverlib/gcc/libdriver.a(uart.o)
                0x00007434                UARTCharPutNonBlocking
 .text.UARTCharPut
                0x00007444        0xa C:/ti/TivaWare_C_Series-2.2.0.295/driverlib/gcc/libdriver.a(uart.o)
                0x00007444                UARTCharPut
 .text.UARTBreakCtl
                0x0000744e       0x16 C:/ti/TivaWare_C_Series-2.2.0.295/driverlib/gcc/libdriver.a(uart.o)
                0x0000744e                UARTBreakCtl
 .text.UARTBusy
                0x00007464        0x8 C:/ti/TivaWare_C_Series-2.2.0.295/driverlib/gcc/libdriver.a(uart.o)
                0x00007464                UARTBusy
 .text.UARTIntRegister
                0x0000746c       0x1a C:/ti/TivaWare_C_Series-2.2.0.295/driverlib/gcc/libdriver.a(uart.o)
                0x0000746c                UARTIntRegister
 .text.UARTIntUnregister
                0x00007486       0x16 C:/ti/TivaWare_C_Series-2.2.0.295/driverlib/gcc/libdriver.a(uart.o)
                0x00007486                UARTIntUnregister
 .text.UARTIntEnable
                0x0000749c        0x8 C:/ti/TivaWare_C_Series-2.2.0.295/driverlib/gcc/libdriver.a(uart.o)
                0x0000749c                UARTIntEnable
 .text.UARTIntDisable
                0x000074a4        0xa C:/ti/TivaWare_C_Series-2.2.0.295/driverlib/gcc/libdriver.a(uart.o)
                0x000074a4                UARTIntDisable
 .text.UARTIntStatus
                0x000074ae        0xa C:/ti/TivaWare_C_Series-2.2.0.295/driverlib/gcc/libdriver.a(uart.o)
                0x000074ae                UARTIntStatus
 .text.UARTIntClear
                0x000074b8        0x4 C:/ti/TivaWare_C_Series-2.2.0.295/driverlib/gcc/libdriver.a(uart.o)
                0x000074b8                UARTIntClear
 .text.UARTDMAEnable
                0x000074bc        0x8 C:/ti/TivaWare_C_Series-2.2.0.295/driverlib/gcc/libdriver.a(uart.o)
                0x000074bc                UARTDMAEnable
 .text.UARTDMADisable
                0x000074c4        0xa C:/ti/TivaWare_C_Series-2.2.0.295/driverlib/gcc/libdriver.a(uart.o)
                0x000074c4                UARTDMADisable
 .text.UARTRxErrorGet
                0x000074ce        0x8 C:/ti/TivaWare_C_Series-2.2.0.295/driverlib/gcc/libdriver.a(uart.o)
                0x000074ce                UARTRxErrorGet
 .text.UARTRxErrorClear
                0x000074d6        0x6 C:/ti/TivaWare_C_Series-2.2.0.295/driverlib/gcc/libdriver.a(uart.o)
                0x000074d6                UARTRxErrorClear
 .text.UARTClockSourceSet
                0x000074dc        0x6 C:/ti/TivaWare_C_Series-2.2.0.295/driverlib/gcc/libdriver.a(uart.o)
                0x000074dc                UARTClockSourceSet
 .text.UARTClockSourceGet
                0x000074e2        0x6 C:/ti/TivaWare_C_Series-2.2.0.295/driverlib/gcc/libdriver.a(uart.o)
                0x000074e2                UARTClockSourceGet
 .text.UART9BitEnable
                0x000074e8        0xe C:/ti/TivaWare_C_Series-2.2.0.295/driverlib/gcc/libdriver.a(uart.o)
                0x000074e8                UART9BitEnable
 .text.UART9BitDisable
                0x000074f6        0xe C:/ti/TivaWare_C_Series-2.2.0.295/driverlib/gcc/libdriver.a(uart.o)
                0x000074f6                UART9BitDisable
 .text.UART9BitAddrSet
                0x00007504        0xa C:/ti/TivaWare_C_Series-2.2.0.295/driverlib/gcc/libdriver.a(uart.o)
                0x00007504                UART9BitAddrSet
 .text.UART9BitAddrSend
                0x0000750e       0x2c C:/ti/TivaWare_C_Series-2.2.0.295/driverlib/gcc/libdriver.a(uart.o)
                0x0000750e                UART9BitAddrSend
 .text.UARTLoopbackEnable
                0x0000753a        0xa C:/ti/TivaWare_C_Series-2.2.0.295/driverlib/gcc/libdriver.a(uart.o)
                0x0000753a                UARTLoopbackEnable
 .text.CPUcpsid
                0x00007544        0x8 C:/ti/TivaWare_C_Series-2.2.0.295/driverlib/gcc/libdriver.a(cpu.o)
                0x00007544                CPUcpsid
 .text.CPUprimask
                0x0000754c        0x6 C:/ti/TivaWare_C_Series-2.2.0.295/driverlib/gcc/libdriver.a(cpu.o)
                0x0000754c                CPUprimask
 .text.CPUcpsie
                0x00007552        0x8 C:/ti/TivaWare_C_Series-2.2.0.295/driverlib/gcc/libdriver.a(cpu.o)
                0x00007552                CPUcpsie
 .text.CPUwfi   0x0000755a        0x4 C:/ti/TivaWare_C_Series-2.2.0.295/driverlib/gcc/libdriver.a(cpu.o)
                0x0000755a                CPUwfi
 .text.CPUbasepriSet
                0x0000755e        0x6 C:/ti/TivaWare_C_Series-2.2.0.295/driverlib/gcc/libdriver.a(cpu.o)
                0x0000755e                CPUbasepriSet
 .text.CPUbasepriGet
                0x00007564        0x6 C:/ti/TivaWare_C_Series-2.2.0.295/driverlib/gcc/libdriver.a(cpu.o)
                0x00007564                CPUbasepriGet
 *fill*         0x0000756a        0x2 
 .text.exit     0x0000756c       0x20 c:/ti/ccs1011/ccs/tools/compiler/gcc-arm-none-eabi-7-2017-q4-major-win32/bin/../lib/gcc/arm-none-eabi/7.2.1/../../../../arm-none-eabi/lib/thumb/v7e-m/fpv4-sp/hard\libg.a(lib_a-exit.o)
                0x0000756c                exit
 .text.__libc_init_array
                0x0000758c       0x48 c:/ti/ccs1011/ccs/tools/compiler/gcc-arm-none-eabi-7-2017-q4-major-win32/bin/../lib/gcc/arm-none-eabi/7.2.1/../../../../arm-none-eabi/lib/thumb/v7e-m/fpv4-sp/hard\libg.a(lib_a-init.o)
                0x0000758c                __libc_init_array
 .text.memset   0x000075d4       0x94 c:/ti/ccs1011/ccs/tools/compiler/gcc-arm-none-eabi-7-2017-q4-major-win32/bin/../lib/gcc/arm-none-eabi/7.2.1/../../../../arm-none-eabi/lib/thumb/v7e-m/fpv4-sp/hard\libg.a(lib_a-memset.o)
                0x000075d4                memset
 .text._sprintf_r
                0x00007668       0x3c c:/ti/ccs1011/ccs/tools/compiler/gcc-arm-none-eabi-7-2017-q4-major-win32/bin/../lib/gcc/arm-none-eabi/7.2.1/../../../../arm-none-eabi/lib/thumb/v7e-m/fpv4-sp/hard\libg.a(lib_a-sprintf.o)
                0x00007668                _sprintf_r
 .text.sprintf  0x000076a4       0x44 c:/ti/ccs1011/ccs/tools/compiler/gcc-arm-none-eabi-7-2017-q4-major-win32/bin/../lib/gcc/arm-none-eabi/7.2.1/../../../../arm-none-eabi/lib/thumb/v7e-m/fpv4-sp/hard\libg.a(lib_a-sprintf.o)
                0x000076a4                sprintf
 .text.strcpy   0x000076e8       0xbc c:/ti/ccs1011/ccs/tools/compiler/gcc-arm-none-eabi-7-2017-q4-major-win32/bin/../lib/gcc/arm-none-eabi/7.2.1/../../../../arm-none-eabi/lib/thumb/v7e-m/fpv4-sp/hard\libg.a(lib_a-strcpy.o)
                0x000076e8                strcpy
 .text.strncmp  0x000077a4       0x98 c:/ti/ccs1011/ccs/tools/compiler/gcc-arm-none-eabi-7-2017-q4-major-win32/bin/../lib/gcc/arm-none-eabi/7.2.1/../../../../arm-none-eabi/lib/thumb/v7e-m/fpv4-sp/hard\libg.a(lib_a-strncmp.o)
                0x000077a4                strncmp
 .text.strncpy  0x0000783c       0x64 c:/ti/ccs1011/ccs/tools/compiler/gcc-arm-none-eabi-7-2017-q4-major-win32/bin/../lib/gcc/arm-none-eabi/7.2.1/../../../../arm-none-eabi/lib/thumb/v7e-m/fpv4-sp/hard\libg.a(lib_a-strncpy.o)
                0x0000783c                strncpy
 .text._svfprintf_r
                0x000078a0     0x144c c:/ti/ccs1011/ccs/tools/compiler/gcc-arm-none-eabi-7-2017-q4-major-win32/bin/../lib/gcc/arm-none-eabi/7.2.1/../../../../arm-none-eabi/lib/thumb/v7e-m/fpv4-sp/hard\libg.a(lib_a-svfprintf.o)
                0x000078a0                _svfprintf_r
 .text.startup.register_fini
                0x00008cec       0x14 c:/ti/ccs1011/ccs/tools/compiler/gcc-arm-none-eabi-7-2017-q4-major-win32/bin/../lib/gcc/arm-none-eabi/7.2.1/../../../../arm-none-eabi/lib/thumb/v7e-m/fpv4-sp/hard\libg.a(lib_a-__call_atexit.o)
 .text.__call_exitprocs
                0x00008d00       0xe8 c:/ti/ccs1011/ccs/tools/compiler/gcc-arm-none-eabi-7-2017-q4-major-win32/bin/../lib/gcc/arm-none-eabi/7.2.1/../../../../arm-none-eabi/lib/thumb/v7e-m/fpv4-sp/hard\libg.a(lib_a-__call_atexit.o)
                0x00008d00                __call_exitprocs
 .text.atexit   0x00008de8        0xc c:/ti/ccs1011/ccs/tools/compiler/gcc-arm-none-eabi-7-2017-q4-major-win32/bin/../lib/gcc/arm-none-eabi/7.2.1/../../../../arm-none-eabi/lib/thumb/v7e-m/fpv4-sp/hard\libg.a(lib_a-atexit.o)
                0x00008de8                atexit
 .text.quorem   0x00008df4      0x124 c:/ti/ccs1011/ccs/tools/compiler/gcc-arm-none-eabi-7-2017-q4-major-win32/bin/../lib/gcc/arm-none-eabi/7.2.1/../../../../arm-none-eabi/lib/thumb/v7e-m/fpv4-sp/hard\libg.a(lib_a-dtoa.o)
 .text._dtoa_r  0x00008f18      0xe28 c:/ti/ccs1011/ccs/tools/compiler/gcc-arm-none-eabi-7-2017-q4-major-win32/bin/../lib/gcc/arm-none-eabi/7.2.1/../../../../arm-none-eabi/lib/thumb/v7e-m/fpv4-sp/hard\libg.a(lib_a-dtoa.o)
                0x00008f18                _dtoa_r
 .text.__libc_fini_array
                0x00009d40       0x34 c:/ti/ccs1011/ccs/tools/compiler/gcc-arm-none-eabi-7-2017-q4-major-win32/bin/../lib/gcc/arm-none-eabi/7.2.1/../../../../arm-none-eabi/lib/thumb/v7e-m/fpv4-sp/hard\libg.a(lib_a-fini.o)
                0x00009d40                __libc_fini_array
 .text.__localeconv_l
                0x00009d74        0x4 c:/ti/ccs1011/ccs/tools/compiler/gcc-arm-none-eabi-7-2017-q4-major-win32/bin/../lib/gcc/arm-none-eabi/7.2.1/../../../../arm-none-eabi/lib/thumb/v7e-m/fpv4-sp/hard\libg.a(lib_a-localeconv.o)
                0x00009d74                __localeconv_l
 .text._localeconv_r
                0x00009d78       0x1c c:/ti/ccs1011/ccs/tools/compiler/gcc-arm-none-eabi-7-2017-q4-major-win32/bin/../lib/gcc/arm-none-eabi/7.2.1/../../../../arm-none-eabi/lib/thumb/v7e-m/fpv4-sp/hard\libg.a(lib_a-localeconv.o)
                0x00009d78                _localeconv_r
 .text.localeconv
                0x00009d94       0x1c c:/ti/ccs1011/ccs/tools/compiler/gcc-arm-none-eabi-7-2017-q4-major-win32/bin/../lib/gcc/arm-none-eabi/7.2.1/../../../../arm-none-eabi/lib/thumb/v7e-m/fpv4-sp/hard\libg.a(lib_a-localeconv.o)
                0x00009d94                localeconv
 .text.__retarget_lock_init
                0x00009db0        0x4 c:/ti/ccs1011/ccs/tools/compiler/gcc-arm-none-eabi-7-2017-q4-major-win32/bin/../lib/gcc/arm-none-eabi/7.2.1/../../../../arm-none-eabi/lib/thumb/v7e-m/fpv4-sp/hard\libg.a(lib_a-lock.o)
                0x00009db0                __retarget_lock_init
 .text.__retarget_lock_init_recursive
                0x00009db4        0x4 c:/ti/ccs1011/ccs/tools/compiler/gcc-arm-none-eabi-7-2017-q4-major-win32/bin/../lib/gcc/arm-none-eabi/7.2.1/../../../../arm-none-eabi/lib/thumb/v7e-m/fpv4-sp/hard\libg.a(lib_a-lock.o)
                0x00009db4                __retarget_lock_init_recursive
 .text.__retarget_lock_close
                0x00009db8        0x4 c:/ti/ccs1011/ccs/tools/compiler/gcc-arm-none-eabi-7-2017-q4-major-win32/bin/../lib/gcc/arm-none-eabi/7.2.1/../../../../arm-none-eabi/lib/thumb/v7e-m/fpv4-sp/hard\libg.a(lib_a-lock.o)
                0x00009db8                __retarget_lock_close
 .text.__retarget_lock_close_recursive
                0x00009dbc        0x4 c:/ti/ccs1011/ccs/tools/compiler/gcc-arm-none-eabi-7-2017-q4-major-win32/bin/../lib/gcc/arm-none-eabi/7.2.1/../../../../arm-none-eabi/lib/thumb/v7e-m/fpv4-sp/hard\libg.a(lib_a-lock.o)
                0x00009dbc                __retarget_lock_close_recursive
 .text.__retarget_lock_acquire
                0x00009dc0        0x4 c:/ti/ccs1011/ccs/tools/compiler/gcc-arm-none-eabi-7-2017-q4-major-win32/bin/../lib/gcc/arm-none-eabi/7.2.1/../../../../arm-none-eabi/lib/thumb/v7e-m/fpv4-sp/hard\libg.a(lib_a-lock.o)
                0x00009dc0                __retarget_lock_acquire
 .text.__retarget_lock_acquire_recursive
                0x00009dc4        0x4 c:/ti/ccs1011/ccs/tools/compiler/gcc-arm-none-eabi-7-2017-q4-major-win32/bin/../lib/gcc/arm-none-eabi/7.2.1/../../../../arm-none-eabi/lib/thumb/v7e-m/fpv4-sp/hard\libg.a(lib_a-lock.o)
                0x00009dc4                __retarget_lock_acquire_recursive
 .text.__retarget_lock_try_acquire
                0x00009dc8        0x4 c:/ti/ccs1011/ccs/tools/compiler/gcc-arm-none-eabi-7-2017-q4-major-win32/bin/../lib/gcc/arm-none-eabi/7.2.1/../../../../arm-none-eabi/lib/thumb/v7e-m/fpv4-sp/hard\libg.a(lib_a-lock.o)
                0x00009dc8                __retarget_lock_try_acquire
 .text.__retarget_lock_try_acquire_recursive
                0x00009dcc        0x4 c:/ti/ccs1011/ccs/tools/compiler/gcc-arm-none-eabi-7-2017-q4-major-win32/bin/../lib/gcc/arm-none-eabi/7.2.1/../../../../arm-none-eabi/lib/thumb/v7e-m/fpv4-sp/hard\libg.a(lib_a-lock.o)
                0x00009dcc                __retarget_lock_try_acquire_recursive
 .text.__retarget_lock_release
                0x00009dd0        0x4 c:/ti/ccs1011/ccs/tools/compiler/gcc-arm-none-eabi-7-2017-q4-major-win32/bin/../lib/gcc/arm-none-eabi/7.2.1/../../../../arm-none-eabi/lib/thumb/v7e-m/fpv4-sp/hard\libg.a(lib_a-lock.o)
                0x00009dd0                __retarget_lock_release
 .text.__retarget_lock_release_recursive
                0x00009dd4        0x4 c:/ti/ccs1011/ccs/tools/compiler/gcc-arm-none-eabi-7-2017-q4-major-win32/bin/../lib/gcc/arm-none-eabi/7.2.1/../../../../arm-none-eabi/lib/thumb/v7e-m/fpv4-sp/hard\libg.a(lib_a-lock.o)
                0x00009dd4                __retarget_lock_release_recursive
 .text._malloc_r
                0x00009dd8      0x548 c:/ti/ccs1011/ccs/tools/compiler/gcc-arm-none-eabi-7-2017-q4-major-win32/bin/../lib/gcc/arm-none-eabi/7.2.1/../../../../arm-none-eabi/lib/thumb/v7e-m/fpv4-sp/hard\libg.a(lib_a-mallocr.o)
                0x00009dd8                _malloc_r
 .text.__malloc_lock
                0x0000a320        0xc c:/ti/ccs1011/ccs/tools/compiler/gcc-arm-none-eabi-7-2017-q4-major-win32/bin/../lib/gcc/arm-none-eabi/7.2.1/../../../../arm-none-eabi/lib/thumb/v7e-m/fpv4-sp/hard\libg.a(lib_a-mlock.o)
                0x0000a320                __malloc_lock
 .text.__malloc_unlock
                0x0000a32c        0xc c:/ti/ccs1011/ccs/tools/compiler/gcc-arm-none-eabi-7-2017-q4-major-win32/bin/../lib/gcc/arm-none-eabi/7.2.1/../../../../arm-none-eabi/lib/thumb/v7e-m/fpv4-sp/hard\libg.a(lib_a-mlock.o)
                0x0000a32c                __malloc_unlock
 .text._Balloc  0x0000a338       0x4c c:/ti/ccs1011/ccs/tools/compiler/gcc-arm-none-eabi-7-2017-q4-major-win32/bin/../lib/gcc/arm-none-eabi/7.2.1/../../../../arm-none-eabi/lib/thumb/v7e-m/fpv4-sp/hard\libg.a(lib_a-mprec.o)
                0x0000a338                _Balloc
 .text._Bfree   0x0000a384       0x14 c:/ti/ccs1011/ccs/tools/compiler/gcc-arm-none-eabi-7-2017-q4-major-win32/bin/../lib/gcc/arm-none-eabi/7.2.1/../../../../arm-none-eabi/lib/thumb/v7e-m/fpv4-sp/hard\libg.a(lib_a-mprec.o)
                0x0000a384                _Bfree
 .text.__multadd
                0x0000a398       0x80 c:/ti/ccs1011/ccs/tools/compiler/gcc-arm-none-eabi-7-2017-q4-major-win32/bin/../lib/gcc/arm-none-eabi/7.2.1/../../../../arm-none-eabi/lib/thumb/v7e-m/fpv4-sp/hard\libg.a(lib_a-mprec.o)
                0x0000a398                __multadd
 .text.__s2b    0x0000a418       0x98 c:/ti/ccs1011/ccs/tools/compiler/gcc-arm-none-eabi-7-2017-q4-major-win32/bin/../lib/gcc/arm-none-eabi/7.2.1/../../../../arm-none-eabi/lib/thumb/v7e-m/fpv4-sp/hard\libg.a(lib_a-mprec.o)
                0x0000a418                __s2b
 .text.__hi0bits
                0x0000a4b0       0x40 c:/ti/ccs1011/ccs/tools/compiler/gcc-arm-none-eabi-7-2017-q4-major-win32/bin/../lib/gcc/arm-none-eabi/7.2.1/../../../../arm-none-eabi/lib/thumb/v7e-m/fpv4-sp/hard\libg.a(lib_a-mprec.o)
                0x0000a4b0                __hi0bits
 .text.__lo0bits
                0x0000a4f0       0x60 c:/ti/ccs1011/ccs/tools/compiler/gcc-arm-none-eabi-7-2017-q4-major-win32/bin/../lib/gcc/arm-none-eabi/7.2.1/../../../../arm-none-eabi/lib/thumb/v7e-m/fpv4-sp/hard\libg.a(lib_a-mprec.o)
                0x0000a4f0                __lo0bits
 .text.__i2b    0x0000a550       0x14 c:/ti/ccs1011/ccs/tools/compiler/gcc-arm-none-eabi-7-2017-q4-major-win32/bin/../lib/gcc/arm-none-eabi/7.2.1/../../../../arm-none-eabi/lib/thumb/v7e-m/fpv4-sp/hard\libg.a(lib_a-mprec.o)
                0x0000a550                __i2b
 .text.__multiply
                0x0000a564      0x14c c:/ti/ccs1011/ccs/tools/compiler/gcc-arm-none-eabi-7-2017-q4-major-win32/bin/../lib/gcc/arm-none-eabi/7.2.1/../../../../arm-none-eabi/lib/thumb/v7e-m/fpv4-sp/hard\libg.a(lib_a-mprec.o)
                0x0000a564                __multiply
 .text.__pow5mult
                0x0000a6b0       0xa0 c:/ti/ccs1011/ccs/tools/compiler/gcc-arm-none-eabi-7-2017-q4-major-win32/bin/../lib/gcc/arm-none-eabi/7.2.1/../../../../arm-none-eabi/lib/thumb/v7e-m/fpv4-sp/hard\libg.a(lib_a-mprec.o)
                0x0000a6b0                __pow5mult
 .text.__lshift
                0x0000a750       0xac c:/ti/ccs1011/ccs/tools/compiler/gcc-arm-none-eabi-7-2017-q4-major-win32/bin/../lib/gcc/arm-none-eabi/7.2.1/../../../../arm-none-eabi/lib/thumb/v7e-m/fpv4-sp/hard\libg.a(lib_a-mprec.o)
                0x0000a750                __lshift
 .text.__mcmp   0x0000a7fc       0x38 c:/ti/ccs1011/ccs/tools/compiler/gcc-arm-none-eabi-7-2017-q4-major-win32/bin/../lib/gcc/arm-none-eabi/7.2.1/../../../../arm-none-eabi/lib/thumb/v7e-m/fpv4-sp/hard\libg.a(lib_a-mprec.o)
                0x0000a7fc                __mcmp
 .text.__mdiff  0x0000a834       0xec c:/ti/ccs1011/ccs/tools/compiler/gcc-arm-none-eabi-7-2017-q4-major-win32/bin/../lib/gcc/arm-none-eabi/7.2.1/../../../../arm-none-eabi/lib/thumb/v7e-m/fpv4-sp/hard\libg.a(lib_a-mprec.o)
                0x0000a834                __mdiff
 .text.__ulp    0x0000a920       0x54 c:/ti/ccs1011/ccs/tools/compiler/gcc-arm-none-eabi-7-2017-q4-major-win32/bin/../lib/gcc/arm-none-eabi/7.2.1/../../../../arm-none-eabi/lib/thumb/v7e-m/fpv4-sp/hard\libg.a(lib_a-mprec.o)
                0x0000a920                __ulp
 .text.__b2d    0x0000a974       0xbc c:/ti/ccs1011/ccs/tools/compiler/gcc-arm-none-eabi-7-2017-q4-major-win32/bin/../lib/gcc/arm-none-eabi/7.2.1/../../../../arm-none-eabi/lib/thumb/v7e-m/fpv4-sp/hard\libg.a(lib_a-mprec.o)
                0x0000a974                __b2d
 .text.__d2b    0x0000aa30       0xc4 c:/ti/ccs1011/ccs/tools/compiler/gcc-arm-none-eabi-7-2017-q4-major-win32/bin/../lib/gcc/arm-none-eabi/7.2.1/../../../../arm-none-eabi/lib/thumb/v7e-m/fpv4-sp/hard\libg.a(lib_a-mprec.o)
                0x0000aa30                __d2b
 .text.__ratio  0x0000aaf4       0x60 c:/ti/ccs1011/ccs/tools/compiler/gcc-arm-none-eabi-7-2017-q4-major-win32/bin/../lib/gcc/arm-none-eabi/7.2.1/../../../../arm-none-eabi/lib/thumb/v7e-m/fpv4-sp/hard\libg.a(lib_a-mprec.o)
                0x0000aaf4                __ratio
 .text._mprec_log10
                0x0000ab54       0x40 c:/ti/ccs1011/ccs/tools/compiler/gcc-arm-none-eabi-7-2017-q4-major-win32/bin/../lib/gcc/arm-none-eabi/7.2.1/../../../../arm-none-eabi/lib/thumb/v7e-m/fpv4-sp/hard\libg.a(lib_a-mprec.o)
                0x0000ab54                _mprec_log10
 .text.__copybits
                0x0000ab94       0x48 c:/ti/ccs1011/ccs/tools/compiler/gcc-arm-none-eabi-7-2017-q4-major-win32/bin/../lib/gcc/arm-none-eabi/7.2.1/../../../../arm-none-eabi/lib/thumb/v7e-m/fpv4-sp/hard\libg.a(lib_a-mprec.o)
                0x0000ab94                __copybits
 .text.__any_on
                0x0000abdc       0x58 c:/ti/ccs1011/ccs/tools/compiler/gcc-arm-none-eabi-7-2017-q4-major-win32/bin/../lib/gcc/arm-none-eabi/7.2.1/../../../../arm-none-eabi/lib/thumb/v7e-m/fpv4-sp/hard\libg.a(lib_a-mprec.o)
                0x0000abdc                __any_on
 .text._sbrk_r  0x0000ac34       0x24 c:/ti/ccs1011/ccs/tools/compiler/gcc-arm-none-eabi-7-2017-q4-major-win32/bin/../lib/gcc/arm-none-eabi/7.2.1/../../../../arm-none-eabi/lib/thumb/v7e-m/fpv4-sp/hard\libg.a(lib_a-sbrkr.o)
                0x0000ac34                _sbrk_r
 .text.__ssprint_r
                0x0000ac58       0xf4 c:/ti/ccs1011/ccs/tools/compiler/gcc-arm-none-eabi-7-2017-q4-major-win32/bin/../lib/gcc/arm-none-eabi/7.2.1/../../../../arm-none-eabi/lib/thumb/v7e-m/fpv4-sp/hard\libg.a(lib_a-svfiprintf.o)
                0x0000ac58                __ssprint_r
 .text._svfiprintf_r
                0x0000ad4c      0xa68 c:/ti/ccs1011/ccs/tools/compiler/gcc-arm-none-eabi-7-2017-q4-major-win32/bin/../lib/gcc/arm-none-eabi/7.2.1/../../../../arm-none-eabi/lib/thumb/v7e-m/fpv4-sp/hard\libg.a(lib_a-svfiprintf.o)
                0x0000ad4c                _svfiprintf_r
 .text.__register_exitproc
                0x0000b7b4       0xc0 c:/ti/ccs1011/ccs/tools/compiler/gcc-arm-none-eabi-7-2017-q4-major-win32/bin/../lib/gcc/arm-none-eabi/7.2.1/../../../../arm-none-eabi/lib/thumb/v7e-m/fpv4-sp/hard\libg.a(lib_a-__atexit.o)
                0x0000b7b4                __register_exitproc
 .text._calloc_r
                0x0000b874       0x68 c:/ti/ccs1011/ccs/tools/compiler/gcc-arm-none-eabi-7-2017-q4-major-win32/bin/../lib/gcc/arm-none-eabi/7.2.1/../../../../arm-none-eabi/lib/thumb/v7e-m/fpv4-sp/hard\libg.a(lib_a-callocr.o)
                0x0000b874                _calloc_r
 .text._malloc_trim_r
                0x0000b8dc       0xa0 c:/ti/ccs1011/ccs/tools/compiler/gcc-arm-none-eabi-7-2017-q4-major-win32/bin/../lib/gcc/arm-none-eabi/7.2.1/../../../../arm-none-eabi/lib/thumb/v7e-m/fpv4-sp/hard\libg.a(lib_a-freer.o)
                0x0000b8dc                _malloc_trim_r